Latitude;Longitude;Time;Date;Number of Sats;GPS Speed (Kn);GPS True Heading;GPS Magnetic Variation;HDOP;C Magnetic Heading;C True Heading;Pitch Angle;Roll Angle;C Inside Temp (c);DFS Depth (m);DTB Height (m);Total Water Column (m);Batt Percent;Power Watts;Watt-Hours;Batt Volts;Batt Ampers;Batt State;Time to Empty;Current Step;Dist To Next (m);Next Speed (kn);Vehicle Speed (kn);Motor Speed CMD;Next Heading;Next Long;Next Lat;Next Depth (m);Depth Goal (m);Vehicle State;Error State;Distance to Track (m);Fin Pitch R;Fin Pitch L;Pitch Goal;Fin Yaw T;Fin Yaw B;Yaw Goal;Fin Roll;DVL-Depth (m);DVL -Altitude (m);DVL -Water Column (m);DVL-FixType;DVL-FixQuality;DVL-Temperature;Conductivity (mmhos/cm);Temperature (c);Salinity (ppt);Sound Speed (m/s);Date m/d/y   ;Time hh:mm:ss;Temp C;SpCond mS/cm;Sal ppt;Depth feet;pH;pH mV;Turbid+ NTU;Chl ug/L;BGA-PC cells/mL;ODOsat %;ODO mg/L;Battery volts;
33.4450043333333;-118.484528833333;16:27:38.52;7/13/2016;8;0.111;193.33;12.0453350093692;1.12;230.4;242.05;3.23;-4.22;30;.01;7.97;7.98;96;21;581.3;16.4;-1.3;D;1831.1;0;27.614;2;2.12;128;129.18;-118.48429814;33.44484744;0;0;1;N;27.4826;76;76;11;5;5;213.3508;0;9999.99;8.00;8.127;2;9;26.3;0;26.2999992370605;33.81;1536.1265;07/13/16;16:24:39;22.72;51.40;33.81;-0.176;8.39;-81.5;2.1;63.3;115068;118.4;8.40;12.5;
33.4450046666667;-118.484529166667;16:27:39.52;7/13/2016;8;0.083;193.33;12.0453350093692;1.12;230.9;242.58;2.86;-5.07;30;.00;7.95;7.96;96;21;581.3;16.4;-1.3;D;1831.1;0;27.614;2;2.12;128;129.18;-118.48429814;33.44484744;0;0;1;N;27.4826;74;74;11;5;5;213.3508;0;9999.99;7.98;8.107;2;9;26.3;0;26.2999992370605;33.81;1536.1265;07/13/16;16:24:39;22.72;51.40;33.81;-0.176;8.39;-81.5;2.1;63.3;115068;118.4;8.40;12.5;
33.4450053116454;-118.484530075349;16:27:40.52;7/13/2016;8;0.104;193.33;12.0453350093692;1.13;233.6;245.41;4.63;0.05;30;.01;7.96;7.98;96;21;581.3;16.4;-1.3;D;1831.1;0;27.772;2;0.06;174;129.21;-118.48429814;33.44484744;0;0;1;N;27.4826;84;84;11;5;5;129.2121;0;9999.99;8.00;8.127;2;9;26.3;0;26.2999992370605;33.82;1536.1368;07/13/16;16:24:41;22.72;51.42;33.82;-0.163;8.39;-81.4;1.2;-2.0;-1920;118.7;8.42;12.3;
33.4450045556595;-118.484533140869;16:27:41.52;7/13/2016;8;0.831;193.33;12.0453350093692;1.13;232;243.73;3.06;-2.93;30;.02;7.95;7.97;96;40;581.3;16.4;-2.4;D;981.6;0;27.940;2;0.23;174;128.7;-118.48429814;33.44484744;0;0;1;N;27.4826;75;75;11;5;5;128.7332;0;9999.99;7.98;8.107;2;9;26.3;0;26.2999992370605;33.82;1536.1368;07/13/16;16:24:41;22.72;51.42;33.82;-0.163;8.39;-81.4;1.2;-2.0;-1920;118.7;8.42;12.3;
33.4450037090537;-118.484538050488;16:27:42.52;7/13/2016;8;1.016;193.33;12.0453350093692;1.13;228.4;239.96;1.34;2.71;30;.01;8.00;8.01;96;40;581.3;16.4;-2.4;D;981.6;0;28.239;2;0.54;174;127.98;-118.48429814;33.44484744;0;0;1;N;27.4826;65;65;11;5;5;128.0338;0;9999.99;8.01;8.137;2;9;26.3;0;26.2999992370605;33.81;1536.12749;07/13/16;16:24:43;22.73;51.40;33.81;-0.165;8.39;-81.5;1.5;-1.3;-3608;118.9;8.43;12.3;
33.4450020711856;-118.48454441382;16:27:43.53;7/13/2016;8;1.347;217.04;12.0453350093692;1.13;221.2;232.39;0.5;3.2;30.1;.00;8.01;8.01;96;40;581.3;16.4;-2.4;D;981.6;0;28.597;2;0.84;174;126.96;-118.48429814;33.44484744;0;0;1;N;27.4826;60;60;11;5;5;127.0648;0;9999.99;8.01;8.137;2;9;26.3;0;26.2999992370605;33.81;1536.12749;07/13/16;16:24:43;22.73;51.40;33.81;-0.165;8.39;-81.5;1.5;-1.3;-3608;118.9;8.43;12.3;
33.4450013640659;-118.484552482355;16:27:44.53;7/13/2016;8;1.496;233.23;12.0453350093692;1.13;221.1;232.28;-0.1;5.82;30.1;.01;8.05;8.05;96;40;581.3;16.4;-2.4;D;981.6;0;29.152;2;1.08;174;125.95;-118.48429814;33.44484744;0;0;1;N;27.4826;56;56;11;5;5;126.0851;0;9999.99;8.05;8.177;2;9;26.2;0;26.2999992370605;33.82;1536.1367;07/13/16;16:24:45;22.70;51.41;33.82;-0.098;8.39;-81.3;1.6;-2.0;-1167;119.2;8.46;12.3;
33.444997778303;-118.484558427863;16:27:45.55;7/13/2016;8;1.575;234.23;12.0453350093692;1.13;216.2;227.12;0.91;3.86;30.1;.00;8.02;8.02;96;42;581.3;16.4;-2.5;D;938.5;0;29.372;2;1.26;174;124.69;-118.48429814;33.44484744;0;0;1;N;27.4826;62;62;11;5;5;124.8269;0;9999.99;8.03;8.157;2;9;26.2;0;26.2999992370605;33.82;1536.1367;07/13/16;16:24:45;22.70;51.41;33.82;-0.098;8.39;-81.3;1.6;-2.0;-1167;119.2;8.46;12.3;
33.4449929409443;-118.484565129614;16:27:46.55;7/13/2016;8;1.595;231.33;12.0453350093692;1.13;208;218.48;0.77;5.26;30.1;.00;7.99;7.99;96;42;581.3;16.4;-2.5;D;938.5;0;29.588;2;1.4;174;123.15;-118.48429814;33.44484744;0;0;1;N;27.4826;63;63;11;5;5;123.3013;0;9999.99;8.00;8.127;2;9;26.2;0;26.2000007629395;33.85;1535.93697;07/13/16;16:24:47;22.69;51.45;33.85;-0.075;8.39;-81.6;1.9;-0.9;-2813;119.4;8.47;12.3;
33.4449873708034;-118.48457100835;16:27:47.56;7/13/2016;8;1.639;226.7;12.0453350093692;1.13;206.4;216.8;1.03;3.48;30.1;.00;8.04;8.04;96;42;581.3;16.4;-2.5;D;938.5;0;29.717;2;1.52;174;121.57;-118.48429814;33.44484744;0;0;1;N;27.4826;63;63;11;5;5;121.7624;0;9999.99;8.05;8.177;2;9;26.1;0;26.2000007629395;33.85;1535.93697;07/13/16;16:24:47;22.69;51.45;33.85;-0.075;8.39;-81.6;1.9;-0.9;-2813;119.4;8.47;12.3;
33.4449820372361;-118.484577019563;16:27:48.58;7/13/2016;7;1.614;218.91;12.0453350093692;1.22;199.2;209.22;1.11;5.22;30.1;.01;7.79;7.79;96;42;581.3;16.4;-2.5;D;942.5;0;29.892;2;1.59;174;120.05;-118.48429814;33.44484744;0;0;1;N;27.4826;64;64;11;5;5;120.2411;0;9999.99;7.80;7.927;2;9;26.1;0;26.1000003814697;33.9;1535.75845;07/13/16;16:24:49;22.76;51.52;33.90;-0.109;8.40;-82.0;0.9;0.0;-553;119.7;8.48;12.3;
33.4449758330604;-118.484581069014;16:27:49.59;7/13/2016;8;1.504;216.5;12.0453350093692;1.13;191.6;201.26;1.3;3.45;30.1;.00;7.64;7.64;96;42;581.3;16.4;-2.5;D;942.5;0;29.882;2;1.61;174;118.54;-118.48429814;33.44484744;0;0;1;N;27.4826;66;66;11;5;5;118.71;0;9999.99;7.65;7.777;2;9;26.1;0;26.1000003814697;33.9;1535.75845;07/13/16;16:24:49;22.76;51.52;33.90;-0.109;8.40;-82.0;0.9;0.0;-553;119.7;8.48;12.3;
33.4449684760686;-118.484584076541;16:27:50.61;7/13/2016;8;1.707;204.54;12.0453350093692;1.22;186.2;195.63;0.91;2.71;30.1;.00;7.53;7.54;96;42;581.2;16.4;-2.5;D;942.1;0;29.749;2;1.66;174;116.9;-118.48429814;33.44484744;0;0;1;N;0.3146755;62;62;11;5;5;115.42;0;9999.99;7.54;7.667;2;9;26;0;26.1000003814697;33.87;1535.72598;07/13/16;16:24:51;22.84;51.48;33.87;-0.117;8.40;-81.9;1.3;-4.0;-2201;119.9;8.48;12.5;
33.444961422973;-118.484587406474;16:27:51.61;7/13/2016;7;1.632;202.68;12.0453350093692;1.22;178;187.14;0.86;10.2;30.1;.00;7.48;7.48;96;42;581.2;16.4;-2.5;D;942.1;0;29.681;2;1.68;174;115.28;-118.48429814;33.44484744;0;0;1;N;1.142498;62;62;11;5;5;109.5432;0;9999.99;7.48;7.607;2;9;26;0;26;33.82;1535.43964;07/13/16;16:24:52;22.86;51.41;33.82;-0.128;8.39;-81.6;1.0;-4.6;-1146;120.0;8.49;12.3;
33.4449566963651;-118.484590729049;16:27:52.63;7/13/2016;8;1.472;200.69;12.0453350093692;1.13;171.6;180.58;0.67;8.5;30.1;.00;7.44;7.44;96;42;581.2;16.4;-2.5;D;942.1;0;29.742;2;1.61;175;114.11;-118.48429814;33.44484744;0;0;1;N;1.770648;63;63;11;5;5;105.2163;0;9999.99;7.45;7.577;2;9;26;0;26;33.79;1535.40749;07/13/16;16:24:53;22.84;51.38;33.79;-0.135;8.40;-81.7;1.5;-4.4;-4220;120.1;8.50;12.3;
33.4449490137739;-118.48459336351;16:27:53.64;7/13/2016;8;1.827;193.19;12.0453350093692;1.13;166.1;175;0.7;5.22;30.1;.01;7.54;7.54;96;42;581.2;16.4;-2.5;D;942.1;0;29.629;2;1.64;175;112.41;-118.48429814;33.44484744;0;0;1;N;2.643407;63;63;11;5;5;99.37537;0;9999.99;7.55;7.677;2;9;26;0;26;33.8;1535.41826;07/13/16;16:24:54;22.82;51.39;33.80;-0.102;8.39;-81.3;1.4;-6.5;-2795;120.2;8.51;12.3;
33.4449409810448;-118.484595431196;16:27:54.64;7/13/2016;8;1.958;182.68;12.0453350093692;1.13;161.1;169.97;1.31;6.29;30.1;.01;7.70;7.71;96;44;581.2;16.4;-2.6;D;903.7;0;29.480;2;1.77;176;110.66;-118.48429814;33.44484744;0;0;1;N;3.511822;65;65;11;5;5;93.97639;0;9999.99;7.71;7.837;2;9;25.9;0;26;33.76;1535.37535;07/13/16;16:24:55;22.79;51.34;33.76;-0.103;8.39;-81.5;0.6;-2.0;-1977;120.3;8.52;12.3;
33.4449334007963;-118.484594248239;16:27:55.64;7/13/2016;8;1.609;178.74;12.0453350093692;1.13;154.1;163;1.41;4.05;30.1;.01;7.60;7.61;96;44;581.2;16.4;-2.6;D;903.7;0;29.089;2;1.75;176;109.18;-118.48429814;33.44484744;0;0;1;N;4.218173;67;67;11;5;5;89.86478;0;9999.99;7.62;7.747;2;9;25.9;0;25.8999996185303;33.67;1535.04512;07/13/16;16:24:56;22.74;51.21;33.67;-0.127;8.39;-81.4;1.3;-6.2;-1855;120.3;8.54;12.3;
33.4449260789683;-118.484590942232;16:27:56.64;7/13/2016;8;1.76;169.36;12.0453350093692;1.13;146.8;155.82;1.2;4.97;30.1;.01;7.38;7.38;96;44;581.2;16.4;-2.6;D;903.7;0;28.540;2;1.73;176;107.84;-118.48429814;33.44484744;0;0;1;N;4.817072;62;62;11;5;5;86.62479;0;9999.99;7.38;7.504951;2;9;25.9;0;25.8999996185303;33.71;1535.08805;07/13/16;16:24:57;22.63;51.25;33.71;-0.123;8.39;-81.0;1.9;0.6;-338;120.3;8.55;12.3;
33.4449189033906;-118.484586865135;16:27:57.66;7/13/2016;8;1.94;163.26;12.0453350093692;1.13;139.6;148.84;1.14;6.22;30.1;.00;7.54;7.54;96;43;581.2;16.4;-2.6;D;907;0;27.943;2;1.79;176;106.52;-118.48429814;33.44484744;0;0;1;N;5.34719;64;64;11;5;5;83.91701;0;9999.99;7.55;7.677;2;9;25.9;0;25.8999996185303;33.79;1535.17366;07/13/16;16:24:58;22.54;51.37;33.79;-0.110;8.39;-81.3;1.1;-4.7;-4352;120.3;8.56;12.3;
33.4449129894671;-118.484582436008;16:27:58.67;7/13/2016;8;1.821;156.38;12.0453350093692;1.13;131.4;141;2.12;6.59;30.1;.01;7.46;7.47;96;43;581.2;16.4;-2.6;D;907;0;27.367;2;1.84;177;105.45;-118.48429814;33.44484744;0;0;1;N;5.750791;70;70;11;5;5;81.9677;0;9999.99;7.48;7.607;2;9;25.8;0;25.7999992370605;34.01;1535.17567;07/13/16;16:24:59;22.55;51.67;34.01;-0.098;8.40;-81.6;0.2;-3.4;-1241;120.3;8.55;12.3;
33.4449082272976;-118.484577157346;16:27:59.67;7/13/2016;8;1.558;152.11;12.0453350093692;1.13;123.1;133.16;1.23;9.1;30.1;.01;7.16;7.17;96;43;581.2;16.4;-2.6;D;907;0;26.756;2;1.74;177;104.63;-118.48429814;33.44484744;0;0;1;N;6.016212;64;64;11;5;5;80.73424;0;9999.99;7.18;7.302374;2;9;25.8;0;25.7999992370605;33.96;1535.12206;07/13/16;16:25:00;22.67;51.59;33.96;-0.143;8.40;-81.9;1.0;-3.5;-31;120.3;8.54;12.3;
33.4449046999527;-118.484571798564;16:28:00.67;7/13/2016;8;1.491;143.65;12.0453350093692;1.13;111.1;121.95;2.75;5.16;30.2;.00;7.15;7.15;96;43;581.2;16.4;-2.6;D;907;0;26.177;2;1.64;177;104.08;-118.48429814;33.44484744;0;0;1;N;6.151555;73;73;11;5;5;80.11921;0;9999.99;7.17;7.297;2;9;25.8;0;25.7999992370605;33.8;1534.94987;07/13/16;16:25:01;22.75;51.39;33.80;-0.095;8.40;-81.9;1.4;0.5;-1996;120.3;8.53;12.3;
33.4448998443729;-118.484563771723;16:28:01.67;7/13/2016;8;1.916;134.75;12.0453350093692;1.13;104.7;116.02;2.07;7.47;30.1;.01;7.14;7.15;96;44;581.2;16.4;-2.6;D;897.5;0;25.326;2;1.73;177;103.3;-118.48429814;33.44484744;0;0;1;N;6.292473;69;69;11;5;5;79.491;0;9999.99;7.16;7.287;2;9;25.8;0;25.7999992370605;33.88;1535.03576;07/13/16;16:25:02;22.74;51.50;33.88;-0.146;8.40;-81.8;1.4;-2.8;-2864;120.5;8.54;12.3;
33.4448958661521;-118.484554562891;16:28:02.67;7/13/2016;8;1.91;127.77;12.0453350093692;1.13;96.3;108.25;3.37;8.2;30.1;.00;6.85;6.85;96;44;581.2;16.4;-2.6;D;897.5;0;24.394;2;1.86;178;102.75;-118.48429814;33.44484744;0;0;1;N;6.300525;75;75;11;6;6;79.45572;0;9999.99;6.87;6.998323;2;9;25.8;0;25.7999992370605;33.9;1535.05714;07/13/16;16:25:03;22.77;51.52;33.90;-0.152;8.40;-82.1;1.2;-3.3;-3018;120.6;8.54;12.3;
33.4448938353299;-118.484545423623;16:28:03.67;7/13/2016;8;1.895;120.25;12.0453350093692;1.13;85.2;97.97;3.16;5.58;30.1;.01;6.56;6.57;96;44;581.2;16.4;-2.6;D;897.5;0;23.517;2;1.8;178;102.67;-118.48429814;33.44484744;0;0;1;N;6.126961;76;76;11;56;56;80.23174;0;9999.99;6.59;6.717;2;9;25.7;0;25.7000007629395;33.86;1534.77941;07/13/16;16:25:04;22.82;51.47;33.86;-0.128;8.40;-82.0;1.6;-3.1;-1643;120.7;8.54;12.3;
33.4448935078347;-118.484535090067;16:28:04.67;7/13/2016;8;1.762;108.9;12.0453350093692;1.13;81.6;94.62;1.67;13;30.1;.00;6.29;6.29;96;45;581.1;16.4;-2.7;D;868.2;0;22.574;2;1.81;178;103.12;-118.48429814;33.44484744;0;0;1;N;5.725947;67;67;11;77;77;82.08551;0;9999.99;6.31;6.434985;2;9;25.7;0;25.7000007629395;33.8;1534.71501;07/13/16;16:25:05;22.85;51.39;33.80;-0.138;8.40;-82.0;0.8;-4.1;-2269;120.9;8.56;12.4;
33.4448927496483;-118.484525624717;16:28:05.67;7/13/2016;8;1.758;99.39;12.0453350093692;1.13;74.7;88.17;1.31;13.9;30.2;.00;6.44;6.44;96;45;581.1;16.4;-2.7;D;868.2;0;21.700;2;1.79;178;103.43;-118.48429814;33.44484744;0;0;1;N;5.405026;64;64;11;106;106;83.63435;0;9999.99;6.44;6.5716;2;9;25.7;0;25.7000007629395;33.78;1534.69307;07/13/16;16:25:06;22.82;51.36;33.78;-0.091;8.41;-82.3;1.2;-6.3;1099;120.9;8.57;12.3;
33.4448923762234;-118.484515573743;16:28:06.70;7/13/2016;8;1.919;91.44;12.0453350093692;1.13;72.3;85.91;-0.47;4.66;30.2;.00;6.57;6.57;96;45;581.1;16.4;-2.7;D;868.2;0;20.784;2;1.8;178;103.91;-118.48429814;33.44484744;0;0;1;N;5.000188;54;54;11;124;124;85.67199;0;9999.99;6.57;6.692494;2;9;25.7;0;25.7000007629395;33.77;1534.68224;07/13/16;16:25:07;22.77;51.34;33.77;-0.123;8.40;-81.9;0.6;2.8;16;121.1;8.59;12.3;
33.4448926682015;-118.484505285174;16:28:07.72;7/13/2016;8;1.843;89.43;12.0453350093692;1.13;73.1;86.67;-0.08;13.2;30.2;.00;6.50;6.51;96;45;581.1;16.4;-2.7;D;868.2;0;19.867;2;1.77;178;104.66;-118.48429814;33.44484744;0;0;1;N;4.525174;57;57;11;133;133;88.18418;0;9999.99;6.51;6.634482;2;9;25.7;0;25.7000007629395;33.73;1534.63932;07/13/16;16:25:08;22.72;51.30;33.73;-0.021;8.40;-82.0;0.9;-1.0;-977;121.2;8.60;12.3;
33.4448925428993;-118.484493851654;16:28:08.72;7/13/2016;8;1.977;91.96;12.0453350093692;1.13;78.9;92.1;1.38;12.3;30.2;.00;6.68;6.68;96;44;581.1;16.4;-2.6;D;898.1;0;18.839;2;1.83;178;105.44;-118.48429814;33.44484744;0;0;1;N;4.037612;65;65;11;123;123;90.89884;0;9999.99;6.69;6.817;2;9;25.7;0;25.7000007629395;33.69;1534.59635;07/13/16;16:25:09;22.64;51.24;33.69;-0.066;8.40;-81.6;0.5;-3.2;-3063;121.2;8.62;12.3;
33.4448924244158;-118.484483298984;16:28:09.72;7/13/2016;8;1.969;88.85;12.0453350093692;1.13;79.8;92.94;-0.25;3.86;30.1;.00;6.51;6.51;96;44;581.1;16.4;-2.6;D;898.1;0;17.893;2;1.87;179;106.23;-118.48429814;33.44484744;0;0;1;N;3.598137;55;55;11;129;129;93.46206;0;44.72;6.51;51.357;2;9;25.7;0;25.7000007629395;33.74;1534.65023;07/13/16;16:25:10;22.56;51.30;33.74;-0.103;8.39;-81.5;1.2;-3.0;-380;121.2;8.63;12.5;
33.4448940384358;-118.48447460846;16:28:10.72;7/13/2016;8;1.743;89;12.0453350093692;1.13;83.2;96.11;0.64;14;30.2;.00;6.23;6.23;96;44;581.1;16.4;-2.6;D;898.1;0;17.174;2;1.87;179;107.56;-118.48429814;33.44484744;0;0;1;N;3.055768;61;61;11;131;131;96.77341;0;9999.99;6.24;6.362797;2;9;25.6;0;25.7000007629395;33.82;1534.7362;07/13/16;16:25:11;22.50;51.41;33.82;-0.021;8.39;-81.5;0.9;-2.0;-1844;121.3;8.64;12.3;
33.4448941639589;-118.484464199624;16:28:11.72;7/13/2016;8;1.84;90.06;12.0453350093692;1.13;83.9;96.76;0.2;6.25;30.1;.00;6.41;6.41;96;44;581.1;16.4;-2.6;D;898.1;0;16.260;2;1.84;179;108.63;-118.48429814;33.44484744;0;0;1;N;2.600208;58;58;11;139;139;99.67314;0;9999.99;6.41;6.537;2;9;25.6;0;25.6000003814697;33.85;1534.53246;07/13/16;16:25:12;22.50;51.45;33.85;-0.086;8.39;-81.5;1.0;1.3;-3695;121.3;8.64;12.3;
33.4448930617779;-118.484454034706;16:28:12.72;7/13/2016;8;1.989;94.77;12.0453350093692;1.13;90.9;103.26;0.95;11.8;30.1;.00;6.18;6.18;96;44;581.1;16.4;-2.7;D;893.7;0;15.328;2;1.86;179;109.33;-118.48429814;33.44484744;0;0;1;N;2.259065;64;64;11;128;128;101.91;0;9999.99;6.18;6.310419;2;9;25.6;0;25.6000003814697;33.86;1534.54326;07/13/16;16:25:13;22.52;51.47;33.86;-0.028;8.39;-81.5;0.6;-2.4;-741;121.2;8.63;12.3;
33.4448919716911;-118.484444412436;16:28:13.72;7/13/2016;8;1.828;97.7;12.0453350093692;1.13;93.1;105.29;0.15;8.1;30.2;.00;6.28;6.29;96;44;581.1;16.4;-2.7;D;893.7;0;14.447;2;1.88;179;110.04;-118.48429814;33.44484744;0;0;1;N;1.940382;59;59;11;122;122;104.045;0;9999.99;6.29;6.417;2;9;25.6;0;25.6000003814697;33.88;1534.56474;07/13/16;16:25:14;22.56;51.49;33.88;-0.082;8.40;-81.8;0.9;-1.2;-2592;121.3;8.62;12.3;
33.4448906355397;-118.484435250432;16:28:14.72;7/13/2016;8;1.682;100.13;12.0453350093692;1.13;94.2;106.31;0.78;8.2;30.2;.00;6.10;6.10;96;44;581.1;16.4;-2.7;D;893.7;0;13.598;2;1.84;179;110.68;-118.48429814;33.44484744;0;0;1;N;1.67945;62;62;11;128;128;105.8228;0;9999.99;6.10;6.227;2;9;25.6;0;25.6000003814697;33.84;1534.52178;07/13/16;16:25:15;22.60;51.44;33.84;0.006;8.39;-81.5;1.3;-5.5;-2729;121.3;8.62;12.3;
33.4448885324365;-118.484425087534;16:28:15.72;7/13/2016;8;1.924;101.8;12.0453350093692;1.13;98.9;110.66;0.17;6.81;30.1;.00;6.07;6.07;96;45;581.1;16.4;-2.7;D;878.7;0;12.634;2;1.84;179;111.2;-118.48429814;33.44484744;0;0;1;N;1.439234;58;58;11;114;114;107.4801;0;9999.99;6.07;6.197;2;9;25.5;0;25.5;33.9;1534.34959;07/13/16;16:25:16;22.62;51.51;33.90;-0.075;8.40;-81.8;0.4;-3.6;-1000;121.4;8.62;12.3;
33.4448848603001;-118.484411758387;16:28:17.08;7/13/2016;8;1.9;105.05;12.0453350093692;1.13;102.9;114.36;1.04;10.5;30.1;.00;5.89;5.89;96;45;581.1;16.4;-2.7;D;874.6;0;11.333;2;1.87;179;111.54;-118.48429814;33.44484744;0;0;1;N;1.223331;63;63;11;106;106;108.9846;0;9999.99;5.88;6.007;2;9;25.5;0;25.5;33.84;1534.28512;07/13/16;16:25:17;22.64;51.44;33.84;0.000;8.39;-81.5;0.6;-2.7;822;121.4;8.62;12.3;
33.444882883285;-118.484402764531;16:28:18.09;7/13/2016;8;1.688;106.5;12.0453350093692;1.13;101.8;113.34;0.38;10.1;30.1;.00;5.62;5.63;96;45;581.1;16.4;-2.7;D;874.6;0;10.477;2;1.87;179;112.1;-118.48429814;33.44484744;0;0;1;N;1.026144;61;61;11;115;115;110.3695;0;9999.99;5.64;5.767;2;9;25.5;0;25.5;33.91;1534.36042;07/13/16;16:25:19;22.76;51.53;33.91;-0.104;8.40;-81.9;0.8;-0.1;-2264;121.6;8.61;12.3;
33.444879583468;-118.484392229296;16:28:19.11;7/13/2016;8;1.874;111.2;12.0453350093692;1.13;104.2;115.56;-1.68;8;30.1;.00;5.33;5.34;96;45;581.1;16.4;-2.7;D;874.6;0;9.433;2;1.86;179;112.27;-118.48429814;33.44484744;0;0;1;N;0.8932788;47;47;11;110;110;111.3073;0;9999.99;5.33;5.459655;2;9;25.5;0;25.5;33.91;1534.36042;07/13/16;16:25:19;22.76;51.53;33.91;-0.104;8.40;-81.9;0.8;-0.1;-2264;121.6;8.61;12.3;
33.4448751420868;-118.484381891483;16:28:20.14;7/13/2016;8;1.966;113.34;12.0453350093692;1.13;107.5;118.62;2.47;8.2;30.1;.01;5.30;5.31;96;45;581.1;16.4;-2.7;D;874.6;0;8.359;2;1.94;179;111.62;-118.48429814;33.44484744;0;0;1;N;0.879482;72;72;11;98;98;111.405;0;9999.99;5.29;5.417;2;9;25.5;0;25.5;33.78;1534.22086;07/13/16;16:25:21;22.86;51.36;33.78;-0.005;8.40;-81.9;1.1;-1.4;-2326;121.7;8.61;12.3;
33.4448705052866;-118.484372350718;16:28:21.14;7/13/2016;8;1.997;117.31;12.0453350093692;1.13;107;118.15;-0.15;8.3;30.1;.01;5.18;5.19;96;44;581.0;16.4;-2.6;D;895.9;0;7.347;2;1.97;179;110.43;-118.48429814;33.44484744;0;0;1;N;0.9240605;60;60;11;99;99;111.0897;0;9999.99;5.20;5.329265;2;9;25.5;0;25.5;33.78;1534.22086;07/13/16;16:25:21;22.86;51.36;33.78;-0.005;8.40;-81.9;1.1;-1.4;-2326;121.7;8.61;12.3;
33.4448669491158;-118.484362093472;16:28:22.14;7/13/2016;8;1.96;116.51;12.0453350093692;1.13;107.3;118.43;-2.38;6.77;30.1;.01;5.13;5.14;96;44;581.0;16.4;-2.6;D;895.9;0;6.318;2;1.93;179;110.08;-118.48429814;33.44484744;0;0;1;N;0.833503;43;43;11;100;100;111.7306;0;9999.99;5.13;5.257;2;9;25.5;0;25.5;33.79;1534.23177;07/13/16;16:25:23;22.85;51.37;33.79;0.094;8.40;-82.1;0.7;-1.2;-1951;122.0;8.64;12.4;
33.4448628149287;-118.484352931574;16:28:23.16;7/13/2016;8;1.913;117.52;12.0453350093692;1.13;110.9;121.77;1.5;8.9;30.1;.01;4.94;4.95;96;44;581.0;16.4;-2.6;D;895.9;0;5.364;2;1.94;179;108.59;-118.48429814;33.44484744;0;0;1;N;0.8405955;66;66;11;87;87;111.6807;0;6.15;4.92;11.197;2;9;25.5;0;25.5;33.79;1534.23177;07/13/16;16:25:23;22.85;51.37;33.79;0.094;8.40;-82.1;0.7;-1.2;-1951;122.0;8.64;12.4;
33.4448553752233;-118.484343840037;16:28:24.16;7/13/2016;8;1.863;118.41;12.0453350093692;1.13;109.2;120.19;-0.61;9.7;30.2;.00;5.14;5.14;96;44;581.0;16.4;-2.6;D;895.9;0;4.331;2;1.97;179;101.76;-118.48429814;33.44484744;0;0;1;N;1.183464;53;53;11;83;83;109.2649;0;9999.99;5.16;5.287;2;9;25.5;0;25.5;33.77;1534.21013;07/13/16;16:25:24;22.75;51.35;33.77;0.072;8.40;-81.9;0.6;-5.0;-3143;122.0;8.65;12.2;
33.4448519414645;-118.484334396519;16:28:25.17;7/13/2016;8;1.967;117.69;12.0453350093692;1.13;109.1;120.1;-1.95;4.79;30.1;.01;5.22;5.22;96;45;581.0;16.4;-2.7;D;875.1;0;3.401;2;1.95;179;98.46;-118.48429814;33.44484744;0;0;1;N;1.114742;45;45;11;86;86;109.7445;0;9999.99;5.21;5.337;2;9;25.5;0;25.5;33.75;1534.18852;07/13/16;16:25:26;22.70;51.32;33.75;0.099;8.40;-82.0;0.3;1.1;-2297;122.2;8.68;12.3;
33.4448454278298;-118.484325657293;16:28:26.17;7/13/2016;8;2.161;122.42;12.0453350093692;1.13;113;123.72;1.31;8.8;30.1;.01;5.23;5.24;96;45;581.0;16.4;-2.7;D;875.1;0;2.563;2;1.96;179;84.99;-118.48429814;33.44484744;0;0;1;N;1.372958;65;65;11;64;64;107.9398;0;9999.99;5.22;5.347;2;9;25.5;0;25.5;33.75;1534.18852;07/13/16;16:25:26;22.70;51.32;33.75;0.099;8.40;-82.0;0.3;1.1;-2297;122.2;8.68;12.3;
33.4448396360682;-118.484315482066;16:28:27.17;7/13/2016;8;2.022;122.06;12.0453350093692;1.13;110.7;121.58;-1.27;15.7;30.1;.00;5.22;5.23;96;45;581.0;16.4;-2.7;D;875.1;1;15.817;2;2.03;179;136.42;-118.48419797;33.44473659;0;0;1;N;1.856011;53;53;11;164;164;130.5014;0;9999.99;5.24;5.367;2;9;25.4;0;25.3999996185303;33.71;1533.90794;07/13/16;16:25:28;22.46;51.26;33.71;-0.130;8.39;-81.5;1.1;-2.1;1179;122.4;8.72;12.2;
33.4448338708432;-118.484306400136;16:28:28.17;7/13/2016;8;1.997;121.84;12.0453350093692;1.13;118.6;128.94;-1.5;5.83;30.2;.00;5.02;5.02;96;46;581.0;16.4;-2.8;D;862.2;1;14.773;2;2.03;179;137.08;-118.48419797;33.44473659;0;0;1;N;1.554092;46;46;11;141;141;131.9883;0;9999.99;5.00;5.131767;2;9;25.4;0;25.3999996185303;33.71;1533.90794;07/13/16;16:25:28;22.46;51.26;33.71;-0.130;8.39;-81.5;1.1;-2.1;1179;122.4;8.72;12.2;
33.4448276370908;-118.484298501124;16:28:29.17;7/13/2016;8;1.879;125.16;12.0453350093692;1.13;122.2;132.31;1.61;9.8;30.2;.01;5.12;5.13;96;46;581.0;16.4;-2.8;D;862.2;1;13.766;2;2.02;179;137.34;-118.48419797;33.44473659;0;0;1;N;1.373423;67;67;11;131;131;133.2404;0;29.26;5.11;34.497;2;9;25.4;0;25.3999996185303;33.92;1534.1346;07/13/16;16:25:30;22.43;51.54;33.92;0.103;8.41;-82.1;0.6;-3.0;-2724;122.3;8.71;12.3;
33.4448202744942;-118.484290497859;16:28:30.17;7/13/2016;8;2.087;128.84;12.0453350093692;1.13;124.8;134.75;0.27;8.8;30.2;.01;4.93;4.94;96;46;581.0;16.4;-2.8;D;862.2;1;12.661;2;1.95;179;137.31;-118.48419797;33.44473659;0;0;1;N;1.268569;59;59;11;124;124;133.9724;0;34.77;4.95;39.84838;2;9;25.4;0;25.3999996185303;33.92;1534.1346;07/13/16;16:25:30;22.43;51.54;33.92;0.103;8.41;-82.1;0.6;-3.0;-2724;122.3;8.71;12.3;
33.4448135585328;-118.484282044866;16:28:31.17;7/13/2016;8;1.978;129.83;12.0453350093692;1.13;129;138.72;-2.28;7.17;30.2;.01;4.99;5.00;96;46;581.0;16.4;-2.8;D;862.2;1;11.580;2;1.93;179;137.65;-118.48419797;33.44473659;0;0;1;N;1.083588;43;43;11;113;113;135.2692;0;40.83;4.99;45.947;2;9;25.4;0;25.3999996185303;33.97;1534.18836;07/13/16;16:25:32;22.60;51.61;33.97;0.107;8.40;-82.0;0.7;-3.1;-2355;122.3;8.69;12.3;
33.4448068888667;-118.484275233513;16:28:32.17;7/13/2016;8;1.964;135.36;12.0453350093692;1.13;131.7;141.28;0.95;8.4;30.2;.03;4.88;4.91;96;44;580.9;16.4;-2.7;D;889.4;1;10.607;2;1.92;179;137.48;-118.48419797;33.44473659;0;0;1;N;1.0209;59;59;11;108;108;135.7106;0;9999.99;4.86;4.987;2;9;25.4;0;25.3999996185303;33.97;1534.18836;07/13/16;16:25:32;22.60;51.61;33.97;0.107;8.40;-82.0;0.7;-3.1;-2355;122.3;8.69;12.3;
33.4447995971747;-118.484268214174;16:28:33.17;7/13/2016;7;1.903;138.26;12.0453350093692;1.22;132.1;141.66;2.11;10.6;30.2;.01;4.80;4.81;96;44;580.9;16.4;-2.7;D;889.4;1;9.569;2;1.94;179;137.07;-118.48419797;33.44473659;0;0;1;N;0.9890768;70;70;11;104;104;135.935;0;9999.99;4.81;4.937;2;9;25.4;0;25.3999996185303;33.9;1534.11387;07/13/16;16:25:34;22.75;51.53;33.90;-0.062;8.42;-83.0;0.8;-2.2;-544;122.5;8.68;12.3;
33.4447927090761;-118.484260181553;16:28:34.19;7/13/2016;8;2.048;137.33;12.0453350093692;1.13;133.1;142.61;-0.94;8.3;30.2;.00;4.73;4.73;96;44;580.9;16.4;-2.7;D;889.4;1;8.501;2;1.98;179;137.23;-118.48419797;33.44473659;0;0;1;N;0.853644;51;51;11;104;104;136.8922;0;9999.99;4.74;4.866613;2;9;25.4;0;25.3999996185303;33.9;1534.11387;07/13/16;16:25:34;22.75;51.53;33.90;-0.062;8.42;-83.0;0.8;-2.2;-544;122.5;8.68;12.3;
33.4447843733426;-118.484252969372;16:28:35.19;7/13/2016;8;1.965;140.06;12.0453350093692;1.13;132.3;141.85;0.74;8.6;30.2;.00;4.73;4.73;96;44;580.9;16.4;-2.7;D;888.7;1;7.367;2;1.95;179;136.16;-118.48419797;33.44473659;0;0;1;N;0.8789011;61;61;11;106;106;136.7137;0;9999.99;4.72;4.847;2;9;25.3;0;25.2999992370605;33.86;1533.8315;07/13/16;16:25:36;22.84;51.47;33.86;-0.010;8.41;-82.7;0.1;-7.5;-1763;122.8;8.69;12.3;
33.4447778491488;-118.484247869183;16:28:36.19;7/13/2016;8;1.798;140.34;12.0453350093692;1.13;134.8;144.24;-0.5;11.8;30.2;.00;4.67;4.67;96;44;580.9;16.4;-2.7;D;888.7;1;6.518;2;1.93;179;134.74;-118.48419797;33.44473659;0;0;1;N;0.9282761;55;55;11;94;94;136.3643;0;9999.99;4.68;4.807;2;9;25.3;0;25.2999992370605;33.86;1533.8315;07/13/16;16:25:36;22.84;51.47;33.86;-0.010;8.41;-82.7;0.1;-7.5;-1763;122.8;8.69;12.3;
33.444770645017;-118.48424163567;16:28:37.19;7/13/2016;8;1.858;141.89;12.0453350093692;1.13;136.3;145.67;0.88;5.63;30.2;.00;4.54;4.54;96;44;580.9;16.4;-2.7;D;888.7;1;5.545;2;1.89;179;133.07;-118.48419797;33.44473659;0;0;1;N;0.940174;62;62;11;89;89;136.2811;0;9999.99;4.54;4.663544;2;9;25.3;0;25.2999992370605;33.82;1533.78828;07/13/16;16:25:38;22.83;51.42;33.82;-0.003;8.42;-82.9;0.5;-2.4;-3774;123.3;8.73;12.3;
33.4447625876768;-118.484234772986;16:28:38.19;7/13/2016;8;2.077;144.76;12.0453350093692;1.13;139.3;148.55;0.31;10.6;30.2;.00;4.62;4.62;96;44;580.9;16.4;-2.7;D;888.7;1;4.474;2;1.96;179;130.25;-118.48419797;33.44473659;0;0;1;N;0.9677582;60;60;11;75;75;136.0858;0;9999.99;4.63;4.757;2;9;25.3;0;25.2999992370605;33.82;1533.78828;07/13/16;16:25:38;22.83;51.42;33.82;-0.003;8.42;-82.9;0.5;-2.4;-3774;123.3;8.73;12.3;
33.4447553745463;-118.484227312265;16:28:39.19;7/13/2016;8;1.957;143.83;12.0453350093692;1.13;135.6;145;-0.58;9.7;30.2;.00;4.37;4.37;96;45;580.9;16.4;-2.7;D;867.9;1;3.432;2;1.99;179;127.5;-118.48419797;33.44473659;0;0;1;N;0.9108407;54;54;11;91;91;136.488;0;9999.99;4.37;4.500998;2;9;25.3;0;25.2999992370605;33.85;1533.82087;07/13/16;16:25:39;22.82;51.46;33.85;-0.091;8.42;-83.0;-0.4;-3.4;-1200;123.5;8.74;12.4;
33.4447460835872;-118.484220256386;16:28:40.19;7/13/2016;8;2.037;146.98;12.0453350093692;1.13;141.2;150.39;0.84;4.46;30.2;.00;4.23;4.23;96;45;580.9;16.4;-2.7;D;867.9;1;2.322;2;1.98;179;117.04;-118.48419797;33.44473659;0;0;1;N;1.00132;62;62;11;69;69;135.8523;0;9999.99;4.22;4.347;2;9;25.3;0;25.2999992370605;33.84;1533.80981;07/13/16;16:25:41;22.85;51.44;33.84;-0.055;8.42;-83.1;0.5;-4.8;-1507;123.8;8.76;12.4;
33.4447388428148;-118.484214210068;16:28:41.20;7/13/2016;8;1.748;147.55;12.0453350093692;1.13;138;147.3;-0.73;11.8;30.2;.00;4.16;4.17;96;45;580.9;16.4;-2.7;D;867.9;2;114.905;2;1.97;179;216.06;-118.48494325;33.44390352;0;0;1;N;1.476431;53;53;11;250;250;206.2869;0;9999.99;4.17;4.297;2;9;25.3;0;25.2999992370605;33.84;1533.80981;07/13/16;16:25:41;22.85;51.44;33.84;-0.055;8.42;-83.1;0.5;-4.8;-1507;123.8;8.76;12.4;
33.4447301626906;-118.484210819251;16:28:42.22;7/13/2016;8;1.941;152.31;12.0453350093692;1.13;149.3;158.27;1.07;2;30.2;.00;4.16;4.16;96;44;580.8;16.4;-2.6;D;899.2;2;114.313;2;1.91;179;216.48;-118.48494325;33.44390352;0;0;1;N;0.629982;60;60;11;250;250;212.2397;0;9999.99;4.15;4.275926;2;9;25.3;0;25.2999992370605;33.84;1533.80986;07/13/16;16:25:43;22.86;51.44;33.84;-0.084;8.43;-83.5;1.3;-1.0;-1643;124.3;8.79;12.3;
33.4447225835032;-118.484206016947;16:28:43.22;7/13/2016;8;1.722;149.42;12.0453350093692;1.13;154.5;163.39;2.18;12.2;30.1;.01;4.34;4.35;96;44;580.8;16.4;-2.6;D;899.2;2;113.903;2;1.83;179;216.91;-118.48494325;33.44390352;0;0;1;N;0.2526107;70;70;11;250;250;218.5496;0;9999.99;4.35;4.477;2;9;25.3;0;25.2999992370605;33.84;1533.80986;07/13/16;16:25:43;22.86;51.44;33.84;-0.084;8.43;-83.5;1.3;-1.0;-1643;124.3;8.79;12.3;
33.4447161765046;-118.484201123655;16:28:44.22;7/13/2016;8;1.809;148.48;12.0453350093692;1.13;167;175.91;2.88;8.1;30.2;.01;4.22;4.24;96;44;580.8;16.4;-2.6;D;899.2;2;113.609;2;1.75;180;217.31;-118.48494325;33.44390352;0;0;1;N;1.053123;74;74;11;250;250;224.2402;0;9999.99;4.25;4.372425;2;9;25.3;0;25.2999992370605;33.84;1533.81075;07/13/16;16:25:45;22.88;51.44;33.84;-0.147;8.43;-83.6;1.4;-2.8;-803;124.7;8.82;12.4;
33.4447101006452;-118.484197606631;16:28:45.22;7/13/2016;7;1.602;153.96;12.0453350093692;1.22;178;187.14;2.6;7.02;30.2;.01;4.34;4.35;96;44;580.8;16.4;-2.6;D;899.2;2;113.271;2;1.66;180;217.65;-118.48494325;33.44390352;0;0;1;N;1.733475;73;73;11;250;250;228.9655;0;9999.99;4.37;4.496081;2;9;25.3;0;25.2999992370605;33.84;1533.81075;07/13/16;16:25:45;22.88;51.44;33.84;-0.147;8.43;-83.6;1.4;-2.8;-803;124.7;8.82;12.4;
33.4447039782186;-118.484197627052;16:28:46.23;7/13/2016;7;1.396;159.62;12.0453350093692;1.22;189.3;198.86;3.03;8.5;30.2;.01;4.47;4.47;96;45;580.8;16.4;-2.7;D;864.7;2;112.732;2;1.63;180;217.86;-118.48494325;33.44390352;0;0;1;N;2.165724;75;75;11;250;250;231.888;0;9999.99;4.49;4.617;2;9;25.3;0;25.2999992370605;33.92;1533.89663;07/13/16;16:25:47;22.91;51.55;33.92;-0.155;8.42;-83.4;1.0;-1.5;-479;125.2;8.85;12.2;
33.4446966867266;-118.484199701874;16:28:47.25;7/13/2016;7;1.582;172.83;12.0453350093692;1.22;194.3;204.08;2.45;7.46;30.2;.01;4.36;4.37;96;45;580.8;16.4;-2.7;D;864.7;2;111.974;2;1.61;181;218.03;-118.48494325;33.44390352;0;0;1;N;2.50533;72;72;11;247;247;234.1292;0;9999.99;4.39;4.517;2;9;25.3;0;25.2999992370605;33.92;1533.89663;07/13/16;16:25:47;22.91;51.55;33.92;-0.155;8.42;-83.4;1.0;-1.5;-479;125.2;8.85;12.2;
33.4446879654646;-118.484204880863;16:28:48.28;7/13/2016;7;1.87;172.83;12.0453350093692;1.22;205.1;215.43;2.41;10.9;30.2;.01;4.22;4.22;96;47;580.8;16.4;-2.8;D;837.1;2;110.914;2;1.59;182;218.15;-118.48494325;33.44390352;0;0;1;N;2.720201;71;71;11;207;207;235.5201;0;9999.99;4.24;4.365309;2;9;25.3;0;25.2999992370605;33.89;1533.8644;07/13/16;16:25:49;23.00;51.51;33.89;-0.150;8.44;-84.1;1.5;-4.7;-1096;125.7;8.87;12.4;
33.4446797333799;-118.484211899994;16:28:49.28;7/13/2016;8;1.594;187.71;12.0453350093692;1.22;214.6;225.44;3.07;7.76;30.1;.01;4.34;4.35;96;47;580.8;16.4;-2.8;D;837.1;2;109.792;2;1.59;182;218.17;-118.48494325;33.44390352;0;0;1;N;2.763715;75;75;11;168;168;235.798;0;9999.99;4.37;4.497;2;9;25.3;0;25.2999992370605;33.89;1533.8644;07/13/16;16:25:49;23.00;51.51;33.89;-0.150;8.44;-84.1;1.5;-4.7;-1096;125.7;8.87;12.4;
33.4446734608083;-118.484217311814;16:28:50.28;7/13/2016;7;1.573;187.71;12.0453350093692;1.22;220.6;231.76;1.66;5.42;30.1;.01;4.34;4.35;96;47;580.8;16.4;-2.8;D;837.1;2;108.934;2;1.61;182;218.19;-118.48494325;33.44390352;0;0;1;N;2.784488;67;67;11;144;144;235.9316;0;9999.99;4.37;4.497;2;9;25.3;0;25.2999992370605;33.83;1533.79965;07/13/16;16:25:51;23.05;51.43;33.83;-0.093;8.43;-83.9;1.5;-1.7;467;126.2;8.90;12.3;
33.4446687128936;-118.484224398326;16:28:51.30;7/13/2016;7;1.741;187.71;12.0453350093692;1.22;227.5;239.01;0.7;3.05;30.2;.00;4.25;4.25;96;49;580.8;16.4;-3;D;802;2;108.112;2;1.65;183;218.09;-118.48494325;33.44390352;0;0;1;N;2.589;59;59;11;114;114;234.6744;0;9999.99;4.25;4.377;2;9;25.3;0;25.2999992370605;33.83;1533.79965;07/13/16;16:25:51;23.05;51.43;33.83;-0.093;8.43;-83.9;1.5;-1.7;467;126.2;8.90;12.3;
33.4446635256781;-118.484233425107;16:28:52.30;7/13/2016;8;1.802;187.71;12.0453350093692;1.13;229;240.59;0.89;6.34;30.2;.00;4.15;4.15;96;49;580.8;16.4;-3;D;802;2;107.142;2;1.7;183;217.93;-118.48494325;33.44390352;0;0;1;N;2.268529;62;62;11;97;97;232.5719;0;9999.99;4.16;4.287;2;9;25.3;0;25.2999992370605;33.81;1533.77747;07/13/16;16:25:53;23.03;51.41;33.81;-0.074;8.45;-84.9;0.6;-1.9;-2497;126.8;8.95;12.4;
33.4446597468161;-118.484242975833;16:28:53.30;7/13/2016;8;1.866;221.42;12.0453350093692;1.13;229.9;241.53;0.38;8.8;30.2;.00;4.15;4.15;96;49;580.8;16.4;-3;D;802;2;106.267;2;1.78;183;217.69;-118.48494325;33.44390352;0;0;1;N;1.81236;59;59;11;79;79;229.5061;0;9999.99;4.16;4.287;2;9;25.3;0;25.2999992370605;33.81;1533.77747;07/13/16;16:25:53;23.03;51.41;33.81;-0.074;8.45;-84.9;0.6;-1.9;-2497;126.8;8.95;12.4;
33.4446561915415;-118.484251972746;16:28:54.30;7/13/2016;8;1.977;234.46;12.0453350093692;1.13;228.6;240.17;0.7;9.1;30.2;.00;4.56;4.56;96;49;580.8;16.4;-3;D;802;2;105.444;2;1.88;183;217.47;-118.48494325;33.44390352;0;0;1;N;1.374392;61;61;11;72;72;226.4893;0;5.41;4.57;10.107;2;9;25.3;0;25.2999992370605;33.83;1533.799;07/13/16;16:25:55;23.00;51.43;33.83;-0.106;8.44;-84.5;1.0;-2.6;-1012;127.4;8.99;12.3;
33.444652055273;-118.48426330351;16:28:55.30;7/13/2016;8;2.103;240.82;12.0453350093692;1.13;227.4;238.91;-0.87;11.3;30.2;.00;4.52;4.52;96;50;580.7;16.4;-3;D;788.4;2;104.441;2;1.96;183;217.16;-118.48494325;33.44390352;0;0;1;N;0.8137128;53;53;11;59;59;222.5492;0;50.42;4.51;55.0547;2;9;25.3;0;25.2999992370605;33.88;1533.85297;07/13/16;16:25:56;23.00;51.50;33.88;-0.076;8.45;-85.1;0.7;-3.1;-763;127.7;9.01;12.3;
33.4446489910599;-118.48427445517;16:28:56.30;7/13/2016;8;1.999;242.79;12.0453350093692;1.13;228.2;239.75;0.84;5.21;30.2;.00;4.53;4.53;96;50;580.7;16.4;-3;D;788.4;2;103.547;2;1.98;183;216.82;-118.48494325;33.44390352;0;0;1;N;0.1878095;62;62;11;40;40;218.0865;0;9999.99;4.54;4.667;2;9;25.3;0;25.2999992370605;33.88;1533.85297;07/13/16;16:25:56;23.00;51.50;33.88;-0.076;8.45;-85.1;0.7;-3.1;-763;127.7;9.01;12.3;
33.4446440921926;-118.484282836165;16:28:57.30;7/13/2016;8;2.066;240.9;12.0453350093692;1.13;224.4;235.75;0.37;8.6;30.2;.00;4.53;4.53;96;50;580.7;16.4;-3;D;788.4;2;102.645;2;2;183;216.65;-118.48494325;33.44390352;0;0;1;N;0.1204908;59;59;11;47;47;215.8788;0;9999.99;4.54;4.667;2;9;25.3;0;25.2999992370605;33.96;1533.93921;07/13/16;16:25:57;23.06;51.61;33.96;-0.035;8.44;-84.5;1.4;-3.2;288;127.9;9.01;12.4;
33.4446403333333;-118.484294833333;16:28:58.34;7/13/2016;8;2.102;243.75;12.0453350093692;1.13;221.2;232.39;-0.05;9.7;30.2;.01;4.19;4.19;96;51;580.7;16.4;-3.1;D;765.6;2;101.585;2;2.05;183;216.41;-118.48494325;33.44390352;0;0;1;N;0.546707;56;56;11;50;50;212.8323;0;9999.99;4.18;4.311104;2;9;25.3;0;25.2999992370605;33.86;1533.83168;07/13/16;16:25:59;23.20;51.48;33.86;-0.043;8.44;-84.4;1.6;-1.5;29;128.5;9.04;12.3;
33.4446343333333;-118.484304;16:28:59.38;7/13/2016;8;2.022;236.5;12.0453350093692;1.13;222;233.23;0.47;3.92;30.1;.00;4.38;4.38;96;51;580.7;16.4;-3.1;D;765.6;2;100.640;2;2.04;183;216.12;-118.48494325;33.44390352;0;0;1;N;1.055071;60;60;11;31;31;209.2287;0;9999.99;4.38;4.507;2;9;25.3;0;25.2999992370605;33.86;1533.83168;07/13/16;16:25:59;23.20;51.48;33.86;-0.043;8.44;-84.4;1.6;-1.5;29;128.5;9.04;12.3;
33.444628;-118.484313666667;16:29:00.39;7/13/2016;8;2.017;234.41;12.0453350093692;1.13;218.9;229.97;0.9;5.67;30.2;.00;4.60;4.61;96;51;580.7;16.4;-3.1;D;765.6;2;99.591;2;2.03;183;215.97;-118.48494325;33.44390352;0;0;1;N;1.310154;60;60;11;31;31;207.4411;0;9999.99;4.61;4.737;2;9;25.3;0;25.2999992370605;33.85;1533.82059;07/13/16;16:26:01;23.21;51.46;33.85;-0.070;8.45;-84.8;1.0;-5.3;-1856;129.0;9.07;12.3;
33.4446209094368;-118.484324364677;16:29:01.41;7/13/2016;8;2.049;233.85;12.0453350093692;1.13;212.6;223.33;-0.21;10.6;30.2;.00;4.60;4.60;96;51;580.7;16.4;-3.1;D;765.6;2;98.289;2;2.05;183;215.75;-118.48494325;33.44390352;0;0;1;N;1.535356;56;56;11;53;53;204.8352;0;9999.99;4.60;4.722566;2;9;25.3;0;25.2999992370605;33.85;1533.82059;07/13/16;16:26:01;23.21;51.46;33.85;-0.070;8.45;-84.8;1.0;-5.3;-1856;129.0;9.07;12.3;
33.4446161666667;-118.484333333333;16:29:02.42;7/13/2016;8;1.998;230.41;12.0453350093692;1.13;210.9;221.54;0.3;8.3;30.2;.00;4.73;4.73;96;51;580.7;16.4;-3.1;D;776.7;2;97.294;2;2.03;183;215.66;-118.48494325;33.44390352;0;0;1;N;1.822317;59;59;11;56;56;203.9097;0;9999.99;4.73;4.857;2;9;25.3;0;25.2999992370605;33.84;1533.80999;07/13/16;16:26:03;23.21;51.45;33.84;-0.037;8.44;-84.3;1.0;-5.6;-3430;129.4;9.10;12.4;
33.4446089082448;-118.484344624449;16:29:03.42;7/13/2016;7;2.189;230.03;12.0453350093692;1.31;208.4;218.9;0.25;8.1;30.2;.00;4.86;4.86;96;51;580.7;16.4;-3.1;D;776.7;2;96.111;2;2.11;183;215.3;-118.48494325;33.44390352;0;0;1;N;2.147889;58;58;11;51;51;200.0753;0;9999.99;4.86;4.987;2;9;25.3;0;25.2999992370605;33.84;1533.80999;07/13/16;16:26:03;23.21;51.45;33.84;-0.037;8.44;-84.3;1.0;-5.6;-3430;129.4;9.10;12.4;
33.4446010916292;-118.484352284984;16:29:04.42;7/13/2016;7;2.196;219.54;12.0453350093692;1.31;205.6;215.95;1.27;8.3;30.2;.01;4.81;4.81;96;51;580.7;16.4;-3.1;D;776.7;2;94.990;2;2.2;183;215.26;-118.48494325;33.44390352;0;0;1;N;2.448483;65;65;11;62;62;199.6333;0;9999.99;4.82;4.947;2;9;25.3;0;25.2999992370605;33.83;1533.79942;07/13/16;16:26:05;23.19;51.44;33.83;-0.045;8.43;-84.0;1.6;0.9;-3780;129.7;9.12;12.3;
33.4445932750118;-118.484359642591;16:29:05.44;7/13/2016;7;2.049;220.45;12.0453350093692;1.32;202.1;212.27;1.01;10.9;30.2;.00;4.77;4.77;96;52;580.6;16.4;-3.2;D;753.6;2;93.887;2;2.17;183;215.22;-118.48494325;33.44390352;0;0;1;N;2.431775;63;63;11;76;76;199.4109;0;40.39;4.78;45.29854;2;9;25.3;0;25.2999992370605;33.83;1533.79942;07/13/16;16:26:05;23.19;51.44;33.83;-0.045;8.43;-84.0;1.6;0.9;-3780;129.7;9.12;12.3;
33.4445830746979;-118.484364876074;16:29:06.44;7/13/2016;7;2.159;217.43;12.0453350093692;1.32;199.2;209.22;0.5;13.8;30.2;.01;4.56;4.56;96;52;580.6;16.4;-3.2;D;753.6;2;92.680;2;2.14;183;215.38;-118.48494325;33.44390352;0;0;1;N;2.404609;60;60;11;100;100;201.2201;0;9999.99;4.56;4.686802;2;9;25.3;0;25.2999992370605;33.85;1533.82079;07/13/16;16:26:06;23.19;51.46;33.85;-0.117;8.44;-84.3;1.7;-4.3;-756;129.8;9.13;12.3;
33.4445743737134;-118.484371629818;16:29:07.44;7/13/2016;7;2;213.84;12.0453350093692;1.32;199.2;209.22;0.39;10.3;30.2;.00;4.74;4.74;96;52;580.6;16.4;-3.2;D;753.6;2;91.529;2;2.15;183;215.41;-118.48494325;33.44390352;0;0;1;N;2.076413;59;59;11;97;97;201.7797;0;9999.99;4.74;4.867;2;9;25.3;0;25.2999992370605;33.84;1533.81022;07/13/16;16:26:07;23.20;51.44;33.84;-0.065;8.44;-84.3;1.2;-4.6;-177;129.8;9.13;12.3;
33.4445661947488;-118.484377454255;16:29:08.45;7/13/2016;7;2.02;212.55;12.0453350093692;1.32;200.8;210.9;0.7;7.87;30.1;.00;4.58;4.58;96;52;580.6;16.4;-3.2;D;753.6;2;90.474;2;2.18;183;215.47;-118.48494325;33.44390352;0;0;1;N;1.993733;61;61;11;93;93;202.5109;0;9999.99;4.59;4.717;2;9;25.3;0;25.2999992370605;33.79;1533.75599;07/13/16;16:26:09;23.17;51.38;33.79;-0.095;8.44;-84.5;1.3;-2.3;-1033;130.0;9.15;12.3;
33.44455873975;-118.484385563641;16:29:09.45;7/13/2016;7;2.082;212.69;12.0453350093692;1.32;200.9;211.01;1.11;10;30.2;.00;4.50;4.50;96;50;580.6;16.4;-3;D;791.5;2;89.363;2;2.16;183;215.38;-118.48494325;33.44390352;0;0;1;N;1.869543;64;64;11;88;88;201.8125;0;38.60;4.51;43.237;2;9;25.3;0;25.2999992370605;33.79;1533.75599;07/13/16;16:26:09;23.17;51.38;33.79;-0.095;8.44;-84.5;1.3;-2.3;-1033;130.0;9.15;12.3;
33.4445507785581;-118.484391918695;16:29:10.47;7/13/2016;7;2.013;213.24;12.0453350093692;1.32;200.3;210.38;-0.2;6.73;30.1;.00;4.45;4.45;96;50;580.6;16.4;-3;D;791.5;2;88.300;2;2.12;183;215.4;-118.48494325;33.44390352;0;0;1;N;1.997434;56;56;11;94;94;202.2062;0;6.74;4.45;11.317;2;9;25.3;0;25.2999992370605;33.79;1533.75598;07/13/16;16:26:11;23.09;51.38;33.79;-0.110;8.44;-84.1;2.1;-4.8;-149;130.2;9.18;12.3;
33.44454278702;-118.484398198934;16:29:11.47;7/13/2016;7;1.984;211.59;12.0453350093692;1.32;202.7;212.9;-0.1;9;30.2;.00;4.44;4.44;96;50;580.6;16.4;-3;D;791.5;2;87.238;2;2.09;183;215.43;-118.48494325;33.44390352;0;0;1;N;1.989406;56;56;11;86;86;202.6875;0;5.94;4.44;10.507;2;9;25.3;0;25.2999992370605;33.8;1533.76679;07/13/16;16:26:12;23.05;51.39;33.80;-0.054;8.44;-84.2;1.6;0.6;-4468;130.2;9.18;12.3;
33.4445340684547;-118.484405868837;16:29:12.56;7/13/2016;7;1.969;215.12;12.0453350093692;1.32;206.8;217.22;0.35;5.87;30.2;.00;4.35;4.35;96;48;580.5;16.4;-2.9;D;819.1;2;86.035;2;2.13;183;215.42;-118.48494325;33.44390352;0;0;1;N;1.993114;59;59;11;69;69;202.7524;0;9999.99;4.35;4.477;2;9;25.3;0;25.2999992370605;33.8;1533.76679;07/13/16;16:26:12;23.05;51.39;33.80;-0.054;8.44;-84.2;1.6;0.6;-4468;130.2;9.18;12.3;
33.4445269290689;-118.48441361069;16:29:13.58;7/13/2016;7;2.065;218.19;12.0453350093692;1.32;204;214.27;0.27;10.4;30.1;.00;4.24;4.24;96;48;580.5;16.4;-2.9;D;819.1;2;84.972;2;2.13;183;215.33;-118.48494325;33.44390352;0;0;1;N;2.099925;59;59;11;78;78;202.0346;0;9999.99;4.25;4.377;2;9;25.3;0;25.2999992370605;33.84;1533.80981;07/13/16;16:26:14;22.98;51.44;33.84;-0.088;8.43;-83.4;1.1;0.4;-1440;130.3;9.20;12.3;
33.444521477338;-118.484422601501;16:29:14.59;7/13/2016;7;2.015;223.69;12.0453350093692;1.32;204.8;215.11;-1.18;8.8;30.1;.01;4.22;4.22;96;51;580.5;16.4;-3.1;D;772.9;2;83.996;2;2.09;183;215.11;-118.48494325;33.44390352;0;0;1;N;2.399833;50;50;11;68;68;200.0442;0;9999.99;4.21;4.337;2;9;25.3;0;25.2999992370605;33.84;1533.80981;07/13/16;16:26:14;22.98;51.44;33.84;-0.088;8.43;-83.4;1.1;0.4;-1440;130.3;9.20;12.3;
33.4445130198711;-118.484428831427;16:29:15.59;7/13/2016;7;1.97;215.18;12.0453350093692;1.32;205.9;216.27;0.85;4.03;30.2;.01;4.26;4.26;96;51;580.5;16.4;-3.1;D;772.9;2;82.894;2;2.11;183;215.16;-118.48494325;33.44390352;0;0;1;N;2.300595;62;62;11;65;65;200.6984;0;9999.99;4.26;4.387;2;9;25.3;0;25.2999992370605;33.85;1533.82114;07/13/16;16:26:16;23.02;51.46;33.85;0.017;8.43;-83.6;1.5;0.2;-2592;130.3;9.19;12.3;
33.4445062659124;-118.484435451589;16:29:16.61;7/13/2016;7;2.033;218.54;12.0453350093692;1.32;204.5;214.8;0.89;9.9;30.1;.00;4.18;4.18;96;51;580.5;16.4;-3.1;D;772.9;2;81.926;2;2.13;183;215.11;-118.48494325;33.44390352;0;0;1;N;2.346499;62;62;11;69;69;200.3952;0;9999.99;4.19;4.317;2;9;25.3;0;25.2999992370605;33.85;1533.82114;07/13/16;16:26:16;23.02;51.46;33.85;0.017;8.43;-83.6;1.5;0.2;-2592;130.3;9.19;12.3;
33.4445033647044;-118.484444214396;16:29:17.63;7/13/2016;7;1.869;226.71;12.0453350093692;1.32;201.9;212.06;1.53;8;30.2;.00;4.15;4.15;96;51;580.5;16.4;-3.1;D;772.9;2;81.196;2;2.09;182;214.77;-118.48494325;33.44390352;0;0;1;N;2.815984;66;66;11;80;80;197.3504;0;9999.99;4.16;4.287;2;9;25.3;0;25.2999992370605;33.86;1533.83148;07/13/16;16:26:18;23.04;51.47;33.86;-0.051;8.43;-83.6;1.3;-3.7;-2414;130.3;9.19;12.4;
33.4444953220653;-118.484451552052;16:29:18.64;7/13/2016;7;1.983;215.38;12.0453350093692;1.68;202.7;212.9;0.62;6.62;30.2;.00;3.87;3.87;96;51;580.5;16.4;-3.1;D;773.9;2;80.073;2;2.04;182;214.73;-118.48494325;33.44390352;0;0;1;N;2.817963;61;61;11;65;65;197.3378;0;9999.99;3.87;4.000223;2;9;25.3;0;25.2999992370605;33.84;1533.80995;07/13/16;16:26:19;23.05;51.45;33.84;-0.101;8.44;-84.0;1.4;-2.4;-435;130.3;9.19;12.4;
33.4444864696219;-118.484457953012;16:29:19.64;7/13/2016;7;2.069;217.88;12.0453350093692;1.32;198;207.96;0.11;11.6;30.2;.00;3.80;3.80;96;51;580.5;16.4;-3.1;D;773.9;2;78.926;2;2.11;182;214.79;-118.48494325;33.44390352;0;0;1;N;2.717175;58;58;11;87;87;197.9824;0;9999.99;3.80;3.927;2;9;25.3;0;25.2999992370605;33.84;1533.80986;07/13/16;16:26:20;23.05;51.45;33.84;-0.095;8.43;-83.9;1.8;-1.6;1468;130.3;9.19;12.2;
33.4444790752355;-118.484462746708;16:29:20.64;7/13/2016;7;1.884;215.53;12.0453350093692;1.32;199;209.01;1.43;9.5;30.2;.00;3.94;3.94;96;51;580.5;16.4;-3.1;D;773.9;2;77.997;2;2.07;182;214.86;-118.48494325;33.44390352;0;0;1;N;2.576055;64;64;11;87;87;198.8935;0;9999.99;3.94;4.067;2;9;25.3;0;25.2999992370605;33.83;1533.79911;07/13/16;16:26:21;23.04;51.43;33.83;-0.036;8.44;-84.1;2.0;-2.9;-2823;130.3;9.19;12.4;
33.4444704152559;-118.484469229389;16:29:21.64;7/13/2016;7;1.859;214.69;12.0453350093692;1.32;199.5;209.54;0.24;10.6;30.2;.00;4.03;4.04;96;49;580.5;16.4;-2.9;D;806.1;2;76.863;2;2.03;182;214.9;-118.48494325;33.44390352;0;0;1;N;2.481815;58;58;11;87;87;199.507;0;9999.99;4.04;4.167;2;9;25.3;0;25.2999992370605;33.81;1533.77779;07/13/16;16:26:22;23.03;51.41;33.81;-0.117;8.43;-83.9;1.0;-2.6;-2140;130.3;9.19;12.3;
33.4444618837257;-118.484474680906;16:29:22.64;7/13/2016;7;2.076;212.41;12.0453350093692;1.32;198;207.96;1.1;12;30.1;.00;3.84;3.84;96;49;580.5;16.4;-2.9;D;806.1;2;75.796;2;2.05;182;215;-118.48494325;33.44390352;0;0;1;N;2.320807;64;64;11;97;97;200.5648;0;9999.99;3.85;3.977;2;9;25.3;0;25.2999992370605;33.84;1533.81012;07/13/16;16:26:23;23.02;51.44;33.84;-0.028;8.44;-84.2;1.2;-2.8;-1064;130.4;9.20;12.4;
33.4444525347791;-118.484478874059;16:29:23.66;7/13/2016;7;1.922;205.24;12.0453350093692;1.32;200.9;211.01;0.67;3.83;30.2;.00;3.69;3.69;96;49;580.5;16.4;-2.9;D;806.1;2;74.722;2;2.05;182;215.21;-118.48494325;33.44390352;0;0;1;N;2.008213;61;61;11;94;94;202.6508;0;55.23;3.69;59.047;2;9;25.3;0;25.2999992370605;33.83;1533.79914;07/13/16;16:26:24;23.02;51.43;33.83;-0.097;8.43;-83.9;1.2;0.7;-91;130.4;9.20;12.2;
33.4444433443161;-118.484483372147;16:29:24.66;7/13/2016;7;2.126;205.01;12.0453350093692;1.32;201.8;211.95;0.23;7.3;30.2;.00;3.78;3.79;96;49;580.5;16.4;-2.9;D;806.1;2;73.646;2;2.1;182;215.41;-118.48494325;33.44390352;0;0;1;N;1.728855;58;58;11;97;97;204.5478;0;9999.99;3.78;3.906245;2;9;25.3;0;25.2999992370605;33.85;1533.82088;07/13/16;16:26:25;23.02;51.45;33.85;-0.098;8.44;-84.1;1.4;-7.0;-1504;130.4;9.20;12.3;
33.4444350290804;-118.484489034595;16:29:25.67;7/13/2016;7;2.035;210.54;12.0453350093692;1.32;202.6;212.8;-0.13;12.5;30.2;.01;3.71;3.71;96;48;580.4;16.4;-2.9;D;825.6;2;72.589;2;2.06;182;215.49;-118.48494325;33.44390352;0;0;1;N;1.589916;56;56;11;98;98;205.502;0;9999.99;3.71;3.837;2;9;25.3;0;25.2999992370605;33.78;1533.74549;07/13/16;16:26:26;23.03;51.37;33.78;-0.076;8.43;-84.0;1.3;-3.1;-3610;130.4;9.21;12.3;
33.4444268550555;-118.484496240199;16:29:26.72;7/13/2016;7;1.889;212.92;12.0453350093692;1.32;201.8;211.95;-0.06;7.87;30.2;.00;3.60;3.60;96;48;580.4;16.4;-2.9;D;825.6;2;71.460;2;2.02;182;215.48;-118.48494325;33.44390352;0;0;1;N;1.581927;57;57;11;101;101;205.5571;0;9999.99;3.60;3.727;2;9;25.2;0;25.2000007629395;33.85;1533.58209;07/13/16;16:26:27;23.00;51.45;33.85;-0.077;8.43;-84.0;2.1;-4.8;-2154;130.5;9.21;12.4;
33.4444200798974;-118.484502149978;16:29:27.72;7/13/2016;7;1.939;213.4;12.0453350093692;1.32;204.6;214.9;0.52;8;30.3;.00;3.67;3.67;96;48;580.4;16.4;-2.9;D;825.6;2;70.529;2;1.98;182;215.47;-118.48494325;33.44390352;0;0;1;N;1.562733;60;60;11;90;90;205.6894;0;9999.99;3.67;3.797;2;9;25.2;0;25.2000007629395;33.83;1533.5605;07/13/16;16:26:28;23.00;51.43;33.83;-0.053;8.43;-84.0;1.4;2.4;-1896;130.5;9.21;12.2;
33.4444122835599;-118.484508737659;16:29:28.72;7/13/2016;7;2.003;215;12.0453350093692;1.32;207.1;217.53;0.53;7.23;30.3;.01;3.73;3.74;96;48;580.4;16.4;-2.9;D;818;2;69.468;2;2.03;182;215.48;-118.48494325;33.44390352;0;0;1;N;1.532305;60;60;11;80;80;205.8994;0;9999.99;3.73;3.857;2;9;25.2;0;25.2000007629395;33.84;1533.57158;07/13/16;16:26:29;23.00;51.45;33.84;-0.065;8.44;-84.1;1.6;0.6;-3763;130.6;9.21;12.5;
33.4444051590524;-118.484517099914;16:29:29.72;7/13/2016;7;2.045;221.36;12.0453350093692;1.32;207.9;218.38;0.92;7.77;30.2;.01;3.82;3.82;96;48;580.4;16.4;-2.9;D;818;2;68.373;2;2.05;182;215.33;-118.48494325;33.44390352;0;0;1;N;1.681918;61;61;11;82;82;204.8695;0;9999.99;3.82;3.947;2;9;25.2;0;25.2000007629395;33.85;1533.58247;07/13/16;16:26:30;23.01;51.46;33.85;-0.077;8.43;-84.0;1.0;-5.7;-2352;130.6;9.21;12.3;
33.4443981922336;-118.484524566877;16:29:30.72;7/13/2016;7;2.138;218.03;12.0453350093692;1.32;205.7;216.06;-0.03;8.4;30.3;.00;3.71;3.72;96;48;580.4;16.4;-2.9;D;818;2;67.340;2;2.08;182;215.23;-118.48494325;33.44390352;0;0;1;N;1.768762;58;58;11;74;74;204.2753;0;9999.99;3.72;3.847;2;9;25.2;0;25.2000007629395;33.84;1533.57169;07/13/16;16:26:31;23.02;51.45;33.84;-0.096;8.43;-83.9;1.2;-3.0;-1363;130.6;9.22;12.4;
33.444390533016;-118.484532085136;16:29:31.72;7/13/2016;7;1.971;219.85;12.0453350093692;1.32;204.9;215.22;0.89;7.9;30.2;.00;3.41;3.42;96;48;580.4;16.4;-2.9;D;818;2;66.242;2;2.11;182;215.16;-118.48494325;33.44390352;0;0;1;N;1.825668;62;62;11;82;82;203.8872;0;9999.99;3.42;3.547;2;9;25.2;0;25.2000007629395;33.84;1533.57137;07/13/16;16:26:32;23.03;51.45;33.84;-0.061;8.43;-84.0;1.2;-2.0;-3310;130.7;9.22;12.3;
33.4443831322251;-118.4845400455;16:29:32.72;7/13/2016;7;2.023;222.88;12.0453350093692;1.32;202.6;212.8;-0.13;12.2;30.2;.00;3.40;3.40;96;50;580.3;16.4;-3;D;790.1;2;65.144;2;2.11;182;215.05;-118.48494325;33.44390352;0;0;1;N;1.930901;56;56;11;89;89;203.1729;0;9999.99;3.40;3.531091;2;9;25.2;0;25.2000007629395;33.84;1533.5713;07/13/16;16:26:33;23.03;51.45;33.84;-0.112;8.44;-84.2;1.2;0.0;-2486;130.8;9.23;12.3;
33.44437714398;-118.484547038263;16:29:33.72;7/13/2016;8;2.003;223.74;12.0453350093692;1.32;203.3;213.53;-0.3;10.7;30.2;.00;3.64;3.65;96;50;580.3;16.4;-3;D;790.1;2;64.226;2;2.09;182;214.92;-118.48494325;33.44390352;0;0;1;N;2.053692;53;53;11;85;85;202.3449;0;9999.99;3.64;3.767;2;9;25.2;0;25.2000007629395;33.85;1533.58229;07/13/16;16:26:34;23.03;51.46;33.85;-0.051;8.43;-83.6;2.0;-6.5;-970;130.8;9.23;12.3;
33.4443699382069;-118.484553777483;16:29:34.72;7/13/2016;8;1.852;220.08;12.0453350093692;1.32;206.2;216.59;-0.13;6.6;30.2;.00;3.52;3.52;96;50;580.3;16.4;-3;D;790.1;2;63.212;2;2.07;182;214.87;-118.48494325;33.44390352;0;0;1;N;2.077046;60;60;11;74;74;202.188;0;9999.99;3.53;3.657;2;9;25.2;0;25.2000007629395;33.84;1533.57139;07/13/16;16:26:35;23.04;51.45;33.84;-0.042;8.43;-84.0;1.5;-0.8;-840;130.8;9.22;12.3;
33.4443618191392;-118.484561047504;16:29:35.72;7/13/2016;8;2.11;217.12;12.0453350093692;1.32;203;213.22;-0.03;6.92;30.2;.00;3.53;3.53;96;49;580.3;16.4;-2.9;D;806.7;2;62.085;2;2.07;182;214.83;-118.48494325;33.44390352;0;0;1;N;2.079972;57;57;11;83;83;202.1684;0;9999.99;3.52;3.648197;2;9;25.2;0;25.2000007629395;33.82;1533.54977;07/13/16;16:26:36;23.03;51.42;33.82;-0.082;8.43;-83.7;1.3;-5.7;-834;130.8;9.23;12.3;
33.4443540328457;-118.484569344724;16:29:36.75;7/13/2016;7;2.072;219.03;12.0453350093692;1.32;205.3;215.64;0.45;8.2;30.2;.00;3.67;3.67;96;49;580.3;16.4;-2.9;D;806.7;2;60.935;2;2.14;182;214.7;-118.48494325;33.44390352;0;0;1;N;2.17135;60;60;11;71;71;201.5571;0;9999.99;3.68;3.804137;2;9;25.2;0;25.2000007629395;33.84;1533.57119;07/13/16;16:26:37;23.01;51.44;33.84;-0.037;8.42;-83.3;1.6;-4.4;-596;130.8;9.23;12.3;
33.4443466864108;-118.484575660663;16:29:37.77;7/13/2016;7;1.991;217.65;12.0453350093692;1.32;205.2;215.53;-0.58;10.4;30.2;.00;3.73;3.73;96;49;580.3;16.4;-2.9;D;806.7;2;59.930;2;2.09;182;214.69;-118.48494325;33.44390352;0;0;1;N;2.152611;54;54;11;72;72;201.6823;0;9999.99;3.73;3.857;2;9;25.2;0;25.2000007629395;33.87;1533.60351;07/13/16;16:26:38;23.02;51.48;33.87;-0.099;8.42;-83.3;1.0;-4.0;-2805;130.9;9.23;12.3;
33.4443390003454;-118.484582162129;16:29:38.77;7/13/2016;7;1.946;216.2;12.0453350093692;1.32;204.6;214.9;0.12;7.89;30.2;.00;3.88;3.88;96;49;580.3;16.4;-2.9;D;806.7;2;58.884;2;2.1;182;214.68;-118.48494325;33.44390352;0;0;1;N;2.126467;58;58;11;75;75;201.857;0;9999.99;3.88;4.007;2;9;25.2;0;25.2000007629395;33.85;1533.58223;07/13/16;16:26:39;23.03;51.45;33.85;-0.046;8.43;-83.5;0.8;-3.8;-1218;130.8;9.23;12.3;
33.4443300609253;-118.484589098823;16:29:39.77;7/13/2016;7;2.062;214;12.0453350093692;1.32;204.7;215.01;0.41;9.3;30.2;.00;3.83;3.83;96;47;580.3;16.4;-2.9;D;828.7;2;57.700;2;2.09;182;214.71;-118.48494325;33.44390352;0;0;1;N;2.044326;59;59;11;77;77;202.4078;0;23.47;3.83;27.427;2;9;25.2;0;25.2000007629395;33.86;1533.59282;07/13/16;16:26:40;23.05;51.47;33.86;-0.097;8.42;-83.4;1.0;-2.2;1309;130.8;9.22;12.2;
33.4443219522024;-118.484595277381;16:29:40.78;7/13/2016;7;2.067;214.35;12.0453350093692;1.32;203;213.22;1.25;5.85;30.2;.00;3.82;3.83;96;47;580.3;16.4;-2.9;D;828.7;2;56.633;2;2.09;182;214.76;-118.48494325;33.44390352;0;0;1;N;1.965822;65;65;11;86;86;202.9368;0;47.75;3.83;51.707;2;9;25.2;0;25.2000007629395;33.86;1533.59313;07/13/16;16:26:41;23.07;51.47;33.86;-0.070;8.42;-83.0;1.1;-5.6;-801;130.8;9.22;12.4;
33.4443130227276;-118.484602578817;16:29:41.78;7/13/2016;7;2.208;214.91;12.0453350093692;1.32;204.6;214.9;-0.1;10.3;30.2;.00;3.63;3.63;96;47;580.3;16.4;-2.9;D;828.7;2;55.431;2;2.11;182;214.77;-118.48494325;33.44390352;0;0;1;N;1.913102;56;56;11;81;81;203.2934;0;9999.99;3.64;3.762242;2;9;25.2;0;25.2000007629395;33.84;1533.57152;07/13/16;16:26:42;23.07;51.44;33.84;-0.132;8.43;-83.5;0.3;-1.4;-2082;130.7;9.21;12.3;
33.444304284801;-118.484608234883;16:29:42.80;7/13/2016;7;1.966;210.89;12.0453350093692;1.32;202.7;212.9;1.18;4.41;30.2;.00;3.84;3.85;96;50;580.2;16.4;-3;D;790.2;2;54.333;2;2.13;182;214.9;-118.48494325;33.44390352;0;0;1;N;1.767741;62;62;11;102;102;204.2822;0;9999.99;3.85;3.977;2;9;25.2;0;25.2000007629395;33.83;1533.56046;07/13/16;16:26:43;23.07;51.43;33.83;-0.057;8.43;-83.6;1.2;-1.8;-3139;130.6;9.21;12.4;
33.444298133144;-118.484614218822;16:29:43.80;7/13/2016;7;1.989;214.4;12.0453350093692;1.32;203.3;213.53;0.4;8.7;30.3;.00;3.94;3.94;96;50;580.2;16.4;-3;D;790.2;2;53.455;2;2.1;182;214.83;-118.48494325;33.44390352;0;0;1;N;1.794423;59;59;11;89;89;204.1001;0;9999.99;3.94;4.070253;2;9;25.2;0;25.2000007629395;33.84;1533.57121;07/13/16;16:26:44;23.06;51.44;33.84;-0.108;8.42;-83.2;1.5;-1.3;-927;130.5;9.20;12.1;
33.4442904618403;-118.484621412751;16:29:44.80;7/13/2016;8;2.024;216.46;12.0453350093692;1.32;201.7;211.85;0.72;7.97;30.2;.00;4.15;4.16;96;49;580.2;16.4;-3;D;800.4;2;52.373;2;2.1;182;214.76;-118.48494325;33.44390352;0;0;1;N;1.824867;61;61;11;95;95;203.8927;0;9999.99;4.16;4.287;2;9;25.2;0;25.2000007629395;33.84;1533.57125;07/13/16;16:26:45;23.06;51.44;33.84;-0.068;8.43;-83.5;0.9;-0.2;-1046;130.4;9.20;12.3;
33.4442827252513;-118.484628439401;16:29:45.80;7/13/2016;7;2.183;215.24;12.0453350093692;1.32;203.5;213.74;0.4;9.4;30.2;.00;3.91;3.91;96;49;580.2;16.4;-3;D;800.4;2;51.295;2;2.16;182;214.71;-118.48494325;33.44390352;0;0;1;N;1.82835;59;59;11;88;88;203.869;0;9999.99;3.91;4.034248;2;9;25.2;0;25.2000007629395;33.83;1533.56062;07/13/16;16:26:46;23.06;51.43;33.83;-0.081;8.43;-83.8;0.9;-0.5;-758;130.4;9.20;12.3;
33.444275655766;-118.484633762111;16:29:46.80;7/13/2016;7;2.026;213.07;12.0453350093692;1.32;203.7;213.95;-0.25;6.4;30.3;.00;3.85;3.85;96;49;580.2;16.4;-3;D;800.4;2;50.367;2;2.14;182;214.76;-118.48494325;33.44390352;0;0;1;N;1.751275;55;55;11;86;86;204.3946;0;9999.99;3.85;3.977;2;9;25.2;0;25.2000007629395;33.83;1533.56054;07/13/16;16:26:47;23.05;51.44;33.83;-0.073;8.43;-83.5;0.6;-5.6;-1614;130.4;9.19;12.3;
33.4442636408385;-118.484638808718;16:29:47.80;7/13/2016;7;2.349;204.74;12.0453350093692;1.32;203.5;213.74;1.25;8.7;30.2;.00;4.26;4.26;96;49;580.2;16.4;-3;D;800.4;2;49.004;2;2.12;182;215.2;-118.48494325;33.44390352;0;0;1;N;1.329638;65;65;11;102;102;207.3058;0;9999.99;4.27;4.397;2;9;25.2;0;25.2000007629395;33.84;1533.57132;07/13/16;16:26:48;23.04;51.45;33.84;-0.058;8.43;-83.8;1.6;-1.7;437;130.3;9.19;12.2;
33.4442555901894;-118.484644216051;16:29:48.80;7/13/2016;7;2.134;207.69;12.0453350093692;1.69;201.5;211.64;0.43;10.2;30.2;.00;4.13;4.13;96;48;580.2;16.4;-2.9;D;813.2;2;47.984;2;2.11;181;215.33;-118.48494325;33.44390352;0;0;1;N;1.194721;60;60;11;108;108;208.2486;0;9999.99;4.13;4.259244;2;9;25.2;0;25.2000007629395;33.84;1533.57134;07/13/16;16:26:49;23.04;51.45;33.84;-0.134;8.42;-83.4;0.8;-4.9;-959;130.3;9.19;12.3;
33.4442460097358;-118.484650511482;16:29:49.80;7/13/2016;7;2.092;207.42;12.0453350093692;1.69;205.2;215.53;0.6;11.1;30.3;.01;4.09;4.09;96;48;580.2;16.4;-2.9;D;813.2;2;46.777;2;2.1;181;215.5;-118.48494325;33.44390352;0;0;1;N;1.021243;61;61;11;103;103;209.4676;0;9999.99;4.09;4.217534;2;9;25.2;0;25.2000007629395;33.85;1533.58218;07/13/16;16:26:50;23.04;51.46;33.85;-0.060;8.43;-83.6;0.8;-0.2;-2839;130.3;9.19;12.3;
33.4442383299769;-118.484655955362;16:29:50.80;7/13/2016;7;2.136;208.82;12.0453350093692;1.32;206.3;216.69;-0.43;7.7;30.3;.00;4.13;4.14;96;48;580.2;16.4;-2.9;D;813.2;2;45.789;2;2.07;181;215.6;-118.48494325;33.44390352;0;0;1;N;0.914664;53;53;11;104;104;210.2199;0;9999.99;4.13;4.257;2;9;25.2;0;25.2000007629395;33.85;1533.58234;07/13/16;16:26:51;23.04;51.46;33.85;-0.147;8.43;-83.5;0.6;-3.8;-1102;130.2;9.18;12.3;
33.4442302892967;-118.484662440371;16:29:51.80;7/13/2016;7;1.91;210.48;12.0453350093692;1.32;207.8;218.27;0.24;7.14;30.2;.00;4.12;4.12;96;45;580.1;16.4;-2.7;D;864.2;2;44.711;2;2.05;181;215.64;-118.48494325;33.44390352;0;0;1;N;0.8577792;58;58;11;96;96;210.6224;0;5.26;4.12;9.507;2;9;25.2;0;25.2000007629395;33.83;1533.5605;07/13/16;16:26:52;23.04;51.44;33.83;-0.028;8.43;-83.5;1.1;-4.1;-2825;130.2;9.18;12.4;
33.4442245417388;-118.484670391309;16:29:52.80;7/13/2016;7;1.859;220.69;12.0453350093692;1.32;204.7;215.01;-0.29;11.6;30.2;.00;4.05;4.05;96;45;580.1;16.4;-2.7;D;864.2;2;43.763;2;2.01;181;215.35;-118.48494325;33.44390352;0;0;1;N;1.073316;55;55;11;103;103;209.1009;0;40.76;4.06;44.947;2;9;25.2;0;25.2000007629395;33.83;1533.56059;07/13/16;16:26:53;23.03;51.43;33.83;-0.079;8.42;-83.2;0.3;-4.5;-2027;130.2;9.19;12.3;
33.4442185666239;-118.484678000784;16:29:53.80;7/13/2016;7;1.953;221.42;12.0453350093692;1.32;208.5;219.01;0.26;7.45;30.2;.00;3.96;3.96;96;45;580.1;16.4;-2.7;D;864.2;2;42.813;2;2.04;181;215.09;-118.48494325;33.44390352;0;0;1;N;1.229196;59;59;11;83;83;208.0071;0;42.72;3.96;46.807;2;9;25.1;0;25.1000003814697;33.82;1533.31033;07/13/16;16:26:54;23.01;51.42;33.82;-0.068;8.42;-83.2;0.2;-7.7;-2298;130.2;9.19;12.5;
33.4442113158194;-118.484684777193;16:29:54.80;7/13/2016;7;2.01;222.36;12.0453350093692;1.32;209.4;219.96;-0.14;10.3;30.2;.00;3.94;3.94;96;45;580.1;16.4;-2.7;D;864.2;2;41.791;2;2.03;181;215.02;-118.48494325;33.44390352;0;0;1;N;1.251256;54;54;11;80;80;207.8529;0;9999.99;3.94;4.067;2;9;25.1;0;25.1000003814697;33.82;1533.31034;07/13/16;16:26:55;23.00;51.42;33.82;-0.066;8.42;-83.4;1.3;-3.0;638;130.2;9.19;12.3;
33.4442050428887;-118.484691775417;16:29:55.80;7/13/2016;7;1.969;223.13;12.0453350093692;1.32;212.1;222.8;0.12;5.54;30.2;.00;3.85;3.85;96;46;580.1;16.4;-2.8;D;849.7;2;40.848;2;2.02;181;214.83;-118.48494325;33.44390352;0;0;1;N;1.344931;57;57;11;67;67;207.1991;0;48.41;3.85;52.38066;2;9;25.1;0;25.1000003814697;33.76;1533.24556;07/13/16;16:26:56;22.97;51.34;33.76;-0.070;8.43;-83.5;0.8;-6.0;-3081;130.1;9.19;12.3;
33.4441979360594;-118.484699525935;16:29:56.80;7/13/2016;7;2.02;224.25;12.0453350093692;1.32;210.7;221.33;-0.5;6.77;30.2;.00;3.93;3.93;96;46;580.1;16.4;-2.8;D;849.7;2;39.789;2;2.02;181;214.64;-118.48494325;33.44390352;0;0;1;N;1.448238;54;54;11;64;64;206.4812;0;9999.99;3.93;4.057;2;9;25.1;0;25.1000003814697;33.82;1533.3103;07/13/16;16:26:57;22.93;51.41;33.82;-0.078;8.42;-82.9;0.2;-0.4;-800;130.1;9.20;12.4;
33.4441905089343;-118.484707755597;16:29:57.80;7/13/2016;7;2.065;225.24;12.0453350093692;1.32;206.9;217.32;0.7;10.7;30.2;.00;3.77;3.78;96;46;580.1;16.4;-2.8;D;849.7;2;38.676;2;2.05;181;214.4;-118.48494325;33.44390352;0;0;1;N;1.575221;63;63;11;77;77;205.603;0;9999.99;3.78;3.907;2;9;25.1;0;25.1000003814697;33.83;1533.32124;07/13/16;16:26:58;22.91;51.42;33.83;-0.044;8.42;-83.4;1.4;-4.6;-2087;130.0;9.19;12.3;
33.4441838887472;-118.484715122646;16:29:58.80;7/13/2016;7;1.955;221.82;12.0453350093692;1.32;210.8;221.43;-0.71;10;30.2;.00;3.49;3.49;96;48;580.0;16.4;-2.9;D;819.2;2;37.682;2;2.01;181;214.17;-118.48494325;33.44390352;0;0;1;N;1.67593;54;54;11;62;62;204.9104;0;48.21;3.49;51.827;2;9;25.1;0;25.1000003814697;33.83;1533.32125;07/13/16;16:26:59;22.89;51.43;33.83;-0.100;8.43;-83.4;0.8;-1.2;175;130.0;9.19;12.3;
33.4441762361134;-118.484722986839;16:29:59.80;7/13/2016;7;2.007;221.34;12.0453350093692;1.32;207.8;218.27;0.16;7.83;30.2;.00;3.62;3.62;96;48;580.0;16.4;-2.9;D;819.2;2;36.569;2;2.05;181;213.98;-118.48494325;33.44390352;0;0;1;N;1.756694;58;58;11;71;71;204.3573;0;4.92;3.62;8.667;2;9;25.1;0;25.1000003814697;33.82;1533.31032;07/13/16;16:27:00;22.89;51.42;33.82;-0.039;8.42;-83.1;0.2;-4.9;-3569;130.0;9.19;12.2;
33.4441693355194;-118.484730669036;16:30:00.80;7/13/2016;7;1.995;222.63;12.0453350093692;1.32;208.4;218.9;0.03;10.3;30.2;.00;3.71;3.71;96;48;580.0;16.4;-2.9;D;819.2;2;35.534;2;2.07;181;213.72;-118.48494325;33.44390352;0;0;1;N;1.867511;57;57;11;66;66;203.6025;0;39.15;3.71;42.98793;2;9;25.1;0;25.1000003814697;33.83;1533.32103;07/13/16;16:27:01;22.88;51.42;33.83;-0.059;8.42;-83.3;0.5;-1.0;-2140;129.9;9.19;12.4;
33.4441619478822;-118.484737844777;16:30:01.80;7/13/2016;7;2.15;222.23;12.0453350093692;1.32;207.7;218.17;0.35;6.28;30.2;.00;3.76;3.76;96;48;580.0;16.4;-2.9;D;819.2;2;34.481;2;2.08;181;213.55;-118.48494325;33.44390352;0;0;1;N;1.912416;57;57;11;72;72;203.2979;0;49.47;3.75;53.347;2;9;25.1;0;25.1000003814697;33.83;1533.32103;07/13/16;16:27:02;22.87;51.42;33.83;-0.087;8.42;-83.3;0.6;-3.2;-1094;129.8;9.18;12.3;
33.4441528217729;-118.484745629071;16:30:02.80;7/13/2016;7;2.232;217.35;12.0453350093692;1.32;208.7;219.22;0.89;6.44;30.2;.00;3.70;3.70;96;46;580.0;16.4;-2.8;D;846.7;2;33.237;2;2.11;181;213.48;-118.48494325;33.44390352;0;0;1;N;1.885808;62;62;11;64;64;203.4782;0;30.79;3.70;34.61465;2;9;25.1;0;25.1000003814697;33.81;1533.2995;07/13/16;16:27:03;22.85;51.40;33.81;-0.062;8.42;-83.1;1.0;-4.2;30;129.7;9.18;12.3;
33.4441456280025;-118.484752422912;16:30:03.83;7/13/2016;7;1.939;219.83;12.0453350093692;1.32;206.7;217.11;-0.63;12.1;30.2;.00;3.79;3.79;96;46;580.0;16.4;-2.8;D;846.7;2;32.222;2;2.14;181;213.33;-118.48494325;33.44390352;0;0;1;N;1.91778;53;53;11;72;72;203.2614;0;35.83;3.79;39.747;2;9;25.1;0;25.1000003814697;33.87;1533.36428;07/13/16;16:27:04;22.84;51.48;33.87;-0.105;8.42;-83.0;0.3;-0.5;-3143;129.6;9.17;12.3;
33.44413844391;-118.484759234581;16:30:04.84;7/13/2016;7;1.838;217.95;12.0453350093692;1.32;205.3;215.64;0.32;6.81;30.2;.00;3.59;3.59;96;46;580.0;16.4;-2.8;D;846.7;2;31.207;2;2.11;181;213.17;-118.48494325;33.44390352;0;0;1;N;1.943569;59;59;11;77;77;203.0869;0;9999.99;3.58;3.703872;2;9;25.1;0;25.1000003814697;33.84;1533.33198;07/13/16;16:27:05;22.85;51.44;33.84;-0.034;8.42;-83.2;1.2;-3.7;-1616;129.6;9.17;12.3;
33.444130992344;-118.48476657713;16:30:05.84;7/13/2016;7;1.892;221.22;12.0453350093692;1.32;205.4;215.74;0.23;6.97;30.2;.00;3.62;3.62;96;47;580.0;16.4;-2.8;D;840.4;2;30.141;2;2.06;181;212.95;-118.48494325;33.44390352;0;0;1;N;1.989247;58;58;11;75;75;202.7783;0;9999.99;3.62;3.747;2;9;25.1;0;25.1000003814697;33.84;1533.33196;07/13/16;16:27:06;22.85;51.44;33.84;-0.069;8.42;-82.9;0.5;-8.5;-2780;129.4;9.16;12.3;
33.4441240624053;-118.48477272354;16:30:06.84;7/13/2016;7;2.071;218.4;12.0453350093692;1.32;204.6;214.9;0.31;5.09;30.2;.00;3.60;3.61;96;47;580.0;16.4;-2.8;D;840.4;2;29.185;2;2.07;181;212.83;-118.48494325;33.44390352;0;0;1;N;1.984547;59;59;11;79;79;202.81;0;9999.99;3.61;3.737;2;9;25.1;0;25.1000003814697;33.87;1533.36454;07/13/16;16:27:07;22.85;51.49;33.87;-0.044;8.41;-82.6;0.7;-2.5;-1368;129.3;9.15;12.4;
33.4441157146703;-118.484779229972;16:30:07.84;7/13/2016;7;2.205;217.23;12.0453350093692;1.32;206.2;216.59;1.05;6.89;30.2;.00;3.57;3.57;96;48;579.9;16.4;-2.9;D;814.6;2;28.077;2;2.11;181;212.82;-118.48494325;33.44390352;0;0;1;N;1.91697;63;63;11;74;74;203.2668;0;9999.99;3.57;3.701111;2;9;25.1;0;25.1000003814697;33.84;1533.33221;07/13/16;16:27:08;22.87;51.44;33.84;-0.059;8.41;-82.6;0.8;0.8;-461;129.4;9.15;12.3;
33.4441075073631;-118.484786478404;16:30:08.84;7/13/2016;6;2.02;216.98;12.0453350093692;1.7;204.7;215.01;0.74;7.75;30.2;.01;3.55;3.56;96;48;579.9;16.4;-2.9;D;814.6;2;26.946;2;2.11;181;212.67;-118.48494325;33.44390352;0;0;1;N;1.918085;63;63;11;80;80;203.2592;0;9999.99;3.57;3.695215;2;9;25.1;0;25.1000003814697;33.86;1533.35372;07/13/16;16:27:09;22.88;51.46;33.86;-0.085;8.42;-83.1;1.0;-2.6;-254;129.3;9.14;12.3;
33.4440982625368;-118.484792068411;16:30:09.86;7/13/2016;7;2.063;213.96;12.0453350093692;1.32;203.2;213.43;0.34;9.7;30.2;.00;3.48;3.49;96;48;579.9;16.4;-2.9;D;816.5;2;25.801;2;2.06;181;212.93;-118.48494325;33.44390352;0;0;1;N;1.72198;59;59;11;92;92;204.5945;0;9999.99;3.49;3.616441;2;9;25;0;25.1000003814697;33.84;1533.33224;07/13/16;16:27:10;22.88;51.45;33.84;-0.091;8.41;-82.7;0.0;-0.3;-2777;129.2;9.14;12.3;
33.4440905451046;-118.484797119312;16:30:10.86;7/13/2016;7;2.015;210.54;12.0453350093692;1.32;202.7;212.9;0.3;8.8;30.2;.00;3.58;3.58;96;48;579.9;16.4;-2.9;D;816.5;2;24.826;2;2.06;181;213.1;-118.48494325;33.44390352;0;0;1;N;1.588779;59;59;11;97;97;205.5091;0;9999.99;3.58;3.707;2;9;25;0;25;33.84;1533.09184;07/13/16;16:27:11;22.88;51.44;33.84;-0.082;8.42;-83.2;0.3;-1.3;-1297;129.1;9.13;12.3;
33.4440813666087;-118.484802207489;16:30:11.86;7/13/2016;7;2.075;210.42;12.0453350093692;1.32;204.9;215.22;-0.22;7.66;30.3;.00;3.53;3.54;96;48;579.9;16.4;-2.9;D;816.5;2;23.714;2;2.08;181;213.49;-118.48494325;33.44390352;0;0;1;N;1.348544;56;56;11;97;97;207.1736;0;9999.99;3.54;3.667;2;9;25;0;25;33.83;1533.08117;07/13/16;16:27:12;22.88;51.43;33.83;-0.060;8.42;-82.9;1.1;-6.7;101;129.0;9.12;12.3;
33.44407444018;-118.48480791387;16:30:12.86;7/13/2016;7;1.996;212.01;12.0453350093692;1.7;203.6;213.85;1.46;4.14;30.2;.00;3.41;3.41;96;48;579.9;16.4;-2.9;D;816.5;2;22.779;2;2.05;181;213.45;-118.48494325;33.44390352;0;0;1;N;1.312121;66;66;11;103;103;207.4273;0;9999.99;3.41;3.537;2;9;25;0;25;33.82;1533.07048;07/13/16;16:27:13;22.88;51.41;33.82;-0.024;8.42;-83.3;1.1;-1.6;-3078;129.0;9.12;12.3;
33.4440663232637;-118.484814848427;16:30:13.86;7/13/2016;6;2.032;214.77;12.0453350093692;1.7;206.2;216.59;-0.94;10;30.2;.00;3.33;3.34;96;47;579.9;16.4;-2.8;D;842.4;2;21.671;2;2.05;181;213.35;-118.48494325;33.44390352;0;0;1;N;1.28175;51;51;11;93;93;207.6392;0;9999.99;3.34;3.463357;2;9;25;0;25;33.81;1533.05978;07/13/16;16:27:14;22.85;51.40;33.81;-0.114;8.42;-83.3;1.8;-6.7;-1879;128.9;9.12;12.4;
33.444059421814;-118.484821846772;16:30:14.88;7/13/2016;7;1.944;216.61;12.0453350093692;1.32;206.6;217.01;0.66;10.4;30.2;.00;3.34;3.35;96;45;579.9;16.4;-2.7;D;864.1;2;20.674;2;2.08;181;213.02;-118.48494325;33.44390352;0;0;1;N;1.344487;61;61;11;89;89;207.2017;0;9999.99;3.34;3.467;2;9;25;0;25;33.82;1533.07052;07/13/16;16:27:16;22.82;51.41;33.82;-0.070;8.43;-83.6;1.0;-4.9;-1947;129.0;9.13;12.4;
33.4440535383436;-118.484829193247;16:30:15.88;7/13/2016;7;1.828;219.84;12.0453350093692;1.32;206.6;217.01;0.78;6.53;30.2;.00;3.38;3.38;96;45;579.9;16.4;-2.7;D;864.1;2;19.755;2;2.03;181;212.39;-118.48494325;33.44390352;0;0;1;N;1.499656;62;62;11;83;83;206.1245;0;9999.99;3.38;3.507;2;9;25;0;25;33.82;1533.07052;07/13/16;16:27:16;22.82;51.41;33.82;-0.070;8.43;-83.6;1.0;-4.9;-1947;129.0;9.13;12.4;
33.4440464864499;-118.484836286645;16:30:16.89;7/13/2016;7;2.01;219.87;12.0453350093692;1.32;206.4;216.8;-0.51;12.4;30.2;.00;3.33;3.33;96;45;579.9;16.4;-2.7;D;864.1;2;18.741;2;2.04;181;211.98;-118.48494325;33.44390352;0;0;1;N;1.559849;54;54;11;83;83;205.7086;0;9999.99;3.33;3.457;2;9;25;0;25;33.84;1533.09192;07/13/16;16:27:18;22.82;51.44;33.84;0.022;8.43;-83.9;1.4;-1.9;-206;129.2;9.15;12.3;
33.4440393036131;-118.484843598946;16:30:17.89;7/13/2016;7;1.938;220.74;12.0453350093692;1.32;207.1;217.53;-0.32;8.3;30.1;.00;3.29;3.30;96;45;579.9;16.4;-2.7;D;864.1;2;17.704;2;2.04;181;211.48;-118.48494325;33.44390352;0;0;1;N;1.622535;55;55;11;78;78;205.2766;0;9999.99;3.30;3.427;2;9;25;0;25;33.84;1533.09192;07/13/16;16:27:18;22.82;51.44;33.84;0.022;8.43;-83.9;1.4;-1.9;-206;129.2;9.15;12.3;
33.4440309790235;-118.484850451974;16:30:18.89;7/13/2016;7;1.981;218.37;12.0453350093692;1.32;206.1;216.48;-0.29;8.1;30.2;.00;3.32;3.32;96;47;579.8;16.4;-2.9;D;828.9;2;16.583;2;2.04;181;211.28;-118.48494325;33.44390352;0;0;1;N;1.580003;55;55;11;83;83;205.5693;0;9999.99;3.32;3.447;2;9;25;0;25;33.85;1533.10266;07/13/16;16:27:19;22.82;51.46;33.85;-0.067;8.44;-84.1;-0.4;-3.1;-904;129.3;9.16;12.3;
33.444023311107;-118.484857311436;16:30:19.92;7/13/2016;7;1.931;216.8;12.0453350093692;1.32;207.8;218.27;0.86;6.72;30.2;.00;3.30;3.31;96;47;579.8;16.4;-2.9;D;828.9;2;15.525;2;1.97;181;210.91;-118.48494325;33.44390352;0;0;1;N;1.575494;62;62;11;76;76;205.6004;0;9999.99;3.30;3.427;2;9;25;0;25;33.83;1533.08127;07/13/16;16:27:21;22.84;51.42;33.83;-0.090;8.44;-84.2;0.9;-4.9;-876;129.6;9.17;12.4;
33.4440156163169;-118.484864675714;16:30:20.92;7/13/2016;7;1.983;220.51;12.0453350093692;1.32;207.1;217.53;-0.12;9.2;30.2;.00;3.25;3.25;96;47;579.8;16.4;-2.9;D;828.9;2;14.440;2;1.95;181;210.32;-118.48494325;33.44390352;0;0;1;N;1.612961;56;56;11;78;78;205.3424;0;9999.99;3.26;3.387;2;9;25;0;25;33.82;1533.07038;07/13/16;16:27:22;22.85;51.41;33.82;-0.032;8.44;-84.3;1.2;-1.2;-2767;129.7;9.18;12.3;
33.4440070565278;-118.484871552391;16:30:21.92;7/13/2016;7;2.036;217.95;12.0453350093692;1.32;207.1;217.53;0.56;6.94;30.2;.00;3.29;3.29;96;47;579.8;16.4;-2.8;D;832;2;13.296;2;1.99;181;210.02;-118.48494325;33.44390352;0;0;1;N;1.558371;60;60;11;80;80;205.7185;0;9999.99;3.29;3.417;2;9;25;0;25;33.82;1533.07027;07/13/16;16:27:23;22.84;51.42;33.82;-0.100;8.44;-84.3;0.8;-3.6;-1099;129.8;9.19;12.3;
33.443999746551;-118.484877827687;16:30:22.92;7/13/2016;7;1.932;218.26;12.0453350093692;1.32;208;218.48;0.66;7.77;30.2;.00;3.33;3.33;96;47;579.8;16.4;-2.8;D;832;2;12.302;2;2.04;181;209.57;-118.48494325;33.44390352;0;0;1;N;1.539548;61;61;11;79;79;205.8483;0;9999.99;3.33;3.457;2;9;25;0;25;33.82;1533.07027;07/13/16;16:27:23;22.84;51.42;33.82;-0.100;8.44;-84.3;0.8;-3.6;-1099;129.8;9.19;12.3;
33.4439912813605;-118.484884507285;16:30:23.92;7/13/2016;7;2.052;219.5;12.0453350093692;1.32;203.6;213.85;0.24;10.8;30.2;.00;3.27;3.27;96;47;579.8;16.4;-2.8;D;832;2;11.177;2;2.04;181;209.18;-118.48494325;33.44390352;0;0;1;N;1.485943;58;58;11;96;96;206.2191;0;32.30;3.27;35.697;2;9;25;0;25;33.82;1533.0705;07/13/16;16:27:25;22.83;51.42;33.82;-0.031;8.44;-84.4;1.1;-1.2;-3566;130.2;9.21;12.3;
33.44398375163;-118.484891015098;16:30:24.92;7/13/2016;7;1.866;216.93;12.0453350093692;1.32;205.8;216.16;1.26;9.8;30.2;.00;3.18;3.18;96;47;579.8;16.4;-2.8;D;832;2;10.153;2;2.06;181;208.51;-118.48494325;33.44390352;0;0;1;N;1.459306;65;65;11;88;88;206.4034;0;39.98;3.18;43.29594;2;9;25;0;25;33.82;1533.0705;07/13/16;16:27:25;22.83;51.42;33.82;-0.031;8.44;-84.4;1.1;-1.2;-3566;130.2;9.21;12.3;
33.4439772234015;-118.484896452773;16:30:25.92;7/13/2016;7;1.885;216.72;12.0453350093692;1.32;204.6;214.9;-0.57;9.4;30.2;.01;3.19;3.19;96;48;579.7;16.4;-2.9;D;815.1;2;9.274;2;1.98;181;207.92;-118.48494325;33.44390352;0;0;1;N;1.42821;55;55;11;93;93;206.6193;0;9999.99;3.19;3.317;2;9;25;0;25;33.8;1533.04883;07/13/16;16:27:26;22.83;51.39;33.80;-0.114;8.44;-84.4;1.6;-2.8;-739;130.3;9.23;12.3;
33.4439693067142;-118.484903003855;16:30:26.92;7/13/2016;7;2.056;217.01;12.0453350093692;1.32;205.5;215.85;0.55;7.92;30.2;.01;3.20;3.21;96;48;579.7;16.4;-2.9;D;815.1;2;8.213;2;2;181;207.04;-118.48494325;33.44390352;0;0;1;N;1.382267;60;60;11;88;88;206.9386;0;35.77;3.20;39.097;2;9;25;0;25;33.84;1533.09227;07/13/16;16:27:28;22.80;51.44;33.84;-0.071;8.44;-84.3;0.9;-7.7;-2090;130.6;9.25;12.2;
33.4439603091258;-118.484910608762;16:30:27.92;7/13/2016;7;2.106;217.54;12.0453350093692;1.32;205.1;215.43;0.29;9.6;30.2;.01;3.26;3.27;96;48;579.7;16.4;-2.9;D;815.1;2;7.003;2;2.05;181;205.62;-118.48494325;33.44390352;0;0;1;N;1.352196;59;59;11;94;94;207.148;0;42.86;3.27;46.257;2;9;25;0;25;33.84;1533.09224;07/13/16;16:27:29;22.79;51.44;33.84;-0.118;8.44;-84.3;1.0;-3.5;-345;130.8;9.26;12.4;
33.4439519074619;-118.484917168929;16:30:28.92;7/13/2016;7;2.132;215.11;12.0453350093692;1.32;206.7;217.11;0.65;8.1;30.2;.00;3.26;3.26;96;48;579.7;16.4;-2.9;D;815.1;2;5.899;2;2.11;181;204.22;-118.48494325;33.44390352;0;0;1;N;1.281454;59;59;11;90;90;207.6409;0;57.44;3.26;60.827;2;9;25;0;25;33.97;1533.2322;07/13/16;16:27:30;22.82;51.62;33.97;-0.039;8.44;-84.3;1.5;-1.8;-1103;130.9;9.26;12.4;
33.4439447765843;-118.484923685588;16:30:29.92;7/13/2016;7;1.96;217.25;12.0453350093692;1.32;207.7;218.17;-0.23;11.8;30.2;.00;3.26;3.27;96;47;579.7;16.4;-2.9;D;826;2;4.933;2;2.12;181;201.59;-118.48494325;33.44390352;0;0;1;N;1.289736;56;56;11;82;82;207.5816;0;32.73;3.27;36.127;2;9;24.9;0;25;33.97;1533.2322;07/13/16;16:27:30;22.82;51.62;33.97;-0.039;8.44;-84.3;1.5;-1.8;-1103;130.9;9.26;12.4;
33.443936098988;-118.484930199371;16:30:30.92;7/13/2016;7;1.925;215.92;12.0453350093692;1.32;205.4;215.74;0.05;8.5;30.2;.00;3.13;3.13;96;47;579.7;16.4;-2.9;D;826;2;3.820;2;2.09;181;198.48;-118.48494325;33.44390352;0;0;1;N;1.202522;57;57;11;97;97;208.1919;0;42.03;3.13;45.28728;2;9;24.9;0;24.8999996185303;33.88;1532.89455;07/13/16;16:27:32;22.96;51.50;33.88;-0.046;8.45;-84.6;1.5;-5.6;-1636;131.0;9.25;12.3;
33.443928250354;-118.48493569042;16:30:31.92;7/13/2016;7;1.888;214.63;12.0453350093692;1.32;208.5;219.01;0.26;8.7;30.2;.00;3.13;3.13;96;47;579.7;16.4;-2.9;D;826;2;2.837;2;2.04;181;194.31;-118.48494325;33.44390352;0;0;1;N;1.080424;59;59;11;87;87;209.0489;0;52.26;3.13;55.517;2;9;24.9;0;24.8999996185303;33.88;1532.89455;07/13/16;16:27:32;22.96;51.50;33.88;-0.046;8.45;-84.6;1.5;-5.6;-1636;131.0;9.25;12.3;
33.4439198420949;-118.48494182018;16:30:32.92;7/13/2016;7;2.097;213.86;12.0453350093692;1.32;207.4;217.85;-0.34;12.3;30.2;.00;3.12;3.12;96;47;579.7;16.4;-2.9;D;827.5;3;8.262;2;2.09;181;240.59;-118.48501938;33.44388336;0;0;1;N;1.755391;59;59;11;216;216;241.0473;0;30.51;3.12;33.757;2;9;25;0;25;33.81;1533.05955;07/13/16;16:27:34;23.01;51.40;33.81;-0.077;8.44;-84.4;1.2;-1.7;-856;131.3;9.27;12.3;
33.4439127923514;-118.484947865189;16:30:33.92;7/13/2016;7;1.957;215.16;12.0453350093692;1.32;216.6;227.54;-0.34;8.7;30.2;.00;2.90;2.90;96;47;579.7;16.4;-2.9;D;827.5;3;7.398;2;2.05;181;243.75;-118.48501938;33.44388336;0;0;1;N;1.163474;54;54;11;193;193;243.851;0;44.43;2.89;47.44138;2;9;24.9;0;25;33.81;1533.05955;07/13/16;16:27:34;23.01;51.40;33.81;-0.077;8.44;-84.4;1.2;-1.7;-856;131.3;9.27;12.3;
33.4439062577489;-118.484953800832;16:30:34.92;7/13/2016;7;1.6;214.73;12.0453350093692;1.32;223.1;234.39;2.25;4.41;30.2;.00;3.07;3.08;96;47;579.7;16.4;-2.9;D;827.5;3;6.596;2;1.91;181;247.29;-118.48501938;33.44388336;0;0;1;N;0.6272673;68;68;11;194;194;247.9096;0;35.14;3.08;38.347;2;9;24.9;0;24.8999996185303;33.69;1532.68932;07/13/16;16:27:36;22.82;51.23;33.69;-0.114;8.44;-84.5;1.5;-3.6;-3895;131.6;9.32;12.4;
33.4438992071502;-118.484958726827;16:30:35.92;7/13/2016;6;1.791;214.73;12.0453350093692;1.53;235.3;247.18;1.64;6.01;30.2;.01;3.27;3.27;96;47;579.7;16.4;-2.9;D;827.5;3;5.897;2;1.79;181;252.61;-118.48501938;33.44388336;0;0;1;N;1.573238E-02;67;67;11;148;148;252.5056;0;9999.99;3.29;3.417;2;9;24.9;0;24.8999996185303;33.69;1532.68932;07/13/16;16:27:36;22.82;51.23;33.69;-0.114;8.44;-84.5;1.5;-3.6;-3895;131.6;9.32;12.4;
33.4438957981855;-118.484965615427;16:30:36.92;7/13/2016;7;1.822;222.2;12.0453350093692;1.53;239.9;251.98;1.82;10.9;30.2;.00;3.21;3.21;96;48;579.6;16.4;-2.9;D;812.8;3;5.177;2;1.75;181;254.5;-118.48501938;33.44388336;0;0;1;N;0.1879634;69;69;11;134;134;253.7387;0;9999.99;3.22;3.347;2;9;24.9;0;24.8999996185303;34.01;1533.03512;07/13/16;16:27:38;22.82;51.67;34.01;-0.105;8.44;-84.3;1.7;-0.1;-2407;131.7;9.32;12.3;
33.4438921881599;-118.484974958597;16:30:37.92;7/13/2016;7;1.977;236.81;12.0453350093692;1.32;243.4;255.62;0.25;3.66;30.2;.01;3.28;3.28;96;48;579.6;16.4;-2.9;D;812.8;3;4.237;2;1.76;181;256.6;-118.48501938;33.44388336;0;0;1;N;0.3194485;59;59;11;123;123;254.6799;0;9999.99;3.29;3.417;2;9;24.9;0;24.8999996185303;34.01;1533.03512;07/13/16;16:27:38;22.82;51.67;34.01;-0.105;8.44;-84.3;1.7;-0.1;-2407;131.7;9.32;12.3;
33.4438902749552;-118.484985761616;16:30:38.92;7/13/2016;7;1.884;248.41;12.0453350093692;1.32;245.3;257.6;1.46;6.11;30.1;.01;3.27;3.27;96;48;579.6;16.4;-2.9;D;812.8;3;3.212;2;1.8;181;256.15;-118.48501938;33.44388336;0;0;1;N;0.2245234;66;66;11;113;113;254.0011;0;9999.99;3.27;3.397;2;9;24.9;0;24.8999996185303;33.85;1532.86237;07/13/16;16:27:40;22.96;51.46;33.85;-0.105;8.45;-84.6;1.4;-3.2;-1305;131.9;9.32;12.2;
33.4438891978169;-118.484995828394;16:30:39.92;7/13/2016;7;1.794;259.42;12.0453350093692;1.32;248.8;261.22;0.59;6.88;30.2;.00;3.26;3.26;96;48;579.6;16.4;-2.9;D;821.8;4;6.905;2;1.8;182;351.09;-118.48500736;33.44395055;0;0;1;N;2.162029;61;61;11;250;250;353.3622;0;30.66;3.27;34.05642;2;9;24.9;0;24.8999996185303;33.85;1532.86237;07/13/16;16:27:40;22.96;51.46;33.85;-0.105;8.45;-84.6;1.4;-3.2;-1305;131.9;9.32;12.2;
33.443888454499;-118.485006009297;16:30:40.95;7/13/2016;7;2.057;264.42;12.0453350093692;1.53;254.7;267.31;0.08;9.9;30.2;.00;3.31;3.31;96;48;579.6;16.4;-2.9;D;821.8;4;6.906;2;1.83;182;358.96;-118.48500736;33.44395055;0;0;1;N;1.244312;56;56;11;250;250;359.6495;0;45.80;3.30;49.227;2;9;24.9;0;24.8999996185303;33.92;1532.93747;07/13/16;16:27:42;23.05;51.55;33.92;-0.043;8.44;-84.4;1.1;-4.2;19;132.2;9.32;12.3;
33.4438885535841;-118.485017252183;16:30:41.97;7/13/2016;7;1.69;261.25;12.0453350093692;1.32;265.2;278.09;2.39;7.2;30.2;.00;3.30;3.30;96;48;579.6;16.4;-2.9;D;821.8;4;6.954;2;1.72;182;7.58;-118.48500736;33.44395055;0;0;1;N;0.2203937;71;71;11;250;250;6.912031;0;9999.99;3.30;3.427;2;9;24.9;0;24.8999996185303;33.92;1532.93747;07/13/16;16:27:42;23.05;51.55;33.92;-0.043;8.44;-84.4;1.1;-4.2;19;132.2;9.32;12.3;
33.4438894986672;-118.4850250164;16:30:42.97;7/13/2016;7;1.649;268.16;12.0453350093692;1.32;275.9;288.99;3.28;9.2;30.2;.01;3.30;3.31;96;48;579.6;16.4;-2.9;D;821.8;4;6.983;2;1.66;182;13.57;-118.48500736;33.44395055;0;0;1;N;0.5146707;77;77;11;250;250;12.17077;0;9999.99;3.33;3.457;2;9;24.9;0;24.8999996185303;33.83;1532.84126;07/13/16;16:27:44;23.12;51.44;33.83;-0.115;8.44;-84.5;1.9;-1.6;-3578;132.4;9.32;12.3;
33.4438895683833;-118.485033081045;16:30:43.97;7/13/2016;7;2.054;268.16;12.0453350093692;1.32;285.9;299.12;1.71;7.08;30.2;.01;3.26;3.26;96;50;579.5;16.3;-3.1;D;777.5;4;7.188;2;1.6;183;19.39;-118.48500736;33.44395055;0;0;1;N;1.263648;66;66;11;250;250;17.4685;0;9999.99;3.28;3.409557;2;9;24.9;0;24.8999996185303;33.83;1532.84126;07/13/16;16:27:44;23.12;51.44;33.83;-0.115;8.44;-84.5;1.9;-1.6;-3578;132.4;9.32;12.3;
33.4438939884924;-118.485043950543;16:30:44.97;7/13/2016;7;1.481;276.89;12.0453350093692;1.32;297.5;310.85;2.34;7.54;30.2;.01;3.26;3.27;96;50;579.5;16.3;-3.1;D;777.5;4;7.147;2;1.6;183;28.36;-118.48500736;33.44395055;0;0;1;N;2.342613;71;71;11;250;250;24.81088;0;9999.99;3.28;3.407;2;9;24.9;0;24.8999996185303;33.8;1532.80823;07/13/16;16:27:46;23.09;51.39;33.80;-0.156;8.45;-84.8;1.4;-3.4;-1772;132.7;9.35;12.3;
33.443898102995;-118.485050569842;16:30:45.97;7/13/2016;7;1.371;289;12.0453350093692;1.32;306.7;320.16;1.61;5.27;30.1;.00;3.29;3.30;96;50;579.5;16.3;-3.1;D;777.5;4;7.076;2;1.55;184;34.51;-118.48500736;33.44395055;0;0;1;N;3.034231;67;67;11;250;250;29.258;0;9999.99;3.31;3.437;2;9;24.9;0;24.8999996185303;33.8;1532.80823;07/13/16;16:27:46;23.09;51.39;33.80;-0.156;8.45;-84.8;1.4;-3.4;-1772;132.7;9.35;12.3;
33.4439024044425;-118.485054137017;16:30:46.97;7/13/2016;7;1.439;289;12.0453350093692;1.32;319.5;333.13;2.56;6.96;30.2;.00;3.35;3.36;96;51;579.5;16.3;-3.1;D;768;4;6.892;2;1.58;185;39.03;-118.48500736;33.44395055;0;0;1;N;3.448429;74;74;11;250;250;31.80805;0;9999.99;3.37;3.497;2;9;25;0;25;33.74;1532.98402;07/13/16;16:27:48;23.00;51.31;33.74;-0.149;8.45;-85.0;1.1;-4.1;-1355;132.7;9.37;12.2;
33.4439079707174;-118.485056803374;16:30:47.98;7/13/2016;7;1.57;305.51;12.0453350093692;1.32;330.1;343.92;2.5;11.7;30.1;.01;3.45;3.45;96;51;579.5;16.3;-3.1;D;768;4;6.593;2;1.59;185;44.1;-118.48500736;33.44395055;0;0;1;N;3.804023;71;71;11;250;250;33.92068;0;9999.99;3.47;3.597;2;9;25;0;25;33.74;1532.98402;07/13/16;16:27:48;23.00;51.31;33.74;-0.149;8.45;-85.0;1.1;-4.1;-1355;132.7;9.37;12.2;
33.4439131393294;-118.485060355498;16:30:49.00;7/13/2016;7;1.392;305.51;12.0453350093692;1.32;341.7;355.77;1.48;6.65;30.2;.01;3.38;3.39;96;51;579.5;16.3;-3.1;D;768;4;6.440;2;1.55;186;49.77;-118.48500736;33.44395055;0;0;1;N;4.233411;66;66;11;250;250;36.37479;0;9999.99;3.40;3.529597;2;9;25;0;25;33.61;1532.84387;07/13/16;16:27:50;22.80;51.13;33.61;-0.127;8.45;-84.8;1.3;-2.3;-2262;132.8;9.42;12.5;
33.4439206757097;-118.485062725023;16:30:50.00;7/13/2016;7;1.424;305.51;12.0453350093692;1.32;352.7;7.03;2.99;13.2;30.2;.01;3.38;3.39;96;51;579.5;16.3;-3.1;D;768;4;6.117;2;1.59;186;57.11;-118.48500736;33.44395055;0;0;1;N;4.58457;75;75;11;250;250;38.30803;0;9999.99;3.40;3.527;2;9;25;0;25;33.61;1532.84387;07/13/16;16:27:50;22.80;51.13;33.61;-0.127;8.45;-84.8;1.3;-2.3;-2262;132.8;9.42;12.5;
33.4439286773195;-118.485063085034;16:30:51.02;7/13/2016;7;1.726;332.58;12.0453350093692;1.32;3.1;17.66;1.4;7.85;30.2;.01;3.39;3.39;96;55;579.5;16.3;-3.3;D;712;4;5.714;2;1.62;187;64.81;-118.48500736;33.44395055;0;0;1;N;4.769862;65;65;11;214;214;39.29985;0;56.44;3.41;59.96968;2;9;24.9;0;24.8999996185303;33.77;1532.77581;07/13/16;16:27:52;22.60;51.34;33.77;-0.120;8.43;-83.8;1.7;-2.0;-1211;132.9;9.45;12.2;
33.44393808036;-118.485058919584;16:30:52.03;7/13/2016;7;1.722;350.57;12.0453350093692;1.32;7.9;22.56;3.48;9.5;30.2;.00;3.44;3.44;96;55;579.5;16.3;-3.3;D;712;4;4.980;2;1.66;187;73.84;-118.48500736;33.44395055;0;0;1;N;4.553035;78;78;11;189;189;38.13811;0;39.45;3.46;43.037;2;9;24.9;0;24.8999996185303;33.77;1532.77581;07/13/16;16:27:52;22.60;51.34;33.77;-0.120;8.43;-83.8;1.7;-2.0;-1211;132.9;9.45;12.2;
33.4439452639994;-118.485056570711;16:30:53.03;7/13/2016;7;1.571;7.08;12.0453350093692;1.32;24.4;39.28;0.58;10.8;30.2;.00;3.40;3.40;96;55;579.5;16.3;-3.3;D;712;4;4.603;2;1.65;188;82.66;-118.48500736;33.44395055;0;0;1;N;4.483041;61;61;11;128;128;37.76009;0;9999.99;3.43;3.553146;2;9;24.9;0;24.8999996185303;33.94;1532.9593;07/13/16;16:27:53;22.59;51.57;33.94;-0.144;8.43;-83.8;0.9;-4.2;-134;132.9;9.44;12.3;
33.4439532876036;-118.485051994555;16:30:54.05;7/13/2016;7;1.942;17.6;12.0453350093692;1.32;28;42.89;1.01;9.5;30.1;.00;3.58;3.58;96;55;579.4;16.3;-3.3;D;713;4;4.152;2;1.76;188;94.2;-118.48500736;33.44395055;0;0;1;N;4.198871;63;63;11;100;100;36.18965;0;33.65;3.58;37.357;2;9;24.9;0;24.8999996185303;33.96;1532.98071;07/13/16;16:27:55;22.82;51.60;33.96;-0.068;8.43;-83.9;1.6;-3.5;-1352;132.8;9.39;12.3;
33.4439621608113;-118.485046882248;16:30:55.05;7/13/2016;7;1.893;25.79;12.0453350093692;1.32;25.8;40.68;-0.3;7.81;30.1;.00;3.51;3.51;96;55;579.4;16.3;-3.3;D;713;4;3.887;2;1.88;188;109.4;-118.48500736;33.44395055;0;0;1;N;3.872532;55;55;11;102;102;34.32147;0;9999.99;3.51;3.641375;2;9;24.9;0;24.8999996185303;33.96;1532.98071;07/13/16;16:27:55;22.82;51.60;33.96;-0.068;8.43;-83.9;1.6;-3.5;-1352;132.8;9.39;12.3;
33.4439681766884;-118.48503903529;16:30:56.05;7/13/2016;7;2.186;40.64;12.0453350093692;1.32;27.6;42.49;0.42;10.9;30.1;.00;3.55;3.55;96;55;579.4;16.3;-3.3;D;713;5;118.525;2;1.95;188;39.53;-118.48422601;33.44479033;0;0;1;N;3.531536;60;60;11;197;197;59.92558;0;9999.99;3.55;3.677;2;9;24.9;0;24.8999996185303;33.85;1532.86189;07/13/16;16:27:57;22.94;51.46;33.85;-0.054;8.44;-84.1;1.4;-6.2;-2576;132.8;9.38;12.3;
33.4439725743879;-118.485029985656;16:30:57.05;7/13/2016;7;2.066;48.22;12.0453350093692;1.32;40.2;55.01;-0.03;5.73;30.2;.00;3.44;3.44;96;55;579.4;16.3;-3.3;D;713;5;117.614;2;2.02;188;39.36;-118.48422601;33.44479033;0;0;1;N;3.191827;58;58;11;160;160;59.58572;0;52.84;3.44;56.40461;2;9;24.9;0;24.8999996185303;33.85;1532.86189;07/13/16;16:27:57;22.94;51.46;33.85;-0.054;8.44;-84.1;1.4;-6.2;-2576;132.8;9.38;12.3;
33.4439777572101;-118.485021443837;16:30:58.05;7/13/2016;7;1.945;45.45;12.0453350093692;1.32;41.9;56.69;1.85;6.83;30.2;.00;3.67;3.67;96;54;579.4;16.3;-3.3;D;724.7;5;116.666;2;1.97;188;39.24;-118.48422601;33.44479033;0;0;1;N;2.929598;68;68;11;132;132;57.94011;0;40.90;3.67;44.697;2;9;24.9;0;24.8999996185303;33.83;1532.84021;07/13/16;16:27:58;22.95;51.43;33.83;-0.051;8.43;-83.9;1.9;0.3;-544;132.7;9.38;12.3;
33.4439838509903;-118.485011893892;16:30:59.06;7/13/2016;7;2.03;53.02;12.0453350093692;1.32;46.2;60.9;0.13;12.2;30.2;.00;3.46;3.46;96;54;579.4;16.3;-3.3;D;724.7;5;115.581;2;2.02;188;39.11;-118.48422601;33.44479033;0;0;1;N;2.659668;58;58;11;108;108;56.2153;0;9999.99;3.48;3.605607;2;9;24.9;0;24.8999996185303;33.82;1532.82967;07/13/16;16:28:00;22.93;51.42;33.82;-0.142;8.44;-84.2;2.0;-4.4;-1679;132.8;9.38;12.2;
33.443990072087;-118.485002080893;16:31:00.06;7/13/2016;7;2.292;54.01;12.0453350093692;1.32;50.5;65.09;-0.2;9.1;30.2;.00;3.58;3.59;96;57;579.4;16.3;-3.4;D;691.2;5;114.470;2;2.09;188;38.98;-118.48422601;33.44479033;0;0;1;N;2.373722;55;55;11;84;84;54.35114;0;29.08;3.58;32.78869;2;9;24.9;0;24.8999996185303;33.82;1532.82967;07/13/16;16:28:00;22.93;51.42;33.82;-0.142;8.44;-84.2;2.0;-4.4;-1679;132.8;9.38;12.2;
33.4439961536765;-118.484991542166;16:31:01.08;7/13/2016;7;2.209;56.29;12.0453350093692;1.32;53.6;68.09;1.08;9;30.2;.01;3.59;3.60;96;57;579.4;16.3;-3.4;D;691.2;5;113.330;2;2.22;188;38.81;-118.48422601;33.44479033;0;0;1;N;2.016165;63;63;11;63;63;51.96899;0;4.13;3.59;7.847;2;9;24.9;0;24.8999996185303;33.81;1532.8191;07/13/16;16:28:02;22.89;51.41;33.81;-0.038;8.43;-83.9;0.8;-7.2;-2183;132.8;9.39;12.2;
33.444002945952;-118.484981012531;16:31:02.09;7/13/2016;7;2.359;56.98;12.0453350093692;1.33;53.5;68;1.25;10.6;30.2;.00;3.55;3.55;96;57;579.4;16.3;-3.4;D;691.2;5;112.129;2;2.24;188;38.66;-118.48422601;33.44479033;0;0;1;N;1.703245;65;65;11;54;54;49.84368;0;9999.99;3.56;3.687;2;9;24.9;0;24.8999996185303;33.81;1532.8191;07/13/16;16:28:02;22.89;51.41;33.81;-0.038;8.43;-83.9;0.8;-7.2;-2183;132.8;9.39;12.2;
33.4440081858516;-118.484969841866;16:31:03.09;7/13/2016;7;2.242;61.62;12.0453350093692;1.33;47.3;61.98;1.88;11.3;30.2;.01;3.44;3.45;96;59;579.3;16.3;-3.6;D;668.5;5;111.028;2;2.28;188;38.43;-118.48422601;33.44479033;0;0;1;N;1.242182;69;69;11;55;55;46.65051;0;36.93;3.45;40.50563;2;9;24.9;0;24.8999996185303;33.82;1532.82986;07/13/16;16:28:04;22.85;51.42;33.82;-0.075;8.44;-84.5;1.3;-4.1;-3361;132.7;9.39;12.3;
33.4440140833426;-118.484958409918;16:31:04.09;7/13/2016;7;2.364;65.21;12.0453350093692;1.33;45.3;60.02;1.51;14;30.2;.00;3.50;3.50;96;59;579.3;16.3;-3.6;D;668.5;5;109.855;2;2.28;187;38.21;-118.48422601;33.44479033;0;0;1;N;0.7958573;66;66;11;61;61;43.50541;0;43.35;3.51;46.99411;2;9;24.9;0;24.8999996185303;33.82;1532.82986;07/13/16;16:28:04;22.85;51.42;33.82;-0.075;8.44;-84.5;1.3;-4.1;-3361;132.7;9.39;12.3;
33.4440171311529;-118.484947000115;16:31:05.09;7/13/2016;7;2.251;65.91;12.0453350093692;1.33;42.9;57.67;1.9;12.5;30.2;.00;3.55;3.55;96;59;579.3;16.3;-3.6;D;668.5;5;108.936;2;2.28;187;37.89;-118.48422601;33.44479033;0;0;1;N;0.1615969;68;68;11;52;52;38.98111;0;9999.99;3.56;3.686123;2;9;24.9;0;24.8999996185303;33.82;1532.82946;07/13/16;16:28:06;22.84;51.41;33.82;-0.101;8.43;-84.0;0.9;0.8;-4082;132.7;9.39;12.3;
33.4440229282881;-118.484935807822;16:31:06.09;7/13/2016;7;2.197;62.49;12.0453350093692;1.33;39.4;54.23;1.3;14.7;30.2;.00;3.55;3.55;96;59;579.3;16.3;-3.6;D;668.5;5;107.790;2;2.23;187;37.66;-118.48422601;33.44479033;0;0;1;N;0.2710311;65;65;11;54;54;35.8833;0;9999.99;3.56;3.690273;2;9;24.9;0;24.8999996185303;33.82;1532.82946;07/13/16;16:28:06;22.84;51.41;33.82;-0.101;8.43;-84.0;0.9;0.8;-4082;132.7;9.39;12.3;
33.4440303599355;-118.484927582917;16:31:07.09;7/13/2016;7;2.12;57.37;12.0453350093692;1.33;32.8;47.68;0.17;15.6;30.2;.00;3.46;3.46;96;55;579.3;16.3;-3.4;D;706.3;5;106.670;2;2.21;187;37.61;-118.48422601;33.44479033;0;0;1;N;0.3813704;61;61;11;79;79;35.09449;0;9999.99;3.47;3.595177;2;9;24.9;0;24.8999996185303;33.83;1532.84052;07/13/16;16:28:08;22.81;51.43;33.83;-0.094;8.44;-84.3;1.0;-4.3;-3919;132.7;9.39;12.3;
33.444038718181;-118.484917207362;16:31:08.11;7/13/2016;7;2.299;52.16;12.0453350093692;1.33;31.1;45.99;-0.15;9.9;30.2;.00;3.48;3.48;96;55;579.3;16.3;-3.4;D;706.3;5;105.346;2;2.24;186;37.5;-118.48422601;33.44479033;0;0;1;N;0.5767866;56;56;11;78;78;33.69987;0;1.16;3.48;4.759802;2;9;24.9;0;24.8999996185303;33.84;1532.85133;07/13/16;16:28:09;22.81;51.45;33.84;-0.018;8.43;-83.9;0.1;-4.1;-2813;132.7;9.40;12.3;
33.4440461353099;-118.48490984703;16:31:09.13;7/13/2016;7;2.305;44.38;12.0453350093692;1.33;30.9;45.79;1.03;8.5;30.2;.00;3.58;3.58;96;55;579.3;16.3;-3.4;D;706.3;5;104.276;2;2.26;186;37.48;-118.48422601;33.44479033;0;0;1;N;0.6084176;63;63;11;78;78;33.47438;0;4.90;3.58;8.607;2;9;24.9;0;24.8999996185303;33.84;1532.85133;07/13/16;16:28:09;22.81;51.45;33.84;-0.018;8.43;-83.9;0.1;-4.1;-2813;132.7;9.40;12.3;
33.4440526138955;-118.484901549389;16:31:10.13;7/13/2016;7;2.158;45.7;12.0453350093692;1.33;32.4;47.28;0.73;10.9;30.1;.00;3.61;3.61;96;54;579.2;16.3;-3.3;D;725.1;5;103.236;2;2.26;186;37.38;-118.48422601;33.44479033;0;0;1;N;0.7672458;61;61;11;69;69;32.34539;0;34.46;3.62;38.207;2;9;24.8;0;24.7999992370605;33.84;1532.60958;07/13/16;16:28:11;22.79;51.44;33.84;-0.085;8.44;-84.5;1.3;-1.4;-3014;132.7;9.40;12.3;
33.4440593872826;-118.484891786394;16:31:11.16;7/13/2016;7;2.159;50.21;12.0453350093692;1.33;28;42.89;1.45;9;30.2;.00;3.57;3.57;96;54;579.2;16.3;-3.3;D;725.1;5;102.088;2;2.27;186;37.24;-118.48422601;33.44479033;0;0;1;N;1.034605;66;66;11;77;77;30.45458;0;44.39;3.58;48.0882;2;9;24.8;0;24.7999992370605;33.83;1532.59893;07/13/16;16:28:12;22.79;51.43;33.83;-0.045;8.44;-84.0;1.1;-4.8;-1997;132.7;9.40;12.3;
33.4440628797276;-118.48488280749;16:31:12.17;7/13/2016;7;2.056;52.34;12.0453350093692;1.33;28;42.89;0.98;10.6;30.1;.00;3.57;3.57;96;54;579.2;16.3;-3.3;D;725.1;5;101.276;2;2.22;185;36.99;-118.48422601;33.44479033;0;0;1;N;1.452536;64;64;11;68;68;27.53231;0;56.65;3.59;60.36417;2;9;24.8;0;24.7999992370605;33.83;1532.59893;07/13/16;16:28:12;22.79;51.43;33.83;-0.045;8.44;-84.0;1.1;-4.8;-1997;132.7;9.40;12.3;
33.4440693636769;-118.484874075459;16:31:13.17;7/13/2016;6;2.221;47.99;12.0453350093692;1.53;24.5;39.38;0.7;12.8;30.2;.00;3.63;3.63;96;54;579.2;16.3;-3.3;D;725.1;5;100.213;2;2.24;185;36.87;-118.48422601;33.44479033;0;0;1;N;1.656137;61;61;11;71;71;26.12725;0;9999.99;3.63;3.760861;2;9;24.8;0;24.7999992370605;33.82;1532.58816;07/13/16;16:28:14;22.79;51.42;33.82;-0.004;8.43;-83.8;1.3;1.4;-2117;132.7;9.40;12.4;
33.4440770245391;-118.48486574777;16:31:14.17;7/13/2016;8;2.144;44.79;12.0453350093692;1.33;22.8;37.67;1.1;9.6;30.1;.00;3.62;3.62;96;53;579.2;16.3;-3.2;D;744.3;5;99.068;2;2.21;185;36.81;-118.48422601;33.44479033;0;0;1;N;1.749485;63;63;11;79;79;25.48772;0;9999.99;3.63;3.754285;2;9;24.8;0;24.7999992370605;33.82;1532.58816;07/13/16;16:28:14;22.79;51.42;33.82;-0.004;8.43;-83.8;1.3;1.4;-2117;132.7;9.40;12.4;
33.4440829614474;-118.484858998326;16:31:15.17;7/13/2016;8;2.046;42.87;12.0453350093692;1.33;21.4;36.25;0.89;10.6;30.2;.00;3.74;3.74;96;53;579.2;16.3;-3.2;D;744.3;5;98.164;2;2.2;185;36.75;-118.48422601;33.44479033;0;0;1;N;1.841669;62;62;11;81;81;24.85913;0;24.18;3.75;28.057;2;9;24.8;0;24.7999992370605;33.85;1532.6205;07/13/16;16:28:15;22.77;51.45;33.85;-0.100;8.43;-83.9;1.4;-7.0;396;132.6;9.40;12.4;
33.4440906460156;-118.484852452447;16:31:16.17;7/13/2016;7;2.05;42.17;12.0453350093692;1.33;19.9;34.74;0.51;10.1;30.1;.00;3.66;3.66;96;53;579.2;16.3;-3.2;D;744.3;5;97.116;2;2.19;185;36.76;-118.48422601;33.44479033;0;0;1;N;1.808367;60;60;11;93;93;25.0858;0;9999.99;3.67;3.792907;2;9;24.8;0;24.7999992370605;33.86;1532.63128;07/13/16;16:28:17;22.80;51.46;33.86;-0.047;8.42;-83.0;0.9;3.8;-447;132.6;9.39;12.3;
33.4440996484027;-118.484845487475;16:31:17.17;7/13/2016;7;2.256;35.03;12.0453350093692;1.33;19.3;34.13;0.25;11.9;30.1;.00;3.77;3.77;96;53;579.1;16.3;-3.2;D;743.8;5;95.927;2;2.22;184;36.81;-118.48422601;33.44479033;0;0;1;N;1.704709;59;59;11;94;94;25.79407;0;9999.99;3.77;3.897498;2;9;24.8;0;24.7999992370605;33.86;1532.63128;07/13/16;16:28:17;22.80;51.46;33.86;-0.047;8.42;-83.0;0.9;3.8;-447;132.6;9.39;12.3;
33.4441089179348;-118.484838011961;16:31:18.17;7/13/2016;7;2.287;33;12.0453350093692;1.33;18;32.82;1.36;8.7;30.2;.00;3.83;3.83;96;53;579.1;16.3;-3.2;D;743.8;5;94.686;2;2.23;184;36.85;-118.48422601;33.44479033;0;0;1;N;1.623609;65;65;11;101;101;26.35082;0;9999.99;3.84;3.962719;2;9;24.8;0;24.7999992370605;33.88;1532.65283;07/13/16;16:28:19;22.83;51.49;33.88;-0.062;8.42;-83.0;1.4;-2.1;-762;132.4;9.37;12.3;
33.4441170186033;-118.484832775952;16:31:19.17;7/13/2016;7;2.061;28.18;12.0453350093692;1.33;21.5;36.35;0.01;13.5;30.2;.00;3.93;3.93;96;53;579.1;16.3;-3.2;D;743.8;5;93.674;2;2.16;184;36.94;-118.48422601;33.44479033;0;0;1;N;1.444579;57;57;11;92;92;27.5874;0;9999.99;3.94;4.067;2;9;24.8;0;24.7999992370605;33.88;1532.65283;07/13/16;16:28:19;22.83;51.49;33.88;-0.062;8.42;-83.0;1.4;-2.1;-762;132.4;9.37;12.3;
33.4441266840543;-118.484828427272;16:31:20.17;7/13/2016;6;2.289;27.47;12.0453350093692;1.71;18.1;32.92;-0.31;8.3;30.1;.00;3.80;3.80;96;53;579.1;16.3;-3.2;D;743.8;5;92.573;2;2.11;184;37.14;-118.48422601;33.44479033;0;0;1;N;1.11032;55;55;11;112;112;29.92162;0;9999.99;3.80;3.929108;2;9;24.8;0;24.7999992370605;33.83;1532.59886;07/13/16;16:28:21;22.85;51.43;33.83;-0.065;8.42;-83.1;1.7;-3.7;-223;132.2;9.36;12.4;
33.4441353079509;-118.484821370501;16:31:21.19;7/13/2016;6;2.037;27.47;12.0453350093692;1.71;22.4;37.26;0.74;10.7;30.1;.00;3.59;3.60;96;49;579.1;16.3;-3;D;801.7;5;91.414;2;2.08;184;37.18;-118.48422601;33.44479033;0;0;1;N;1.031101;61;61;11;100;100;30.47899;0;4.96;3.59;8.677;2;9;24.8;0;24.7999992370605;33.83;1532.59886;07/13/16;16:28:21;22.85;51.43;33.83;-0.065;8.42;-83.1;1.7;-3.7;-223;132.2;9.36;12.4;
33.4441438478167;-118.484813818694;16:31:22.20;7/13/2016;6;2.18;31.01;12.0453350093692;1.71;25.2;40.08;0.57;9.5;30.1;.00;3.70;3.71;96;49;579.1;16.3;-3;D;801.7;5;90.234;2;2.11;184;37.19;-118.48422601;33.44479033;0;0;1;N;0.9933974;60;60;11;90;90;30.74466;0;36.07;3.71;39.907;2;9;24.8;0;24.7999992370605;33.85;1532.62064;07/13/16;16:28:23;22.84;51.45;33.85;-0.098;8.42;-83.0;1.0;-0.5;-1232;132.0;9.34;12.3;
33.4441521912711;-118.484806599174;16:31:23.22;7/13/2016;6;2.166;32.85;12.0453350093692;1.71;25.6;40.48;0.45;10.9;30.1;.00;3.80;3.80;96;49;579.1;16.3;-3;D;801.7;5;89.090;2;2.16;184;37.2;-118.48422601;33.44479033;0;0;1;N;0.9544102;60;60;11;89;89;31.01981;0;9999.99;3.81;3.933041;2;9;24.8;0;24.7999992370605;33.85;1532.62064;07/13/16;16:28:23;22.84;51.45;33.85;-0.098;8.42;-83.0;1.0;-0.5;-1232;132.0;9.34;12.3;
33.4441617438188;-118.484798796968;16:31:24.23;7/13/2016;6;2.409;33.25;12.0453350093692;1.71;22.6;37.46;0.4;10.4;30.1;.00;4.02;4.02;96;52;579.1;16.3;-3.1;D;756.8;5;87.806;2;2.19;184;37.25;-118.48422601;33.44479033;0;0;1;N;0.8804504;59;59;11;103;103;31.54266;0;9999.99;4.03;4.152906;2;9;24.8;0;24.7999992370605;33.81;1532.57734;07/13/16;16:28:25;22.81;51.40;33.81;-0.075;8.41;-82.3;0.8;-3.1;-1961;131.6;9.32;12.4;
33.4441708839037;-118.484790085192;16:31:25.23;7/13/2016;6;2.4;34.38;12.0453350093692;1.71;24.1;38.97;1.59;8.4;30.1;.00;4.06;4.06;96;52;579.1;16.3;-3.1;D;756.8;5;86.508;2;2.23;184;37.23;-118.48422601;33.44479033;0;0;1;N;0.8941459;67;67;11;97;97;31.44571;0;53.51;4.06;57.70387;2;9;24.8;0;24.7999992370605;33.81;1532.57734;07/13/16;16:28:25;22.81;51.40;33.81;-0.075;8.41;-82.3;0.8;-3.1;-1961;131.6;9.32;12.4;
33.4441783510117;-118.484782317357;16:31:26.25;7/13/2016;6;2.226;35.2;12.0453350093692;1.71;24.9;39.78;1.32;10.9;30.1;.00;4.06;4.07;96;52;579.1;16.3;-3.1;D;756.8;5;85.411;2;2.25;183;37.18;-118.48422601;33.44479033;0;0;1;N;0.95241;64;64;11;94;94;31.0339;0;43.74;4.07;47.94551;2;9;24.8;0;24.7999992370605;33.84;1532.60986;07/13/16;16:28:26;22.80;51.44;33.84;-0.085;8.42;-82.8;0.4;-4.0;-667;131.4;9.31;12.3;
33.444184881727;-118.484775861987;16:31:27.27;7/13/2016;6;2.091;36.25;12.0453350093692;1.71;26.1;40.98;-0.05;11.7;30.1;.00;4.06;4.07;96;52;579.1;16.3;-3.1;D;756.8;5;84.470;2;2.16;183;37.15;-118.48422601;33.44479033;0;0;1;N;0.9745827;58;58;11;82;82;30.87737;0;43.74;4.07;47.94551;2;9;24.8;0;24.7999992370605;33.86;1532.63145;07/13/16;16:28:28;22.79;51.47;33.86;-0.074;8.41;-82.7;0.4;0.7;-2229;131.0;9.28;12.3;
33.4441932124843;-118.484767067647;16:31:28.28;7/13/2016;6;2.154;36.25;12.0453350093692;1.71;25.2;40.08;0.05;9;30.2;.00;4.05;4.06;96;49;579.0;16.3;-2.9;D;804;5;83.239;2;2.14;183;37.09;-118.48422601;33.44479033;0;0;1;N;1.052073;57;57;11;86;86;30.33109;0;41.69;4.05;45.86648;2;9;24.8;0;24.7999992370605;33.86;1532.63145;07/13/16;16:28:28;22.79;51.47;33.86;-0.074;8.41;-82.7;0.4;0.7;-2229;131.0;9.28;12.3;
33.4442028333333;-118.484760833333;16:31:29.33;7/13/2016;6;2.349;33.48;12.0453350093692;1.71;26.3;41.18;0.95;9.6;30.1;.00;4.15;4.15;96;49;579.0;16.3;-2.9;D;804;5;82.029;2;2.17;183;37.14;-118.48422601;33.44479033;0;0;1;N;0.9591648;63;63;11;86;86;30.98615;0;49.57;4.16;53.857;2;9;24.8;0;24.7999992370605;33.88;1532.65297;07/13/16;16:28:29;22.81;51.50;33.88;-0.037;8.41;-82.7;0.2;-3.0;-3061;130.8;9.26;12.3;
33.4442108333333;-118.4847535;16:31:30.34;7/13/2016;6;2.26;32.27;12.0453350093692;1.71;25.4;40.28;0.2;10.2;30.1;.00;4.21;4.21;96;49;579.0;16.3;-2.9;D;804;5;80.942;2;2.2;183;37.15;-118.48422601;33.44479033;0;0;1;N;0.9415473;58;58;11;90;90;31.11049;0;50.49;4.21;54.82826;2;9;24.8;0;24.7999992370605;33.85;1532.62061;07/13/16;16:28:31;22.85;51.45;33.85;-0.075;8.42;-83.1;0.3;-1.9;-1266;130.4;9.23;12.4;
33.4442190934319;-118.484744940014;16:31:31.34;7/13/2016;6;2.177;36.23;12.0453350093692;1.71;26.9;41.79;0.91;10.7;30.1;.00;4.30;4.30;96;49;579.0;16.3;-3;D;790.4;5;79.705;2;2.21;183;37.16;-118.48422601;33.44479033;0;0;1;N;0.9218845;62;62;11;85;85;31.3611;0;28.29;4.31;32.72403;2;9;24.8;0;24.7999992370605;33.85;1532.62061;07/13/16;16:28:31;22.85;51.45;33.85;-0.075;8.42;-83.1;0.3;-1.9;-1266;130.4;9.23;12.4;
33.4442263333333;-118.484738833333;16:31:32.34;7/13/2016;6;2.201;36.07;12.0453350093692;1.71;26.2;41.08;0.92;11;30.1;.01;4.41;4.42;96;49;579.0;16.3;-3;D;790.4;5;78.577;2;2.14;183;37.08;-118.48422601;33.44479033;0;0;1;N;1.005058;63;63;11;85;85;30.66229;0;42.40;4.42;46.947;2;9;24.8;0;24.7999992370605;33.86;1532.63155;07/13/16;16:28:32;22.85;51.47;33.86;-0.073;8.42;-83.1;0.6;-2.2;-82;130.3;9.22;12.3;
33.4442356666667;-118.484732833333;16:31:33.36;7/13/2016;6;2.397;30.28;12.0453350093692;1.71;27.2;42.09;-0.06;10.3;30.1;.00;4.31;4.31;96;51;578.9;16.3;-3.1;D;766;5;77.685;2;2.1;183;37.08;-118.48422601;33.44479033;0;0;1;N;0.9967296;57;57;11;82;82;30.72097;0;42.53;4.31;46.96974;2;9;24.8;0;24.7999992370605;33.85;1532.62084;07/13/16;16:28:34;22.87;51.46;33.85;-0.087;8.42;-83.1;0.7;-0.3;-2601;130.0;9.19;12.3;
33.4442428333333;-118.484725666667;16:31:34.36;7/13/2016;6;2.244;30.4;12.0453350093692;1.71;25.4;40.28;0.32;10.9;30.1;.00;4.27;4.28;96;51;578.9;16.3;-3.1;D;766;5;76.498;2;2.1;183;37.24;-118.48422601;33.44479033;0;0;1;N;0.770981;58;58;11;94;94;32.3182;0;46.22;4.27;50.62207;2;9;24.8;0;24.7999992370605;33.85;1532.62084;07/13/16;16:28:34;22.87;51.46;33.85;-0.087;8.42;-83.1;0.7;-0.3;-2601;130.0;9.19;12.3;
33.444251550876;-118.484717490364;16:31:35.39;7/13/2016;6;2.246;31.51;12.0453350093692;1.71;27;41.89;0.17;10;30.1;.01;4.54;4.54;96;51;578.9;16.3;-3.1;D;766;5;75.291;2;2.11;183;37.28;-118.48422601;33.44479033;0;0;1;N;0.7760985;58;58;11;91;91;32.784;0;9999.99;4.54;4.667;2;9;24.8;0;24.7999992370605;33.85;1532.62081;07/13/16;16:28:36;22.88;51.46;33.85;-0.052;8.41;-82.7;0.2;-1.1;66;129.8;9.18;12.4;
33.4442606964962;-118.484709765139;16:31:36.44;7/13/2016;6;2.328;35.72;12.0453350093692;1.71;24.5;39.38;0.81;8.3;30.2;.00;4.56;4.56;96;51;578.9;16.3;-3.1;D;766;5;74.047;2;2.09;182;37.31;-118.48422601;33.44479033;0;0;1;N;0.7910209;60;60;11;100;100;33.15234;0;44.65;4.56;49.337;2;9;24.8;0;24.7999992370605;33.85;1532.62081;07/13/16;16:28:36;22.88;51.46;33.85;-0.052;8.41;-82.7;0.2;-1.1;66;129.8;9.18;12.4;
33.4442677721212;-118.484703458776;16:31:37.47;7/13/2016;6;2.128;34.39;12.0453350093692;1.71;26.1;40.98;1;9.7;30.1;.00;4.63;4.63;96;49;578.9;16.3;-3;D;790.6;5;73.067;2;2.11;182;37.32;-118.48422601;33.44479033;0;0;1;N;0.7379509;63;63;11;96;96;33.321;0;37.17;4.64;41.937;2;9;24.8;0;24.7999992370605;33.87;1532.64206;07/13/16;16:28:38;22.90;51.48;33.87;-0.102;8.42;-82.9;0.6;-4.8;-2522;129.6;9.16;12.3;
33.4442755483207;-118.484696320027;16:31:38.47;7/13/2016;6;2.235;34.78;12.0453350093692;1.71;27.3;42.19;0.45;11.8;30.1;.00;4.58;4.58;96;49;578.9;16.3;-3;D;790.6;5;71.978;2;2.11;182;37.32;-118.48422601;33.44479033;0;0;1;N;0.7285011;60;60;11;92;92;33.39055;0;45.24;4.59;49.9569;2;9;24.8;0;24.7999992370605;33.87;1532.64206;07/13/16;16:28:38;22.90;51.48;33.87;-0.102;8.42;-82.9;0.6;-4.8;-2522;129.6;9.16;12.3;
33.4442845092679;-118.484689516495;16:31:39.47;7/13/2016;6;2.263;34.78;12.0453350093692;1.71;27;41.89;-0.33;8.3;30.1;.01;4.69;4.70;96;48;578.9;16.3;-2.9;D;807.3;5;70.803;2;2.13;182;37.4;-118.48422601;33.44479033;0;0;1;N;0.6958775;57;57;11;96;96;34.20115;0;51.41;4.69;56.227;2;9;24.8;0;24.7999992370605;33.85;1532.62074;07/13/16;16:28:40;22.92;51.46;33.85;-0.063;8.42;-83.0;1.1;0.1;-811;129.4;9.15;12.2;
33.4442922307127;-118.48468239516;16:31:40.47;7/13/2016;6;2.177;36.87;12.0453350093692;1.72;29.9;44.79;-0.05;10.8;30.1;.00;4.68;4.69;96;48;578.9;16.3;-2.9;D;807.3;5;69.719;2;2.12;182;37.4;-118.48422601;33.44479033;0;0;1;N;0.6002066;56;56;11;90;90;34.25883;0;52.04;4.68;56.84785;2;9;24.8;0;24.7999992370605;33.85;1532.62074;07/13/16;16:28:40;22.92;51.46;33.85;-0.063;8.42;-83.0;1.1;0.1;-811;129.4;9.15;12.2;
33.4443005277734;-118.484674770868;16:31:41.48;7/13/2016;6;2.069;36.5;12.0453350093692;1.72;26.2;41.08;0.83;7.82;30.2;.00;4.73;4.74;96;48;578.9;16.3;-2.9;D;807.3;5;68.557;2;2.07;182;37.4;-118.48422601;33.44479033;0;0;1;N;0.4989757;62;62;11;100;100;34.25383;0;9999.99;4.74;4.867;2;9;24.8;0;24.7999992370605;33.83;1532.59885;07/13/16;16:28:42;22.93;51.43;33.83;-0.083;8.43;-83.5;0.7;-5.0;-2352;129.3;9.14;12.4;
33.444311164555;-118.484664213136;16:31:42.84;7/13/2016;6;2.372;35.11;12.0453350093692;1.72;25.3;40.18;0.9;8.8;30.1;.00;4.63;4.63;96;48;578.8;16.3;-2.9;D;814.5;5;67.022;2;2.07;182;37.35;-118.48422601;33.44479033;0;0;1;N;0.5481189;62;62;11;102;102;33.90339;0;45.54;4.63;50.297;2;9;24.8;0;24.7999992370605;33.83;1532.59898;07/13/16;16:28:43;22.92;51.43;33.83;-0.079;8.42;-83.3;0.6;-0.3;-1931;129.3;9.14;12.3;
33.4443160786508;-118.484656332884;16:31:43.84;7/13/2016;6;2.135;35.42;12.0453350093692;1.72;26.8;41.69;0.52;9.8;30;.01;4.57;4.58;96;48;578.8;16.3;-2.9;D;814.5;5;66.145;2;2.07;182;37.13;-118.48422601;33.44479033;0;0;1;N;0.7838939;60;60;11;89;89;32.22652;0;9999.99;4.58;4.708489;2;9;24.8;0;24.7999992370605;33.84;1532.6102;07/13/16;16:28:44;22.92;51.44;33.84;-0.129;8.42;-83.4;1.1;-3.9;-3862;129.3;9.14;12.3;
33.4443254628525;-118.484649703273;16:31:44.84;7/13/2016;6;2.165;32.67;12.0453350093692;1.72;28.4;43.29;-0.47;13.8;30.1;.00;4.85;4.85;96;48;578.8;16.3;-2.9;D;814.5;5;64.942;2;2.1;182;37.25;-118.48422601;33.44479033;0;0;1;N;0.6302266;54;54;11;88;88;33.31852;0;9999.99;4.85;4.977;2;9;24.8;0;24.7999992370605;33.82;1532.58862;07/13/16;16:28:45;22.91;51.42;33.82;-0.063;8.43;-83.7;0.3;-0.7;-2109;129.3;9.14;12.5;
33.4443337735348;-118.48464320455;16:31:45.84;7/13/2016;6;2.253;34.19;12.0453350093692;1.72;25.7;40.58;1.1;8;30.1;.00;4.86;4.86;96;48;578.8;16.3;-2.9;D;812.3;5;63.841;2;2.11;182;37.32;-118.48422601;33.44479033;0;0;1;N;0.5466015;62;62;11;98;98;33.9142;0;22.42;4.86;27.407;2;9;24.8;0;24.7999992370605;33.83;1532.59911;07/13/16;16:28:46;22.90;51.43;33.83;-0.032;8.42;-83.1;1.4;5.4;-3482;129.3;9.14;12.3;
33.4443421227218;-118.484636291136;16:31:46.84;7/13/2016;6;2.242;32.58;12.0453350093692;1.72;26.5;41.39;-0.38;6.03;30.1;.00;4.57;4.57;96;48;578.8;16.3;-2.9;D;812.3;5;62.714;2;2.09;182;37.37;-118.48422601;33.44479033;0;0;1;N;0.4818742;55;55;11;97;97;34.37587;0;9999.99;4.58;4.702792;2;9;24.8;0;24.7999992370605;33.86;1532.63156;07/13/16;16:28:47;22.89;51.47;33.86;-0.092;8.42;-83.3;0.7;-3.2;-18;129.3;9.14;12.4;
33.4443500190636;-118.48462791452;16:31:47.84;7/13/2016;6;2.269;33.52;12.0453350093692;1.72;27;41.89;0.55;8;30.1;.01;4.75;4.76;96;48;578.8;16.3;-2.9;D;812.3;5;61.544;2;2.11;182;37.29;-118.48422601;33.44479033;0;0;1;N;0.5604735;60;60;11;95;95;33.8153;0;9999.99;4.75;4.877;2;9;24.8;0;24.7999992370605;33.88;1532.65298;07/13/16;16:28:48;22.91;51.49;33.88;-0.049;8.42;-83.3;0.7;-2.8;-3445;129.3;9.14;12.3;
33.4443577606475;-118.484619946325;16:31:48.84;7/13/2016;6;2.187;35.58;12.0453350093692;1.72;28.7;43.59;0.78;9.7;30.1;.00;4.67;4.68;96;48;578.8;16.3;-2.9;D;812.3;5;60.412;2;2.16;182;37.23;-118.48422601;33.44479033;0;0;1;N;0.6101694;60;60;11;81;81;33.46128;0;22.10;4.68;26.907;2;9;24.8;0;24.7999992370605;33.87;1532.64222;07/13/16;16:28:49;22.93;51.49;33.87;-0.073;8.42;-83.3;0.6;-2.1;-2175;129.4;9.14;12.4;
33.4443640866896;-118.484612379853;16:31:49.86;7/13/2016;6;2.113;36.49;12.0453350093692;1.72;26.7;41.59;1.69;9;30.1;.00;4.35;4.36;96;48;578.7;16.3;-2.9;D;807.9;5;59.427;2;2.14;182;37.1;-118.48422601;33.44479033;0;0;1;N;0.737751;67;67;11;91;91;32.55402;0;50.48;4.36;54.96809;2;9;24.8;0;24.7999992370605;33.86;1532.63129;07/13/16;16:28:50;22.95;51.47;33.86;-0.069;8.43;-83.4;0.6;0.3;-3376;129.4;9.14;12.5;
33.4443688338936;-118.484602771248;16:31:50.88;7/13/2016;7;2.14;39.75;12.0453350093692;1.33;26.4;41.28;-0.66;12.7;30.1;.00;3.67;3.68;96;48;578.7;16.3;-2.9;D;807.9;5;58.469;2;2.11;182;36.72;-118.48422601;33.44479033;0;0;1;N;1.123265;53;53;11;81;81;29.83035;0;52.23;3.68;56.04203;2;9;24.8;0;24.7999992370605;33.83;1532.59896;07/13/16;16:28:51;22.95;51.44;33.83;-0.103;8.42;-83.4;1.2;-2.5;-780;129.4;9.14;12.3;
33.4443736703234;-118.484592908925;16:31:51.88;7/13/2016;7;2.252;40.48;12.0453350093692;1.33;23.8;38.67;0.45;11.7;30.1;.00;3.68;3.69;96;48;578.7;16.3;-2.9;D;807.9;5;57.493;2;2.13;182;36.31;-118.48422601;33.44479033;0;0;1;N;1.519922;58;58;11;73;73;27.06549;0;37.81;3.68;41.6201;2;9;24.8;0;24.7999992370605;33.82;1532.58824;07/13/16;16:28:53;22.93;51.41;33.82;-0.077;8.43;-83.6;1.1;-4.2;-2111;129.4;9.15;12.3;
33.4443792730524;-118.48458323126;16:31:52.89;7/13/2016;7;2.092;39.65;12.0453350093692;1.33;24.3;39.18;0.84;9;30.1;.00;4.24;4.24;96;49;578.7;16.3;-2.9;D;805.4;5;56.460;2;2.22;182;35.95;-118.48422601;33.44479033;0;0;1;N;1.850834;62;62;11;69;69;24.79647;0;4.99;4.25;9.362048;2;9;24.8;0;24.7999992370605;33.82;1532.58824;07/13/16;16:28:53;22.93;51.41;33.82;-0.077;8.43;-83.6;1.1;-4.2;-2111;129.4;9.15;12.3;
33.4443835786474;-118.484576021751;16:31:53.91;7/13/2016;7;1.988;35.55;12.0453350093692;1.33;21.3;36.15;-0.76;8.6;30.1;.00;4.46;4.46;96;49;578.7;16.3;-2.9;D;805.4;5;55.680;2;2.18;181;35.68;-118.48422601;33.44479033;0;0;1;N;2.088192;55;55;11;74;74;23.19383;0;52.48;4.47;57.07154;2;9;24.8;0;24.7999992370605;33.8;1532.56637;07/13/16;16:28:55;22.87;51.39;33.80;-0.075;8.40;-82.2;1.7;-5.5;-2982;129.4;9.15;12.3;
33.4443906851306;-118.48456805269;16:31:54.92;7/13/2016;7;2.143;37.86;12.0453350093692;1.33;23.7;38.57;-0.7;8.7;30.1;.00;4.71;4.71;96;49;578.7;16.3;-2.9;D;805.4;5;54.607;2;2.14;181;35.53;-118.48422601;33.44479033;0;0;1;N;2.181668;53;53;11;63;63;22.56887;0;9999.99;4.70;4.827;2;9;24.8;0;24.7999992370605;33.8;1532.56637;07/13/16;16:28:55;22.87;51.39;33.80;-0.075;8.40;-82.2;1.7;-5.5;-2982;129.4;9.15;12.3;
33.444397502834;-118.484560907316;16:31:55.92;7/13/2016;7;2.022;37.74;12.0453350093692;1.33;24.6;39.48;0.66;11.7;30.1;.00;4.76;4.76;96;49;578.7;16.3;-2.9;D;805.4;5;53.605;2;2.11;181;35.43;-118.48422601;33.44479033;0;0;1;N;2.241128;61;61;11;58;58;22.17322;0;9999.99;4.76;4.887;2;9;24.8;0;24.7999992370605;33.84;1532.60972;07/13/16;16:28:57;22.82;51.44;33.84;-0.120;8.41;-82.5;1.0;-3.0;-2299;129.1;9.14;12.3;
33.444405274308;-118.484552220767;16:31:56.92;7/13/2016;7;2.19;39.57;12.0453350093692;1.33;17;31.81;-0.61;7.65;30.1;.00;4.64;4.64;96;49;578.7;16.3;-3;D;796.8;5;52.434;2;2.13;181;35.26;-118.48422601;33.44479033;0;0;1;N;2.365386;53;53;11;85;85;21.3515;0;9999.99;4.64;4.767;2;9;24.8;0;24.7999992370605;33.89;1532.66381;07/13/16;16:28:58;22.83;51.51;33.89;-0.031;8.41;-82.6;0.9;-3.0;1995;129.0;9.13;12.3;
33.4444113290967;-118.484544367828;16:31:57.92;7/13/2016;7;2.041;43.52;12.0453350093692;1.33;19;33.83;0.53;8.3;30;.00;4.34;4.34;96;49;578.7;16.3;-3;D;796.8;5;51.464;2;2.12;181;35.03;-118.48422601;33.44479033;0;0;1;N;2.524788;60;60;11;73;73;20.30736;0;9999.99;4.34;4.463423;2;9;24.8;0;24.7999992370605;33.86;1532.63154;07/13/16;16:28:59;22.85;51.46;33.86;-0.051;8.42;-83.1;1.6;-3.4;-1901;128.9;9.12;12.3;
33.4444189690996;-118.48453809177;16:31:58.92;7/13/2016;7;2.117;36.19;12.0453350093692;1.33;20.7;35.55;0.06;14.3;30.1;.00;4.64;4.64;96;49;578.7;16.3;-3;D;796.8;5;50.434;2;2.15;181;35.04;-118.48422601;33.44479033;0;0;1;N;2.452195;57;57;11;68;68;20.78147;0;9999.99;4.64;4.767;2;9;24.8;0;24.7999992370605;33.86;1532.63154;07/13/16;16:28:59;22.85;51.46;33.86;-0.051;8.42;-83.1;1.6;-3.4;-1901;128.9;9.12;12.3;
33.4444276049795;-118.484534758557;16:31:59.92;7/13/2016;7;2.076;28.79;12.0453350093692;1.33;17;31.81;0.55;10.9;30.1;.00;4.55;4.55;96;48;578.6;16.3;-2.9;D;817.6;5;49.471;2;2.15;181;35.38;-118.48422601;33.44479033;0;0;1;N;2.117332;60;60;11;92;92;22.99866;0;9999.99;4.55;4.673961;2;9;24.8;0;24.7999992370605;33.86;1532.63144;07/13/16;16:29:01;22.88;51.47;33.86;-0.062;8.42;-83.3;1.4;-2.6;-1805;128.8;9.11;12.3;
33.4444369168584;-118.484529399983;16:32:00.92;7/13/2016;7;2.081;29;12.0453350093692;1.33;14.7;29.48;-0.71;10;30.1;.00;4.65;4.65;96;48;578.6;16.3;-2.9;D;817.6;5;48.340;2;2.11;181;35.61;-118.48422601;33.44479033;0;0;1;N;1.881061;53;53;11;107;107;24.59128;0;9999.99;4.66;4.785512;2;9;24.8;0;24.7999992370605;33.86;1532.63144;07/13/16;16:29:01;22.88;51.47;33.86;-0.062;8.42;-83.3;1.4;-2.6;-1805;128.8;9.11;12.3;
33.4444435318577;-118.484523661282;16:32:01.92;7/13/2016;7;1.978;28.73;12.0453350093692;1.33;16.6;31.4;0.26;6.98;30.1;.00;4.41;4.41;96;48;578.6;16.3;-2.9;D;817.6;5;47.432;2;2.07;181;35.61;-118.48422601;33.44479033;0;0;1;N;1.841939;58;58;11;102;102;24.85706;0;9999.99;4.40;4.530173;2;9;24.8;0;24.7999992370605;33.85;1532.6204;07/13/16;16:29:03;22.89;51.45;33.85;-0.060;8.42;-83.2;0.3;1.7;551;128.8;9.10;12.4;
33.4444517360335;-118.484518977677;16:32:02.92;7/13/2016;7;2.061;28.73;12.0453350093692;1.33;22.4;37.26;0.12;11.8;30.1;.00;4.53;4.53;96;48;578.6;16.3;-2.9;D;817.6;5;46.437;2;2.09;181;35.83;-118.48422601;33.44479033;0;0;1;N;1.617945;58;58;11;84;84;26.38957;0;9999.99;4.53;4.657;2;9;24.7;0;24.7999992370605;33.85;1532.6204;07/13/16;16:29:03;22.89;51.45;33.85;-0.060;8.42;-83.2;0.3;1.7;551;128.8;9.10;12.4;
33.4444598513773;-118.484514109197;16:32:03.92;7/13/2016;7;2.08;26.35;12.0453350093692;1.33;17;31.81;0.2;9;30.1;.00;4.64;4.64;96;47;578.6;16.3;-2.8;D;831.6;5;45.442;2;2.12;181;36.03;-118.48422601;33.44479033;0;0;1;N;1.433565;58;58;11;110;110;27.66368;0;9999.99;4.64;4.767;2;9;24.8;0;24.7999992370605;33.84;1532.60965;07/13/16;16:29:05;22.90;51.44;33.84;-0.066;8.42;-83.3;1.2;-3.1;-2222;128.7;9.10;12.5;
33.4444674918898;-118.484508405118;16:32:04.92;7/13/2016;7;1.908;29.78;12.0453350093692;1.33;19.9;34.74;-0.56;9.8;30.1;.00;4.43;4.43;96;47;578.6;16.3;-2.8;D;831.6;5;44.443;2;2.09;181;36.13;-118.48422601;33.44479033;0;0;1;N;1.322608;54;54;11;102;102;28.4355;0;9999.99;4.43;4.555819;2;9;24.7;0;24.7999992370605;33.84;1532.60965;07/13/16;16:29:05;22.90;51.44;33.84;-0.066;8.42;-83.3;1.2;-3.1;-2222;128.7;9.10;12.5;
33.4444764367786;-118.484502685591;16:32:05.92;7/13/2016;7;2.191;25.98;12.0453350093692;1.33;23;37.87;0.29;9.9;30;.00;4.32;4.32;96;47;578.6;16.3;-2.8;D;831.6;5;43.327;2;2.08;181;36.33;-118.48422601;33.44479033;0;0;1;N;1.123566;58;58;11;91;91;29.8284;0;5.72;4.31;10.157;2;9;24.8;0;24.7999992370605;33.86;1532.63153;07/13/16;16:29:07;22.91;51.47;33.86;-0.038;8.42;-83.2;0.5;-1.7;-2368;128.8;9.10;12.3;
33.4444847140583;-118.484495980954;16:32:06.92;7/13/2016;7;2.064;29.84;12.0453350093692;1.33;26.9;41.79;0.05;14;30;.00;4.61;4.62;96;47;578.6;16.3;-2.8;D;831.6;5;42.217;2;2.09;181;36.39;-118.48422601;33.44479033;0;0;1;N;1.044909;57;57;11;81;81;30.38161;0;40.14;4.63;44.89103;2;9;24.7;0;24.7999992370605;33.86;1532.63153;07/13/16;16:29:07;22.91;51.47;33.86;-0.038;8.42;-83.2;0.5;-1.7;-2368;128.8;9.10;12.3;
33.4444931477573;-118.484488440417;16:32:07.92;7/13/2016;7;2.209;31.67;12.0453350093692;1.33;27.7;42.59;-0.99;10.6;30;.01;4.76;4.77;96;48;578.5;16.3;-2.9;D;820;5;41.047;2;2.11;181;36.38;-118.48422601;33.44479033;0;0;1;N;1.02337;51;51;11;79;79;30.53332;0;41.83;4.76;46.717;2;9;24.7;0;24.7000007629395;33.86;1532.38974;07/13/16;16:29:08;22.92;51.46;33.86;-0.117;8.42;-83.4;0.9;-4.1;-313;128.8;9.10;12.4;
33.444500509889;-118.484481031509;16:32:08.92;7/13/2016;7;2.12;37.11;12.0453350093692;1.33;25.2;40.08;0.5;12.6;30;.00;4.77;4.78;96;48;578.5;16.3;-2.9;D;820;5;39.981;2;2.07;181;36.29;-118.48422601;33.44479033;0;0;1;N;1.074507;60;60;11;99;99;30.17332;0;50.48;4.77;55.377;2;9;24.7;0;24.7000007629395;33.86;1532.38953;07/13/16;16:29:10;22.95;51.48;33.86;-0.127;8.43;-83.8;1.0;-3.3;-11;128.9;9.10;12.2;
33.4445074349839;-118.484474097284;16:32:09.92;7/13/2016;7;1.967;37.06;12.0453350093692;1.33;23.5;38.37;-0.16;10.7;30;.00;4.79;4.79;96;48;578.5;16.3;-2.9;D;820;5;38.979;2;2.06;181;36.19;-118.48422601;33.44479033;0;0;1;N;1.115575;57;57;11;105;105;29.88462;0;9999.99;4.79;4.916653;2;9;24.7;0;24.7000007629395;33.86;1532.38953;07/13/16;16:29:10;22.95;51.48;33.86;-0.127;8.43;-83.8;1.0;-3.3;-11;128.9;9.10;12.2;
33.4445145794017;-118.484465499584;16:32:10.92;7/13/2016;7;2.1;35.84;12.0453350093692;1.33;27.3;42.19;-0.77;9.2;30;.00;4.96;4.96;96;48;578.5;16.3;-2.9;D;820.7;5;37.867;2;2.1;181;35.93;-118.48422601;33.44479033;0;0;1;N;1.235948;52;52;11;74;74;29.04079;0;30.62;4.95;35.7044;2;9;24.7;0;24.7000007629395;33.86;1532.38946;07/13/16;16:29:12;22.98;51.47;33.86;0.002;8.43;-83.7;1.7;-4.7;-2464;129.0;9.11;12.4;
33.4445225692757;-118.484458228843;16:32:11.94;7/13/2016;7;2.187;37.16;12.0453350093692;1.33;24.4;39.28;0.64;12.5;30;.00;5.07;5.07;96;48;578.5;16.3;-2.9;D;820.7;5;36.752;2;2.09;181;35.89;-118.48422601;33.44479033;0;0;1;N;1.232121;61;61;11;86;86;29.06752;0;35.92;5.07;41.117;2;9;24.7;0;24.7000007629395;33.86;1532.38946;07/13/16;16:29:12;22.98;51.47;33.86;0.002;8.43;-83.7;1.7;-4.7;-2464;129.0;9.11;12.4;
33.444530404126;-118.484450586996;16:32:12.94;7/13/2016;7;2.082;37.01;12.0453350093692;1.33;24.6;39.48;-0.52;7.18;30.1;.00;4.88;4.88;96;48;578.5;16.3;-2.9;D;820.7;5;35.631;2;2.09;181;35.79;-118.48422601;33.44479033;0;0;1;N;1.259126;54;54;11;85;85;28.87876;0;9999.99;4.88;5.00219;2;9;24.7;0;24.7000007629395;33.86;1532.3894;07/13/16;16:29:13;22.99;51.47;33.86;-0.124;8.43;-83.9;0.9;-4.0;-297;129.1;9.11;12.3;
33.4445378968338;-118.484445180218;16:32:13.94;7/13/2016;7;2.15;34.94;12.0453350093692;1.33;23.1;37.97;0.34;13.6;30.1;.00;4.88;4.88;96;48;578.5;16.3;-2.9;D;820.7;5;34.662;2;2.01;181;35.92;-118.48422601;33.44479033;0;0;1;N;1.149884;59;59;11;95;95;29.64379;0;9999.99;4.88;5.00219;2;9;24.7;0;24.7000007629395;33.88;1532.41106;07/13/16;16:29:14;23.01;51.49;33.88;-0.019;8.43;-83.9;2.0;-3.0;-528;129.2;9.12;12.3;
33.4445471304766;-118.484437083081;16:32:14.97;7/13/2016;7;2.076;34.68;12.0453350093692;1.33;23.7;38.57;-0.81;7.9;30.1;.00;5.31;5.31;96;46;578.4;16.3;-2.8;D;841.1;5;33.389;2;2.05;181;35.91;-118.48422601;33.44479033;0;0;1;N;1.113888;52;52;11;92;92;29.89659;0;39.32;5.30;44.747;2;9;24.8;0;24.7999992370605;33.85;1532.62063;07/13/16;16:29:16;23.03;51.46;33.85;-0.038;8.43;-83.8;1.9;0.9;-1027;129.4;9.13;12.3;
33.4445529507201;-118.484429743765;16:32:15.97;7/13/2016;7;2.164;39.52;12.0453350093692;1.33;27.5;42.39;0.57;10.3;30;.00;5.27;5.27;96;46;578.4;16.3;-2.8;D;841.1;5;32.466;2;2.02;181;35.61;-118.48422601;33.44479033;0;0;1;N;1.247871;59;59;11;78;78;28.9576;0;26.13;5.26;31.517;2;9;24.7;0;24.7999992370605;33.85;1532.62063;07/13/16;16:29:16;23.03;51.46;33.85;-0.038;8.43;-83.8;1.9;0.9;-1027;129.4;9.13;12.3;
33.4445602353549;-118.484421109144;16:32:16.97;7/13/2016;7;2.074;39.68;12.0453350093692;1.33;22.9;37.77;0.27;9;30;.01;5.27;5.28;96;46;578.4;16.3;-2.8;D;841.1;5;31.342;2;2.05;181;35.28;-118.48422601;33.44479033;0;0;1;N;1.388144;59;59;11;88;88;27.97951;0;31.73;5.28;37.137;2;9;24.8;0;24.7999992370605;33.82;1532.58838;07/13/16;16:29:18;23.03;51.42;33.82;-0.097;8.43;-83.5;1.6;-5.1;-752;129.5;9.13;12.3;
33.4445667463792;-118.484413797536;16:32:17.97;7/13/2016;7;2.021;42.78;12.0453350093692;1.33;24.7;39.58;0.56;14.3;30;.01;5.12;5.13;96;49;578.4;16.3;-3;D;801.8;5;30.359;2;2.05;181;35.02;-118.48422601;33.44479033;0;0;1;N;1.477201;60;60;11;78;78;27.36154;0;38.24;5.12;43.48689;2;9;24.8;0;24.7999992370605;33.82;1532.58838;07/13/16;16:29:18;23.03;51.42;33.82;-0.097;8.43;-83.5;1.6;-5.1;-752;129.5;9.13;12.3;
33.4445749140464;-118.484407678141;16:32:18.97;7/13/2016;7;2.099;35.66;12.0453350093692;1.33;22.6;37.46;-0.78;8.4;29.9;.00;5.25;5.25;96;49;578.4;16.3;-3;D;801.8;5;29.290;2;2.05;181;35.13;-118.48422601;33.44479033;0;0;1;N;1.375498;52;52;11;89;89;28.06754;0;46.45;5.25;51.82593;2;9;24.8;0;24.7999992370605;33.83;1532.59906;07/13/16;16:29:19;23.01;51.43;33.83;-0.087;8.42;-83.2;1.4;-0.8;155;129.5;9.14;12.3;
33.4445826784184;-118.484400749005;16:32:19.97;7/13/2016;7;2.205;37.47;12.0453350093692;1.33;20.8;35.65;1.35;12.1;29.9;.00;5.28;5.28;96;47;578.4;16.3;-2.8;D;833.4;5;28.214;2;2.07;181;35.08;-118.48422601;33.44479033;0;0;1;N;1.363516;64;64;11;103;103;28.15093;0;31.27;5.27;36.667;2;9;24.8;0;24.7999992370605;33.88;1532.65306;07/13/16;16:29:21;23.02;51.50;33.88;-0.088;8.43;-83.9;1.3;-1.1;-1596;129.6;9.14;12.3;
33.4445908015047;-118.484392268798;16:32:20.97;7/13/2016;7;2.064;37.93;12.0453350093692;1.33;24.3;39.18;-0.97;7.31;30;.00;5.17;5.17;96;47;578.4;16.3;-2.8;D;833.4;5;27.022;2;2.12;181;34.81;-118.48422601;33.44479033;0;0;1;N;1.418077;51;51;11;81;81;27.77176;0;40.37;5.18;45.68034;2;9;24.8;0;24.7999992370605;33.88;1532.65306;07/13/16;16:29:21;23.02;51.50;33.88;-0.088;8.43;-83.9;1.3;-1.1;-1596;129.6;9.14;12.3;
33.4445974941166;-118.484385020497;16:32:21.97;7/13/2016;7;2.03;40.47;12.0453350093692;1.33;25.6;40.48;0.07;10.3;30;.00;5.35;5.35;96;47;578.4;16.3;-2.8;D;833.4;5;26.028;2;2.1;181;34.53;-118.48422601;33.44479033;0;0;1;N;1.486745;57;57;11;74;74;27.29559;0;25.31;5.34;30.777;2;9;24.8;0;24.7999992370605;33.88;1532.65311;07/13/16;16:29:23;23.09;51.50;33.88;0.027;8.43;-83.9;1.9;-6.1;-3047;129.6;9.13;12.3;
33.4446047952011;-118.484378322814;16:32:22.98;7/13/2016;7;2.087;38.45;12.0453350093692;1.33;20.7;35.55;1.31;8.8;30;.00;5.12;5.12;96;47;578.4;16.3;-2.8;D;833.4;5;25.007;2;2.07;181;34.41;-118.48422601;33.44479033;0;0;1;N;1.487409;65;65;11;87;87;27.29096;0;5.63;5.12;10.88326;2;9;24.8;0;24.7999992370605;33.88;1532.65311;07/13/16;16:29:23;23.09;51.50;33.88;0.027;8.43;-83.9;1.9;-6.1;-3047;129.6;9.13;12.3;
33.4446137206347;-118.484372103131;16:32:23.98;7/13/2016;7;2.11;38.16;12.0453350093692;1.33;22.2;37.06;-0.08;12;30;.00;5.08;5.09;96;48;578.3;16.3;-2.9;D;819.2;5;23.862;2;2.06;181;34.61;-118.48422601;33.44479033;0;0;1;N;1.342445;57;57;11;102;102;28.29778;0;48.38;5.09;53.59502;2;9;24.8;0;24.7999992370605;33.85;1532.62079;07/13/16;16:29:25;23.12;51.46;33.85;-0.045;8.43;-84.0;1.5;-1.3;-1693;129.7;9.13;12.3;
33.4446219565353;-118.484364588051;16:32:24.98;7/13/2016;7;2.027;38.43;12.0453350093692;1.33;21.6;36.46;0.47;5.67;30;.00;5.14;5.14;96;48;578.3;16.3;-2.9;D;819.2;5;22.712;2;2.07;181;34.48;-118.48422601;33.44479033;0;0;1;N;1.328018;60;60;11;95;95;28.39835;0;18.60;5.14;23.8715;2;9;24.8;0;24.7999992370605;33.85;1532.62079;07/13/16;16:29:25;23.12;51.46;33.85;-0.045;8.43;-84.0;1.5;-1.3;-1693;129.7;9.13;12.3;
33.4446295381254;-118.484357826252;16:32:25.98;7/13/2016;7;2.065;37.07;12.0453350093692;1.33;23;37.87;-0.08;5.86;30;.00;5.19;5.19;96;48;578.3;16.3;-2.9;D;819.2;5;21.662;2;2.08;181;34.37;-118.48422601;33.44479033;0;0;1;N;1.303092;57;57;11;90;90;28.57219;0;9999.99;5.20;5.327;2;9;24.8;0;24.7999992370605;33.85;1532.62041;07/13/16;16:29:26;23.12;51.46;33.85;-0.072;8.43;-83.9;1.8;-4.9;820;129.8;9.14;12.5;
33.4446365593032;-118.484352049601;16:32:27.00;7/13/2016;7;2.161;39.53;12.0453350093692;1.33;22.9;37.77;1.06;9.6;30;.01;4.96;4.96;96;48;578.3;16.3;-2.9;D;812.4;5;20.715;2;2.09;181;34.37;-118.48422601;33.44479033;0;0;1;N;1.246823;62;62;11;87;87;28.96522;0;9999.99;4.95;5.080967;2;9;24.8;0;24.7999992370605;33.83;1532.5992;07/13/16;16:29:28;23.10;51.43;33.83;-0.067;8.43;-84.0;1.7;-4.8;-2443;129.8;9.15;12.2;
33.44464570333;-118.484345063324;16:32:28.03;7/13/2016;7;2.077;35.76;12.0453350093692;1.33;21.6;36.46;-0.54;10;30;.01;5.21;5.22;96;48;578.3;16.3;-2.9;D;812.4;5;19.510;2;2.07;181;34.48;-118.48422601;33.44479033;0;0;1;N;1.140335;54;54;11;100;100;29.71135;0;9999.99;5.22;5.347;2;9;24.8;0;24.7999992370605;33.83;1532.5992;07/13/16;16:29:28;23.10;51.43;33.83;-0.067;8.43;-84.0;1.7;-4.8;-2443;129.8;9.15;12.2;
33.4446529400284;-118.484338458033;16:32:29.03;7/13/2016;7;2.21;40.38;12.0453350093692;1.33;23.3;38.17;0.44;14.6;29.9;.01;5.13;5.14;96;48;578.3;16.3;-2.9;D;812.4;5;18.500;2;2.08;181;34.33;-118.48422601;33.44479033;0;0;1;N;1.131197;61;61;11;97;97;29.77555;0;9999.99;5.13;5.254352;2;9;24.8;0;24.7999992370605;33.85;1532.621;07/13/16;16:29:30;23.08;51.46;33.85;-0.051;8.43;-83.7;2.1;-4.7;-1140;129.9;9.15;12.5;
33.4446601432333;-118.484330743227;16:32:30.05;7/13/2016;7;2.022;37.87;12.0453350093692;1.33;24.7;39.58;0.46;3.72;29.9;.00;5.13;5.13;96;48;578.3;16.3;-2.9;D;812.4;5;17.435;2;2.08;181;33.87;-118.48422601;33.44479033;0;0;1;N;1.193834;60;60;11;86;86;29.33623;0;9999.99;5.13;5.256762;2;9;24.8;0;24.7999992370605;33.85;1532.621;07/13/16;16:29:30;23.08;51.46;33.85;-0.051;8.43;-83.7;2.1;-4.7;-1140;129.9;9.15;12.5;
33.4446678376848;-118.484323887321;16:32:31.05;7/13/2016;7;2.05;38.65;12.0453350093692;1.33;26;40.88;-0.56;13.1;29.9;.00;5.09;5.09;96;46;578.2;16.3;-2.8;D;850.6;5;16.371;2;2.04;181;33.69;-118.48422601;33.44479033;0;0;1;N;1.172585;54;54;11;81;81;29.48521;0;9999.99;5.09;5.217;2;9;24.8;0;24.7999992370605;33.85;1532.62052;07/13/16;16:29:32;23.10;51.46;33.85;-0.065;8.44;-84.4;1.4;-4.0;-2748;130.0;9.16;12.3;
33.4446756632168;-118.484320267747;16:32:32.05;7/13/2016;7;2.108;32.87;12.0453350093692;1.33;25.6;40.48;0.64;8.3;30;.00;5.13;5.13;96;46;578.2;16.3;-2.8;D;850.6;5;15.461;2;2.05;181;34.45;-118.48422601;33.44479033;0;0;1;N;0.9060465;61;61;11;91;91;31.36236;0;9999.99;5.12;5.247;2;9;24.8;0;24.7999992370605;33.85;1532.62052;07/13/16;16:29:32;23.10;51.46;33.85;-0.065;8.44;-84.4;1.4;-4.0;-2748;130.0;9.16;12.3;
33.4446832056256;-118.484313170957;16:32:33.05;7/13/2016;7;2.091;33.72;12.0453350093692;1.33;25.8;40.68;0.37;6.31;30;.00;5.09;5.10;96;46;578.2;16.3;-2.8;D;850.6;5;14.398;2;2.09;181;34.17;-118.48422601;33.44479033;0;0;1;N;0.9053003;61;61;11;86;86;31.3676;0;48.76;5.10;53.987;2;9;24.8;0;24.7999992370605;33.86;1532.6316;07/13/16;16:29:34;23.12;51.48;33.86;-0.114;8.43;-83.9;0.3;-0.8;-2288;130.1;9.16;12.3;
33.4446910127768;-118.484305539878;16:32:34.05;7/13/2016;7;2.145;37.9;12.0453350093692;1.33;26.6;41.49;0.41;13.3;30;.00;4.83;4.83;96;49;578.2;16.3;-3;D;798.3;5;13.282;2;2.09;181;33.75;-118.48422601;33.44479033;0;0;1;N;0.9348581;59;59;11;86;86;31.15884;0;9999.99;4.83;4.957;2;9;24.8;0;24.7999992370605;33.86;1532.6316;07/13/16;16:29:34;23.12;51.48;33.86;-0.114;8.43;-83.9;0.3;-0.8;-2288;130.1;9.16;12.3;
33.4446997630373;-118.484297700439;16:32:35.05;7/13/2016;7;2.087;34.66;12.0453350093692;1.33;22.8;37.67;-0.29;9.6;30;.00;4.78;4.78;96;49;578.2;16.3;-3;D;798.3;5;12.069;2;2.13;181;33.44;-118.48422601;33.44479033;0;0;1;N;0.9191344;55;55;11;101;101;31.27003;0;9999.99;4.79;4.916244;2;9;24.8;0;24.7999992370605;33.81;1532.57725;07/13/16;16:29:36;23.09;51.40;33.81;-0.135;8.43;-83.7;1.5;-5.0;-1622;130.1;9.17;12.2;
33.4447073013452;-118.484290499459;16:32:36.05;7/13/2016;7;2.177;40.51;12.0453350093692;1.33;23.6;38.47;-0.08;8.6;30;.00;4.81;4.81;96;49;578.2;16.3;-3;D;798.3;5;11.002;2;2.11;180;32.95;-118.48422601;33.44479033;0;0;1;N;0.9297745;57;57;11;98;98;31.19481;0;5.94;4.80;10.8623;2;9;24.8;0;24.7999992370605;33.81;1532.57725;07/13/16;16:29:36;23.09;51.40;33.81;-0.135;8.43;-83.7;1.5;-5.0;-1622;130.1;9.17;12.2;
33.4447141921433;-118.48428268255;16:32:37.05;7/13/2016;7;1.998;39.92;12.0453350093692;1.33;27;41.89;0.35;9.3;30;.00;4.61;4.62;96;49;578.2;16.3;-3;D;798.3;5;9.966;2;2.08;180;31.84;-118.48422601;33.44479033;0;0;1;N;1.028463;59;59;11;88;88;30.49817;0;9999.99;4.62;4.743519;2;9;24.8;0;24.7999992370605;33.83;1532.59912;07/13/16;16:29:38;23.02;51.43;33.83;-0.067;8.43;-83.5;1.5;-2.7;-2049;130.1;9.18;12.3;
33.4447210309923;-118.484277187266;16:32:38.05;7/13/2016;7;1.988;38.33;12.0453350093692;1.33;23.3;38.17;0.34;11.4;30;.00;4.71;4.71;96;47;578.2;16.3;-2.8;D;838.6;5;9.051;2;2.08;180;31.64;-118.48422601;33.44479033;0;0;1;N;0.9739349;59;59;11;98;98;30.88255;0;9999.99;4.71;4.841834;2;9;24.8;0;24.7999992370605;33.83;1532.59912;07/13/16;16:29:38;23.02;51.43;33.83;-0.067;8.43;-83.5;1.5;-2.7;-2049;130.1;9.18;12.3;
33.444728610351;-118.484270577859;16:32:39.05;7/13/2016;7;1.878;39.82;12.0453350093692;1.33;23.8;38.67;-0.45;10.6;30;.00;4.77;4.78;96;47;578.2;16.3;-2.8;D;838.6;5;8.012;2;2.03;180;31.07;-118.48422601;33.44479033;0;0;1;N;0.9422625;54;54;11;97;97;31.1063;0;32.56;4.78;37.467;2;9;24.8;0;24.7999992370605;33.85;1532.62048;07/13/16;16:29:40;23.02;51.45;33.85;-0.096;8.43;-83.7;0.8;-2.8;-2301;130.0;9.17;12.3;
33.4447354524755;-118.484262933982;16:32:40.05;7/13/2016;7;2.043;40.68;12.0453350093692;1.33;24.4;39.28;-0.54;7.46;30;.00;4.72;4.72;96;47;578.2;16.3;-2.8;D;838.6;5;6.998;2;2.05;180;29.31;-118.48422601;33.44479033;0;0;1;N;1.02593;52;52;11;86;86;30.51617;0;41.94;4.72;46.787;2;9;24.8;0;24.7999992370605;33.85;1532.62048;07/13/16;16:29:40;23.02;51.45;33.85;-0.096;8.43;-83.7;0.8;-2.8;-2301;130.0;9.17;12.3;
33.4447431536771;-118.484256000288;16:32:41.05;7/13/2016;8;2.154;42.24;12.0453350093692;1.33;26.1;40.98;1.18;13.8;29.9;.01;4.62;4.63;96;46;578.1;16.3;-2.8;D;851.6;5;5.938;2;2.05;180;27.94;-118.48422601;33.44479033;0;0;1;N;1.010765;64;64;11;88;88;30.6228;0;50.52;4.62;55.267;2;9;24.8;0;24.7999992370605;33.85;1532.62089;07/13/16;16:29:42;23.02;51.46;33.85;-0.129;8.42;-83.3;1.2;-3.3;-2581;129.9;9.16;12.4;
33.4447506609554;-118.484249566286;16:32:42.05;7/13/2016;8;1.938;40.16;12.0453350093692;1.33;24.6;39.48;-0.05;7.62;29.9;.00;4.63;4.63;96;46;578.1;16.3;-2.8;D;851.6;5;4.922;2;2.05;180;26.36;-118.48422601;33.44479033;0;0;1;N;0.9679638;57;57;11;83;83;30.92538;0;51.80;4.63;56.5551;2;9;24.8;0;24.7999992370605;33.85;1532.62089;07/13/16;16:29:42;23.02;51.46;33.85;-0.129;8.42;-83.3;1.2;-3.3;-2581;129.9;9.16;12.4;
33.444758196324;-118.484243090951;16:32:43.05;7/13/2016;8;2.1;39.8;12.0453350093692;1.33;23.5;38.37;-0.16;12;30;.00;4.63;4.63;96;46;578.1;16.3;-2.8;D;851.6;5;3.909;2;2.02;180;23.92;-118.48422601;33.44479033;0;0;1;N;0.9399144;56;56;11;98;98;31.12206;0;9999.99;4.63;4.757;2;9;24.8;0;24.7999992370605;33.84;1532.60974;07/13/16;16:29:44;22.97;51.45;33.84;-0.045;8.42;-83.2;1.3;0.5;-1651;129.8;9.17;12.2;
33.444765692711;-118.484235190522;16:32:44.05;7/13/2016;7;2.089;40.16;12.0453350093692;1.33;24.3;39.18;-1.17;6.41;29.9;.00;4.65;4.65;96;46;578.1;16.3;-2.8;D;851.6;5;2.869;2;2.04;180;17.27;-118.48422601;33.44479033;0;0;1;N;0.9950755;51;51;11;81;81;30.7339;0;44.36;4.65;49.137;2;9;24.8;0;24.7999992370605;33.84;1532.60974;07/13/16;16:29:44;22.97;51.45;33.84;-0.045;8.42;-83.2;1.3;0.5;-1651;129.8;9.17;12.2;
33.444772480164;-118.484227455409;16:32:45.05;7/13/2016;7;1.999;43.08;12.0453350093692;1.33;23.2;38.07;0.75;9.3;30;.00;4.62;4.62;96;46;578.1;16.3;-2.8;D;855.5;5;1.991;2;2.01;180;3.87;-118.48422601;33.44479033;0;0;1;N;1.112093;60;60;11;103;103;29.91054;0;38.03;4.61;42.767;2;9;24.8;0;24.7999992370605;33.79;1532.55572;07/13/16;16:29:46;22.93;51.38;33.79;-0.066;8.42;-83.1;1.6;-1.7;-3295;129.6;9.16;12.4;
33.4447806613655;-118.484218810509;16:32:46.05;7/13/2016;7;2.159;42.46;12.0453350093692;1.33;25;39.88;0.25;11.2;30;.00;4.44;4.45;96;46;578.1;16.3;-2.8;D;855.5;6;8.452;2;2.03;180;345.23;-118.48424204;33.44485416;0;0;1;N;0.3280402;59;59;11;5;5;346.1257;0;30.34;4.45;34.9192;2;9;24.8;0;24.7999992370605;33.8;1532.56659;07/13/16;16:29:47;22.90;51.39;33.80;-0.111;8.42;-83.1;0.8;0.3;-1807;129.5;9.16;12.4;
33.4447890305868;-118.484211741739;16:32:47.05;7/13/2016;7;2.15;38.39;12.0453350093692;1.33;22.9;37.77;-0.37;6.53;30;.00;4.55;4.56;96;46;578.1;16.3;-2.8;D;855.5;6;7.769;2;2.08;180;338.79;-118.48424204;33.44485416;0;0;1;N;1.161064;55;55;11;5;5;340.3595;0;51.30;4.55;55.977;2;9;24.8;0;24.7999992370605;33.8;1532.56659;07/13/16;16:29:47;22.90;51.39;33.80;-0.111;8.42;-83.1;0.8;0.3;-1807;129.5;9.16;12.4;
33.4447967430855;-118.484204831383;16:32:48.05;7/13/2016;7;2.226;40.61;12.0453350093692;1.33;14.6;29.37;1.91;11.1;30;.01;4.47;4.48;96;47;578.0;16.3;-2.9;D;826.6;6;7.258;2;2.03;180;331.6;-118.48424204;33.44485416;0;0;1;N;1.987491;67;67;11;5;5;334.206;0;9999.99;4.47;4.597;2;9;24.7;0;24.7000007629395;33.86;1532.38966;07/13/16;16:29:49;22.86;51.47;33.86;-0.096;8.42;-83.3;0.7;-0.9;-1837;129.3;9.14;12.4;
33.4448038217069;-118.484199750715;16:32:49.05;7/13/2016;7;2.074;37.21;12.0453350093692;1.33;11.7;26.43;0.6;11.2;30;.00;4.43;4.44;96;47;578.0;16.3;-2.9;D;826.6;6;6.835;2;2.01;180;324.97;-118.48424204;33.44485416;0;0;1;N;2.62017;62;62;11;5;5;330.0316;0;9999.99;4.45;4.577;2;9;24.7;0;24.7000007629395;33.86;1532.38966;07/13/16;16:29:49;22.86;51.47;33.86;-0.096;8.42;-83.3;0.7;-0.9;-1837;129.3;9.14;12.4;
33.4448123413592;-118.484195405272;16:32:50.06;7/13/2016;7;1.91;33.11;12.0453350093692;1.33;3.6;18.17;1.49;13.2;29.9;.00;4.30;4.30;96;47;578.0;16.3;-2.9;D;826.6;6;6.352;2;1.95;180;317.06;-118.48424204;33.44485416;0;0;1;N;3.217031;66;66;11;5;5;326.2593;0;9999.99;4.30;4.427814;2;9;24.7;0;24.7000007629395;33.85;1532.37837;07/13/16;16:29:51;22.89;51.46;33.85;-0.124;8.43;-83.6;0.8;-6.6;-1852;129.1;9.13;12.4;
33.4448213391278;-118.484193313083;16:32:51.09;7/13/2016;7;1.912;26.56;12.0453350093692;1.33;350.2;4.47;1.25;12.6;29.9;.01;4.32;4.33;96;47;578.0;16.3;-2.9;D;826.6;6;5.811;2;1.94;180;308.91;-118.48424204;33.44485416;0;0;1;N;3.643538;65;65;11;5;5;323.679;0;56.74;4.33;61.197;2;9;24.7;0;24.7000007629395;33.85;1532.37837;07/13/16;16:29:51;22.89;51.46;33.85;-0.124;8.43;-83.6;0.8;-6.6;-1852;129.1;9.13;12.4;
33.4448306094139;-118.484192748023;16:32:52.13;7/13/2016;7;1.964;12.71;12.0453350093692;1.33;340.4;354.44;2.51;6.87;29.9;.01;4.10;4.11;96;47;578.0;16.3;-2.8;D;831.1;6;5.270;2;1.91;180;299.79;-118.48424204;33.44485416;0;0;1;N;3.926537;72;72;11;5;5;322.0237;0;40.35;4.12;44.59544;2;9;24.7;0;24.7000007629395;33.86;1532.38962;07/13/16;16:29:52;22.89;51.47;33.86;-0.110;8.43;-83.5;0.8;-4.8;-2334;129.0;9.12;12.3;
33.4448399623212;-118.484192786096;16:32:53.14;7/13/2016;7;1.992;8.76;12.0453350093692;1.33;332;345.86;2.07;9.5;29.9;.01;4.33;4.33;96;47;578.0;16.3;-2.8;D;831.1;6;4.835;2;1.87;180;289.06;-118.48424204;33.44485416;0;0;1;N;4.147659;71;71;11;20;20;320.765;0;9999.99;4.35;4.477;2;9;24.7;0;24.7000007629395;33.85;1532.37879;07/13/16;16:29:53;22.90;51.45;33.85;-0.132;8.42;-83.3;0.8;-3.0;-954;129.0;9.12;12.2;
33.4448484757248;-118.484195940749;16:32:54.16;7/13/2016;7;1.848;5.12;12.0453350093692;1.33;320.8;334.45;2.3;12.5;29.9;.00;4.34;4.34;96;47;578.0;16.3;-2.8;D;831.1;6;4.323;2;1.84;181;278.41;-118.48424204;33.44485416;0;0;1;N;4.082138;70;70;11;70;70;321.1301;0;9999.99;4.36;4.487;2;9;24.7;0;24.7000007629395;33.84;1532.36776;07/13/16;16:29:55;22.88;51.44;33.84;-0.135;8.42;-83.0;1.4;-3.1;-602;129.0;9.12;12.3;
33.4448557696756;-118.484200173403;16:32:55.16;7/13/2016;7;1.836;350.81;12.0453350093692;1.33;313.9;327.45;1.61;13.7;29.9;.00;4.35;4.35;96;48;577.9;16.3;-2.9;D;818.9;6;3.889;2;1.83;181;267.36;-118.48424204;33.44485416;0;0;1;N;3.875728;67;67;11;106;106;322.3195;0;9999.99;4.37;4.494847;2;9;24.7;0;24.7000007629395;33.87;1532.40016;07/13/16;16:29:56;22.89;51.49;33.87;-0.110;8.41;-82.7;1.4;-0.8;-2028;128.9;9.12;12.4;
33.4448631590562;-118.484204937231;16:32:56.17;7/13/2016;7;1.865;344.53;12.0453350093692;1.33;314.5;328.06;-0.34;8.6;29.9;.00;4.43;4.43;96;48;577.9;16.3;-2.9;D;818.9;6;3.585;2;1.78;181;253.79;-118.48424204;33.44485416;0;0;1;N;3.611778;55;55;11;113;113;323.8704;0;32.12;4.44;36.68148;2;9;24.7;0;24.7000007629395;33.87;1532.40016;07/13/16;16:29:56;22.89;51.49;33.87;-0.110;8.41;-82.7;1.4;-0.8;-2028;128.9;9.12;12.4;
33.4448706889923;-118.484210951756;16:32:57.17;7/13/2016;7;1.971;331.55;12.0453350093692;1.33;312.3;325.83;0.61;5.07;29.9;.00;4.58;4.58;96;48;577.9;16.3;-2.9;D;818.9;7;130.118;2;1.82;181;218.69;-118.4850875;33.44395727;0;0;1;N;1.2438;61;61;11;5;5;223.317;0;40.86;4.58;45.567;2;9;24.7;0;24.7000007629395;33.86;1532.38907;07/13/16;16:29:58;22.93;51.46;33.86;-0.062;8.41;-82.6;1.7;-0.5;-2048;128.8;9.10;12.2;
33.4448784153796;-118.48421687758;16:32:58.17;7/13/2016;7;1.894;332.01;12.0453350093692;1.33;307;320.46;0.88;10.2;29.9;.00;4.31;4.32;96;48;577.9;16.3;-2.9;D;818.9;7;130.448;2;1.91;181;218.26;-118.4850875;33.44395727;0;0;1;N;0.28839;62;62;11;5;5;219.3293;0;9999.99;4.32;4.447;2;9;24.7;0;24.7000007629395;33.87;1532.39998;07/13/16;16:29:59;22.93;51.48;33.87;-0.148;8.41;-82.3;1.1;1.4;-1289;128.7;9.09;12.2;
33.4448857893891;-118.48422350062;16:32:59.17;7/13/2016;7;1.972;330.88;12.0453350093692;1.33;298.7;312.07;0.72;12.6;29.9;.00;4.63;4.63;96;50;577.9;16.3;-3;D;787.2;7;130.715;2;1.9;181;217.83;-118.4850875;33.44395727;0;0;1;N;0.7158051;61;61;11;5;5;215.4509;0;9999.99;4.64;4.767749;2;9;24.7;0;24.7000007629395;33.87;1532.39998;07/13/16;16:29:59;22.93;51.48;33.87;-0.148;8.41;-82.3;1.1;1.4;-1289;128.7;9.09;12.2;
33.4448919510228;-118.484230903198;16:33:00.19;7/13/2016;7;1.856;325.96;12.0453350093692;1.33;292.3;305.6;1.53;11.1;29.9;.00;4.74;4.74;96;50;577.9;16.3;-3;D;787.2;7;130.839;2;1.88;181;217.41;-118.4850875;33.44395727;0;0;1;N;1.665231;66;66;11;5;5;211.9337;0;49.36;4.75;54.23577;2;9;24.7;0;24.7000007629395;33.84;1532.36759;07/13/16;16:30:01;22.93;51.44;33.84;-0.159;8.41;-82.4;1.5;0.5;-1563;128.6;9.09;12.3;
33.4448959121585;-118.484238923633;16:33:01.19;7/13/2016;7;1.96;315.46;12.0453350093692;1.33;282.4;295.58;1.21;10.5;29.9;.00;4.78;4.79;96;50;577.9;16.3;-3;D;787.2;7;130.739;2;1.89;181;217.03;-118.4850875;33.44395727;0;0;1;N;2.525357;64;64;11;5;5;208.6545;0;27.01;4.80;31.92917;2;9;24.7;0;24.7000007629395;33.84;1532.36759;07/13/16;16:30:01;22.93;51.44;33.84;-0.159;8.41;-82.4;1.5;0.5;-1563;128.6;9.09;12.3;
33.4448993297259;-118.484247477113;16:33:02.19;7/13/2016;7;1.826;309.02;12.0453350093692;1.33;274.5;287.56;1.03;12.2;29.9;.00;4.89;4.90;96;50;577.9;16.3;-3;D;787.2;7;130.568;2;1.93;181;216.65;-118.4850875;33.44395727;0;0;1;N;3.401874;63;63;11;5;5;205.1707;0;9999.99;4.91;5.03212;2;9;24.7;0;24.7000007629395;33.86;1532.38926;07/13/16;16:30:03;22.95;51.48;33.86;-0.120;8.40;-81.8;0.7;-0.7;-2663;128.4;9.07;12.4;
33.4449017166556;-118.484256960931;16:33:03.20;7/13/2016;7;2.055;302.51;12.0453350093692;1.33;265.6;278.49;1.42;8.5;29.9;.00;4.97;4.97;96;49;577.9;16.3;-3;D;799.2;7;130.258;2;1.92;181;216.27;-118.4850875;33.44395727;0;0;1;N;4.264741;64;64;11;5;5;201.4067;0;9999.99;4.98;5.103371;2;9;24.7;0;24.7000007629395;33.86;1532.38926;07/13/16;16:30:03;22.95;51.48;33.86;-0.120;8.40;-81.8;0.7;-0.7;-2663;128.4;9.07;12.4;
33.444902718633;-118.484267319212;16:33:04.23;7/13/2016;7;1.709;294.9;12.0453350093692;1.33;258.1;270.81;1.64;10.1;29.9;.00;5.17;5.17;96;49;577.9;16.3;-3;D;799.2;7;129.782;2;1.9;181;215.9;-118.4850875;33.44395727;0;0;1;N;5.088918;67;67;11;5;5;197.2129;0;38.39;5.18;43.697;2;9;24.7;0;24.7000007629395;33.85;1532.3784;07/13/16;16:30:05;22.95;51.45;33.85;-0.168;8.38;-81.0;1.2;-0.9;-2461;128.1;9.05;12.4;
33.4449033903866;-118.484276422277;16:33:05.28;7/13/2016;7;1.866;289.5;12.0453350093692;1.33;248.5;260.91;1.4;10.7;29.9;.00;5.11;5.11;96;49;577.9;16.3;-3;D;799.2;7;129.350;2;1.83;181;215.58;-118.4850875;33.44395727;0;0;1;N;5.811144;65;65;11;5;5;193.1678;0;9999.99;5.12;5.245194;2;9;24.7;0;24.7000007629395;33.83;1532.35689;07/13/16;16:30:06;22.94;51.43;33.83;-0.114;8.39;-81.6;1.0;-2.8;-2375;128.1;9.05;12.3;
33.4449025145048;-118.48428593795;16:33:06.30;7/13/2016;7;1.859;282.11;12.0453350093692;1.33;240.8;252.92;2.02;9.9;29.9;.00;5.13;5.13;96;49;577.8;16.3;-2.9;D;803.4;7;128.758;2;1.86;181;215.28;-118.4850875;33.44395727;0;0;1;N;6.468435;69;69;11;5;5;188.4502;0;9999.99;5.15;5.277;2;9;24.7;0;24.7000007629395;33.83;1532.35689;07/13/16;16:30:06;22.94;51.43;33.83;-0.114;8.39;-81.6;1.0;-2.8;-2375;128.1;9.05;12.3;
33.4449004569309;-118.484295484775;16:33:07.30;7/13/2016;8;1.916;269.67;12.0453350093692;1.33;231.7;243.42;1.78;10.2;29.9;.00;5.13;5.14;96;49;577.8;16.3;-2.9;D;803.4;7;128.061;2;1.87;181;215.02;-118.4850875;33.44395727;0;0;1;N;7.033128;68;68;11;5;5;183.1519;0;9999.99;5.15;5.277;2;9;24.7;0;24.7000007629395;33.79;1532.31357;07/13/16;16:30:08;22.88;51.37;33.79;-0.084;8.39;-81.4;0.2;-1.6;-2728;127.7;9.04;12.3;
33.4448964721639;-118.484304135652;16:33:08.30;7/13/2016;7;1.757;262.39;12.0453350093692;1.34;222;233.23;1.77;9.4;29.9;.00;5.13;5.13;96;49;577.8;16.3;-2.9;D;803.4;7;127.238;2;1.84;181;214.84;-118.4850875;33.44395727;0;0;1;N;7.40938;68;68;11;5;5;177.052;0;9999.99;5.15;5.273495;2;9;24.7;0;24.7000007629395;33.79;1532.31357;07/13/16;16:30:08;22.88;51.37;33.79;-0.084;8.39;-81.4;0.2;-1.6;-2728;127.7;9.04;12.3;
33.4448919492759;-118.484312545582;16:33:09.30;7/13/2016;7;1.896;253.22;12.0453350093692;1.34;212.6;223.33;1.5;8.8;29.8;.00;5.20;5.20;96;49;577.8;16.3;-2.9;D;803.4;7;126.380;2;1.84;182;214.68;-118.4850875;33.44395727;0;0;1;N;7.731946;66;66;11;5;5;174.1827;0;50.90;5.21;56.237;2;9;24.7;0;24.7000007629395;33.82;1532.34588;07/13/16;16:30:10;22.79;51.42;33.82;-0.132;8.39;-81.4;1.4;-0.8;-245;127.5;9.03;12.3;
33.4448853343295;-118.484320868285;16:33:10.30;7/13/2016;7;1.88;245.27;12.0453350093692;1.34;203.1;213.32;0.6;11.9;29.8;.01;5.08;5.09;96;49;577.8;16.3;-3;D;792.5;7;125.336;2;1.84;182;214.58;-118.4850875;33.44395727;0;0;1;N;7.902725;61;61;11;5;5;173.5383;0;9999.99;5.09;5.214967;2;9;24.7;0;24.7000007629395;33.82;1532.34588;07/13/16;16:30:10;22.79;51.42;33.82;-0.132;8.39;-81.4;1.4;-0.8;-245;127.5;9.03;12.3;
33.4448771200334;-118.484327194253;16:33:11.30;7/13/2016;7;2.015;230.51;12.0453350093692;1.34;200.4;210.48;1.02;5.39;29.8;.00;5.19;5.19;96;50;577.8;16.3;-3;D;775.8;7;124.251;2;1.84;182;214.59;-118.4850875;33.44395727;0;0;1;N;7.810112;63;63;11;5;5;173.8808;0;9999.99;5.20;5.327;2;9;24.7;0;24.7000007629395;33.86;1532.38939;07/13/16;16:30:12;22.78;51.47;33.86;-0.065;8.39;-81.5;1.6;-1.8;-1079;127.1;9.00;12.3;
33.4448696732193;-118.484331755912;16:33:12.33;7/13/2016;7;1.721;222.7;12.0453350093692;1.34;192.4;202.09;0.63;7.75;29.9;.00;5.20;5.20;96;50;577.8;16.3;-3;D;775.8;7;123.329;2;1.84;182;214.65;-118.4850875;33.44395727;0;0;1;N;7.652418;61;61;11;16;16;174.4599;0;9999.99;5.21;5.337;2;9;24.7;0;24.7000007629395;33.86;1532.38939;07/13/16;16:30:12;22.78;51.47;33.86;-0.065;8.39;-81.5;1.6;-1.8;-1079;127.1;9.00;12.3;
33.4448626666667;-118.484337333333;16:33:13.34;7/13/2016;7;1.992;209.04;12.0453350093692;1.34;186.4;195.84;1.22;10.6;29.9;.00;5.28;5.28;96;50;577.8;16.3;-3;D;775.8;7;122.488;2;1.86;182;214.72;-118.4850875;33.44395727;0;0;1;N;7.452845;64;64;11;45;45;175.2152;0;9999.99;5.29;5.417;2;9;24.7;0;24.7000007629395;33.82;1532.3458;07/13/16;16:30:14;22.76;51.41;33.82;-0.084;8.40;-81.6;0.2;-2.7;565;126.6;8.98;12.3;
33.4448522239856;-118.484339631741;16:33:14.34;7/13/2016;7;2.032;198.52;12.0453350093692;1.34;180.1;189.31;0.12;11.9;29.8;.00;5.23;5.23;96;50;577.8;16.3;-3;D;775.8;7;121.319;2;1.92;182;214.89;-118.4850875;33.44395727;0;0;1;N;7.100201;58;58;11;79;79;176.6011;0;9999.99;5.23;5.355445;2;9;24.7;0;24.7000007629395;33.82;1532.3458;07/13/16;16:30:14;22.76;51.41;33.82;-0.084;8.40;-81.6;0.2;-2.7;565;126.6;8.98;12.3;
33.444844;-118.484340666667;16:33:15.34;7/13/2016;7;1.994;191.26;12.0453350093692;1.34;178.3;187.45;0.26;6.94;29.8;.00;5.39;5.39;96;50;577.7;16.3;-3;D;776.3;7;120.448;2;1.94;182;215.11;-118.4850875;33.44395727;0;0;1;N;6.528857;59;59;11;93;93;178.9698;0;9999.99;5.39;5.517;2;9;24.6;0;24.7000007629395;33.87;1532.39992;07/13/16;16:30:16;22.72;51.48;33.87;-0.074;8.40;-81.7;0.9;0.3;-2099;126.2;8.95;12.4;
33.4448348333333;-118.4843415;16:33:16.34;7/13/2016;7;2.109;185;12.0453350093692;1.34;178;187.14;-0.64;11.8;29.8;.00;5.26;5.26;96;50;577.7;16.3;-3;D;776.3;7;119.708;2;1.97;182;215.33;-118.4850875;33.44395727;0;0;1;N;6.032281;53;53;11;103;103;181.1721;0;9999.99;5.25;5.379918;2;9;24.6;0;24.6000003814697;33.92;1532.21121;07/13/16;16:30:17;22.74;51.54;33.92;-0.091;8.40;-82.2;0.8;-4.3;-832;126.0;8.93;12.3;
33.444825;-118.484341;16:33:17.34;7/13/2016;7;2.036;184.84;12.0453350093692;1.34;180.9;190.13;-0.34;7.41;29.8;.00;5.44;5.44;96;50;577.7;16.3;-3;D;776.3;7;118.739;2;2.01;182;215.56;-118.4850875;33.44395727;0;0;1;N;5.493195;55;55;11;101;101;183.7141;0;9999.99;5.44;5.567;2;9;24.6;0;24.6000003814697;33.92;1532.21121;07/13/16;16:30:17;22.74;51.54;33.92;-0.091;8.40;-82.2;0.8;-4.3;-832;126.0;8.93;12.3;
33.4448163333333;-118.484342;16:33:18.34;7/13/2016;7;1.931;188.08;12.0453350093692;1.34;185.1;194.49;0.92;9.7;29.8;.00;5.39;5.39;96;48;577.7;16.3;-2.9;D;816.6;7;117.865;2;2.01;182;215.9;-118.4850875;33.44395727;0;0;1;N;4.770932;63;63;11;109;109;187.3785;0;9999.99;5.40;5.524374;2;9;24.6;0;24.6000003814697;33.93;1532.22203;07/13/16;16:30:19;22.86;51.56;33.93;-0.091;8.41;-82.5;0.6;-6.0;-2796;125.8;8.90;12.4;
33.4448078333333;-118.484344666667;16:33:19.34;7/13/2016;7;1.99;189.08;12.0453350093692;1.34;184;193.34;-0.24;4.86;29.8;.00;5.45;5.45;96;48;577.7;16.3;-2.9;D;816.6;7;117.007;2;2.06;182;216.13;-118.4850875;33.44395727;0;0;1;N;4.270218;54;54;11;116;116;190.0965;0;9999.99;5.45;5.577;2;9;24.6;0;24.6000003814697;33.93;1532.22203;07/13/16;16:30:19;22.86;51.56;33.93;-0.091;8.41;-82.5;0.6;-6.0;-2796;125.8;8.90;12.4;
33.4447981666667;-118.4843455;16:33:20.36;7/13/2016;7;2.116;185.52;12.0453350093692;1.34;186;195.42;-0.39;9.7;29.8;.00;5.33;5.34;96;48;577.7;16.3;-2.9;D;816.6;7;116.039;2;2.06;182;216.29;-118.4850875;33.44395727;0;0;1;N;3.885702;55;55;11;114;114;192.2827;0;9999.99;5.33;5.457;2;9;24.6;0;24.6000003814697;33.9;1532.18979;07/13/16;16:30:21;22.94;51.52;33.90;-0.022;8.41;-82.7;1.0;-2.7;-1358;125.8;8.88;12.4;
33.4447895;-118.484348;16:33:21.38;7/13/2016;7;1.903;190.36;12.0453350093692;1.34;189.1;198.65;-0.32;11.4;29.8;.00;5.09;5.09;96;48;577.7;16.3;-2.9;D;816.6;7;115.081;2;2.03;182;216.56;-118.4850875;33.44395727;0;0;1;N;3.318426;55;55;11;108;108;195.6598;0;9999.99;5.09;5.216934;2;9;24.6;0;24.6000003814697;33.9;1532.18979;07/13/16;16:30:21;22.94;51.52;33.90;-0.022;8.41;-82.7;1.0;-2.7;-1358;125.8;8.88;12.4;
33.444782;-118.484353166667;16:33:22.38;7/13/2016;7;1.863;196.36;12.0453350093692;1.34;189.3;198.86;0.84;9.8;29.8;.01;5.10;5.10;96;47;577.6;16.3;-2.9;D;825.7;7;114.208;2;1.99;182;216.71;-118.4850875;33.44395727;0;0;1;N;2.981071;59;59;11;118;118;197.7516;0;9999.99;5.10;5.227;2;9;24.6;0;24.6000003814697;33.87;1532.15732;07/13/16;16:30:23;23.00;51.49;33.87;0.000;8.42;-83.4;0.8;-3.3;44;126.0;8.89;12.3;
33.4447727164576;-118.484358433401;16:33:23.39;7/13/2016;7;2.029;201.09;12.0453350093692;1.34;190.7;200.32;-0.15;12.2;29.8;.01;4.90;4.91;96;47;577.6;16.3;-2.9;D;825.7;7;113.127;2;2.01;182;216.72;-118.4850875;33.44395727;0;0;1;N;2.833834;56;56;11;118;118;198.1519;0;9999.99;4.90;5.02752;2;9;24.6;0;24.6000003814697;33.87;1532.15732;07/13/16;16:30:23;23.00;51.49;33.87;0.000;8.42;-83.4;0.8;-3.3;44;126.0;8.89;12.3;
33.4447644146544;-118.484363701557;16:33:24.39;7/13/2016;7;1.993;205.9;12.0453350093692;1.34;196.9;206.81;-0.27;10.8;29.7;.00;4.98;4.99;96;47;577.6;16.3;-2.9;D;825.7;7;112.095;2;2;182;216.81;-118.4850875;33.44395727;0;0;1;N;2.670282;55;55;11;97;97;199.3839;0;9999.99;4.98;5.107;2;9;24.6;0;24.6000003814697;33.86;1532.14669;07/13/16;16:30:25;23.02;51.48;33.86;-0.027;8.42;-83.2;0.8;-9.0;-2227;126.1;8.90;12.5;
33.4447547236587;-118.484366541237;16:33:25.39;7/13/2016;7;1.989;203.61;12.0453350093692;1.34;197.9;207.86;1.11;2.93;29.8;.00;5.23;5.23;96;47;577.6;16.3;-2.9;D;825.7;7;111.075;2;2.07;182;217.03;-118.4850875;33.44395727;0;0;1;N;2.51348;64;64;11;111;111;202.298;0;9999.99;5.24;5.367;2;9;24.6;0;24.6000003814697;33.86;1532.14661;07/13/16;16:30:26;23.03;51.48;33.86;-0.034;8.42;-83.2;0.8;-2.8;-2195;126.2;8.90;12.4;
33.444746151312;-118.484369892969;16:33:26.39;7/13/2016;7;1.978;200.58;12.0453350093692;1.34;200.5;210.59;-0.31;6.11;29.8;.00;5.23;5.23;96;47;577.6;16.3;-2.9;D;821.2;7;110.127;2;2.04;182;217.2;-118.4850875;33.44395727;0;0;1;N;2.057803;55;55;11;103;103;204.7007;0;9999.99;5.23;5.357;2;9;24.6;0;24.6000003814697;33.86;1532.14661;07/13/16;16:30:26;23.03;51.48;33.86;-0.034;8.42;-83.2;0.8;-2.8;-2195;126.2;8.90;12.4;
33.444738128462;-118.48437450342;16:33:27.39;7/13/2016;7;1.912;205.23;12.0453350093692;1.34;202.4;212.59;0.05;6.04;29.8;.01;5.10;5.11;96;47;577.6;16.3;-2.9;D;821.2;7;109.158;2;2.03;182;217.3;-118.4850875;33.44395727;0;0;1;N;1.793007;57;57;11;102;102;206.2179;0;9999.99;5.10;5.227;2;9;24.7;0;24.6000003814697;33.87;1532.15732;07/13/16;16:30:27;23.03;51.49;33.87;-0.112;8.42;-82.9;1.0;-0.8;-1495;126.3;8.91;12.4;
33.444730547322;-118.484380987924;16:33:28.41;7/13/2016;7;1.816;212.58;12.0453350093692;1.34;201.1;211.22;-0.08;8.7;29.8;.00;5.10;5.10;96;47;577.6;16.3;-2.9;D;821.2;7;108.123;2;2.01;182;217.32;-118.4850875;33.44395727;0;0;1;N;1.592336;57;57;11;108;108;206.5244;0;9999.99;5.10;5.227;2;9;24.6;0;24.7000007629395;33.86;1532.38946;07/13/16;16:30:29;23.04;51.47;33.86;-0.076;8.43;-83.5;1.0;-0.4;-2186;126.4;8.91;12.4;
33.4447237166513;-118.484388736813;16:33:29.41;7/13/2016;7;2.026;219.57;12.0453350093692;1.34;202.3;212.48;0.42;13.9;29.8;.01;5.35;5.36;96;48;577.5;16.3;-2.9;D;813.6;7;107.083;2;1.95;182;217.26;-118.4850875;33.44395727;0;0;1;N;1.576905;60;60;11;101;101;205.917;0;9999.99;5.36;5.482361;2;9;24.7;0;24.7000007629395;33.86;1532.38946;07/13/16;16:30:29;23.04;51.47;33.86;-0.076;8.43;-83.5;1.0;-0.4;-2186;126.4;8.91;12.4;
33.4447159903313;-118.484395150694;16:33:30.41;7/13/2016;7;1.972;216.37;12.0453350093692;1.34;204.2;214.48;0.19;9.8;29.8;.00;5.58;5.58;96;48;577.5;16.3;-2.9;D;813.6;7;106.039;2;1.97;182;217.29;-118.4850875;33.44395727;0;0;1;N;1.699713;58;58;11;94;94;206.3416;0;9999.99;5.58;5.707;2;9;24.7;0;24.7000007629395;33.88;1532.41126;07/13/16;16:30:31;23.06;51.50;33.88;-0.085;8.42;-83.2;0.8;-3.6;-1812;126.5;8.92;12.3;
33.4447091782152;-118.484401867543;16:33:31.42;7/13/2016;7;1.878;217.98;12.0453350093692;1.34;207.3;217.74;-0.75;7.59;29.7;.00;5.63;5.64;96;48;577.5;16.3;-2.9;D;813.6;7;105.059;2;2;182;217.27;-118.4850875;33.44395727;0;0;1;N;1.635905;53;53;11;84;84;206.2355;0;9999.99;5.63;5.757;2;9;24.7;0;24.7000007629395;33.88;1532.41126;07/13/16;16:30:31;23.06;51.50;33.88;-0.085;8.42;-83.2;0.8;-3.6;-1812;126.5;8.92;12.3;
33.4447028333333;-118.484408;16:33:32.42;7/13/2016;7;1.955;218.58;12.0453350093692;1.34;206.5;216.9;0.43;8.4;29.8;.00;5.63;5.64;96;48;577.5;16.3;-2.9;D;813.6;7;104.063;2;1.99;182;217.27;-118.4850875;33.44395727;0;0;1;N;1.664995;58;58;11;77;77;206.4322;0;9999.99;5.63;5.757;2;9;24.7;0;24.7000007629395;33.85;1532.37871;07/13/16;16:30:33;23.08;51.46;33.85;0.010;8.42;-83.4;0.9;-4.6;-1488;126.6;8.92;12.4;
33.4446958333333;-118.484414666667;16:33:33.42;7/13/2016;7;1.895;223.47;12.0453350093692;1.34;209.2;219.75;0.55;6.04;29.8;.00;5.72;5.73;96;47;577.5;16.3;-2.8;D;835.6;7;103.147;2;1.96;182;217.26;-118.4850875;33.44395727;0;0;1;N;1.679294;61;61;11;78;78;206.3342;0;9999.99;5.73;5.857;2;9;24.7;0;24.7000007629395;33.85;1532.37871;07/13/16;16:30:33;23.08;51.46;33.85;0.010;8.42;-83.4;0.9;-4.6;-1488;126.6;8.92;12.4;
33.4446883460638;-118.484422737212;16:33:34.42;7/13/2016;7;1.987;222.68;12.0453350093692;1.34;209.2;219.75;0.72;5.77;29.8;.00;5.76;5.77;96;47;577.5;16.3;-2.8;D;835.6;7;102.043;2;2.03;182;217.19;-118.4850875;33.44395727;0;0;1;N;1.664281;61;61;11;71;71;205.6434;0;9999.99;5.77;5.897;2;9;24.7;0;24.7000007629395;33.82;1532.34594;07/13/16;16:30:35;23.06;51.42;33.82;-0.101;8.42;-83.0;1.1;0.0;-1041;126.7;8.94;12.3;
33.4446803711247;-118.48443016529;16:33:35.42;7/13/2016;7;2.14;221.5;12.0453350093692;1.34;207.2;217.64;0.05;8.2;29.8;.00;5.77;5.77;96;47;577.5;16.3;-2.8;D;835.6;7;100.920;2;2.05;182;217.18;-118.4850875;33.44395727;0;0;1;N;1.741193;58;58;11;77;77;205.6626;0;9999.99;5.77;5.897;2;9;24.7;0;24.7000007629395;33.82;1532.34594;07/13/16;16:30:35;23.06;51.42;33.82;-0.101;8.42;-83.0;1.1;0.0;-1041;126.7;8.94;12.3;
33.44467429703;-118.48443806039;16:33:36.42;7/13/2016;7;1.928;225.1;12.0453350093692;1.34;206.5;216.9;1;10;29.8;.00;5.80;5.80;96;50;577.5;16.3;-3;D;787.1;7;99.939;2;2.1;182;217.08;-118.4850875;33.44395727;0;0;1;N;1.734493;63;63;11;79;79;204.5912;0;9999.99;5.81;5.937;2;9;24.7;0;24.7000007629395;33.81;1532.33527;07/13/16;16:30:37;23.01;51.40;33.81;-0.059;8.42;-83.1;1.6;-1.2;-1781;126.7;8.94;12.2;
33.4446662951562;-118.484445510071;16:33:37.42;7/13/2016;7;2.022;222.37;12.0453350093692;1.34;204.4;214.69;1.08;10.4;29.8;.00;5.83;5.83;96;50;577.5;16.3;-3;D;787.1;7;98.813;2;2.06;182;217.07;-118.4850875;33.44395727;0;0;1;N;1.892858;63;63;11;87;87;204.5998;0;9999.99;5.84;5.967;2;9;24.7;0;24.7000007629395;33.81;1532.33527;07/13/16;16:30:37;23.01;51.40;33.81;-0.059;8.42;-83.1;1.6;-1.2;-1781;126.7;8.94;12.2;
33.4446582534591;-118.484452622717;16:33:38.42;7/13/2016;7;2.057;222.98;12.0453350093692;1.34;201.4;211.53;0.16;15.6;29.8;.00;5.62;5.63;96;50;577.5;16.3;-3;D;787.1;7;97.702;2;2.08;182;217.08;-118.4850875;33.44395727;0;0;1;N;1.869151;58;58;11;100;100;204.7843;0;9999.99;5.63;5.752159;2;9;24.7;0;24.7000007629395;33.82;1532.34592;07/13/16;16:30:39;22.96;51.42;33.82;-0.080;8.42;-83.1;1.3;-4.5;-1157;126.8;8.96;12.3;
33.4446508415748;-118.484461139081;16:33:39.42;7/13/2016;7;2.1;224.72;12.0453350093692;1.34;205.1;215.43;-0.7;10.3;29.8;.00;5.70;5.71;96;50;577.5;16.3;-3;D;787.1;7;96.568;2;2.07;182;217;-118.4850875;33.44395727;0;0;1;N;1.79173;54;54;11;80;80;204.096;0;9999.99;5.70;5.827001;2;9;24.7;0;24.7000007629395;33.82;1532.34592;07/13/16;16:30:39;22.96;51.42;33.82;-0.080;8.42;-83.1;1.3;-4.5;-1157;126.8;8.96;12.3;
33.444643146705;-118.484468294833;16:33:40.45;7/13/2016;7;2.052;221.43;12.0453350093692;1.34;204.5;214.8;0.31;4;29.8;.00;5.84;5.84;96;50;577.4;16.3;-3;D;786.5;7;95.485;2;2.1;182;216.99;-118.4850875;33.44395727;0;0;1;N;1.929563;59;59;11;84;84;204.1162;0;9999.99;5.84;5.967;2;9;24.7;0;24.7000007629395;33.81;1532.33496;07/13/16;16:30:41;22.91;51.41;33.81;-0.033;8.42;-83.2;1.9;-1.6;-3399;126.8;8.96;12.4;
33.4446347317734;-118.484474885226;16:33:41.45;7/13/2016;7;1.855;220.17;12.0453350093692;1.34;204.2;214.48;1.08;9.9;29.9;.00;5.75;5.75;96;50;577.4;16.3;-3;D;786.5;7;94.370;2;2.08;182;217.04;-118.4850875;33.44395727;0;0;1;N;1.906441;63;63;11;88;88;204.7853;0;9999.99;5.76;5.884088;2;9;24.7;0;24.7000007629395;33.81;1532.33496;07/13/16;16:30:41;22.91;51.41;33.81;-0.033;8.42;-83.2;1.9;-1.6;-3399;126.8;8.96;12.4;
33.444628498221;-118.48448092584;16:33:42.48;7/13/2016;7;2.011;222.33;12.0453350093692;1.34;202.4;212.59;-0.43;15.1;29.9;.00;5.64;5.64;96;49;577.4;16.3;-3;D;797.7;7;93.479;2;2.05;182;217.02;-118.4850875;33.44395727;0;0;1;N;1.847771;54;54;11;95;95;204.6862;0;9999.99;5.63;5.75609;2;9;24.6;0;24.7000007629395;33.84;1532.36773;07/13/16;16:30:43;22.88;51.44;33.84;-0.043;8.41;-82.6;1.4;-3.7;-3044;126.8;8.97;12.5;
33.4446203863124;-118.484488949968;16:33:43.48;7/13/2016;7;1.961;223.55;12.0453350093692;1.34;205.6;215.95;0.21;8.9;29.9;.00;5.83;5.83;96;49;577.4;16.3;-3;D;797.7;7;92.310;2;2.05;182;216.99;-118.4850875;33.44395727;0;0;1;N;1.94108;58;58;11;81;81;204.5508;0;9999.99;5.83;5.957;2;9;24.6;0;24.7000007629395;33.84;1532.36773;07/13/16;16:30:43;22.88;51.44;33.84;-0.043;8.41;-82.6;1.4;-3.7;-3044;126.8;8.97;12.5;
33.4446138313602;-118.484495483101;16:33:44.50;7/13/2016;7;1.967;220.44;12.0453350093692;1.34;204.9;215.22;0.03;10.1;29.8;.00;5.81;5.81;96;49;577.4;16.3;-3;D;797.7;7;91.363;2;2.06;182;216.96;-118.4850875;33.44395727;0;0;1;N;1.968256;57;57;11;84;84;204.3672;0;9999.99;5.81;5.937;2;9;24.6;0;24.6000003814697;33.86;1532.14632;07/13/16;16:30:45;22.87;51.46;33.86;-0.094;8.41;-82.8;1.9;-0.5;-556;126.7;8.96;12.5;
33.4446075003872;-118.484502752265;16:33:45.52;7/13/2016;7;1.94;221.72;12.0453350093692;1.34;204.8;215.11;0.36;7.97;29.9;.00;5.81;5.81;96;48;577.4;16.3;-2.9;D;811.1;7;90.395;2;2.02;182;216.88;-118.4850875;33.44395727;0;0;1;N;2.061915;60;60;11;76;76;203.7364;0;9999.99;5.81;5.937;2;9;24.6;0;24.6000003814697;33.86;1532.14632;07/13/16;16:30:45;22.87;51.46;33.86;-0.094;8.41;-82.8;1.9;-0.5;-556;126.7;8.96;12.5;
33.4446001126906;-118.484510079427;16:33:46.53;7/13/2016;7;1.99;219.18;12.0453350093692;1.34;206.4;216.8;0.62;3.61;29.8;.00;5.81;5.81;96;48;577.4;16.3;-2.9;D;811.1;7;89.330;2;1.99;182;216.85;-118.4850875;33.44395727;0;0;1;N;2.086485;61;61;11;74;74;203.5716;0;9999.99;5.81;5.937;2;9;24.6;0;24.6000003814697;33.85;1532.13551;07/13/16;16:30:47;22.86;51.45;33.85;-0.056;8.41;-82.7;1.8;-4.7;-1894;126.6;8.96;12.5;
33.4445921616088;-118.484516220973;16:33:47.55;7/13/2016;7;2.054;217.36;12.0453350093692;1.34;208.3;218.8;0.98;5.63;29.8;.00;5.81;5.82;96;48;577.4;16.3;-2.9;D;811.1;7;88.281;2;2.02;182;216.9;-118.4850875;33.44395727;0;0;1;N;1.982889;64;64;11;65;65;204.2684;0;9999.99;5.82;5.947;2;9;24.6;0;24.6000003814697;33.85;1532.13551;07/13/16;16:30:47;22.86;51.45;33.85;-0.056;8.41;-82.7;1.8;-4.7;-1894;126.6;8.96;12.5;
33.4445846823017;-118.484522634893;16:33:48.55;7/13/2016;7;1.998;220.09;12.0453350093692;1.34;204.9;215.22;0.42;9.3;29.8;.00;5.79;5.79;96;48;577.4;16.3;-2.9;D;811.1;7;87.259;2;2.03;182;216.92;-118.4850875;33.44395727;0;0;1;N;1.941156;60;60;11;82;82;204.5505;0;9999.99;5.79;5.917;2;9;24.6;0;24.6000003814697;33.83;1532.11396;07/13/16;16:30:48;22.85;51.42;33.83;-0.043;8.41;-82.6;1.2;-1.8;-2543;126.7;8.97;12.4;
33.4445760464419;-118.484528914397;16:33:49.55;7/13/2016;7;2.02;215.27;12.0453350093692;1.34;201;211.11;0.01;7.8;29.8;.00;5.77;5.77;96;50;577.3;16.3;-3;D;779.2;7;86.141;2;2.04;182;216.99;-118.4850875;33.44395727;0;0;1;N;1.812614;57;57;11;101;101;205.4229;0;9999.99;5.77;5.897;2;9;24.6;0;24.6000003814697;33.83;1532.11389;07/13/16;16:30:50;22.82;51.42;33.83;-0.060;8.42;-82.9;2.4;-3.3;-2147;126.7;8.97;12.5;
33.4445678967332;-118.484535189444;16:33:50.55;7/13/2016;7;1.919;215.97;12.0453350093692;1.34;207.2;217.64;-1.04;12.7;29.8;.00;5.62;5.62;96;50;577.3;16.3;-3;D;779.2;7;85.067;2;2.07;182;217.04;-118.4850875;33.44395727;0;0;1;N;1.703223;51;51;11;81;81;206.1705;0;9999.99;5.61;5.739791;2;9;24.6;0;24.6000003814697;33.83;1532.11389;07/13/16;16:30:50;22.82;51.42;33.83;-0.060;8.42;-82.9;2.4;-3.3;-2147;126.7;8.97;12.5;
33.4445622020421;-118.484540432681;16:33:51.55;7/13/2016;7;1.76;217.91;12.0453350093692;1.34;208.3;218.8;1.15;4.14;29.7;.00;5.81;5.81;96;50;577.3;16.3;-3;D;779.2;7;84.268;2;2.03;182;217.04;-118.4850875;33.44395727;0;0;1;N;1.699919;64;64;11;74;74;206.2661;0;9999.99;5.81;5.937;2;9;24.6;0;24.6000003814697;33.81;1532.0923;07/13/16;16:30:52;22.79;51.40;33.81;0.001;8.42;-82.9;1.0;-3.4;-1550;126.7;8.98;12.4;
33.4445526977279;-118.484546996056;16:33:52.55;7/13/2016;7;2.041;213.75;12.0453350093692;1.34;208.6;219.11;-0.23;5.89;29.7;.00;5.61;5.62;96;48;577.3;16.3;-2.9;D;806.4;7;83.058;2;2.03;182;217.14;-118.4850875;33.44395727;0;0;1;N;1.516558;57;57;11;90;90;207.4552;0;9999.99;5.62;5.742855;2;9;24.6;0;24.6000003814697;33.81;1532.0923;07/13/16;16:30:52;22.79;51.40;33.81;0.001;8.42;-82.9;1.0;-3.4;-1550;126.7;8.98;12.4;
33.4445447864013;-118.484553159068;16:33:53.55;7/13/2016;7;1.913;214.74;12.0453350093692;1.34;207.4;217.85;-0.09;6.72;29.8;.00;5.64;5.64;96;48;577.3;16.3;-2.9;D;806.4;7;82.012;2;2.02;182;217.2;-118.4850875;33.44395727;0;0;1;N;1.422486;56;56;11;88;88;208.1069;0;9999.99;5.64;5.765223;2;9;24.6;0;24.6000003814697;33.81;1532.09219;07/13/16;16:30:54;22.76;51.40;33.81;-0.027;8.42;-82.8;1.1;-4.5;-1067;126.8;8.99;12.4;
33.4445373531059;-118.484559935665;16:33:54.55;7/13/2016;7;1.979;217.68;12.0453350093692;1.34;207.2;217.64;0;12.4;29.8;.00;5.77;5.77;96;48;577.3;16.3;-2.9;D;806.4;7;80.973;2;2.02;182;217.19;-118.4850875;33.44395727;0;0;1;N;1.404634;57;57;11;89;89;208.231;0;9999.99;5.77;5.897;2;9;24.6;0;24.6000003814697;33.81;1532.09219;07/13/16;16:30:54;22.76;51.40;33.81;-0.027;8.42;-82.8;1.1;-4.5;-1067;126.8;8.99;12.4;
33.4445313864926;-118.484568381482;16:33:55.55;7/13/2016;7;1.963;222.04;12.0453350093692;1.34;206.5;216.9;-0.43;11.8;29.7;.00;5.79;5.79;96;48;577.3;16.3;-2.9;D;806.4;7;79.971;2;2.04;182;217.03;-118.4850875;33.44395727;0;0;1;N;1.611472;55;55;11;82;82;206.8005;0;9999.99;5.79;5.917;2;9;24.6;0;24.6000003814697;33.83;1532.11387;07/13/16;16:30:56;22.73;51.42;33.83;-0.057;8.40;-82.0;1.4;-2.5;-2661;126.7;8.99;12.4;
33.4445241992109;-118.484577676215;16:33:56.58;7/13/2016;7;1.914;225.86;12.0453350093692;1.34;209.1;219.64;0.89;6.99;29.7;.00;5.83;5.84;96;49;577.2;16.3;-3;D;797.8;7;78.814;2;2.06;182;216.88;-118.4850875;33.44395727;0;0;1;N;1.795095;62;62;11;71;71;205.5424;0;9999.99;5.84;5.967;2;9;24.6;0;24.6000003814697;33.83;1532.11388;07/13/16;16:30:57;22.71;51.43;33.83;-0.026;8.40;-82.0;1.7;-1.2;-4338;126.7;8.99;12.4;
33.4445175870612;-118.484583359428;16:33:57.59;7/13/2016;7;1.994;219.73;12.0453350093692;1.34;209.9;220.48;0.08;4.72;29.7;.00;5.82;5.82;96;49;577.2;16.3;-3;D;797.8;7;77.910;2;2.05;182;216.9;-118.4850875;33.44395727;0;0;1;N;1.757003;57;57;11;73;73;205.8024;0;9999.99;5.82;5.947;2;9;24.6;0;24.6000003814697;33.86;1532.1464;07/13/16;16:30:58;22.71;51.47;33.86;-0.094;8.40;-81.8;1.4;-8.0;-4369;126.6;8.98;12.2;
33.4445094438187;-118.484590011963;16:33:58.59;7/13/2016;7;1.971;219.98;12.0453350093692;1.34;208.2;218.69;0.65;4.71;29.8;.00;5.80;5.80;96;49;577.2;16.3;-3;D;797.8;7;76.815;2;2.03;182;216.94;-118.4850875;33.44395727;0;0;1;N;1.682074;61;61;11;77;77;206.3156;0;9999.99;5.81;5.937;2;9;24.6;0;24.6000003814697;33.84;1532.12485;07/13/16;16:30:59;22.72;51.45;33.84;-0.027;8.38;-81.0;1.6;-3.1;-2683;126.4;8.97;12.4;
33.4445025445171;-118.484596704773;16:33:59.59;7/13/2016;7;1.925;220.36;12.0453350093692;1.34;208.9;219.43;0.08;3.81;29.8;.00;5.66;5.67;96;50;577.2;16.3;-3;D;782.4;7;75.829;2;2.05;182;216.91;-118.4850875;33.44395727;0;0;1;N;1.690816;57;57;11;74;74;206.2555;0;9999.99;5.67;5.792563;2;9;24.6;0;24.6000003814697;33.84;1532.12472;07/13/16;16:31:00;22.72;51.44;33.84;-0.076;8.39;-81.5;0.5;-2.9;779;126.2;8.95;12.3;
33.4444942904654;-118.484604440762;16:34:00.61;7/13/2016;7;1.895;219.53;12.0453350093692;1.34;209.5;220.06;-0.08;7.19;29.8;.00;5.71;5.71;96;50;577.2;16.3;-3;D;782.4;7;74.664;2;2.05;182;216.89;-118.4850875;33.44395727;0;0;1;N;1.682199;57;57;11;72;72;206.3146;0;9999.99;5.71;5.835329;2;9;24.6;0;24.6000003814697;33.83;1532.11386;07/13/16;16:31:01;22.71;51.42;33.83;-0.079;8.40;-81.6;1.3;-7.6;-2780;126.0;8.94;12.3;
33.4444872647853;-118.484611675943;16:34:01.61;7/13/2016;7;2.014;222.76;12.0453350093692;1.34;207.4;217.85;0;13.3;29.7;.00;5.78;5.78;96;50;577.2;16.3;-3;D;782.4;7;73.636;2;2.03;182;216.84;-118.4850875;33.44395727;0;0;1;N;1.731537;57;57;11;80;80;205.9767;0;9999.99;5.78;5.907;2;9;24.6;0;24.6000003814697;33.84;1532.12485;07/13/16;16:31:02;22.70;51.44;33.84;-0.075;8.40;-82.0;1.7;1.8;-75;125.9;8.93;12.3;
33.4444809248348;-118.484618265746;16:34:02.63;7/13/2016;7;2.012;223.46;12.0453350093692;1.34;209.8;220.38;-0.85;7.78;29.7;.00;5.80;5.80;96;50;577.2;16.3;-3;D;782.4;7;72.705;2;2.05;182;216.79;-118.4850875;33.44395727;0;0;1;N;1.774799;52;52;11;68;68;205.681;0;9999.99;5.79;5.917;2;9;24.6;0;24.6000003814697;33.84;1532.1246;07/13/16;16:31:03;22.69;51.44;33.84;-0.069;8.39;-81.6;1.6;-1.4;-3129;125.7;8.92;12.3;
33.4444717147659;-118.484626148647;16:34:03.69;7/13/2016;7;2.052;220.19;12.0453350093692;1.34;212;222.7;0.66;6.65;29.8;.00;5.77;5.78;96;48;577.1;16.3;-2.9;D;805.1;7;71.447;2;2.07;182;216.81;-118.4850875;33.44395727;0;0;1;N;1.710502;59;59;11;62;62;206.1206;0;9999.99;5.77;5.897;2;9;24.5;0;24.6000003814697;33.85;1532.13541;07/13/16;16:31:04;22.69;51.45;33.85;-0.023;8.40;-82.1;1.4;-3.8;-3515;125.6;8.91;12.2;
33.4444634839163;-118.484633546688;16:34:04.69;7/13/2016;7;2.003;219.95;12.0453350093692;1.34;210.7;221.33;0.85;3.8;29.7;.00;5.80;5.80;96;48;577.1;16.3;-2.9;D;805.1;7;70.303;2;2.08;182;216.81;-118.4850875;33.44395727;0;0;1;N;1.683389;62;62;11;67;67;206.3064;0;9999.99;5.80;5.927;2;9;24.5;0;24.5;33.84;1531.88107;07/13/16;16:31:05;22.69;51.44;33.84;-0.064;8.40;-82.0;1.7;-3.6;-1485;125.5;8.90;12.5;
33.4444557311123;-118.484640836282;16:34:05.69;7/13/2016;7;2;219.75;12.0453350093692;1.34;208.6;219.11;0.78;8.7;29.7;.00;5.52;5.52;96;48;577.1;16.3;-2.9;D;805.1;7;69.207;2;2.1;182;216.79;-118.4850875;33.44395727;0;0;1;N;1.690225;62;62;11;76;76;206.2596;0;9999.99;5.52;5.645527;2;9;24.5;0;24.5;33.85;1531.89194;07/13/16;16:31:06;22.69;51.45;33.85;-0.090;8.40;-81.6;1.9;-2.9;-1897;125.3;8.89;12.3;
33.4444494973229;-118.484648299671;16:34:06.70;7/13/2016;6;1.958;221.87;12.0453350093692;1.74;206.2;216.59;0.45;10.7;29.7;.00;5.68;5.69;96;49;577.1;16.3;-3;D;788.4;7;68.238;2;2.13;182;216.67;-118.4850875;33.44395727;0;0;1;N;1.809252;61;61;11;90;90;205.4461;0;9999.99;5.69;5.817;2;9;24.5;0;24.5;33.85;1531.89213;07/13/16;16:31:07;22.69;51.45;33.85;-0.047;8.39;-81.5;1.7;-4.5;-1424;125.2;8.89;12.3;
33.4444437509954;-118.484658117764;16:34:07.70;7/13/2016;7;2.055;229.13;12.0453350093692;1.34;207.6;218.06;0.6;8.5;29.7;.00;5.68;5.69;96;49;577.1;16.3;-3;D;788.4;7;67.182;2;2.18;182;216.37;-118.4850875;33.44395727;0;0;1;N;2.126585;61;61;11;68;68;203.3031;0;28.47;5.69;34.287;2;9;24.5;0;24.5;33.86;1531.90292;07/13/16;16:31:08;22.70;51.47;33.86;-0.056;8.40;-81.6;1.4;-2.5;-2204;125.1;8.87;12.3;
33.4444363615444;-118.48466634677;16:34:08.70;7/13/2016;7;2.001;226.62;12.0453350093692;1.34;205.8;216.16;0.62;8.2;29.7;.00;5.60;5.60;96;49;577.1;16.3;-3;D;788.4;7;66.068;2;2.14;182;216.26;-118.4850875;33.44395727;0;0;1;N;2.224472;61;61;11;73;73;202.6504;0;9999.99;5.60;5.727011;2;9;24.5;0;24.5;33.86;1531.90276;07/13/16;16:31:09;22.72;51.46;33.86;-0.073;8.39;-81.6;2.2;-2.9;-4724;124.9;8.86;12.3;
33.4444287200914;-118.484672612222;16:34:09.72;7/13/2016;7;2.026;221.4;12.0453350093692;1.34;206.1;216.48;-0.15;7.73;29.7;.00;5.54;5.55;96;49;577.1;16.3;-3;D;788.4;7;65.039;2;2.13;182;216.29;-118.4850875;33.44395727;0;0;1;N;2.156553;58;58;11;70;70;203.1029;0;9999.99;5.54;5.669752;2;9;24.5;0;24.5;33.85;1531.89208;07/13/16;16:31:10;22.72;51.46;33.85;-0.080;8.40;-81.7;1.4;0.3;-5346;124.8;8.85;12.4;
33.4444209018223;-118.484679376102;16:34:10.72;7/13/2016;7;2.066;218.72;12.0453350093692;1.34;206;216.37;0.29;8;29.7;.00;5.63;5.63;96;49;577.1;16.3;-3;D;799.9;7;63.967;2;2.09;181;216.3;-118.4850875;33.44395727;0;0;1;N;2.11554;57;57;11;70;70;203.377;0;9999.99;5.63;5.757;2;9;24.5;0;24.5;33.84;1531.88119;07/13/16;16:31:11;22.73;51.44;33.84;-0.079;8.40;-81.7;1.2;-0.8;-1625;124.7;8.84;12.3;
33.4444134930492;-118.484686244763;16:34:11.72;7/13/2016;7;1.913;218.61;12.0453350093692;1.34;205.8;216.16;0.34;9.5;29.6;.00;5.54;5.55;96;49;577.1;16.3;-3;D;799.9;7;62.926;2;2.08;181;216.27;-118.4850875;33.44395727;0;0;1;N;2.110988;60;60;11;74;74;203.4076;0;9999.99;5.55;5.677;2;9;24.5;0;24.5;33.83;1531.87044;07/13/16;16:31:12;22.72;51.42;33.83;-0.085;8.41;-82.2;2.0;-2.7;-2118;124.6;8.84;12.3;
33.4444055243069;-118.484693592994;16:34:12.72;7/13/2016;7;2.004;220.57;12.0453350093692;1.34;204.1;214.37;-0.49;9.1;29.6;.00;5.39;5.40;96;49;577.1;16.3;-3;D;799.9;7;61.808;2;2.07;181;216.25;-118.4850875;33.44395727;0;0;1;N;2.102521;54;54;11;83;83;203.4642;0;9999.99;5.39;5.517;2;9;24.5;0;24.5;33.84;1531.88128;07/13/16;16:31:13;22.71;51.44;33.84;-0.069;8.41;-82.4;1.1;-1.4;-2770;124.5;8.83;12.3;
33.4443976045141;-118.484699803713;16:34:13.72;7/13/2016;7;2.044;215.37;12.0453350093692;1.34;202.5;212.69;0.49;5.85;29.6;.00;5.35;5.35;96;46;577.0;16.3;-2.8;D;842.8;7;60.757;2;2.09;181;216.3;-118.4850875;33.44395727;0;0;1;N;2.01088;58;58;11;95;95;204.0799;0;9999.99;5.34;5.469178;2;9;24.5;0;24.5;33.85;1531.89195;07/13/16;16:31:14;22.72;51.45;33.85;-0.054;8.40;-81.7;1.0;-3.5;-1710;124.5;8.83;12.3;
33.444389714248;-118.484705811394;16:34:14.73;7/13/2016;7;1.848;215.03;12.0453350093692;1.34;206.7;217.11;0.03;7.62;29.7;.00;5.38;5.38;96;46;577.0;16.3;-2.8;D;842.8;7;59.720;2;2.03;181;216.37;-118.4850875;33.44395727;0;0;1;N;1.902753;57;57;11;82;82;204.8105;0;9999.99;5.38;5.506305;2;9;24.5;0;24.5;33.87;1531.91357;07/13/16;16:31:15;22.73;51.48;33.87;-0.064;8.41;-82.2;0.9;-3.4;-2053;124.5;8.83;12.3;
33.4443824339608;-118.484711840277;16:34:15.75;7/13/2016;7;1.955;215.97;12.0453350093692;1.34;204.5;214.8;-0.42;9.2;29.7;.00;5.39;5.40;96;46;577.0;16.3;-2.8;D;842.8;7;58.736;2;2.01;181;216.4;-118.4850875;33.44395727;0;0;1;N;1.843038;54;54;11;89;89;205.216;0;9999.99;5.39;5.517;2;9;24.5;0;24.5;33.86;1531.90295;07/13/16;16:31:16;22.74;51.46;33.86;-0.092;8.40;-82.2;1.5;-2.4;-1951;124.5;8.82;12.2;
33.4443744918679;-118.484719168359;16:34:16.75;7/13/2016;7;2.002;218.06;12.0453350093692;1.34;204.3;214.58;-0.08;12.1;29.6;.00;5.29;5.29;96;46;577.0;16.3;-2.8;D;842.8;7;57.622;2;2.02;181;216.38;-118.4850875;33.44395727;0;0;1;N;1.825413;58;58;11;82;82;205.3359;0;9999.99;5.29;5.417;2;9;24.5;0;24.5;33.86;1531.90301;07/13/16;16:31:17;22.75;51.47;33.86;-0.025;8.40;-82.0;1.2;-5.1;-1464;124.4;8.82;12.4;
33.4443668315567;-118.484724539991;16:34:17.77;7/13/2016;7;1.798;216.66;12.0453350093692;1.34;206.3;216.69;-0.44;6.06;29.6;.00;5.32;5.33;96;47;577.0;16.3;-2.8;D;831.1;7;56.641;2;2.03;181;216.48;-118.4850875;33.44395727;0;0;1;N;1.686701;54;54;11;85;85;206.2837;0;9999.99;5.32;5.447;2;9;24.5;0;24.5;33.85;1531.89223;07/13/16;16:31:18;22.76;51.45;33.85;-0.092;8.40;-82.0;1.6;-1.9;-422;124.4;8.82;12.3;
33.4443613498768;-118.484730684982;16:34:18.78;7/13/2016;7;1.889;220.6;12.0453350093692;1.34;207.7;218.17;0.29;5.52;29.6;.00;5.31;5.32;96;47;577.0;16.3;-2.8;D;831.1;7;55.812;2;1.95;181;216.38;-118.4850875;33.44395727;0;0;1;N;1.756745;59;59;11;78;78;205.8042;0;9999.99;5.31;5.437;2;9;24.5;0;24.5;33.86;1531.90305;07/13/16;16:31:19;22.77;51.47;33.86;-0.035;8.40;-82.1;1.2;1.8;-2918;124.4;8.82;12.4;
33.4443539208564;-118.484738170662;16:34:19.80;7/13/2016;7;1.948;217.57;12.0453350093692;1.34;207.8;218.27;0.39;6.58;29.6;.00;5.26;5.26;96;47;577.0;16.3;-2.8;D;831.1;7;54.735;2;1.9;181;216.31;-118.4850875;33.44395727;0;0;1;N;1.782787;60;60;11;75;75;205.6264;0;9999.99;5.26;5.387;2;9;24.5;0;24.5;33.85;1531.8919;07/13/16;16:31:20;22.79;51.45;33.85;-0.094;8.40;-82.0;1.1;-1.6;-1663;124.4;8.81;12.3;
33.4443469992553;-118.484743797173;16:34:20.80;7/13/2016;7;2.001;217.98;12.0453350093692;1.34;207.7;218.17;0.12;8.3;29.6;.00;5.15;5.16;96;48;576.9;16.3;-2.9;D;814.1;7;53.805;2;1.99;181;216.35;-118.4850875;33.44395727;0;0;1;N;1.726022;58;58;11;76;76;206.0142;0;9999.99;5.15;5.279521;2;9;24.5;0;24.5;33.83;1531.87036;07/13/16;16:31:21;22.79;51.43;33.83;-0.101;8.41;-82.3;1.4;-6.6;-647;124.4;8.82;12.4;
33.4443397418155;-118.484751399388;16:34:21.80;7/13/2016;7;1.947;221.23;12.0453350093692;1.34;208.1;218.59;-0.41;12.2;29.7;.00;5.19;5.19;96;48;576.9;16.3;-2.9;D;814.1;7;52.737;2;2;181;216.25;-118.4850875;33.44395727;0;0;1;N;1.787814;55;55;11;75;75;205.592;0;9999.99;5.19;5.317;2;9;24.5;0;24.5;33.85;1531.89205;07/13/16;16:31:22;22.79;51.46;33.85;-0.075;8.40;-81.8;1.4;-1.1;-1682;124.5;8.82;12.5;
33.4443327122616;-118.48475786928;16:34:22.80;7/13/2016;7;1.982;217.38;12.0453350093692;1.34;208.4;218.9;0.15;7.42;29.6;.00;5.18;5.18;96;48;576.9;16.3;-2.9;D;814.1;7;51.752;2;2;181;216.23;-118.4850875;33.44395727;0;0;1;N;1.773285;58;58;11;74;74;205.6911;0;9999.99;5.18;5.307;2;9;24.5;0;24.5;33.84;1531.88131;07/13/16;16:31:23;22.78;51.44;33.84;-0.076;8.41;-82.6;1.0;-2.5;-734;124.6;8.83;12.4;
33.4443257948748;-118.484762729177;16:34:23.80;7/13/2016;7;1.621;214.35;12.0453350093692;1.34;209.7;220.27;-0.27;7.08;29.6;.01;5.04;5.04;96;48;576.9;16.3;-2.9;D;814.1;7;50.865;2;1.96;181;216.33;-118.4850875;33.44395727;0;0;1;N;1.645651;55;55;11;67;67;206.5653;0;9999.99;5.03;5.158129;2;9;24.5;0;24.5;33.83;1531.87061;07/13/16;16:31:24;22.77;51.42;33.83;-0.044;8.41;-82.5;0.8;-1.7;-587;124.6;8.83;12.3;
33.4443189065582;-118.484768773325;16:34:24.80;7/13/2016;7;1.853;217.94;12.0453350093692;1.34;206.5;216.9;0.05;8.3;29.6;.00;5.09;5.09;96;47;576.9;16.3;-2.9;D;824.7;7;49.916;2;1.95;181;216.33;-118.4850875;33.44395727;0;0;1;N;1.618076;57;57;11;84;84;206.7549;0;9999.99;5.09;5.217;2;9;24.5;0;24.5;33.81;1531.84891;07/13/16;16:31:25;22.74;51.40;33.81;-0.098;8.41;-82.3;1.3;-1.6;76;124.5;8.83;12.4;
33.4443114562134;-118.484776055063;16:34:25.81;7/13/2016;7;1.891;217.37;12.0453350093692;1.34;209.7;220.27;-0.36;8.2;29.6;.01;5.04;5.05;96;47;576.9;16.3;-2.9;D;824.7;7;48.848;2;1.96;181;216.27;-118.4850875;33.44395727;0;0;1;N;1.635503;55;55;11;72;72;206.6351;0;9999.99;5.04;5.167;2;9;24.5;0;24.5;33.82;1531.85998;07/13/16;16:31:26;22.72;51.41;33.82;-0.074;8.41;-82.3;1.0;-4.4;-269;124.5;8.83;12.3;
33.4443043435018;-118.484784030175;16:34:26.88;7/13/2016;7;1.962;223.4;12.0453350093692;1.34;209.2;219.75;-0.22;10;29.7;.00;4.96;4.97;96;47;576.9;16.3;-2.9;D;824.7;7;47.773;2;2.02;181;216.11;-118.4850875;33.44395727;0;0;1;N;1.729953;56;56;11;72;72;205.9873;0;9999.99;4.97;5.097;2;9;24.5;0;24.5;33.83;1531.87085;07/13/16;16:31:27;22.70;51.42;33.83;-0.016;8.41;-82.4;1.6;-6.4;-2862;124.5;8.84;12.3;
33.4442966974045;-118.484793174332;16:34:27.89;7/13/2016;7;1.991;224.13;12.0453350093692;1.34;208.9;219.43;0.12;5.92;29.6;.00;4.83;4.83;96;48;576.8;16.3;-2.9;D;814.3;7;46.586;2;2.01;181;215.89;-118.4850875;33.44395727;0;0;1;N;1.866047;58;58;11;70;70;205.0595;0;9999.99;4.83;4.95278;2;9;24.5;0;24.5;33.86;1531.90267;07/13/16;16:31:29;22.68;51.46;33.86;-0.071;8.41;-82.6;0.5;-7.0;-3518;124.6;8.84;12.3;
33.4442897211621;-118.484800942137;16:34:28.89;7/13/2016;7;1.849;222.11;12.0453350093692;1.34;207.5;217.95;0.21;9.6;29.6;.00;4.93;4.93;96;48;576.8;16.3;-2.9;D;814.3;7;45.536;2;1.99;181;215.73;-118.4850875;33.44395727;0;0;1;N;1.959686;57;57;11;74;74;204.425;0;9999.99;4.93;5.057;2;9;24.5;0;24.5;33.86;1531.90267;07/13/16;16:31:29;22.68;51.46;33.86;-0.071;8.41;-82.6;0.5;-7.0;-3518;124.6;8.84;12.3;
33.4442819640193;-118.484808081046;16:34:29.89;7/13/2016;7;1.878;221;12.0453350093692;1.34;206.9;217.32;0.12;6.71;29.6;.00;4.88;4.88;96;48;576.8;16.3;-2.9;D;814.3;7;44.449;2;2.01;181;215.68;-118.4850875;33.44395727;0;0;1;N;1.947303;58;58;11;76;76;204.5087;0;9999.99;4.88;5.007;2;9;24.5;0;24.5;33.9;1531.94632;07/13/16;16:31:31;22.72;51.53;33.90;-0.071;8.42;-82.8;1.5;-4.2;-2412;124.7;8.84;12.4;
33.4442751674986;-118.484815177285;16:34:30.89;7/13/2016;7;1.976;220.22;12.0453350093692;1.34;205.1;215.43;0.43;6.59;29.6;.01;4.76;4.77;96;48;576.8;16.3;-2.9;D;814.3;7;43.451;2;1.96;181;215.56;-118.4850875;33.44395727;0;0;1;N;1.996095;60;60;11;82;82;204.1792;0;9999.99;4.76;4.885943;2;9;24.5;0;24.5;33.9;1531.94632;07/13/16;16:31:31;22.72;51.53;33.90;-0.071;8.42;-82.8;1.5;-4.2;-2412;124.7;8.84;12.4;
33.4442671739732;-118.484823149672;16:34:31.91;7/13/2016;7;2.025;221.75;12.0453350093692;1.34;202.1;212.27;0.71;14.6;29.6;.00;4.76;4.77;96;48;576.8;16.3;-2.9;D;810.9;7;42.298;2;2;181;215.44;-118.4850875;33.44395727;0;0;1;N;2.034655;61;61;11;94;94;203.9195;0;9999.99;4.77;4.897;2;9;24.5;0;24.5;33.87;1531.91398;07/13/16;16:31:33;22.80;51.48;33.87;-0.087;8.41;-82.5;0.9;-0.6;-2525;124.8;8.84;12.4;
33.4442587613099;-118.484829844896;16:34:32.91;7/13/2016;7;2.077;217.67;12.0453350093692;1.34;203.1;213.32;0.12;9.4;29.5;.00;4.64;4.64;96;48;576.8;16.3;-2.9;D;810.9;7;41.175;2;2.05;181;215.49;-118.4850875;33.44395727;0;0;1;N;1.942157;58;58;11;92;92;204.5434;0;9999.99;4.65;4.774077;2;9;24.5;0;24.5;33.87;1531.91398;07/13/16;16:31:33;22.80;51.48;33.87;-0.087;8.41;-82.5;0.9;-0.6;-2525;124.8;8.84;12.4;
33.4442506363935;-118.484836089685;16:34:33.95;7/13/2016;7;1.94;216.08;12.0453350093692;1.34;203.5;213.74;0.24;4.74;29.5;.00;4.65;4.65;96;48;576.8;16.3;-2.9;D;810.9;7;40.103;2;2.02;181;215.57;-118.4850875;33.44395727;0;0;1;N;1.843495;57;57;11;94;94;205.2126;0;9999.99;4.64;4.769261;2;9;24.5;0;24.5;33.82;1531.85944;07/13/16;16:31:35;22.81;51.41;33.82;-0.027;8.41;-82.7;0.9;-4.3;-1772;124.8;8.84;12.3;
33.4442426827869;-118.484842580532;16:34:34.97;7/13/2016;7;1.884;216.12;12.0453350093692;1.34;206.7;217.11;0.43;7.71;29.5;.00;4.72;4.72;96;47;576.8;16.3;-2.8;D;829.6;7;39.034;2;2.01;181;215.6;-118.4850875;33.44395727;0;0;1;N;1.760584;59;59;11;77;77;205.7777;0;9999.99;4.72;4.847;2;9;24.5;0;24.5;33.82;1531.85944;07/13/16;16:31:35;22.81;51.41;33.82;-0.027;8.41;-82.7;0.9;-4.3;-1772;124.8;8.84;12.3;
33.4442352314017;-118.484849824182;16:34:35.97;7/13/2016;7;2.115;219;12.0453350093692;1.34;206.7;217.11;-0.69;8.5;29.5;.00;4.66;4.67;96;47;576.8;16.3;-2.8;D;829.6;7;37.969;2;2.02;181;215.51;-118.4850875;33.44395727;0;0;1;N;1.781955;53;53;11;81;81;205.6317;0;9999.99;4.67;4.797;2;9;24.5;0;24.5;33.85;1531.89213;07/13/16;16:31:37;22.77;51.46;33.85;-0.018;8.41;-82.4;0.7;-5.9;-561;124.9;8.85;12.3;
33.4442287926389;-118.484855770176;16:34:36.97;7/13/2016;7;1.913;217.88;12.0453350093692;1.34;205.3;215.64;-0.38;9.7;29.5;.00;4.52;4.52;96;47;576.8;16.3;-2.8;D;829.6;7;37.066;2;2.06;181;215.46;-118.4850875;33.44395727;0;0;1;N;1.775334;55;55;11;87;87;205.6769;0;9999.99;4.52;4.646002;2;9;24.5;0;24.5;33.85;1531.89213;07/13/16;16:31:37;22.77;51.46;33.85;-0.018;8.41;-82.4;0.7;-5.9;-561;124.9;8.85;12.3;
33.4442230155825;-118.484862296653;16:34:37.97;7/13/2016;8;1.848;220;12.0453350093692;1.34;204;214.27;1.09;5.57;29.5;.00;4.58;4.59;96;47;576.8;16.3;-2.8;D;829.6;7;36.191;2;2;181;215.27;-118.4850875;33.44395727;0;0;1;N;1.85184;64;64;11;95;95;205.1557;0;9999.99;4.58;4.707;2;9;24.5;0;24.5;33.83;1531.87025;07/13/16;16:31:39;22.75;51.43;33.83;-0.138;8.41;-82.2;1.5;-3.7;-2380;125.0;8.86;12.4;
33.4442162925722;-118.484869618911;16:34:38.97;7/13/2016;7;1.85;219.54;12.0453350093692;1.34;207.7;218.17;-1.25;10.1;29.5;.00;4.54;4.54;95;46;576.7;16.3;-2.8;D;842.7;7;35.189;2;1.96;181;215.06;-118.4850875;33.44395727;0;0;1;N;1.909044;49;49;11;66;66;204.7675;0;9999.99;4.54;4.667;2;9;24.5;0;24.5;33.83;1531.87025;07/13/16;16:31:39;22.75;51.43;33.83;-0.138;8.41;-82.2;1.5;-3.7;-2380;125.0;8.86;12.4;
33.4442087683222;-118.484875197414;16:34:39.97;7/13/2016;7;1.895;216.85;12.0453350093692;1.34;208.2;218.69;0.55;6.62;29.5;.00;4.53;4.53;95;46;576.7;16.3;-2.8;D;842.7;7;34.207;2;1.94;181;215.16;-118.4850875;33.44395727;0;0;1;N;1.806973;59;59;11;75;75;205.4611;0;9999.99;4.52;4.647;2;9;24.5;0;24.5;33.84;1531.88134;07/13/16;16:31:41;22.72;51.43;33.84;-0.042;8.41;-82.6;1.2;-2.5;-2178;125.0;8.86;12.4;
33.4442008859209;-118.484882938764;16:34:41.06;7/13/2016;7;1.918;218.5;12.0453350093692;1.34;207.7;218.17;0.13;9;29.5;.00;4.46;4.47;95;46;576.7;16.3;-2.8;D;842.7;7;33.077;2;1.93;181;215.02;-118.4850875;33.44395727;0;0;1;N;1.832889;58;58;11;75;75;205.2846;0;46.64;4.47;51.237;2;9;24.5;0;24.5;33.84;1531.88134;07/13/16;16:31:41;22.72;51.43;33.84;-0.042;8.41;-82.6;1.2;-2.5;-2178;125.0;8.86;12.4;
33.4441941152026;-118.484890519965;16:34:42.08;7/13/2016;7;1.94;221.23;12.0453350093692;1.34;205.7;216.06;1.67;8.6;29.5;.00;4.33;4.34;95;47;576.7;16.3;-2.9;D;821.9;7;32.057;2;1.98;181;214.76;-118.4850875;33.44395727;0;0;1;N;1.923595;67;67;11;81;81;204.6688;0;9999.99;4.33;4.461659;2;9;24.5;0;24.5;33.78;1531.81623;07/13/16;16:31:43;22.67;51.35;33.78;-0.092;8.41;-82.7;-0.1;0.8;-2467;125.0;8.88;12.4;
33.4441884490261;-118.484898248847;16:34:43.11;7/13/2016;7;1.846;223.26;12.0453350093692;1.34;203.1;213.32;-0.32;11;29.5;.00;4.33;4.33;95;49;576.7;16.3;-3;D;792;7;31.131;2;1.95;181;214.34;-118.4850875;33.44395727;0;0;1;N;2.094634;55;55;11;81;81;203.5164;0;9999.99;4.34;4.467;2;9;24.4;0;24.5;33.78;1531.81623;07/13/16;16:31:43;22.67;51.35;33.78;-0.092;8.41;-82.7;-0.1;0.8;-2467;125.0;8.88;12.4;
33.4441800216031;-118.484906633415;16:34:44.13;7/13/2016;7;2;223.05;12.0453350093692;1.34;205.2;215.53;-0.94;9.9;29.5;.00;4.24;4.24;95;49;576.7;16.3;-3;D;792;7;29.919;2;1.99;181;214.12;-118.4850875;33.44395727;0;0;1;N;2.125045;51;51;11;78;78;203.3127;0;9999.99;4.23;4.361705;2;9;24.5;0;24.5;33.86;1531.90297;07/13/16;16:31:45;22.63;51.47;33.86;-0.027;8.41;-82.2;0.6;-1.4;-416;125.1;8.89;12.4;
33.4441707151557;-118.484913559804;16:34:45.14;7/13/2016;7;1.996;216.91;12.0453350093692;1.34;206.1;216.48;0.35;9.1;29.5;.01;4.36;4.36;95;49;576.7;16.3;-3;D;792;7;28.702;2;2.03;181;214.22;-118.4850875;33.44395727;0;0;1;N;1.993879;57;57;11;77;77;204.1938;0;9999.99;4.35;4.477;2;9;24.5;0;24.5;33.86;1531.90297;07/13/16;16:31:45;22.63;51.47;33.86;-0.027;8.41;-82.2;0.6;-1.4;-416;125.1;8.89;12.4;
33.4441616092084;-118.484920909923;16:34:46.16;7/13/2016;7;2.006;217.02;12.0453350093692;1.34;206.2;216.59;-0.85;9.1;29.5;.01;4.36;4.36;95;47;576.6;16.3;-2.8;D;835;7;27.481;2;2.07;181;214.23;-118.4850875;33.44395727;0;0;1;N;1.906483;52;52;11;80;80;204.7844;0;3.10;4.36;7.587;2;9;24.5;0;24.5;33.87;1531.91405;07/13/16;16:31:47;22.70;51.48;33.87;-0.059;8.42;-83.0;1.1;-2.5;-1159;125.2;8.88;12.3;
33.4441540747444;-118.484927143717;16:34:47.17;7/13/2016;7;2.012;214.47;12.0453350093692;1.34;203.9;214.16;0.64;7.36;29.5;.01;4.32;4.32;95;47;576.6;16.3;-2.8;D;835;7;26.463;2;2.06;181;214.21;-118.4850875;33.44395727;0;0;1;N;1.85112;61;61;11;91;91;205.1602;0;9999.99;4.31;4.437;2;9;24.4;0;24.5;33.87;1531.91405;07/13/16;16:31:47;22.70;51.48;33.87;-0.059;8.42;-83.0;1.1;-2.5;-1159;125.2;8.88;12.3;
33.4441473219508;-118.484933570206;16:34:48.17;7/13/2016;7;1.906;218.6;12.0453350093692;1.34;206;216.37;-0.24;9.3;29.5;.00;4.21;4.22;95;47;576.6;16.3;-2.8;D;835;7;25.507;2;2.03;181;214.05;-118.4850875;33.44395727;0;0;1;N;1.850375;58;58;11;89;89;205.1654;0;9999.99;4.22;4.347;2;9;24.4;0;24.3999996185303;33.83;1531.62618;07/13/16;16:31:49;22.72;51.43;33.83;-0.052;8.41;-82.7;0.6;-5.3;-1137;125.3;8.89;12.3;
33.4441401765572;-118.484939927184;16:34:49.17;7/13/2016;7;1.787;216.77;12.0453350093692;1.34;207.9;218.38;-0.95;5.48;29.5;.00;4.22;4.22;95;47;576.6;16.3;-2.8;D;835;7;24.518;2;2.01;181;213.95;-118.4850875;33.44395727;0;0;1;N;1.81622;50;50;11;81;81;205.3978;0;9999.99;4.22;4.347;2;9;24.4;0;24.3999996185303;33.83;1531.62618;07/13/16;16:31:49;22.72;51.43;33.83;-0.052;8.41;-82.7;0.6;-5.3;-1137;125.3;8.89;12.3;
33.4441318157929;-118.484946263757;16:34:50.17;7/13/2016;7;1.949;213.91;12.0453350093692;1.34;208.6;219.11;0.67;5.74;29.5;.00;4.20;4.21;95;46;576.6;16.3;-2.8;D;847.3;7;23.419;2;1.98;181;214.03;-118.4850875;33.44395727;0;0;1;N;1.701144;61;61;11;75;75;206.1839;0;9999.99;4.20;4.327;2;9;24.4;0;24.3999996185303;33.83;1531.62592;07/13/16;16:31:51;22.71;51.42;33.83;-0.096;8.42;-83.0;0.5;-1.3;-2479;125.6;8.91;12.3;
33.4441248404862;-118.484953699236;16:34:51.17;7/13/2016;7;1.902;218.12;12.0453350093692;1.34;207.4;217.85;-0.38;6.72;29.4;.00;4.16;4.16;95;46;576.6;16.3;-2.8;D;847.3;7;22.390;2;1.98;181;213.67;-118.4850875;33.44395727;0;0;1;N;1.769422;56;56;11;81;81;205.7167;0;9999.99;4.16;4.287;2;9;24.4;0;24.3999996185303;33.83;1531.62592;07/13/16;16:31:51;22.71;51.42;33.83;-0.096;8.42;-83.0;0.5;-1.3;-2479;125.6;8.91;12.3;
33.4441192941861;-118.48496121699;16:34:52.17;7/13/2016;7;1.828;222.88;12.0453350093692;1.34;208.3;218.8;0.63;4.32;29.5;.01;4.12;4.13;95;46;576.6;16.3;-2.8;D;847.3;7;21.492;2;1.98;181;213.04;-118.4850875;33.44395727;0;0;1;N;1.934783;57;57;11;77;77;204.5927;0;9999.99;4.12;4.247;2;9;24.4;0;24.3999996185303;33.82;1531.61554;07/13/16;16:31:53;22.68;51.41;33.82;0.030;8.43;-83.4;0.0;1.1;-1022;125.8;8.93;12.4;
33.4441123513017;-118.484968469649;16:34:53.17;7/13/2016;7;2.019;220.1;12.0453350093692;1.34;206.5;216.9;-0.54;13.5;29.5;.00;4.06;4.07;95;48;576.5;16.3;-2.9;D;817.5;7;20.478;2;2.01;181;212.64;-118.4850875;33.44395727;0;0;1;N;1.985776;59;59;11;72;72;204.248;0;9999.99;4.07;4.197;2;9;24.4;0;24.3999996185303;33.82;1531.61554;07/13/16;16:31:53;22.68;51.41;33.82;0.030;8.43;-83.4;0.0;1.1;-1022;125.8;8.93;12.4;
33.4441027984844;-118.484975460388;16:34:54.19;7/13/2016;7;1.995;215.72;12.0453350093692;1.34;206.2;216.59;-0.62;8.5;29.4;.01;4.01;4.01;95;48;576.5;16.3;-2.9;D;817.5;7;19.234;2;1.99;181;212.72;-118.4850875;33.44395727;0;0;1;N;1.841142;53;53;11;82;82;205.2278;0;9999.99;4.00;4.124389;2;9;24.4;0;24.3999996185303;33.84;1531.6373;07/13/16;16:31:55;22.65;51.43;33.84;0.021;8.43;-83.5;1.0;-1.7;-2501;126.1;8.96;12.4;
33.4440953843629;-118.484982043026;16:34:55.20;7/13/2016;7;1.968;215.71;12.0453350093692;1.34;207.4;217.85;1.83;6.19;29.4;.00;4.02;4.03;95;46;576.5;16.3;-2.8;D;839.5;7;18.210;2;2.03;181;212.5;-118.4850875;33.44395727;0;0;1;N;1.806048;68;68;11;77;77;205.4669;0;9999.99;4.02;4.147;2;9;24.4;0;24.3999996185303;33.84;1531.6373;07/13/16;16:31:55;22.65;51.43;33.84;0.021;8.43;-83.5;1.0;-1.7;-2501;126.1;8.96;12.4;
33.4440883385111;-118.484988710847;16:34:56.22;7/13/2016;7;1.931;219.56;12.0453350093692;1.34;206.8;217.22;-1.58;8.8;29.5;.00;4.04;4.05;95;46;576.5;16.3;-2.8;D;839.5;7;17.217;2;2;181;212.17;-118.4850875;33.44395727;0;0;1;N;1.810124;48;48;11;80;80;205.4388;0;9999.99;4.06;4.187;2;9;24.4;0;24.3999996185303;33.85;1531.64777;07/13/16;16:31:57;22.65;51.45;33.85;-0.070;8.43;-83.4;0.7;2.1;-2642;126.5;8.98;12.4;
33.4440794752367;-118.484996234186;16:34:57.23;7/13/2016;7;2.109;216.72;12.0453350093692;1.34;209.1;219.64;0.88;7.57;29.4;.01;3.93;3.94;95;46;576.5;16.3;-2.8;D;839.5;7;16.012;2;2.03;181;211.93;-118.4850875;33.44395727;0;0;1;N;1.747467;60;60;11;72;72;205.8665;0;9999.99;3.92;4.047;2;9;24.4;0;24.3999996185303;33.85;1531.64798;07/13/16;16:31:58;22.65;51.45;33.85;0.061;8.43;-83.8;0.8;-3.3;990;126.6;8.99;12.5;
33.4440724258903;-118.485003955655;16:34:58.23;7/13/2016;7;1.843;219.66;12.0453350093692;1.34;207.5;217.95;-0.13;6.65;29.5;.00;3.94;3.94;95;48;576.5;16.3;-2.9;D;810.5;7;14.969;2;2.03;181;211.19;-118.4850875;33.44395727;0;0;1;N;1.828254;56;56;11;76;76;205.3153;0;9999.99;3.95;4.077;2;9;24.4;0;24.3999996185303;33.85;1531.64786;07/13/16;16:31:59;22.67;51.45;33.85;-0.123;8.43;-83.7;0.9;-6.3;-1900;126.8;9.00;12.3;
33.4440663746797;-118.485011537494;16:34:59.23;7/13/2016;7;1.988;222.75;12.0453350093692;1.34;208;218.48;-1.1;6.36;29.5;.00;3.94;3.94;95;48;576.5;16.3;-2.9;D;810.5;7;14.031;2;2;181;210.15;-118.4850875;33.44395727;0;0;1;N;1.960969;50;50;11;71;71;204.4152;0;9999.99;3.94;4.067;2;9;24.4;0;24.3999996185303;33.85;1531.64786;07/13/16;16:31:59;22.67;51.45;33.85;-0.123;8.43;-83.7;0.9;-6.3;-1900;126.8;9.00;12.3;
33.4440599433814;-118.485019519812;16:35:00.25;7/13/2016;7;2.057;223.51;12.0453350093692;1.34;206.8;217.22;0.53;8.9;29.5;.00;3.94;3.94;95;48;576.5;16.3;-2.9;D;810.5;7;13.044;2;2.02;181;208.92;-118.4850875;33.44395727;0;0;1;N;2.104761;60;60;11;72;72;203.4479;0;9999.99;3.93;4.057;2;9;24.4;0;24.3999996185303;33.86;1531.65886;07/13/16;16:32:01;22.69;51.47;33.86;-0.031;8.43;-83.6;1.0;-4.6;-840;127.1;9.02;12.5;
33.4440510898011;-118.485028165137;16:35:01.28;7/13/2016;7;2.135;223.69;12.0453350093692;1.34;206.3;216.69;0.78;4.33;29.5;.00;3.83;3.83;95;48;576.5;16.3;-2.9;D;810.5;7;11.796;2;2.05;181;207.82;-118.4850875;33.44395727;0;0;1;N;2.130038;62;62;11;73;73;203.2786;0;9999.99;3.84;3.967;2;9;24.4;0;24.3999996185303;33.86;1531.65886;07/13/16;16:32:01;22.69;51.47;33.86;-0.031;8.43;-83.6;1.0;-4.6;-840;127.1;9.02;12.5;
33.4440424340212;-118.485034190886;16:35:02.30;7/13/2016;7;2.011;218.92;12.0453350093692;1.34;206.5;216.9;0.57;8.1;29.4;.00;3.84;3.84;95;48;576.4;16.3;-2.9;D;808.3;7;10.684;2;2.05;181;207.58;-118.4850875;33.44395727;0;0;1;N;1.974834;60;60;11;77;77;204.3219;0;9999.99;3.85;3.977;2;9;24.4;0;24.3999996185303;33.85;1531.64754;07/13/16;16:32:03;22.72;51.45;33.85;-0.070;8.43;-83.8;0.3;-4.0;-2570;127.4;9.04;12.5;
33.4440346257528;-118.485040649817;16:35:03.30;7/13/2016;7;2.035;215.45;12.0453350093692;1.34;206.5;216.9;-1.08;9.7;29.4;.00;3.82;3.82;95;48;576.4;16.3;-2.9;D;808.3;7;9.638;2;2.09;181;206.81;-118.4850875;33.44395727;0;0;1;N;1.912522;52;52;11;86;86;204.7433;0;9999.99;3.81;3.937148;2;9;24.4;0;24.3999996185303;33.85;1531.64754;07/13/16;16:32:03;22.72;51.45;33.85;-0.070;8.43;-83.8;0.3;-4.0;-2570;127.4;9.04;12.5;
33.4440287546752;-118.485046151417;16:35:04.30;7/13/2016;7;1.813;216.67;12.0453350093692;1.34;205.7;216.06;0.35;3.88;29.5;.00;3.82;3.82;95;48;576.4;16.3;-2.9;D;808.3;7;8.827;2;2.01;181;205.76;-118.4850875;33.44395727;0;0;1;N;1.907384;57;57;11;84;84;204.778;0;9999.99;3.82;3.947;2;9;24.4;0;24.3999996185303;33.83;1531.62588;07/13/16;16:32:05;22.74;51.43;33.83;-0.052;8.44;-84.0;0.8;-4.3;-784;127.8;9.06;12.5;
33.4440214826521;-118.485051937113;16:35:05.30;7/13/2016;7;2.045;216.2;12.0453350093692;1.34;205.5;215.85;0.32;8;29.5;.00;3.80;3.80;95;47;576.4;16.3;-2.8;D;830.6;7;7.866;2;1.98;181;204.8;-118.4850875;33.44395727;0;0;1;N;1.829263;61;61;11;90;90;205.3084;0;9999.99;3.80;3.927;2;9;24.4;0;24.3999996185303;33.83;1531.62588;07/13/16;16:32:05;22.74;51.43;33.83;-0.052;8.44;-84.0;0.8;-4.3;-784;127.8;9.06;12.5;
33.4440127481229;-118.485059211667;16:35:06.30;7/13/2016;7;2.068;215.94;12.0453350093692;1.34;207.7;218.17;0.46;10.3;29.5;.00;3.74;3.75;95;47;576.4;16.3;-2.8;D;830.6;7;6.705;2;1.97;181;203.05;-118.4850875;33.44395727;0;0;1;N;1.751601;60;60;11;78;78;205.8385;0;9999.99;3.75;3.875481;2;9;24.4;0;24.3999996185303;33.82;1531.61518;07/13/16;16:32:07;22.71;51.41;33.82;-0.037;8.43;-83.8;0.9;-4.0;-1331;128.2;9.09;12.4;
33.4440045369317;-118.485066851738;16:35:07.30;7/13/2016;7;1.982;216.42;12.0453350093692;1.34;205.7;216.06;-0.68;11.2;29.5;.00;3.79;3.79;95;46;576.4;16.3;-2.8;D;837.2;7;5.594;2;2.07;181;200.03;-118.4850875;33.44395727;0;0;1;N;1.745834;53;53;11;76;76;205.8781;0;9999.99;3.78;3.907;2;9;24.4;0;24.3999996185303;33.82;1531.61518;07/13/16;16:32:07;22.71;51.41;33.82;-0.037;8.43;-83.8;0.9;-4.0;-1331;128.2;9.09;12.4;
33.443997564178;-118.48507589929;16:35:08.30;7/13/2016;7;2.116;223.51;12.0453350093692;1.34;205.6;215.95;1.13;9.9;29.4;.00;3.74;3.74;95;46;576.4;16.3;-2.8;D;837.2;7;4.609;2;2.07;181;193.51;-118.4850875;33.44395727;0;0;1;N;1.931377;63;63;11;79;79;204.6164;0;4.86;3.75;8.737;2;9;24.4;0;24.3999996185303;33.78;1531.57163;07/13/16;16:32:08;22.68;51.36;33.78;-0.103;8.44;-84.0;0.5;-0.6;-946;128.4;9.11;12.3;
33.4439928183377;-118.485084711213;16:35:09.30;7/13/2016;7;1.791;227.76;12.0453350093692;1.34;208;218.48;-0.24;5.73;29.4;.00;3.76;3.77;95;46;576.4;16.3;-2.8;D;837.2;7;3.961;2;2.02;181;183.75;-118.4850875;33.44395727;0;0;1;N;2.242927;56;56;11;63;63;202.5301;0;9999.99;3.76;3.887;2;9;24.4;0;24.3999996185303;33.86;1531.65856;07/13/16;16:32:10;22.63;51.46;33.86;-0.103;8.44;-84.0;1.5;-2.1;-295;128.7;9.14;12.4;
33.4439853509772;-118.485091461094;16:35:10.30;7/13/2016;7;2.03;220.58;12.0453350093692;1.34;206.7;217.11;-0.19;8.4;29.4;.00;3.74;3.74;95;46;576.4;16.3;-2.8;D;837.2;7;3.146;2;2.03;181;173.29;-118.4850875;33.44395727;0;0;1;N;2.223141;56;56;11;69;69;202.659;0;9999.99;3.74;3.867;2;9;24.4;0;24.3999996185303;33.86;1531.65856;07/13/16;16:32:10;22.63;51.46;33.86;-0.103;8.44;-84.0;1.5;-2.1;-295;128.7;9.14;12.4;
33.4439775148723;-118.485096024056;16:35:11.30;7/13/2016;7;1.884;218.83;12.0453350093692;1.34;204.4;214.69;0.56;7.02;29.4;.00;3.71;3.71;95;47;576.3;16.3;-2.8;D;827.6;8;4.547;2;2;181;315.13;-118.48513059;33.44400649;0;0;1;N;0.8102396;60;60;11;250;250;318.0691;0;9999.99;3.71;3.837;2;9;24.4;0;24.3999996185303;33.85;1531.64763;07/13/16;16:32:12;22.68;51.45;33.85;-0.106;8.44;-84.3;1.3;-1.5;-2740;129.0;9.16;12.4;
33.4439713483838;-118.485103308066;16:35:12.30;7/13/2016;7;2.115;220.28;12.0453350093692;1.34;211.5;222.17;-0.45;12.5;29.4;.00;3.63;3.63;95;47;576.3;16.3;-2.8;D;827.6;8;4.657;2;1.98;181;327.06;-118.48513059;33.44400649;0;0;1;N;0.137231;54;54;11;250;250;324.8344;0;4.32;3.62;8.064042;2;9;24.4;0;24.3999996185303;33.85;1531.64763;07/13/16;16:32:12;22.68;51.45;33.85;-0.106;8.44;-84.3;1.3;-1.5;-2740;129.0;9.16;12.4;
33.4439665709967;-118.485108983322;16:35:13.30;7/13/2016;7;1.58;217.03;12.0453350093692;1.34;215.5;226.39;2.22;4.74;29.4;.01;3.61;3.62;95;47;576.3;16.3;-2.8;D;827.6;8;4.870;2;1.98;181;335.69;-118.48513059;33.44400649;0;0;1;N;0.8901581;70;70;11;250;250;330.199;0;9999.99;3.63;3.757;2;9;24.4;0;24.3999996185303;33.85;1531.6478;07/13/16;16:32:13;22.69;51.45;33.85;-0.062;8.44;-84.3;1.1;-3.6;336;129.2;9.17;12.5;
33.4439624693779;-118.485115448296;16:35:14.30;7/13/2016;7;1.635;221.62;12.0453350093692;1.34;226.1;237.54;2.67;8.1;29.4;.01;3.62;3.63;95;49;576.3;16.3;-3;D;790.7;8;5.093;2;1.72;182;343.99;-118.48513059;33.44400649;0;0;1;N;1.655751;73;73;11;250;250;335.5453;0;9999.99;3.64;3.767;2;9;24.4;0;24.3999996185303;33.82;1531.61592;07/13/16;16:32:15;22.66;51.40;33.82;-0.109;8.44;-83.9;1.7;-1.7;-1105;129.4;9.19;12.3;
33.4439590942023;-118.48511992908;16:35:15.30;7/13/2016;7;1.255;221.62;12.0453350093692;1.34;237.8;249.79;1.89;8.2;29.4;.01;3.63;3.65;95;49;576.3;16.3;-3;D;790.7;8;5.362;2;1.72;182;349.37;-118.48513059;33.44400649;0;0;1;N;2.202862;68;68;11;250;250;339.2489;0;38.95;3.65;42.727;2;9;24.4;0;24.3999996185303;33.82;1531.61592;07/13/16;16:32:15;22.66;51.40;33.82;-0.109;8.44;-83.9;1.7;-1.7;-1105;129.4;9.19;12.3;
33.4439562007599;-118.485124597746;16:35:16.30;7/13/2016;7;1.254;221.62;12.0453350093692;1.34;245.2;257.49;3.07;10.8;29.4;.01;3.57;3.58;95;49;576.3;16.3;-3;D;790.7;8;5.620;2;1.64;182;354.32;-118.48513059;33.44400649;0;0;1;N;2.753896;75;75;11;250;250;342.8496;0;55.06;3.60;58.78348;2;9;24.4;0;24.3999996185303;33.81;1531.60518;07/13/16;16:32:16;22.64;51.39;33.81;-0.174;8.43;-83.5;1.3;1.8;-3704;129.6;9.20;12.3;
33.4439541738777;-118.485130237287;16:35:17.30;7/13/2016;7;1.402;221.62;12.0453350093692;1.75;254.4;267.01;2.2;7.2;29.3;.01;3.65;3.66;95;49;576.3;16.3;-3;D;790.7;8;5.817;2;1.55;183;359.68;-118.48513059;33.44400649;0;0;1;N;3.333671;70;70;11;250;250;346.4735;0;9999.99;3.67;3.797;2;9;24.4;0;24.3999996185303;33.84;1531.63742;07/13/16;16:32:18;22.63;51.44;33.84;-0.159;8.43;-83.7;1.4;-3.8;131;129.7;9.22;12.5;
33.4439544276875;-118.485136987472;16:35:18.30;7/13/2016;7;1.243;221.62;12.0453350093692;1.34;265.6;278.49;2.04;7;29.4;.00;3.68;3.69;95;50;576.3;16.3;-3;D;776.8;8;5.820;2;1.55;183;5.85;-118.48513059;33.44400649;0;0;1;N;3.826342;69;69;11;250;250;349.4135;0;9999.99;3.70;3.827;2;9;24.4;0;24.3999996185303;33.84;1531.63742;07/13/16;16:32:18;22.63;51.44;33.84;-0.159;8.43;-83.7;1.4;-3.8;131;129.7;9.22;12.5;
33.4439545834763;-118.485144772445;16:35:19.30;7/13/2016;7;1.265;221.62;12.0453350093692;1.34;276.3;289.39;1.97;7.2;29.4;.00;3.71;3.72;95;50;576.3;16.3;-3;D;776.8;8;5.920;2;1.51;184;12.84;-118.48513059;33.44400649;0;0;1;N;4.410956;68;68;11;250;250;352.7201;0;9999.99;3.73;3.857;2;9;24.4;0;24.3999996185303;33.83;1531.62605;07/13/16;16:32:20;22.64;51.42;33.83;-0.115;8.41;-82.7;1.6;-2.2;-3815;129.9;9.23;12.3;
33.4439540000934;-118.485151033082;16:35:20.30;7/13/2016;7;1.194;221.62;12.0453350093692;1.34;288.4;301.65;1.39;6.29;29.4;.01;3.70;3.70;95;51;576.2;16.3;-3.1;D;767.8;8;6.137;2;1.5;185;18;-118.48513059;33.44400649;0;0;1;N;4.94749;65;65;11;250;250;355.5845;0;9999.99;3.71;3.837;2;9;24.4;0;24.3999996185303;33.83;1531.62605;07/13/16;16:32:20;22.64;51.42;33.83;-0.115;8.41;-82.7;1.6;-2.2;-3815;129.9;9.23;12.3;
33.44395738288;-118.485157917661;16:35:21.30;7/13/2016;7;1.567;269.6;12.0453350093692;1.34;295.2;308.53;2.85;8.7;29.4;.00;3.70;3.71;95;51;576.2;16.3;-3.1;D;767.8;8;6.021;2;1.5;186;24.91;-118.48513059;33.44400649;0;0;1;N;5.25161;74;74;11;250;250;357.1332;0;9999.99;3.73;3.857;2;9;24.4;0;24.3999996185303;33.81;1531.60455;07/13/16;16:32:22;22.61;51.40;33.81;-0.071;8.42;-83.1;1.6;-0.8;-1555;129.9;9.23;12.3;
33.443960770154;-118.48516311051;16:35:22.31;7/13/2016;7;1.29;277.22;12.0453350093692;1.34;305.5;318.94;1.63;8.4;29.3;.00;3.82;3.83;95;51;576.2;16.3;-3.1;D;767.8;8;5.912;2;1.49;186;30.69;-118.48513059;33.44400649;0;0;1;N;5.436852;69;69;11;250;250;358.0505;0;9999.99;3.84;3.967;2;9;24.4;0;24.3999996185303;33.81;1531.60455;07/13/16;16:32:22;22.61;51.40;33.81;-0.071;8.42;-83.1;1.6;-0.8;-1555;129.9;9.23;12.3;
33.4439672939826;-118.485166905409;16:35:23.31;7/13/2016;7;1.318;277.22;12.0453350093692;1.34;318.5;332.12;2.27;10.3;29.4;.00;3.80;3.80;95;54;576.2;16.3;-3.3;D;724.4;8;5.509;2;1.49;187;37.71;-118.48513059;33.44400649;0;0;1;N;5.314602;71;71;11;228;228;357.4458;0;9999.99;3.82;3.942966;2;9;24.4;0;24.3999996185303;33.81;1531.60428;07/13/16;16:32:24;22.57;51.39;33.81;-0.114;8.41;-82.7;1.0;-2.1;-2146;129.7;9.23;12.3;
33.4439716633679;-118.485170135277;16:35:24.31;7/13/2016;7;1.17;277.22;12.0453350093692;1.34;325.5;339.23;1.84;6.06;29.4;.00;3.90;3.90;95;54;576.2;16.3;-3.3;D;724.4;8;5.335;2;1.52;188;43.46;-118.48513059;33.44400649;0;0;1;N;5.275537;68;68;11;199;199;357.2545;0;9999.99;3.92;4.047;2;9;24.4;0;24.3999996185303;33.81;1531.60428;07/13/16;16:32:24;22.57;51.39;33.81;-0.114;8.41;-82.7;1.0;-2.1;-2146;129.7;9.23;12.3;
33.443979;-118.485175666667;16:35:25.33;7/13/2016;7;1.636;277.22;12.0453350093692;1.34;338.4;352.39;1.54;8.1;29.3;.00;3.93;3.93;95;54;576.2;16.3;-3.3;D;724.4;8;5.056;2;1.52;189;52.72;-118.48513059;33.44400649;0;0;1;N;5.107412;66;66;11;143;143;356.4046;0;40.59;3.94;44.657;2;9;24.4;0;24.3999996185303;33.83;1531.62584;07/13/16;16:32:26;22.53;51.43;33.83;-0.149;8.41;-82.5;1.6;-1.4;-2852;129.6;9.22;12.3;
33.443987;-118.485177;16:35:26.34;7/13/2016;7;1.815;277.22;12.0453350093692;1.34;345.1;359.25;0.71;7.75;29.3;.00;3.95;3.95;95;54;576.2;16.3;-3.3;D;724.4;8;4.774;2;1.53;189;61.6;-118.48513059;33.44400649;0;0;1;N;4.792416;63;63;11;109;109;354.7732;0;9999.99;3.96;4.087;2;9;24.4;0;24.3999996185303;33.83;1531.62584;07/13/16;16:32:26;22.53;51.43;33.83;-0.149;8.41;-82.5;1.6;-1.4;-2852;129.6;9.22;12.3;
33.443997;-118.4851795;16:35:27.34;7/13/2016;7;2.179;316.61;12.0453350093692;1.35;349;3.24;0.76;7.98;29.4;.00;3.96;3.96;95;57;576.1;16.3;-3.5;D;681.9;8;4.429;2;1.81;190;72.8;-118.48513059;33.44400649;0;0;1;N;4.255972;60;60;11;82;82;351.8644;0;9999.99;3.96;4.087;2;9;24.3;0;24.3999996185303;33.83;1531.6259;07/13/16;16:32:28;22.52;51.43;33.83;-0.042;8.41;-82.5;1.5;3.3;-4654;129.3;9.20;12.4;
33.4440084535942;-118.485180203743;16:35:28.34;7/13/2016;7;2.23;344.98;12.0453350093692;1.35;350;4.26;0.54;9.7;29.3;.00;4.03;4.03;95;57;576.1;16.3;-3.5;D;681.9;8;4.609;2;1.9;190;92.72;-118.48513059;33.44400649;0;0;1;N;3.688067;60;60;11;63;63;348.3711;0;9999.99;4.03;4.157;2;9;24.3;0;24.3999996185303;33.83;1531.6259;07/13/16;16:32:28;22.52;51.43;33.83;-0.042;8.41;-82.5;1.5;3.3;-4654;129.3;9.20;12.4;
33.4440175;-118.485179833333;16:35:29.34;7/13/2016;7;2.066;355.49;12.0453350093692;1.35;351.7;6;-0.36;11.5;29.3;.00;3.97;3.97;95;57;576.1;16.3;-3.5;D;681.9;8;4.620;2;1.9;190;104.31;-118.48513059;33.44400649;0;0;1;N;3.030617;56;56;11;31;31;344.5983;0;4.61;3.97;8.711652;2;9;24.3;0;24.2999992370605;33.83;1531.38096;07/13/16;16:32:30;22.52;51.41;33.83;-0.048;8.41;-82.6;1.9;-1.9;-685;129.0;9.18;12.4;
33.4440286666667;-118.48518;16:35:30.34;7/13/2016;7;2.298;1.36;12.0453350093692;1.35;347.9;2.11;2.24;10.9;29.4;.00;4.07;4.07;95;60;576.1;16.3;-3.7;D;646.4;8;4.973;2;2.09;190;116.76;-118.48513059;33.44400649;0;0;1;N;2.337167;70;70;11;46;46;340.1379;0;9999.99;4.09;4.217;2;9;24.3;0;24.2999992370605;33.83;1531.38096;07/13/16;16:32:30;22.52;51.41;33.83;-0.048;8.41;-82.6;1.9;-1.9;-685;129.0;9.18;12.4;
33.44404;-118.4851805;16:35:31.34;7/13/2016;7;2.176;1.93;12.0453350093692;1.35;346.3;0.47;0.15;18.3;29.4;.00;3.87;3.88;95;60;576.1;16.3;-3.7;D;646.4;9;83.223;2;2.09;190;43.1;-118.48456684;33.4445845;0;0;1;N;5.682464;61;61;11;250;250;73.03616;0;9999.99;3.87;4.000642;2;9;24.3;0;24.2999992370605;33.82;1531.37017;07/13/16;16:32:32;22.50;51.41;33.82;-0.035;8.41;-82.7;1.9;1.4;-2774;128.7;9.17;12.4;
33.4440501161231;-118.485181861811;16:35:32.38;7/13/2016;7;2.087;350.07;12.0453350093692;1.35;350.7;4.98;-0.06;6.99;29.3;.00;4.22;4.22;95;60;576.1;16.3;-3.7;D;646.4;9;82.384;2;2.21;190;43.84;-118.48456684;33.4445845;0;0;1;N;6.70015;52;52;11;250;250;78.74969;0;4.56;4.21;8.896713;2;9;24.3;0;24.2999992370605;33.82;1531.37017;07/13/16;16:32:32;22.50;51.41;33.82;-0.035;8.41;-82.7;1.9;1.4;-2774;128.7;9.17;12.4;
33.4440586972391;-118.48518225874;16:35:33.39;7/13/2016;7;1.825;355.76;12.0453350093692;1.35;355.3;9.69;1.59;9.6;29.3;.00;4.14;4.15;95;60;576.1;16.3;-3.7;D;646.4;9;81.725;2;2.09;190;44.32;-118.48456684;33.4445845;0;0;1;N;7.322844;67;67;11;250;250;81.69642;0;9999.99;4.16;4.287;2;9;24.3;0;24.2999992370605;33.81;1531.35921;07/13/16;16:32:34;22.48;51.39;33.81;-0.123;8.42;-82.9;1.3;-4.0;-2194;128.5;9.16;12.3;
33.4440677022092;-118.485181384469;16:35:34.39;7/13/2016;7;1.778;0.79;12.0453350093692;1.35;10.7;25.41;1.43;13.5;29.4;.01;4.19;4.19;95;58;576.1;16.3;-3.5;D;672.2;9;80.954;2;2;190;44.78;-118.48456684;33.4445845;0;0;1;N;7.761512;66;66;11;250;250;82.29406;0;9999.99;4.20;4.32583;2;9;24.3;0;24.2999992370605;33.82;1531.3705;07/13/16;16:32:35;22.46;51.41;33.82;-0.063;8.41;-82.6;1.5;-3.3;-1352;128.4;9.15;12.3;
33.4440770937378;-118.485181971732;16:35:35.39;7/13/2016;7;1.799;10.92;12.0453350093692;1.35;19.2;34.03;1.22;11.3;29.3;.00;4.20;4.20;95;58;576.1;16.3;-3.5;D;672.2;9;80.255;2;1.89;190;45.33;-118.48456684;33.4445845;0;0;1;N;8.046052;66;66;11;250;250;82.4804;0;9999.99;4.21;4.336716;2;9;24.3;0;24.2999992370605;33.82;1531.3705;07/13/16;16:32:35;22.46;51.41;33.82;-0.063;8.41;-82.6;1.5;-3.3;-1352;128.4;9.15;12.3;
33.4440867518259;-118.485180574598;16:35:36.41;7/13/2016;7;1.948;15.29;12.0453350093692;1.35;30.6;45.49;1.27;9.6;29.3;.00;4.22;4.22;95;58;576.1;16.3;-3.5;D;672.2;9;79.411;2;1.86;190;45.81;-118.48456684;33.4445845;0;0;1;N;8.575691;65;65;11;250;250;84.59941;0;9999.99;4.23;4.359376;2;9;24.3;0;24.2999992370605;33.83;1531.38136;07/13/16;16:32:37;22.46;51.43;33.83;-0.054;8.42;-83.2;1.7;-4.8;-2135;128.4;9.15;12.3;
33.4440951802248;-118.485173550621;16:35:37.41;7/13/2016;7;2.144;40.03;12.0453350093692;1.35;45.1;59.83;1.72;10.3;29.3;.00;4.33;4.33;95;62;576.0;16.3;-3.8;D;628.4;9;78.290;2;1.84;190;45.97;-118.48456684;33.4445845;0;0;1;N;9.036689;67;67;11;236;236;87.01906;0;9999.99;4.34;4.467;2;9;24.3;0;24.2999992370605;33.83;1531.38136;07/13/16;16:32:37;22.46;51.43;33.83;-0.054;8.42;-83.2;1.7;-4.8;-2135;128.4;9.15;12.3;
33.4440998182666;-118.485165285046;16:35:38.42;7/13/2016;7;1.951;44.78;12.0453350093692;1.35;56.9;71.27;2.67;13;29.3;.01;4.35;4.36;95;62;576.0;16.3;-3.8;D;628.4;9;77.381;2;1.85;190;45.85;-118.48456684;33.4445845;0;0;1;N;8.948034;73;73;11;204;204;87.16894;0;9999.99;4.37;4.496058;2;9;24.3;0;24.2999992370605;33.84;1531.39207;07/13/16;16:32:38;22.45;51.43;33.84;-0.146;8.42;-83.1;1.4;-2.3;-3601;128.3;9.14;12.3;
33.4441031409529;-118.485155732824;16:35:39.42;7/13/2016;7;1.863;59.06;12.0453350093692;1.35;66.9;80.82;1.37;8.8;29.3;.00;4.27;4.28;95;62;576.0;16.3;-3.8;D;628.4;9;76.488;2;1.83;190;45.59;-118.48456684;33.4445845;0;0;1;N;8.522993;67;67;11;152;152;85.91989;0;9999.99;4.29;4.412039;2;9;24.3;0;24.2999992370605;33.81;1531.35998;07/13/16;16:32:39;22.46;51.39;33.81;-0.131;8.42;-83.3;2.3;-2.5;-2407;128.3;9.15;12.4;
33.444105;-118.485146666667;16:35:40.42;7/13/2016;7;1.969;67.7;12.0453350093692;1.35;70.7;84.41;0.49;10.7;29.3;.00;4.22;4.22;95;62;576.0;16.3;-3.8;D;628.4;9;75.756;2;1.9;190;45.14;-118.48456684;33.4445845;0;0;1;N;8.005131;62;62;11;130;130;84.15712;0;9999.99;4.23;4.355986;2;9;24.3;0;24.2999992370605;33.84;1531.39193;07/13/16;16:32:41;22.46;51.43;33.84;-0.109;8.43;-83.6;1.7;-0.4;-2323;128.5;9.15;12.3;
33.4441063333333;-118.485135;16:35:41.42;7/13/2016;7;2.266;77.04;12.0453350093692;1.35;78.4;91.63;0.73;9.6;29.3;.00;4.25;4.25;95;59;576.0;16.3;-3.6;D;662.1;9;75.016;2;2;190;44.74;-118.48456684;33.4445845;0;0;1;N;7.430712;61;61;11;89;89;82.02591;0;9999.99;4.25;4.380215;2;9;24.3;0;24.2999992370605;33.84;1531.39193;07/13/16;16:32:41;22.46;51.43;33.84;-0.109;8.43;-83.6;1.7;-0.4;-2323;128.5;9.15;12.3;
33.4441071666667;-118.485123833333;16:35:42.42;7/13/2016;7;2.211;81.42;12.0453350093692;1.35;79;92.19;0.03;9.8;29.2;.00;4.21;4.21;95;59;576.0;16.3;-3.6;D;662.1;9;74.176;2;2.08;190;44.18;-118.48456684;33.4445845;0;0;1;N;6.615814;59;59;11;74;74;78.73038;0;9999.99;4.22;4.342365;2;9;24.3;0;24.2999992370605;33.84;1531.39183;07/13/16;16:32:43;22.48;51.44;33.84;-0.112;8.43;-83.5;1.5;-2.5;-357;128.6;9.16;12.3;
33.4441080119898;-118.485110882591;16:35:43.42;7/13/2016;7;2.178;84.12;12.0453350093692;1.35;83.2;96.11;-1.05;11.3;29.3;.00;4.16;4.16;95;59;576.0;16.3;-3.6;D;662.1;9;73.180;2;2.11;190;43.61;-118.48456684;33.4445845;0;0;1;N;5.780287;56;56;11;42;42;75.12409;0;9999.99;4.16;4.288545;2;9;24.3;0;24.2999992370605;33.84;1531.39183;07/13/16;16:32:43;22.48;51.44;33.84;-0.112;8.43;-83.5;1.5;-2.5;-357;128.6;9.16;12.3;
33.4441071937563;-118.485098520588;16:35:44.42;7/13/2016;7;2.328;90.9;12.0453350093692;1.35;76.1;89.48;-2.18;7.61;29.3;.01;4.17;4.17;95;59;576.0;16.3;-3.6;D;662.1;9;72.460;2;2.14;190;42.91;-118.48456684;33.4445845;0;0;1;N;4.933862;44;44;11;51;51;70.51978;0;9999.99;4.14;4.267;2;9;24.3;0;24.2999992370605;33.84;1531.39175;07/13/16;16:32:44;22.49;51.43;33.84;-0.129;8.44;-84.0;1.2;-5.7;5420;128.6;9.16;12.3;
33.4441064365729;-118.485085804829;16:35:45.42;7/13/2016;7;2.271;90.9;12.0453350093692;1.35;79.1;92.29;4.26;14.8;29.3;.02;4.05;4.07;95;58;575.9;16.3;-3.5;D;673.7;9;71.725;2;2.24;190;42.17;-118.48456684;33.4445845;0;0;1;N;4.046128;83;83;11;19;19;65.20949;0;9999.99;4.09;4.212732;2;9;24.3;0;24.2999992370605;33.86;1531.4147;07/13/16;16:32:46;22.51;51.47;33.86;0.118;8.43;-83.6;1.6;-3.6;-757;129.0;9.18;12.3;
33.4441053309114;-118.485072492293;16:35:46.42;7/13/2016;7;2.397;90.31;12.0453350093692;1.75;67.3;81.19;0.48;13.2;29.3;.01;4.09;4.10;95;58;575.9;16.3;-3.5;D;673.7;9;70.993;2;2.25;190;41.37;-118.48456684;33.4445845;0;0;1;N;2.930813;60;60;11;37;37;58.7298;0;9999.99;4.09;4.217708;2;9;24.3;0;24.2999992370605;33.86;1531.4147;07/13/16;16:32:46;22.51;51.47;33.86;0.118;8.43;-83.6;1.6;-3.6;-757;129.0;9.18;12.3;
33.4441158102595;-118.48506351131;16:35:47.44;7/13/2016;7;2.195;81.94;12.0453350093692;1.35;63.1;77.21;1.95;14.4;29.3;.00;4.05;4.05;95;58;575.9;16.3;-3.5;D;673.7;9;69.568;2;2.22;189;41.48;-118.48456684;33.4445845;0;0;1;N;2.10718;69;69;11;54;54;59.0148;0;41.26;4.07;45.45396;2;9;24.3;0;24.2999992370605;33.86;1531.41384;07/13/16;16:32:48;22.55;51.47;33.86;-0.061;8.44;-84.1;1.6;-5.3;-2039;129.2;9.19;12.3;
33.4441189360313;-118.485052274848;16:35:48.50;7/13/2016;8;2.161;72.17;12.0453350093692;1.35;53.1;67.61;-0.13;8.8;29.3;.00;4.09;4.09;95;59;575.9;16.3;-3.6;D;655.2;9;68.620;2;2.2;189;41.02;-118.48456684;33.4445845;0;0;1;N;2.29639;53;53;11;71;71;55.34727;0;29.45;4.08;33.66275;2;9;24.3;0;24.2999992370605;33.86;1531.41384;07/13/16;16:32:48;22.55;51.47;33.86;-0.061;8.44;-84.1;1.6;-5.3;-2039;129.2;9.19;12.3;
33.4441226759578;-118.485038639908;16:35:49.52;7/13/2016;7;2.234;70.25;12.0453350093692;1.35;54.5;68.96;1.3;12.3;29.2;.00;4.04;4.04;95;59;575.9;16.3;-3.6;D;655.2;9;67.479;2;2.24;189;40.45;-118.48456684;33.4445845;0;0;1;N;1.599367;65;65;11;53;53;50.44511;0;4.55;4.05;8.729035;2;9;24.3;0;24.2999992370605;33.86;1531.41354;07/13/16;16:32:50;22.60;51.46;33.86;-0.021;8.43;-83.8;1.7;-2.5;1246;129.4;9.19;12.5;
33.4441257573596;-118.485027413496;16:35:50.52;7/13/2016;7;2.112;68.35;12.0453350093692;1.35;53.3;67.8;1.53;11.4;29.3;.00;4.09;4.09;95;59;575.9;16.3;-3.6;D;655.2;9;66.545;2;2.26;189;39.95;-118.48456684;33.4445845;0;0;1;N;1.017375;66;66;11;41;41;46.38669;0;32.75;4.11;36.98665;2;9;24.3;0;24.2999992370605;33.86;1531.41354;07/13/16;16:32:50;22.60;51.46;33.86;-0.021;8.43;-83.8;1.7;-2.5;1246;129.4;9.19;12.5;
33.444130391358;-118.485014825771;16:35:51.52;7/13/2016;7;2.704;63.89;12.0453350093692;1.35;46.3;61;0.8;15;29.3;.00;3.98;3.98;95;59;575.9;16.3;-3.6;D;655.2;9;65.402;2;2.2;188;39.46;-118.48456684;33.4445845;0;0;1;N;0.418861;63;63;11;47;47;42.13644;0;41.07;3.98;45.17817;2;9;24.3;0;24.2999992370605;33.82;1531.37007;07/13/16;16:32:52;22.61;51.41;33.82;-0.078;8.43;-83.5;0.8;-1.6;-2364;129.7;9.22;12.4;
33.4441324769011;-118.485003800655;16:35:52.52;7/13/2016;7;2.31;61.79;12.0453350093692;1.35;44.4;59.14;0.65;10.6;29.3;.00;4.08;4.09;95;59;575.8;16.3;-3.6;D;654.1;9;64.576;2;2.25;188;38.89;-118.48456684;33.4445845;0;0;1;N;0.2366117;60;60;11;36;36;37.44516;0;9999.99;4.09;4.21731;2;9;24.3;0;24.2999992370605;33.83;1531.38118;07/13/16;16:32:53;22.61;51.43;33.83;-0.078;8.43;-83.7;0.9;-1.8;-2393;129.9;9.23;12.3;
33.4441367629366;-118.484991891647;16:35:53.53;7/13/2016;7;2.159;61.22;12.0453350093692;1.35;40.5;55.31;1.46;14.5;29.3;.00;4.14;4.14;95;59;575.8;16.3;-3.6;D;654.1;9;63.514;2;2.25;188;38.38;-118.48456684;33.4445845;0;0;1;N;0.7992607;66;66;11;39;39;33.434;0;9999.99;4.15;4.27956;2;9;24.3;0;24.2999992370605;33.83;1531.38118;07/13/16;16:32:53;22.61;51.43;33.83;-0.078;8.43;-83.7;0.9;-1.8;-2393;129.9;9.23;12.3;
33.4441414934958;-118.484980053591;16:35:54.55;7/13/2016;7;2.508;60.37;12.0453350093692;1.35;35.8;50.66;0.58;12.4;29.2;.00;4.31;4.31;95;59;575.8;16.3;-3.6;D;654.1;9;62.422;2;2.23;188;37.89;-118.48456684;33.4445845;0;0;1;N;1.326351;60;60;11;43;43;29.7256;0;5.12;4.31;9.557;2;9;24.3;0;24.2999992370605;33.84;1531.39178;07/13/16;16:32:55;22.61;51.43;33.84;-0.081;8.42;-83.3;1.2;-3.7;-1103;130.0;9.24;12.3;
33.4441469026693;-118.484969677096;16:35:55.58;7/13/2016;7;2.137;54.88;12.0453350093692;1.35;31.5;46.39;0.96;12;29.3;.00;4.12;4.12;95;57;575.8;16.3;-3.5;D;679.9;9;61.357;2;2.25;187;37.53;-118.48456684;33.4445845;0;0;1;N;1.701266;63;63;11;50;50;27.13381;0;38.90;4.13;43.15122;2;9;24.3;0;24.2999992370605;33.85;1531.40269;07/13/16;16:32:56;22.61;51.45;33.85;-0.065;8.43;-83.7;1.4;-5.3;-3118;130.0;9.24;12.2;
33.4441535736045;-118.484960742849;16:35:56.59;7/13/2016;7;2.168;48.21;12.0453350093692;1.35;28.4;43.29;0.85;15.8;29.3;.00;4.03;4.03;95;57;575.8;16.3;-3.5;D;679.9;9;60.264;2;2.26;187;37.33;-118.48456684;33.4445845;0;0;1;N;1.886654;62;62;11;57;57;25.86963;0;38.36;4.04;42.52599;2;9;24.3;0;24.2999992370605;33.86;1531.41354;07/13/16;16:32:57;22.62;51.47;33.86;-0.082;8.43;-83.5;1.5;-5.3;-1599;130.2;9.25;12.3;
33.4441597660348;-118.484952945114;16:35:57.59;7/13/2016;7;1.919;45.17;12.0453350093692;1.35;24.4;39.28;-0.17;12.5;29.3;.00;4.17;4.17;95;57;575.8;16.3;-3.5;D;679.9;9;59.278;2;2.22;187;37.18;-118.48456684;33.4445845;0;0;1;N;2.018289;56;56;11;70;70;24.9798;0;43.15;4.18;47.4571;2;9;24.3;0;24.2999992370605;33.87;1531.42431;07/13/16;16:32:58;22.64;51.48;33.87;-0.092;8.42;-83.1;1.4;-2.6;-1804;130.2;9.25;12.4;
33.4441671013437;-118.484946125726;16:35:58.59;7/13/2016;7;2.091;38.09;12.0453350093692;1.35;24.2;39.07;1.2;12.9;29.2;.00;4.30;4.30;95;57;575.8;16.3;-3.5;D;679.9;9;58.246;2;2.2;187;37.17;-118.48456684;33.4445845;0;0;1;N;1.992925;64;64;11;71;71;25.15065;0;4.96;4.30;9.387;2;9;24.3;0;24.2999992370605;33.85;1531.4026;07/13/16;16:32:59;22.66;51.46;33.85;-0.056;8.43;-83.3;1.3;0.2;-2250;130.3;9.25;12.3;
33.444173907283;-118.48493997891;16:35:59.61;7/13/2016;7;2.195;36.72;12.0453350093692;1.35;23.1;37.97;1.17;10.3;29.3;.00;4.32;4.32;95;56;575.8;16.3;-3.4;D;691.6;9;57.298;2;2.22;187;37.17;-118.48456684;33.4445845;0;0;1;N;1.965152;64;64;11;76;76;25.33824;0;9999.99;4.33;4.457;2;9;24.3;0;24.2999992370605;33.86;1531.41341;07/13/16;16:33:00;22.67;51.46;33.86;-0.101;8.42;-83.1;1.7;-5.5;-2276;130.2;9.24;12.3;
33.4441830734007;-118.484932739956;16:36:00.63;7/13/2016;7;2.287;33.22;12.0453350093692;1.35;20.8;35.65;0.73;10.6;29.3;.00;4.31;4.31;95;56;575.7;16.3;-3.4;D;691.7;9;56.081;2;2.24;186;37.26;-118.48456684;33.4445845;0;0;1;N;1.850383;60;60;11;95;95;26.11581;0;9999.99;4.31;4.440502;2;9;24.3;0;24.2999992370605;33.86;1531.41341;07/13/16;16:33:01;22.69;51.47;33.86;-0.112;8.42;-83.0;1.3;-0.6;-2327;130.2;9.24;12.3;
33.4441902260783;-118.48492434532;16:36:01.66;7/13/2016;7;2.238;31.97;12.0453350093692;1.35;19;33.83;1.28;10.6;29.2;.00;4.36;4.37;95;56;575.7;16.3;-3.4;D;691.7;9;54.976;2;2.22;186;37.11;-118.48456684;33.4445845;0;0;1;N;1.955006;65;65;11;93;93;25.4067;0;9999.99;4.37;4.497859;2;9;24.3;0;24.2999992370605;33.81;1531.35916;07/13/16;16:33:02;22.69;51.40;33.81;-0.081;8.42;-82.9;1.0;-2.4;-459;130.2;9.24;12.3;
33.4441970583581;-118.484918956373;16:36:02.70;7/13/2016;7;1.813;33.13;12.0453350093692;1.52;17.6;32.41;1.68;13.8;29.2;.00;4.20;4.21;95;56;575.7;16.3;-3.4;D;691.7;9;54.069;2;2.17;186;37.17;-118.48456684;33.4445845;0;0;1;N;1.881566;66;66;11;114;114;25.90409;0;9999.99;4.22;4.344964;2;9;24.3;0;24.2999992370605;33.81;1531.35921;07/13/16;16:33:03;22.67;51.40;33.81;-0.119;8.42;-83.0;0.8;-2.2;-1395;130.1;9.24;12.5;
33.4442036286054;-118.484913398528;16:36:03.72;7/13/2016;7;1.979;31.14;12.0453350093692;1.35;22.8;37.67;0.32;15.3;29.2;.00;4.51;4.51;95;56;575.7;16.3;-3.4;D;691.7;9;53.175;2;2.13;186;37.21;-118.48456684;33.4445845;0;0;1;N;1.795324;59;59;11;82;82;26.49069;0;9999.99;4.51;4.637;2;9;24.3;0;24.2999992370605;33.77;1531.31585;07/13/16;16:33:04;22.64;51.35;33.77;-0.127;8.42;-82.8;1.0;-6.8;-2764;130.1;9.24;12.3;
33.4442125946304;-118.484907777719;16:36:04.72;7/13/2016;7;2.143;27.32;12.0453350093692;1.35;18.1;32.92;-0.15;6.41;29.2;.01;4.51;4.52;95;53;575.7;16.3;-3.2;D;729.2;9;52.066;2;2.16;186;37.41;-118.48456684;33.4445845;0;0;1;N;1.582931;56;56;11;107;107;27.94689;0;9999.99;4.51;4.637;2;9;24.3;0;24.2999992370605;33.81;1531.35922;07/13/16;16:33:05;22.60;51.39;33.81;-0.067;8.42;-82.9;1.5;-4.3;-1047;130.0;9.24;12.3;
33.4442202378958;-118.484902523814;16:36:05.72;7/13/2016;7;2.091;27.38;12.0453350093692;1.35;19.4;34.23;0.66;6.94;29.3;.00;4.44;4.45;95;53;575.7;16.3;-3.2;D;729.2;9;51.095;2;2.18;186;37.56;-118.48456684;33.4445845;0;0;1;N;1.418817;59;59;11;103;103;29.0822;0;9999.99;4.44;4.569868;2;9;24.3;0;24.2999992370605;33.89;1531.44632;07/13/16;16:33:06;22.59;51.51;33.89;-0.003;8.41;-82.4;0.3;-1.7;-1924;129.9;9.23;12.3;
33.4442259252128;-118.484895377296;16:36:06.73;7/13/2016;7;1.994;37.87;12.0453350093692;1.35;21.1;35.95;1.08;9.6;29.2;.00;4.68;4.69;95;53;575.7;16.3;-3.2;D;729.2;9;50.189;2;2.18;186;37.4;-118.48456684;33.4445845;0;0;1;N;1.527857;63;63;11;97;97;28.32692;0;9999.99;4.69;4.817;2;9;24.3;0;24.2999992370605;33.86;1531.41361;07/13/16;16:33:07;22.63;51.46;33.86;-0.101;8.42;-83.0;1.1;-0.2;-351;129.7;9.21;12.3;
33.444232300158;-118.484887564802;16:36:07.73;7/13/2016;7;2.142;35.81;12.0453350093692;1.35;26.1;40.98;2.19;10.9;29.2;.00;4.64;4.65;95;54;575.6;16.3;-3.3;D;719.7;9;49.186;2;2.15;186;37.23;-118.48456684;33.4445845;0;0;1;N;1.628095;70;70;11;74;74;27.63586;0;9999.99;4.66;4.782924;2;9;24.3;0;24.2999992370605;33.86;1531.41358;07/13/16;16:33:08;22.65;51.47;33.86;-0.064;8.42;-83.0;1.2;-2.2;741;129.6;9.20;12.3;
33.4442431177215;-118.484880112944;16:36:08.75;7/13/2016;7;2.198;32.75;12.0453350093692;1.35;20.1;34.94;0.01;15.1;29.2;.01;4.67;4.68;95;54;575.6;16.3;-3.3;D;719.7;9;47.811;2;2.23;185;37.44;-118.48456684;33.4445845;0;0;1;N;1.426905;57;57;11;103;103;29.02601;0;9999.99;4.68;4.807;2;9;24.3;0;24.2999992370605;33.88;1531.43536;07/13/16;16:33:09;22.66;51.49;33.88;-0.164;8.41;-82.5;1.5;-1.1;-1256;129.6;9.20;12.3;
33.4442527893077;-118.484872502355;16:36:09.78;7/13/2016;7;2.263;31.24;12.0453350093692;1.35;22.1;36.96;-0.39;12.9;29.3;.00;4.61;4.61;95;54;575.6;16.3;-3.3;D;719.7;9;46.528;2;2.19;185;37.56;-118.48456684;33.4445845;0;0;1;N;1.295146;55;55;11;99;99;29.94314;0;9999.99;4.61;4.735339;2;9;24.3;0;24.2999992370605;33.88;1531.43535;07/13/16;16:33:10;22.68;51.50;33.88;-0.041;8.41;-82.4;1.2;0.8;-279;129.4;9.18;12.5;
33.4442599609375;-118.484865806913;16:36:10.78;7/13/2016;7;2.23;34.11;12.0453350093692;1.35;23.8;38.67;-0.75;11;29.2;.00;4.76;4.76;95;54;575.6;16.3;-3.3;D;719.7;9;45.517;2;2.11;185;37.55;-118.48456684;33.4445845;0;0;1;N;1.269894;53;53;11;93;93;30.11952;0;9999.99;4.75;4.877;2;9;24.3;0;24.2999992370605;33.88;1531.43523;07/13/16;16:33:11;22.70;51.50;33.88;-0.066;8.41;-82.7;1.2;-5.0;-3627;129.4;9.18;12.2;
33.4442672891224;-118.484856810704;16:36:11.80;7/13/2016;7;2.083;38.56;12.0453350093692;1.35;23.1;37.97;1.36;9;29.2;.00;4.79;4.80;95;50;575.6;16.3;-3;D;779.9;9;44.362;2;2.11;185;37.34;-118.48456684;33.4445845;0;0;1;N;1.399421;65;65;11;92;92;29.21686;0;9999.99;4.80;4.927;2;9;24.3;0;24.2999992370605;33.86;1531.41379;07/13/16;16:33:12;22.73;51.46;33.86;-0.018;8.41;-82.3;1.1;-5.8;-426;129.3;9.17;12.4;
33.4442726681831;-118.484848906769;16:36:12.80;7/13/2016;7;2.012;41.13;12.0453350093692;1.35;25.7;40.58;-0.93;9.1;29.2;.00;4.85;4.86;95;50;575.6;16.3;-3;D;779.9;9;43.442;2;2.04;185;37.04;-118.48456684;33.4445845;0;0;1;N;1.580382;51;51;11;77;77;27.9644;0;9999.99;4.86;4.987;2;9;24.3;0;24.2999992370605;33.87;1531.42458;07/13/16;16:33:13;22.74;51.48;33.87;-0.147;8.41;-82.5;1.5;1.0;184;129.2;9.16;12.2;
33.4442802162893;-118.484840972405;16:36:13.80;7/13/2016;7;2.24;40.72;12.0453350093692;1.35;24.2;39.07;0.88;9.5;29.2;.00;4.87;4.87;95;50;575.6;16.3;-3;D;779.9;9;42.329;2;2.1;185;36.93;-118.48456684;33.4445845;0;0;1;N;1.624819;62;62;11;81;81;27.65846;0;9999.99;4.86;4.987;2;9;24.3;0;24.2999992370605;33.85;1531.40284;07/13/16;16:33:14;22.76;51.45;33.85;-0.009;8.41;-82.4;1.7;-1.8;-545;129.0;9.14;12.3;
33.4442874029461;-118.484831744116;16:36:14.80;7/13/2016;7;2.158;45.68;12.0453350093692;1.35;25.9;40.78;0.46;13.7;29.2;.00;4.91;4.92;95;53;575.5;16.3;-3.2;D;734.6;9;41.176;2;2.15;185;36.65;-118.48456684;33.4445845;0;0;1;N;1.786867;60;60;11;79;79;26.54831;0;9999.99;4.93;5.057;2;9;24.3;0;24.2999992370605;33.87;1531.42468;07/13/16;16:33:15;22.76;51.48;33.87;-0.067;8.41;-82.4;0.8;-3.0;290;128.9;9.13;12.3;
33.4442952218483;-118.484824672445;16:36:15.80;7/13/2016;7;2.148;40.06;12.0453350093692;1.35;23.5;38.37;0.22;11.1;29.2;.01;4.98;4.99;95;53;575.5;16.3;-3.2;D;734.6;9;40.087;2;2.13;185;36.64;-118.48456684;33.4445845;0;0;1;N;1.738716;58;58;11;71;71;26.87726;0;9999.99;4.98;5.107;2;9;24.3;0;24.2999992370605;33.89;1531.4463;07/13/16;16:33:16;22.77;51.50;33.89;-0.061;8.41;-82.7;0.8;-1.6;-2371;128.7;9.12;12.2;
33.4443044110342;-118.484817476139;16:36:16.80;7/13/2016;7;2.455;37.4;12.0453350093692;1.35;20.1;34.94;0.77;13.2;29.2;.00;4.93;4.94;95;53;575.5;16.3;-3.2;D;734.6;9;38.869;2;2.17;185;36.75;-118.48456684;33.4445845;0;0;1;N;1.624669;62;62;11;92;92;27.65942;0;9999.99;4.94;5.062162;2;9;24.3;0;24.2999992370605;33.82;1531.37032;07/13/16;16:33:17;22.79;51.41;33.82;-0.074;8.41;-82.6;0.8;-5.0;-1412;128.6;9.11;12.3;
33.444313092384;-118.484810567458;16:36:17.80;7/13/2016;7;2.155;34.85;12.0453350093692;1.35;22.5;37.36;0.78;12.8;29.2;.00;5.02;5.02;95;53;575.5;16.3;-3.2;D;734.6;9;37.712;2;2.14;185;36.84;-118.48456684;33.4445845;0;0;1;N;1.513865;62;62;11;91;91;28.42362;0;55.40;5.02;60.54788;2;9;24.3;0;24.2999992370605;33.79;1531.33773;07/13/16;16:33:18;22.77;51.37;33.79;-0.091;8.41;-82.6;0.7;-3.3;-1473;128.4;9.10;12.5;
33.444320018062;-118.484803158268;16:36:18.80;7/13/2016;7;2.055;34.46;12.0453350093692;1.35;24.4;39.28;1.49;11.5;29.2;.00;5.18;5.18;95;54;575.5;16.3;-3.3;D;723.4;9;36.683;2;2.12;185;36.71;-118.48456684;33.4445845;0;0;1;N;1.550763;67;67;11;79;79;28.16862;0;5.71;5.19;11.027;2;9;24.3;0;24.2999992370605;33.76;1531.30492;07/13/16;16:33:19;22.74;51.34;33.76;-0.031;8.41;-82.7;0.5;-0.3;-1528;128.4;9.11;12.4;
33.4443284012043;-118.484797000741;16:36:19.80;7/13/2016;7;2.044;37.86;12.0453350093692;1.35;24.4;39.28;0.55;20.6;29.2;.00;5.12;5.12;95;54;575.5;16.3;-3.3;D;723.4;9;35.595;2;2.16;185;36.87;-118.48456684;33.4445845;0;0;1;N;1.412733;60;60;11;86;86;29.12449;0;9999.99;5.13;5.257;2;9;24.3;0;24.2999992370605;33.8;1531.3484;07/13/16;16:33:20;22.70;51.39;33.80;-0.105;8.41;-82.5;1.0;-2.8;-1573;128.2;9.10;12.2;
33.4443369566316;-118.484791998017;16:36:20.80;7/13/2016;7;2.2;32.41;12.0453350093692;1.35;21.4;36.25;-1.43;8.5;29.2;.01;5.13;5.14;95;54;575.5;16.3;-3.3;D;723.4;9;34.556;2;2.17;185;37.2;-118.48456684;33.4445845;0;0;1;N;1.176776;48;48;11;105;105;30.77116;0;9999.99;5.12;5.250882;2;9;24.3;0;24.2999992370605;33.82;1531.37038;07/13/16;16:33:21;22.67;51.42;33.82;-0.061;8.41;-82.5;0.5;-4.4;-3386;128.1;9.10;12.4;
33.4443446747814;-118.484785746093;16:36:21.80;7/13/2016;7;2.181;35.54;12.0453350093692;1.35;26.3;41.18;1.26;15.8;29.2;.00;5.27;5.27;95;54;575.5;16.3;-3.3;D;723.4;9;33.522;2;2.19;184;37.29;-118.48456684;33.4445845;0;0;1;N;1.07328;65;65;11;88;88;31.498;0;9999.99;5.27;5.397;2;9;24.3;0;24.2999992370605;33.84;1531.39196;07/13/16;16:33:22;22.66;51.44;33.84;0.037;8.42;-82.8;0.8;-0.5;-57;128.0;9.09;12.4;
33.444352306824;-118.484779173483;16:36:22.80;7/13/2016;7;1.988;32.89;12.0453350093692;1.35;20.6;35.45;0.42;6.83;29.2;.00;5.36;5.36;95;50;575.4;16.3;-3;D;773.9;9;32.477;2;2.19;184;37.35;-118.48456684;33.4445845;0;0;1;N;1.011153;60;60;11;92;92;31.93554;0;9999.99;5.36;5.487;2;9;24.3;0;24.2999992370605;33.88;1531.43532;07/13/16;16:33:23;22.67;51.49;33.88;-0.147;8.41;-82.5;0.7;-1.5;-2889;128.0;9.08;12.5;
33.444358840568;-118.484773157196;16:36:23.80;7/13/2016;7;2.073;39.78;12.0453350093692;1.35;23.5;38.37;0.68;14.9;29.2;.00;5.21;5.21;95;50;575.4;16.3;-3;D;773.9;9;31.561;2;2.17;184;37.34;-118.48456684;33.4445845;0;0;1;N;0.9957526;62;62;11;106;106;32.04413;0;9999.99;5.22;5.347574;2;9;24.3;0;24.2999992370605;33.86;1531.41387;07/13/16;16:33:24;22.69;51.47;33.86;-0.028;8.42;-82.8;0.1;-4.5;-592;127.9;9.07;12.3;
33.4443669374465;-118.48476461843;16:36:24.80;7/13/2016;7;2.125;39.54;12.0453350093692;1.35;26.3;41.18;-0.7;10.4;29.2;.00;5.34;5.34;95;50;575.4;16.3;-3;D;773.9;9;30.364;2;2.13;184;37.18;-118.48456684;33.4445845;0;0;1;N;1.031732;53;53;11;89;89;31.79052;0;9999.99;5.34;5.467227;2;9;24.3;0;24.2999992370605;33.88;1531.43518;07/13/16;16:33:25;22.71;51.50;33.88;-0.093;8.41;-82.6;0.6;-5.5;-17;127.9;9.07;12.4;
33.4443738801001;-118.484758162807;16:36:25.80;7/13/2016;7;2.051;39.04;12.0453350093692;1.35;24;38.87;1.2;8.3;29.2;.00;5.44;5.45;95;49;575.4;16.3;-3;D;795.2;9;29.387;2;2.02;184;37.16;-118.48456684;33.4445845;0;0;1;N;1.019022;64;64;11;99;99;31.88012;0;9999.99;5.45;5.577;2;9;24.3;0;24.2999992370605;33.85;1531.40262;07/13/16;16:33:26;22.72;51.46;33.85;-0.045;8.41;-82.5;0.6;-3.5;-2992;127.7;9.06;12.2;
33.4443803892624;-118.484751621144;16:36:26.80;7/13/2016;7;2.087;38.5;12.0453350093692;1.35;20;34.84;-0.27;6.49;29.2;.00;5.31;5.31;95;49;575.4;16.3;-3;D;795.2;9;28.444;2;2.06;184;37.07;-118.48456684;33.4445845;0;0;1;N;1.037708;57;57;11;111;111;31.74844;0;9999.99;5.32;5.450269;2;9;24.3;0;24.2999992370605;33.85;1531.4027;07/13/16;16:33:27;22.72;51.45;33.85;-0.148;8.41;-82.5;0.4;0.0;-1427;127.6;9.05;12.3;
33.4443872072965;-118.484743633517;16:36:27.80;7/13/2016;7;2.083;41.29;12.0453350093692;1.35;21.5;36.35;0.18;5.24;29.2;.00;5.32;5.33;95;49;575.4;16.3;-3;D;795.2;9;27.393;2;2.09;184;36.79;-118.48456684;33.4445845;0;0;1;N;1.126238;58;58;11;106;106;31.12585;0;9999.99;5.32;5.449201;2;9;24.3;0;24.2999992370605;33.86;1531.41353;07/13/16;16:33:28;22.73;51.46;33.86;-0.070;8.41;-82.2;1.2;-1.0;430;127.5;9.04;12.3;
33.4443913542333;-118.484735999473;16:36:28.80;7/13/2016;7;2.1;47.84;12.0453350093692;1.35;25.5;40.38;0.22;9.9;29.1;.00;5.42;5.42;95;49;575.4;16.3;-3;D;795.2;9;26.601;2;2.03;184;36.16;-118.48456684;33.4445845;0;0;1;N;1.37583;58;58;11;83;83;29.38104;0;9999.99;5.43;5.561742;2;9;24.3;0;24.2999992370605;33.87;1531.42429;07/13/16;16:33:29;22.75;51.48;33.87;-0.084;8.40;-82.0;0.4;-2.3;-437;127.4;9.03;12.2;
33.4443983950198;-118.484728320257;16:36:29.81;7/13/2016;7;2.145;45.18;12.0453350093692;1.35;23.5;38.37;0.35;11.3;29.1;.00;5.46;5.47;95;51;575.3;16.3;-3.1;D;760.2;9;25.549;2;2.1;184;35.9;-118.48456684;33.4445845;0;0;1;N;1.440122;59;59;11;89;89;28.93457;0;34.36;5.46;39.94528;2;9;24.3;0;24.2999992370605;33.86;1531.41362;07/13/16;16:33:30;22.76;51.47;33.86;-0.066;8.41;-82.6;0.7;-2.5;-752;127.2;9.01;12.3;
33.4444062610437;-118.484720772933;16:36:30.81;7/13/2016;7;2.053;42.67;12.0453350093692;1.35;23.6;38.47;0.31;6.86;29.1;.00;5.49;5.50;95;51;575.3;16.3;-3.1;D;760.2;9;24.430;2;2.09;184;35.78;-118.48456684;33.4445845;0;0;1;N;1.430246;59;59;11;89;89;29.00305;0;9999.99;5.50;5.62455;2;9;24.3;0;24.2999992370605;33.86;1531.41361;07/13/16;16:33:31;22.77;51.46;33.86;-0.036;8.40;-82.0;0.2;-1.5;-3647;127.1;9.00;12.2;
33.4444135597291;-118.484714494951;16:36:31.83;7/13/2016;7;2.14;42.62;12.0453350093692;1.35;24.5;39.38;-1.17;12.1;29.1;.00;5.62;5.63;95;51;575.3;16.3;-3.1;D;761.9;9;23.431;2;2.08;184;35.78;-118.48456684;33.4445845;0;0;1;N;1.373641;50;50;11;87;87;29.39636;0;9999.99;5.62;5.747;2;9;24.3;0;24.2999992370605;33.84;1531.39184;07/13/16;16:33:32;22.76;51.44;33.84;-0.111;8.41;-82.2;0.8;-1.5;-1540;126.9;9.00;12.3;
33.4444206928595;-118.484707059836;16:36:32.83;7/13/2016;7;1.98;41.21;12.0453350093692;1.35;21.7;36.56;-0.44;4.73;29.1;.00;5.68;5.68;95;51;575.3;16.3;-3.1;D;761.9;9;22.384;2;2.11;184;35.54;-118.48456684;33.4445845;0;0;1;N;1.410516;54;54;11;93;93;29.14011;0;9999.99;5.67;5.797;2;9;24.3;0;24.2999992370605;33.82;1531.37013;07/13/16;16:33:33;22.76;51.41;33.82;0.001;8.40;-81.9;1.4;1.6;-2772;126.8;8.99;12.4;
33.4444289295277;-118.484699019922;16:36:33.86;7/13/2016;7;2.101;43.58;12.0453350093692;1.35;21.8;36.66;0.27;10.4;29.1;.00;5.58;5.58;95;51;575.3;16.3;-3.1;D;761.9;9;21.205;2;2.17;184;35.34;-118.48456684;33.4445845;0;0;1;N;1.411706;59;59;11;97;97;29.13182;0;9999.99;5.59;5.714935;2;9;24.3;0;24.2999992370605;33.84;1531.3918;07/13/16;16:33:35;22.74;51.43;33.84;-0.083;8.41;-82.3;1.1;-1.4;394;126.6;8.98;12.4;
33.4444360862321;-118.48469219351;16:36:34.88;7/13/2016;7;2.196;40.41;12.0453350093692;1.35;25.3;40.18;1.46;11;29.1;.01;5.53;5.54;95;52;575.3;16.3;-3.2;D;740.8;9;20.190;2;2.19;184;35.17;-118.48456684;33.4445845;0;0;1;N;1.393204;66;66;11;83;83;29.2603;0;9999.99;5.53;5.660729;2;9;24.3;0;24.2999992370605;33.85;1531.40304;07/13/16;16:33:36;22.73;51.45;33.85;-0.090;8.40;-82.0;0.8;-1.7;-1543;126.5;8.97;12.2;
33.4444437783769;-118.484686370295;16:36:35.89;7/13/2016;7;2.091;36.7;12.0453350093692;1.35;21.2;36.05;-0.64;9;29.2;.00;5.60;5.61;95;52;575.3;16.3;-3.2;D;740.8;9;19.179;2;2.14;184;35.33;-118.48456684;33.4445845;0;0;1;N;1.278832;55;55;11;101;101;30.0573;0;9999.99;5.61;5.737246;2;9;24.3;0;24.2999992370605;33.85;1531.40304;07/13/16;16:33:36;22.73;51.45;33.85;-0.090;8.40;-82.0;0.8;-1.7;-1543;126.5;8.97;12.2;
33.4444519086587;-118.484678854657;16:36:36.91;7/13/2016;7;2.07;37.08;12.0453350093692;1.35;20.5;35.35;-0.56;8.9;29.1;.01;5.69;5.69;95;52;575.3;16.3;-3.2;D;740.8;9;18.039;2;2.12;184;35.18;-118.48456684;33.4445845;0;0;1;N;1.250024;54;54;11;107;107;30.25875;0;9999.99;5.68;5.808373;2;9;24.3;0;24.2999992370605;33.83;1531.38137;07/13/16;16:33:38;22.73;51.43;33.83;0.017;8.40;-82.2;0.7;-0.7;-2111;126.2;8.95;12.5;
33.444459593325;-118.48467289069;16:36:37.91;7/13/2016;7;1.893;37.08;12.0453350093692;1.35;21.9;36.76;-0.6;9.9;29.1;.01;5.65;5.66;95;52;575.3;16.3;-3.2;D;740.8;9;17.021;2;2.09;184;35.32;-118.48456684;33.4445845;0;0;1;N;1.139514;53;53;11;104;104;31.03285;0;9999.99;5.64;5.77155;2;9;24.3;0;24.2999992370605;33.83;1531.38137;07/13/16;16:33:38;22.73;51.43;33.83;0.017;8.40;-82.2;0.7;-0.7;-2111;126.2;8.95;12.5;
33.4444682004806;-118.484668977366;16:36:38.91;7/13/2016;7;2.162;33.14;12.0453350093692;1.35;22.9;37.77;0.55;10.4;29.1;.00;5.87;5.87;95;51;575.2;16.3;-3.1;D;761.5;9;16.032;2;2.09;184;36.23;-118.48456684;33.4445845;0;0;1;N;0.8145782;60;60;11;104;104;33.32559;0;47.58;5.87;53.577;2;9;24.3;0;24.2999992370605;33.82;1531.37029;07/13/16;16:33:40;22.70;51.41;33.82;-0.067;8.40;-81.7;0.9;-2.3;-1512;126.0;8.94;12.2;
33.4444775285678;-118.484663249153;16:36:39.92;7/13/2016;7;2.197;32;12.0453350093692;1.35;23.4;38.27;0.65;8.7;29.1;.00;5.76;5.77;95;51;575.2;16.3;-3.1;D;761.5;9;14.883;2;2.07;184;36.94;-118.48456684;33.4445845;0;0;1;N;0.5726619;62;62;11;117;117;35.04516;0;48.89;5.77;54.78461;2;9;24.3;0;24.2999992370605;33.82;1531.37029;07/13/16;16:33:40;22.70;51.41;33.82;-0.067;8.40;-81.7;0.9;-2.3;-1512;126.0;8.94;12.2;
33.4444839907841;-118.484656374181;16:36:40.92;7/13/2016;7;2.116;34.8;12.0453350093692;1.35;26.6;41.49;0.45;9.8;29.1;.00;5.93;5.93;95;51;575.2;16.3;-3.1;D;761.5;9;13.926;2;2.1;184;36.62;-118.48456684;33.4445845;0;0;1;N;0.6029533;60;60;11;100;100;34.82938;0;43.52;5.93;49.577;2;9;24.3;0;24.2999992370605;33.84;1531.39175;07/13/16;16:33:42;22.66;51.44;33.84;-0.098;8.40;-81.7;1.6;-5.5;-3024;125.6;8.92;12.5;
33.4444916248807;-118.484647874985;16:36:41.92;7/13/2016;7;2.095;37.84;12.0453350093692;1.35;29;43.89;0.47;8.9;29.1;.00;5.84;5.84;95;50;575.2;16.3;-3.1;D;769.3;9;12.775;2;2.11;184;36.06;-118.48456684;33.4445845;0;0;1;N;0.6686713;58;58;11;87;87;34.36176;0;49.29;5.84;55.25914;2;9;24.3;0;24.2999992370605;33.84;1531.39175;07/13/16;16:33:42;22.66;51.44;33.84;-0.098;8.40;-81.7;1.6;-5.5;-3024;125.6;8.92;12.5;
33.4445008720555;-118.484639557678;16:36:42.92;7/13/2016;7;2.305;35.03;12.0453350093692;1.35;27.4;42.29;1.45;12.1;29.1;.00;5.85;5.85;95;50;575.2;16.3;-3.1;D;769.3;9;11.489;2;2.12;184;35.96;-118.48456684;33.4445845;0;0;1;N;0.6263532;66;66;11;97;97;34.66283;0;9999.99;5.86;5.987;2;9;24.3;0;24.2999992370605;33.85;1531.40271;07/13/16;16:33:44;22.65;51.45;33.85;-0.160;8.39;-81.3;1.2;-4.1;-2903;125.3;8.89;12.3;
33.4445089142525;-118.484632492686;16:36:43.94;7/13/2016;7;2.044;36.75;12.0453350093692;1.35;26;40.88;-0.19;12.6;29.2;.00;5.82;5.82;95;50;575.2;16.3;-3.1;D;769.3;9;10.380;2;2.14;184;35.93;-118.48456684;33.4445845;0;0;1;N;0.5748177;56;56;11;104;104;35.02955;0;9999.99;5.83;5.953475;2;9;24.3;0;24.2999992370605;33.85;1531.40271;07/13/16;16:33:44;22.65;51.45;33.85;-0.160;8.39;-81.3;1.2;-4.1;-2903;125.3;8.89;12.3;
33.4445155835205;-118.484626264648;16:36:44.95;7/13/2016;7;1.984;34.68;12.0453350093692;1.35;25.6;40.48;-0.77;6.44;29.1;.00;5.81;5.82;95;50;575.2;16.3;-3.1;D;769.3;9;9.440;2;2.11;183;35.73;-118.48456684;33.4445845;0;0;1;N;0.5555134;53;53;11;107;107;35.16726;0;9999.99;5.81;5.941633;2;9;24.3;0;24.2999992370605;33.85;1531.40267;07/13/16;16:33:46;22.64;51.45;33.85;-0.072;8.40;-81.7;0.3;-1.0;-1230;124.9;8.87;12.5;
33.4445233132684;-118.484617589507;16:36:45.97;7/13/2016;7;2.297;42.36;12.0453350093692;1.35;28.8;43.69;0.67;11.5;29.1;.00;5.89;5.90;95;49;575.1;16.3;-3;D;790.3;9;8.274;2;2.1;183;34.69;-118.48456684;33.4445845;0;0;1;N;0.6337056;61;61;11;91;91;34.61044;0;9999.99;5.89;6.017;2;9;24.3;0;24.2999992370605;33.85;1531.40267;07/13/16;16:33:46;22.64;51.45;33.85;-0.072;8.40;-81.7;0.3;-1.0;-1230;124.9;8.87;12.5;
33.4445304484929;-118.484608866337;16:36:46.97;7/13/2016;7;2.032;41.77;12.0453350093692;1.35;27.4;42.29;-0.15;5.57;29.1;.00;5.84;5.84;95;49;575.1;16.3;-3;D;790.3;9;7.164;2;2.09;183;32.97;-118.48456684;33.4445845;0;0;1;N;0.760514;56;56;11;93;93;33.70906;0;9999.99;5.84;5.965687;2;9;24.3;0;24.2999992370605;33.87;1531.42443;07/13/16;16:33:48;22.66;51.48;33.87;-0.035;8.39;-81.3;1.8;-1.6;-1393;124.6;8.85;12.4;
33.4445364816216;-118.484600794675;16:36:47.97;7/13/2016;7;2.039;46.79;12.0453350093692;1.35;29.8;44.69;0.74;12.6;29.1;.00;5.91;5.91;95;49;575.1;16.3;-3;D;790.3;9;6.199;2;2.12;183;30.54;-118.48456684;33.4445845;0;0;1;N;0.9133158;61;61;11;79;79;32.62725;0;9999.99;5.91;6.037;2;9;24.3;0;24.2999992370605;33.87;1531.42443;07/13/16;16:33:48;22.66;51.48;33.87;-0.035;8.39;-81.3;1.8;-1.6;-1393;124.6;8.85;12.4;
33.4445429287994;-118.484591869532;16:36:48.97;7/13/2016;7;2.123;48.69;12.0453350093692;1.35;25.8;40.68;0.64;9.9;29.1;.00;5.95;5.95;95;50;575.1;16.3;-3;D;781.2;9;5.173;2;2.11;183;26.67;-118.48456684;33.4445845;0;0;1;N;1.109502;59;59;11;82;82;31.24429;0;9999.99;5.95;6.077;2;9;24.3;0;24.2999992370605;33.86;1531.41366;07/13/16;16:33:50;22.69;51.46;33.86;-0.089;8.39;-81.3;0.3;-3.4;-3677;124.3;8.82;12.3;
33.4445498914921;-118.484583104528;16:36:49.98;7/13/2016;7;2.066;48.33;12.0453350093692;1.35;20.7;35.55;0.24;8.5;29.1;.01;5.77;5.77;95;50;575.1;16.3;-3;D;781.2;9;4.134;2;2.09;183;21.41;-118.48456684;33.4445845;0;0;1;N;1.261577;60;60;11;93;93;30.1763;0;25.53;5.77;31.42846;2;9;24.3;0;24.2999992370605;33.86;1531.41366;07/13/16;16:33:50;22.69;51.46;33.86;-0.089;8.39;-81.3;0.3;-3.4;-3677;124.3;8.82;12.3;
33.4445570286306;-118.484573724351;16:36:50.98;7/13/2016;7;2.047;49.73;12.0453350093692;1.35;21;35.85;-1.14;7.41;29.1;.00;5.78;5.78;95;50;575.1;16.3;-3;D;781.2;9;3.121;2;2.07;183;11.81;-118.48456684;33.4445845;0;0;1;N;1.44459;50;50;11;99;99;28.90327;0;18.28;5.78;24.18838;2;9;24.3;0;24.2999992370605;33.85;1531.40282;07/13/16;16:33:52;22.69;51.45;33.85;-0.036;8.39;-81.2;1.1;-4.0;-1150;124.0;8.80;12.3;
33.4445630663457;-118.484566023784;16:36:51.98;7/13/2016;7;2.236;49.6;12.0453350093692;1.35;24.6;39.48;1.06;12;29.1;.00;5.82;5.82;95;50;575.1;16.3;-3;D;781.2;9;2.385;2;2.03;183;358.18;-118.48456684;33.4445845;0;0;1;N;1.566425;62;62;11;79;79;28.061;0;29.14;5.81;35.0834;2;9;24.3;0;24.2999992370605;33.85;1531.40282;07/13/16;16:33:52;22.69;51.45;33.85;-0.036;8.39;-81.2;1.1;-4.0;-1150;124.0;8.80;12.3;
33.4445706312872;-118.484559373007;16:36:52.98;7/13/2016;7;2.009;39.05;12.0453350093692;1.35;22.2;37.06;-0.51;7.83;29.1;.00;5.81;5.81;95;50;575.0;16.3;-3;D;778.6;10;165.146;2;2.06;183;302.94;-118.48605317;33.44537818;0;0;1;N;1.041712;53;53;11;5;5;308.2011;0;9999.99;5.81;5.940485;2;9;24.3;0;24.2999992370605;33.87;1531.42434;07/13/16;16:33:54;22.71;51.48;33.87;-0.062;8.40;-81.9;1.7;-3.6;-1039;123.7;8.78;12.2;
33.4445803063639;-118.484552945397;16:36:54.02;7/13/2016;7;2.034;35.56;12.0453350093692;1.35;16.7;31.5;-0.18;10.3;29.1;.00;5.88;5.88;95;50;575.0;16.3;-3;D;778.6;10;165.066;2;2.08;183;302.51;-118.48605317;33.44537818;0;0;1;N;0.1684372;56;56;11;5;5;301.7014;0;9999.99;5.88;6.007;2;9;24.3;0;24.2999992370605;33.87;1531.42434;07/13/16;16:33:54;22.71;51.48;33.87;-0.062;8.40;-81.9;1.7;-3.6;-1039;123.7;8.78;12.2;
33.4445884786876;-118.484549199275;16:36:55.05;7/13/2016;7;2.189;28.17;12.0453350093692;1.35;13.8;28.56;1.62;11.1;29.1;.00;5.79;5.79;95;50;575.0;16.3;-3;D;778.6;10;164.873;2;2.06;183;302.18;-118.48605317;33.44537818;0;0;1;N;1.122971;67;67;11;5;5;296.3238;0;9999.99;5.79;5.919714;2;9;24.3;0;24.2999992370605;33.84;1531.392;07/13/16;16:33:56;22.72;51.43;33.84;-0.115;8.41;-82.4;1.5;-5.7;-921;123.6;8.76;12.3;
33.4445971326324;-118.484545120119;16:36:56.05;7/13/2016;7;2.054;25.77;12.0453350093692;1.35;5.1;19.7;0.87;12.6;29.1;.01;5.86;5.87;95;52;575.0;16.3;-3.2;D;743.5;10;164.684;2;2.05;183;301.83;-118.48605317;33.44537818;0;0;1;N;2.157177;62;62;11;5;5;290.2383;0;9999.99;5.87;6.000676;2;9;24.3;0;24.2999992370605;33.85;1531.40305;07/13/16;16:33:57;22.72;51.45;33.85;-0.101;8.41;-82.2;1.3;-4.6;281;123.6;8.76;12.4;
33.4446055801929;-118.484542009261;16:36:57.05;7/13/2016;7;1.995;23.97;12.0453350093692;1.35;355.2;9.58;0.66;13.9;29.1;.00;5.81;5.81;95;52;575.0;16.3;-3.2;D;743.5;10;164.437;2;2.05;183;301.5;-118.48605317;33.44537818;0;0;1;N;3.109153;61;61;11;5;5;284.2636;0;9999.99;5.81;5.940714;2;9;24.3;0;24.2999992370605;33.85;1531.40305;07/13/16;16:33:57;22.72;51.45;33.85;-0.101;8.41;-82.2;1.3;-4.6;281;123.6;8.76;12.4;
33.4446135121712;-118.484540661788;16:36:58.06;7/13/2016;7;2.026;17;12.0453350093692;1.35;345.6;359.76;1.8;12;29.1;.00;5.88;5.89;95;52;575.0;16.3;-3.1;D;748.8;10;164.085;2;2.02;183;301.21;-118.48605317;33.44537818;0;0;1;N;3.917035;68;68;11;5;5;278.4139;0;9999.99;5.89;6.021719;2;9;24.3;0;24.2999992370605;33.85;1531.40275;07/13/16;16:33:59;22.72;51.45;33.85;-0.177;8.40;-82.1;1.2;1.4;-2316;123.6;8.77;12.4;
33.4446225987989;-118.484539700736;16:36:59.06;7/13/2016;7;1.979;10.18;12.0453350093692;1.35;338.1;352.09;1.14;11.7;29.2;.01;5.98;5.98;95;52;575.0;16.3;-3.1;D;748.8;10;163.640;2;2;183;300.89;-118.48605317;33.44537818;0;0;1;N;4.827261;64;64;11;5;5;271.4789;0;9999.99;5.99;6.119678;2;9;24.3;0;24.2999992370605;33.85;1531.40275;07/13/16;16:33:59;22.72;51.45;33.85;-0.177;8.40;-82.1;1.2;1.4;-2316;123.6;8.77;12.4;
33.4446311242713;-118.48454141368;16:37:00.06;7/13/2016;7;2.061;4.54;12.0453350093692;1.35;326.6;340.35;1.1;13.5;29.1;.00;5.93;5.94;95;52;575.0;16.3;-3.1;D;748.8;10;163.018;2;1.99;183;300.64;-118.48605317;33.44537818;0;0;1;N;5.571072;64;64;11;5;5;267.7681;0;9999.99;5.94;6.069305;2;9;24.3;0;24.2999992370605;33.85;1531.40304;07/13/16;16:34:01;22.72;51.46;33.85;-0.079;8.41;-82.5;1.8;-0.9;-1079;123.8;8.78;12.3;
33.4446406860925;-118.484546574337;16:37:01.11;7/13/2016;7;2.124;346.2;12.0453350093692;1.35;313.6;327.15;1.78;11.2;29.1;.01;6.03;6.03;95;50;575.0;16.3;-3.1;D;770.2;10;162.066;2;2;183;300.4;-118.48605317;33.44537818;0;0;1;N;6.223812;68;68;11;5;5;264.7356;0;9999.99;6.03;6.15745;2;9;24.3;0;24.2999992370605;33.85;1531.40304;07/13/16;16:34:01;22.72;51.46;33.85;-0.079;8.41;-82.5;1.8;-0.9;-1079;123.8;8.78;12.3;
33.4446495281388;-118.484552918623;16:37:02.13;7/13/2016;7;2.024;346.2;12.0453350093692;1.35;308.5;321.98;1.31;15.3;29;.01;6.04;6.04;95;50;574.9;16.3;-3.1;D;771.2;10;161.062;2;1.97;183;300.2;-118.48605317;33.44537818;0;0;1;N;6.745953;65;65;11;5;5;262.4789;0;9999.99;6.05;6.180281;2;9;24.3;0;24.2999992370605;33.84;1531.39244;07/13/16;16:34:03;22.73;51.44;33.84;-0.158;8.40;-82.1;1.3;-3.3;-3595;123.9;8.78;12.5;
33.4446547421229;-118.484558250117;16:37:03.14;7/13/2016;7;1.931;339.43;12.0453350093692;1.35;294.1;307.42;1.2;10;29;.01;6.14;6.14;95;50;574.9;16.3;-3.1;D;771.2;10;160.343;2;1.86;183;300.11;-118.48605317;33.44537818;0;0;1;N;6.996166;62;62;11;5;5;261.4496;0;9999.99;6.14;6.271212;2;9;24.3;0;24.2999992370605;33.84;1531.39244;07/13/16;16:34:03;22.73;51.44;33.84;-0.158;8.40;-82.1;1.3;-3.3;-3595;123.9;8.78;12.5;
33.4446610810795;-118.48456551025;16:37:04.14;7/13/2016;7;1.86;339.43;12.0453350093692;1.35;287;300.24;1.21;10.5;29.1;.01;6.28;6.29;95;50;574.9;16.3;-3.1;D;771.2;10;159.407;2;1.9;183;300.01;-118.48605317;33.44537818;0;0;1;N;7.242428;66;66;11;5;5;260.4621;0;9999.99;6.29;6.417;2;9;24.3;0;24.2999992370605;33.83;1531.38169;07/13/16;16:34:05;22.72;51.42;33.83;-0.073;8.40;-81.8;1.3;-0.1;-2028;123.9;8.79;12.4;
33.4446658355849;-118.484574311694;16:37:05.14;7/13/2016;7;1.821;321.81;12.0453350093692;1.35;277.9;291.02;1.1;10.2;29.1;.00;6.24;6.24;95;52;574.9;16.3;-3.1;D;749.7;10;158.435;2;1.89;183;300;-118.48605317;33.44537818;0;0;1;N;7.269207;64;64;11;5;5;260.3582;0;28.54;6.25;34.91924;2;9;24.3;0;24.2999992370605;33.83;1531.38169;07/13/16;16:34:05;22.72;51.42;33.83;-0.073;8.40;-81.8;1.3;-0.1;-2028;123.9;8.79;12.4;
33.4446690118409;-118.4845806939;16:37:06.14;7/13/2016;7;1.383;316.68;12.0453350093692;1.35;271.1;284.1;0.78;12.5;29;.00;6.51;6.51;95;52;574.9;16.3;-3.1;D;749.7;10;157.746;2;1.88;183;299.99;-118.48605317;33.44537818;0;0;1;N;7.263158;62;62;11;32;32;260.3813;0;28.83;6.52;35.477;2;9;24.3;0;24.2999992370605;33.82;1531.37007;07/13/16;16:34:07;22.68;51.41;33.82;-0.178;8.39;-81.3;1.2;-1.7;-2571;123.7;8.78;12.3;
33.4446713534828;-118.484588740808;16:37:07.16;7/13/2016;7;1.862;297.07;12.0453350093692;1.35;264.9;277.78;1.08;12.1;29;.00;6.48;6.48;95;52;574.9;16.3;-3.1;D;749.7;10;156.969;2;1.85;183;300.05;-118.48605317;33.44537818;0;0;1;N;7.082482;67;67;11;55;55;261.0996;0;32.11;6.48;38.72046;2;9;24.3;0;24.2999992370605;33.82;1531.37007;07/13/16;16:34:07;22.68;51.41;33.82;-0.178;8.39;-81.3;1.2;-1.7;-2571;123.7;8.78;12.3;
33.4446736679339;-118.484599463482;16:37:08.16;7/13/2016;7;1.906;292.82;12.0453350093692;1.35;257.7;270.4;0.37;14.4;29;.00;6.55;6.55;95;52;574.9;16.3;-3.1;D;749.7;10;155.979;2;1.88;184;300.15;-118.48605317;33.44537818;0;0;1;N;6.773924;60;60;11;89;89;262.3615;0;9999.99;6.56;6.68676;2;9;24.3;0;24.2999992370605;33.86;1531.41369;07/13/16;16:34:09;22.69;51.47;33.86;-0.053;8.39;-81.1;1.6;-3.6;-2519;123.6;8.77;12.4;
33.4446744460116;-118.484609682358;16:37:09.19;7/13/2016;8;1.704;282.55;12.0453350093692;1.35;259.1;271.84;-0.87;8.1;29;.00;6.60;6.60;95;51;574.8;16.3;-3.1;D;756;10;155.116;2;1.86;184;300.3;-118.48605317;33.44537818;0;0;1;N;6.343246;52;52;11;96;96;264.2068;0;9999.99;6.60;6.727727;2;9;24.3;0;24.2999992370605;33.86;1531.41369;07/13/16;16:34:09;22.69;51.47;33.86;-0.053;8.39;-81.1;1.6;-3.6;-2519;123.6;8.77;12.4;
33.4446750355674;-118.484619539705;16:37:10.19;7/13/2016;7;1.93;270.3;12.0453350093692;1.35;263;275.84;0.67;7.59;29;.00;6.93;6.93;95;51;574.8;16.3;-3.1;D;756;10;154.294;2;1.91;184;300.45;-118.48605317;33.44537818;0;0;1;N;5.89166;61;61;11;89;89;266.248;0;9999.99;6.92;7.047;2;9;24.3;0;24.2999992370605;33.82;1531.37016;07/13/16;16:34:11;22.69;51.41;33.82;-0.091;8.38;-80.7;0.9;-3.7;-3487;123.4;8.76;12.2;
33.444673698262;-118.4846283793;16:37:11.20;7/13/2016;7;1.815;269.98;12.0453350093692;1.35;262.7;275.53;-0.58;9.8;29;.00;7.04;7.05;95;51;574.8;16.3;-3.1;D;756;10;153.663;2;1.98;184;300.65;-118.48605317;33.44537818;0;0;1;N;5.326961;54;54;11;101;101;268.9598;0;9999.99;7.05;7.177;2;9;24.3;0;24.2999992370605;33.82;1531.37016;07/13/16;16:34:11;22.69;51.41;33.82;-0.091;8.38;-80.7;0.9;-3.7;-3487;123.4;8.76;12.2;
33.4446753512623;-118.484638293583;16:37:12.23;7/13/2016;7;1.785;272.82;12.0453350093692;1.35;266.9;279.82;0.31;4.7;29.1;.00;7.39;7.39;95;50;574.8;16.3;-3;D;780.3;10;152.779;2;1.97;184;300.77;-118.48605317;33.44537818;0;0;1;N;4.985832;58;58;11;95;95;270.6866;0;9999.99;7.39;7.517;2;9;24.3;0;24.2999992370605;33.83;1531.38125;07/13/16;16:34:12;22.67;51.43;33.83;0.022;8.38;-80.4;1.9;-2.6;-3913;123.2;8.75;12.4;
33.4446767711796;-118.48464854348;16:37:13.23;7/13/2016;7;1.878;272.29;12.0453350093692;1.35;269.9;282.88;-0.15;6.53;29.1;.00;7.39;7.39;95;50;574.8;16.3;-3;D;780.3;10;151.881;2;1.94;184;300.9;-118.48605317;33.44537818;0;0;1;N;4.595879;56;56;11;86;86;272.7425;0;9999.99;7.39;7.517;2;9;24.3;0;24.2999992370605;33.84;1531.39188;07/13/16;16:34:14;22.65;51.44;33.84;-0.092;8.38;-80.9;1.7;-4.2;-193;122.8;8.72;12.4;
33.4446773988702;-118.484656343283;16:37:14.25;7/13/2016;7;1.824;274.71;12.0453350093692;1.35;273.7;286.75;0.22;6.58;29.1;.00;7.80;7.80;95;49;574.8;16.3;-3;D;789.3;10;151.224;2;1.91;184;301.02;-118.48605317;33.44537818;0;0;1;N;4.250636;58;58;11;79;79;274.6355;0;9999.99;7.80;7.927;2;9;24.3;0;24.2999992370605;33.82;1531.37007;07/13/16;16:34:15;22.64;51.41;33.82;-0.017;8.38;-80.8;1.5;-6.8;-1122;122.6;8.71;12.4;
33.444679;-118.484667666667;16:37:15.31;7/13/2016;7;1.99;281.36;12.0453350093692;1.35;272.3;285.33;-0.36;9.3;29.1;.01;8.01;8.02;95;49;574.8;16.3;-3;D;789.3;10;150.243;2;1.94;184;301.15;-118.48605317;33.44537818;0;0;1;N;3.876938;55;55;11;93;93;276.7639;0;9999.99;8.01;8.137;2;9;24.2;0;24.2999992370605;33.82;1531.37007;07/13/16;16:34:15;22.64;51.41;33.82;-0.017;8.38;-80.8;1.5;-6.8;-1122;122.6;8.71;12.4;
33.444682;-118.484678166667;16:37:16.33;7/13/2016;7;1.99;286.16;12.0453350093692;1.35;275.3;288.38;0.35;7;29.1;.01;8.16;8.17;95;49;574.8;16.3;-3;D;789.3;10;149.263;2;1.93;184;301.25;-118.48605317;33.44537818;0;0;1;N;3.586266;59;59;11;87;87;278.473;0;9999.99;8.16;8.287;2;9;24.2;0;24.2000007629395;33.83;1531.13593;07/13/16;16:34:17;22.61;51.42;33.83;-0.051;8.38;-80.6;1.5;-2.6;-1820;122.2;8.68;12.4;
33.4446855;-118.484689333333;16:37:17.34;7/13/2016;7;2.122;289.14;12.0453350093692;1.35;274.6;287.67;-0.22;11.7;29.1;.00;8.21;8.21;95;50;574.7;16.3;-3;D;778.2;10;148.258;2;1.95;184;301.33;-118.48605317;33.44537818;0;0;1;N;3.346534;57;57;11;96;96;279.9184;0;9999.99;8.21;8.337179;2;9;24.2;0;24.2000007629395;33.83;1531.13593;07/13/16;16:34:17;22.61;51.42;33.83;-0.051;8.38;-80.6;1.5;-2.6;-1820;122.2;8.68;12.4;
33.4446886666667;-118.484699;16:37:18.34;7/13/2016;7;1.838;289.33;12.0453350093692;1.35;276.3;289.39;0.12;10.1;29.1;.00;8.46;8.46;95;50;574.7;16.3;-3;D;778.2;10;147.175;2;1.95;184;301.41;-118.48605317;33.44537818;0;0;1;N;3.127912;57;57;11;93;93;281.2638;0;9999.99;8.46;8.583864;2;9;24.2;0;24.2000007629395;33.83;1531.1353;07/13/16;16:34:19;22.59;51.43;33.83;0.003;8.37;-80.2;1.6;-4.3;229;121.7;8.65;12.2;
33.4446918333333;-118.484708333333;16:37:19.34;7/13/2016;7;1.702;291.34;12.0453350093692;1.35;278.2;291.32;-0.2;7.09;29.1;.00;8.73;8.73;95;48;574.7;16.3;-2.9;D;802.5;10;146.147;2;1.93;184;301.47;-118.48605317;33.44537818;0;0;1;N;2.959346;56;56;11;91;91;282.3186;0;9999.99;8.73;8.856999;2;9;24.2;0;24.2000007629395;33.83;1531.1353;07/13/16;16:34:19;22.59;51.43;33.83;0.003;8.37;-80.2;1.6;-4.3;229;121.7;8.65;12.2;
33.4446953333333;-118.484718333333;16:37:20.34;7/13/2016;7;2.063;292.9;12.0453350093692;1.35;277.6;290.71;0.62;11.1;29.1;.00;8.46;8.46;95;48;574.7;16.3;-2.9;D;802.5;10;145.290;2;1.91;184;301.51;-118.48605317;33.44537818;0;0;1;N;2.843148;61;61;11;100;100;283.054;0;9999.99;8.47;8.596047;2;9;24.2;0;24.2000007629395;33.82;1531.12431;07/13/16;16:34:21;22.56;51.40;33.82;-0.041;8.38;-80.5;2.1;-6.2;-2936;121.3;8.63;12.4;
33.4446986666667;-118.484728333333;16:37:21.36;7/13/2016;7;1.918;293.32;12.0453350093692;1.35;280.8;293.96;-1.16;9.4;29.1;.00;8.14;8.14;95;48;574.7;16.3;-2.9;D;802.5;10;144.365;2;1.91;184;301.56;-118.48605317;33.44537818;0;0;1;N;2.66707;51;51;11;86;86;284.1815;0;9999.99;8.13;8.257948;2;9;24.2;0;24.2000007629395;33.82;1531.12431;07/13/16;16:34:21;22.56;51.40;33.82;-0.041;8.38;-80.5;2.1;-6.2;-2936;121.3;8.63;12.4;
33.4447038144177;-118.48473992047;16:37:22.38;7/13/2016;7;2.106;298.36;12.0453350093692;1.35;280.8;293.96;0.51;9.1;29;.00;8.13;8.13;95;48;574.7;16.3;-2.9;D;802.5;10;143.073;2;1.99;184;301.61;-118.48605317;33.44537818;0;0;1;N;2.505054;60;60;11;91;91;285.0345;0;9999.99;8.13;8.257;2;9;24.2;0;24.2000007629395;33.82;1531.12451;07/13/16;16:34:23;22.53;51.41;33.82;0.033;8.37;-80.2;1.7;-0.8;-2227;121.0;8.61;12.4;
33.444707498319;-118.484748570945;16:37:23.39;7/13/2016;7;1.739;296.9;12.0453350093692;1.35;280.8;293.96;-0.08;10.4;29;.00;9.04;9.04;95;51;574.7;16.3;-3.1;D;766.6;10;142.175;2;1.99;184;301.64;-118.48605317;33.44537818;0;0;1;N;2.391846;59;59;11;92;92;285.6259;0;9999.99;9.04;9.169872;2;9;24.2;0;24.2000007629395;33.82;1531.12451;07/13/16;16:34:23;22.53;51.41;33.82;0.033;8.37;-80.2;1.7;-0.8;-2227;121.0;8.61;12.4;
33.4447103157714;-118.484757519832;16:37:24.39;7/13/2016;7;1.989;295.76;12.0453350093692;1.35;285.7;298.92;-0.69;8.2;29;.00;9.21;9.21;95;51;574.7;16.3;-3.1;D;766.6;10;141.303;2;1.92;184;301.71;-118.48605317;33.44537818;0;0;1;N;2.348407;53;53;11;79;79;286.8747;0;9999.99;9.20;9.327;2;9;24.2;0;24.2000007629395;33.85;1531.15712;07/13/16;16:34:25;22.52;51.45;33.85;-0.073;8.37;-80.1;1.6;-0.5;-2872;120.6;8.58;12.3;
33.4447146161138;-118.484767576498;16:37:25.39;7/13/2016;7;2.112;296.52;12.0453350093692;1.35;283.1;296.29;0.1;8;29;.00;9.15;9.15;95;51;574.7;16.3;-3.1;D;766.6;10;140.258;2;1.99;184;301.74;-118.48605317;33.44537818;0;0;1;N;2.1931;58;58;11;92;92;287.5122;0;9999.99;9.15;9.276999;2;9;24.2;0;24.2000007629395;33.85;1531.15712;07/13/16;16:34:25;22.52;51.45;33.85;-0.073;8.37;-80.1;1.6;-0.5;-2872;120.6;8.58;12.3;
33.4447178333333;-118.4847765;16:37:26.39;7/13/2016;7;1.945;297.53;12.0453350093692;1.35;285.7;298.92;0.2;9.8;29;.00;9.14;9.14;95;50;574.6;16.3;-3;D;779.1;10;139.315;2;2.01;184;301.77;-118.48605317;33.44537818;0;0;1;N;2.07499;58;58;11;84;84;288.0786;0;9999.99;9.14;9.269997;2;9;24.2;0;24.2000007629395;33.87;1531.17861;07/13/16;16:34:27;22.55;51.48;33.87;-0.113;8.37;-79.9;1.7;-4.3;-3879;120.2;8.55;12.4;
33.4447227601019;-118.484787183009;16:37:27.42;7/13/2016;7;1.896;299.12;12.0453350093692;1.35;286.6;299.83;-0.77;9.9;29;.00;9.02;9.03;95;50;574.6;16.3;-3;D;779.1;10;138.235;2;1.99;184;301.82;-118.48605317;33.44537818;0;0;1;N;1.929993;52;52;11;84;84;289.0358;0;9999.99;9.02;9.145256;2;9;24.2;0;24.2000007629395;33.87;1531.17861;07/13/16;16:34:27;22.55;51.48;33.87;-0.113;8.37;-79.9;1.7;-4.3;-3879;120.2;8.55;12.4;
33.444726736803;-118.484795841324;16:37:28.42;7/13/2016;7;1.682;298.06;12.0453350093692;1.35;288.4;301.65;-0.39;10.6;29;.00;9.27;9.27;95;50;574.6;16.3;-3;D;779.1;10;137.319;2;2.02;184;301.84;-118.48605317;33.44537818;0;0;1;N;1.903901;55;55;11;78;78;289.4874;0;9999.99;9.26;9.390352;2;9;24.2;0;24.2000007629395;33.83;1531.13534;07/13/16;16:34:29;22.58;51.43;33.83;0.031;8.37;-80.2;1.6;-5.6;-2842;119.8;8.51;12.4;
33.4447295;-118.484802833333;16:37:29.42;7/13/2016;7;1.595;298.74;12.0453350093692;1.35;287.7;300.94;0.73;7.68;29;.01;9.32;9.32;95;50;574.6;16.3;-3;D;779.1;10;136.300;2;1.99;184;301.83;-118.48605317;33.44537818;0;0;1;N;1.880884;61;61;11;81;81;289.3891;0;9999.99;9.32;9.447;2;9;24.2;0;24.2000007629395;33.83;1531.13534;07/13/16;16:34:29;22.58;51.43;33.83;0.031;8.37;-80.2;1.6;-5.6;-2842;119.8;8.51;12.4;
33.4447338333333;-118.484810666667;16:37:30.42;7/13/2016;7;1.958;304.82;12.0453350093692;1.35;291.1;304.38;-0.44;9.8;29;.00;9.28;9.28;95;50;574.6;16.3;-3.1;D;769.7;10;135.584;2;1.99;184;301.86;-118.48605317;33.44537818;0;0;1;N;1.78933;57;57;11;71;71;290.0121;0;9999.99;9.28;9.407;2;9;24.2;0;24.2000007629395;33.83;1531.13572;07/13/16;16:34:31;22.56;51.43;33.83;-0.128;8.36;-79.8;1.8;1.0;-2244;119.4;8.50;12.4;
33.4447395369322;-118.484817487311;16:37:31.42;7/13/2016;7;1.346;304.82;12.0453350093692;1.35;288.5;301.75;-0.95;13.1;29.1;.01;9.45;9.46;95;50;574.6;16.3;-3.1;D;769.7;10;134.862;2;2.02;184;301.77;-118.48605317;33.44537818;0;0;1;N;1.810004;49;49;11;76;76;288.6964;0;9999.99;9.44;9.566999;2;9;24.2;0;24.2000007629395;33.83;1531.13572;07/13/16;16:34:31;22.56;51.43;33.83;-0.128;8.36;-79.8;1.8;1.0;-2244;119.4;8.50;12.4;
33.4447433295098;-118.484822024691;16:37:32.42;7/13/2016;5;1.267;304.82;12.0453350093692;1.63;286.6;299.83;1.94;11.9;29.1;.02;9.86;9.87;95;50;574.6;16.3;-3.1;D;769.7;10;134.282;2;1.94;184;301.72;-118.48605317;33.44537818;0;0;1;N;1.961129;66;66;11;79;79;287.8031;0;9999.99;9.87;9.996402;2;9;24.2;0;24.2000007629395;33.82;1531.12545;07/13/16;16:34:33;22.53;51.40;33.82;0.125;8.37;-80.2;2.1;-1.8;-1922;119.1;8.47;12.4;
33.4447472121619;-118.484831184606;16:37:33.42;7/13/2016;7;2.096;303.66;12.0453350093692;1.47;285.5;298.72;-2.29;10.3;29;.01;9.82;9.82;95;51;574.5;16.3;-3.1;D;752;10;133.332;2;1.95;184;301.75;-118.48605317;33.44537818;0;0;1;N;2.055444;43;43;11;86;86;288.3985;0;9999.99;9.81;9.93806;2;9;24.2;0;24.2000007629395;33.82;1531.12545;07/13/16;16:34:33;22.53;51.40;33.82;0.125;8.37;-80.2;2.1;-1.8;-1922;119.1;8.47;12.4;
33.4447523564247;-118.484840707291;16:37:34.42;7/13/2016;7;2.001;304.36;12.0453350093692;1.35;283.4;296.59;-2.7;15.9;29;.04;9.73;9.78;95;51;574.5;16.3;-3.1;D;752;10;132.280;2;1.97;184;301.74;-118.48605317;33.44537818;0;0;1;N;1.959925;43;43;11;94;94;288.3475;0;9999.99;9.70;9.83045;2;9;24.2;0;24.2000007629395;33.84;1531.14683;07/13/16;16:34:34;22.51;51.43;33.84;-0.087;8.37;-79.8;1.7;-5.0;-688;118.9;8.46;12.3;
33.4447476168683;-118.484847709211;16:37:35.42;7/13/2016;7;1.771;304.36;12.0453350093692;1.35;283.9;297.1;0.12;10.2;29.1;.09;10.09;10.17;95;51;574.5;16.3;-3.1;D;752;10;132.007;2;1.93;184;302.08;-118.48605317;33.44537818;0;0;1;N;1.951002;56;56;11;113;113;293.7788;0;10.72;10.08;20.93563;2;9;24.2;0;24.2000007629395;33.83;1531.14078;07/13/16;16:34:36;22.51;51.42;33.83;0.481;8.37;-80.0;0.9;-3.0;-1675;118.5;8.44;12.3;
33.444734946765;-118.484855376922;16:37:36.42;7/13/2016;7;2.904;304.36;12.0453350093692;1.35;284.1;297.3;2.39;11.1;29;.06;10.32;10.38;95;51;574.5;16.3;-3.1;D;752;10;132.162;2;1.94;184;302.76;-118.48605317;33.44537818;0;0;1;N;1.132795;71;71;11;158;158;304.9812;0;11.05;10.34;21.517;2;9;24.2;0;24.2000007629395;33.83;1531.14078;07/13/16;16:34:36;22.51;51.42;33.83;0.481;8.37;-80.0;0.9;-3.0;-1675;118.5;8.44;12.3;
33.4447421792466;-118.484865403865;16:37:37.45;7/13/2016;7;1.924;304.36;12.0453350093692;1.35;283.3;296.49;0.24;16;29.1;.01;10.27;10.28;95;51;574.5;16.3;-3.1;D;763.2;10;130.945;2;2;184;302.69;-118.48605317;33.44537818;0;0;1;N;0.4319706;67;67;11;157;157;303.6938;0;10.62;10.30;21.04645;2;9;24.2;0;24.2000007629395;33.82;1531.12706;07/13/16;16:34:38;22.47;51.41;33.82;0.043;8.37;-79.9;1.3;-2.9;-1214;118.1;8.41;12.3;
33.4447468834819;-118.484872760435;16:37:38.47;7/13/2016;7;1.636;304.36;12.0453350093692;1.35;298.8;312.17;-1.42;0.06;29;.00;10.84;10.84;95;51;574.5;16.3;-3.1;D;763.2;10;130.088;2;1.95;184;302.66;-118.48605317;33.44537818;0;0;1;N;0.1905814;48;48;11;92;92;303.4734;0;9999.99;10.81;10.937;2;9;24.2;0;24.2000007629395;33.82;1531.12706;07/13/16;16:34:38;22.47;51.41;33.82;0.043;8.37;-79.9;1.3;-2.9;-1214;118.1;8.41;12.3;
33.4447535224478;-118.484880960901;16:37:39.48;7/13/2016;7;2.039;311.61;12.0453350093692;1.35;299.8;313.18;0.43;11.7;29.1;.01;10.84;10.85;95;51;574.5;16.3;-3.1;D;763.2;10;129.049;2;1.9;184;302.56;-118.48605317;33.44537818;0;0;1;N;7.969093E-02;60;60;11;82;82;301.9344;0;9999.99;10.84;10.967;2;9;24.2;0;24.2000007629395;33.81;1531.11341;07/13/16;16:34:39;22.46;51.39;33.81;-0.128;8.36;-79.6;0.9;32.4;-2454;117.9;8.40;12.3;
33.4447616307593;-118.484890776046;16:37:40.50;7/13/2016;7;1.88;315.03;12.0453350093692;1.35;301.2;314.59;0.63;10;29.1;.00;10.77;10.77;95;51;574.4;16.3;-3.1;D;754;10;127.796;2;1.9;184;302.44;-118.48605317;33.44537818;0;0;1;N;0.3571953;62;62;11;69;69;300.064;0;9999.99;10.77;10.89914;2;9;24.2;0;24.2000007629395;33.79;1531.0922;07/13/16;16:34:41;22.41;51.37;33.79;0.022;8.37;-79.8;1.1;-4.9;-2991;117.6;8.39;12.3;
33.4447722255827;-118.484896090751;16:37:41.52;7/13/2016;7;2.081;313.01;12.0453350093692;1.35;298.6;311.96;-0.64;9.8;29.1;.00;10.91;10.91;95;51;574.4;16.3;-3.1;D;754;10;126.750;2;1.93;184;302.11;-118.48605317;33.44537818;0;0;1;N;1.090851;53;53;11;59;59;294.8557;0;9999.99;10.90;11.027;2;9;24.1;0;24.2000007629395;33.79;1531.0922;07/13/16;16:34:41;22.41;51.37;33.79;0.022;8.37;-79.8;1.1;-4.9;-2991;117.6;8.39;12.3;
33.4447788293007;-118.484902684051;16:37:42.52;7/13/2016;7;1.896;312.15;12.0453350093692;1.35;297.5;310.85;0.42;6.19;29;.00;11.38;11.38;95;51;574.4;16.3;-3.1;D;754;10;125.842;2;1.93;184;301.98;-118.48605317;33.44537818;0;0;1;N;1.286178;60;60;11;55;55;292.8021;0;9999.99;11.38;11.507;2;9;24.1;0;24.1000003814697;33.85;1530.91043;07/13/16;16:34:42;22.39;51.44;33.85;-0.124;8.37;-79.8;1.2;-6.2;-2250;117.5;8.38;12.3;
33.4447864382474;-118.48491528818;16:37:43.52;7/13/2016;7;1.975;313.2;12.0453350093692;1.35;293.7;307.01;-0.18;11.6;29;.00;11.27;11.27;95;51;574.4;16.3;-3.1;D;754;10;124.402;2;1.94;184;301.93;-118.48605317;33.44537818;0;0;1;N;1.474262;56;56;11;68;68;292.1788;0;9999.99;11.27;11.39999;2;9;24.1;0;24.1000003814697;33.84;1530.89958;07/13/16;16:34:44;22.39;51.44;33.84;-0.126;8.36;-79.6;1.0;-4.6;-1545;117.2;8.36;12.3;
33.4447956045549;-118.484922380104;16:37:44.55;7/13/2016;7;1.991;311.99;12.0453350093692;1.35;289.8;303.07;0.08;12.3;29;.00;11.51;11.51;95;52;574.4;16.3;-3.1;D;750.9;10;123.306;2;1.94;184;301.69;-118.48605317;33.44537818;0;0;1;N;1.987831;57;57;11;69;69;288.6662;0;9999.99;11.51;11.63806;2;9;24.1;0;24.1000003814697;33.87;1530.93218;07/13/16;16:34:45;22.39;51.47;33.87;0.002;8.37;-79.9;0.9;-1.6;-3823;117.0;8.35;12.4;
33.4448019848303;-118.484932573078;16:37:45.55;7/13/2016;7;1.986;308.73;12.0453350093692;1.35;289.2;302.46;-0.18;7.78;29.1;.00;11.58;11.58;95;52;574.4;16.3;-3.1;D;750.9;10;122.128;2;1.95;184;301.64;-118.48605317;33.44537818;0;0;1;N;2.076649;56;56;11;69;69;288.0688;0;9999.99;11.58;11.70556;2;9;24.1;0;24.1000003814697;33.84;1530.89956;07/13/16;16:34:46;22.41;51.44;33.84;-0.083;8.36;-79.7;0.9;-5.9;-2905;116.9;8.34;12.3;
33.4448061710638;-118.484944180478;16:37:46.55;7/13/2016;7;1.827;302.37;12.0453350093692;1.35;287.8;301.05;0.05;8.1;29;.00;11.70;11.70;95;52;574.4;16.3;-3.1;D;750.9;10;120.967;2;1.93;184;301.72;-118.48605317;33.44537818;0;0;1;N;1.893167;55;55;11;79;79;289.3067;0;9999.99;11.69;11.81719;2;9;24.1;0;24.1000003814697;33.84;1530.89956;07/13/16;16:34:46;22.41;51.44;33.84;-0.083;8.36;-79.7;0.9;-5.9;-2905;116.9;8.34;12.3;
33.4448096484432;-118.484958179842;16:37:47.56;7/13/2016;7;2.088;296.24;12.0453350093692;1.35;286.7;299.93;-0.74;8.1;29;.00;12.00;12.00;95;49;574.3;16.3;-3;D;783.3;10;119.660;2;1.96;184;301.89;-118.48605317;33.44537818;0;0;1;N;1.519383;53;53;11;95;95;291.8668;0;9999.99;12.00;12.127;2;9;24.1;0;24.1000003814697;33.84;1530.8998;07/13/16;16:34:48;22.41;51.43;33.84;-0.088;8.37;-79.9;1.0;-3.8;-2106;116.7;8.32;12.3;
33.444813520756;-118.48496898629;16:37:48.56;7/13/2016;7;1.587;298.23;12.0453350093692;1.35;287.2;300.44;0.22;12.7;29;.00;11.91;11.92;95;49;574.3;16.3;-3;D;783.3;10;118.581;2;1.96;184;301.97;-118.48605317;33.44537818;0;0;1;N;1.339995;58;58;11;98;98;293.1118;0;9999.99;11.92;12.04387;2;9;24.1;0;24.1000003814697;33.84;1530.8998;07/13/16;16:34:48;22.41;51.43;33.84;-0.088;8.37;-79.9;1.0;-3.8;-2106;116.7;8.32;12.3;
33.4448184788122;-118.48497947636;16:37:49.58;7/13/2016;7;2.028;300.29;12.0453350093692;1.35;289.6;302.87;-0.16;7.45;28.9;.00;12.33;12.33;95;49;574.3;16.3;-3;D;783.3;10;117.463;2;1.98;184;301.99;-118.48605317;33.44537818;0;0;1;N;1.271663;56;56;11;87;87;293.5887;0;9999.99;12.32;12.447;2;9;24.1;0;24.1000003814697;33.84;1530.89978;07/13/16;16:34:50;22.38;51.43;33.84;-0.119;8.36;-79.5;0.7;-5.6;126;116.5;8.31;12.5;
33.4448225839966;-118.484987656237;16:37:50.59;7/13/2016;7;1.724;299.92;12.0453350093692;1.35;289.6;302.87;-0.05;11.9;29;.00;12.14;12.14;95;49;574.3;16.3;-3;D;783.3;10;116.578;2;1.96;184;302;-118.48605317;33.44537818;0;0;1;N;1.251704;57;57;11;92;92;293.7281;0;9999.99;12.14;12.26271;2;9;24.1;0;24.1000003814697;33.89;1530.95418;07/13/16;16:34:51;22.38;51.49;33.89;-0.003;8.37;-80.0;1.0;-5.2;-2581;116.5;8.31;12.3;
33.4448282509604;-118.484997713686;16:37:51.61;7/13/2016;7;1.987;300.3;12.0453350093692;1.35;292;305.29;-0.08;9.2;29;.00;12.43;12.43;95;51;574.3;16.3;-3.1;D;765.5;10;115.453;2;1.9;184;301.98;-118.48605317;33.44537818;0;0;1;N;1.273054;57;57;11;80;80;293.579;0;9999.99;12.42;12.54579;2;9;24.1;0;24.1000003814697;33.87;1530.93249;07/13/16;16:34:52;22.41;51.47;33.87;-0.092;8.36;-79.6;1.2;-3.4;-2853;116.4;8.30;12.4;
33.4448332327219;-118.485008390094;16:37:52.63;7/13/2016;7;2.222;300.12;12.0453350093692;1.35;288.6;301.85;1.26;10.2;29;.00;12.44;12.45;95;51;574.3;16.3;-3.1;D;765.5;10;114.319;2;1.95;184;302.01;-118.48605317;33.44537818;0;0;1;N;1.213596;65;65;11;96;96;293.9948;0;9999.99;12.45;12.57741;2;9;24.1;0;24.1000003814697;33.84;1530.89979;07/13/16;16:34:53;22.43;51.44;33.84;-0.007;8.37;-80.0;1.0;-1.8;-798;116.3;8.29;12.4;
33.444838318738;-118.485018102383;16:37:53.64;7/13/2016;7;2.003;300.94;12.0453350093692;1.35;289.9;303.17;-0.93;10.2;29;.00;12.61;12.61;95;51;574.3;16.3;-3.1;D;765.5;10;113.255;2;1.95;184;302.01;-118.48605317;33.44537818;0;0;1;N;1.199922;51;51;11;91;91;294.0908;0;9999.99;12.61;12.7377;2;9;24.1;0;24.1000003814697;33.82;1530.87792;07/13/16;16:34:54;22.42;51.41;33.82;-0.078;8.36;-79.5;1.1;-5.5;162;116.2;8.29;12.3;
33.4448450125697;-118.485026449217;16:37:54.66;7/13/2016;7;1.954;306.57;12.0453350093692;1.35;291;304.28;0.2;8.7;28.9;.00;12.89;12.89;95;49;574.2;16.3;-3;D;791;10;112.204;2;1.96;184;301.9;-118.48605317;33.44537818;0;0;1;N;1.405125;57;57;11;78;78;292.659;0;9999.99;12.88;13.007;2;9;24.1;0;24.1000003814697;33.82;1530.87792;07/13/16;16:34:55;22.40;51.40;33.82;-0.059;8.36;-79.7;1.4;-3.0;-2293;116.1;8.28;12.4;
33.4448512466946;-118.485034875981;16:37:55.66;7/13/2016;7;1.955;307.05;12.0453350093692;1.35;292.5;305.8;0.51;10.9;28.9;.00;12.77;12.77;95;49;574.2;16.3;-3;D;791;10;111.174;2;1.96;184;301.81;-118.48605317;33.44537818;0;0;1;N;1.564074;60;60;11;70;70;291.5584;0;.97;12.77;13.86974;2;9;24.1;0;24.1000003814697;33.82;1530.87802;07/13/16;16:34:56;22.38;51.41;33.82;-0.025;8.37;-79.9;0.9;-1.7;-3392;116.0;8.28;12.2;
33.4448579771496;-118.485042862965;16:37:56.66;7/13/2016;7;2.102;308.94;12.0453350093692;1.35;292.1;305.39;-0.79;8.8;28.9;.00;13.03;13.04;95;49;574.2;16.3;-3;D;791;10;110.150;2;1.98;184;301.68;-118.48605317;33.44537818;0;0;1;N;1.7984;52;52;11;65;65;289.9514;0;9999.99;13.03;13.157;2;9;24.1;0;24.1000003814697;33.82;1530.87804;07/13/16;16:34:57;22.37;51.40;33.82;-0.154;8.37;-79.7;1.0;-3.9;-3485;115.9;8.27;12.3;
33.4448639452187;-118.485051263917;16:37:57.67;7/13/2016;7;1.888;308.65;12.0453350093692;1.35;291.7;304.99;0.1;12.9;28.9;.00;13.15;13.15;95;49;574.2;16.3;-3;D;791;10;109.138;2;1.99;184;301.6;-118.48605317;33.44537818;0;0;1;N;1.938307;58;58;11;63;63;289.0013;0;9999.99;13.15;13.27238;2;9;24.1;0;24.1000003814697;33.82;1530.87803;07/13/16;16:34:58;22.35;51.40;33.82;0.022;8.36;-79.3;1.1;-3.9;-1810;115.8;8.27;12.4;
33.4448691515665;-118.48505967566;16:37:58.67;7/13/2016;7;2.003;305.23;12.0453350093692;1.35;288.3;301.55;0.15;7.35;28.9;.00;12.98;12.98;95;52;574.2;16.3;-3.1;D;751.1;10;108.170;2;2.04;184;301.55;-118.48605317;33.44537818;0;0;1;N;2.011165;57;57;11;73;73;288.5095;0;9999.99;12.98;13.107;2;9;24.1;0;24.1000003814697;33.82;1530.87794;07/13/16;16:34:59;22.33;51.40;33.82;-0.075;8.37;-79.9;0.6;-4.9;-3718;115.7;8.26;12.3;
33.4448738207069;-118.485068052975;16:37:59.67;7/13/2016;7;1.869;304.71;12.0453350093692;1.35;290.2;303.47;0.15;10;28.9;.01;12.86;12.86;95;52;574.2;16.3;-3.1;D;751.1;10;107.236;2;1.97;184;301.53;-118.48605317;33.44537818;0;0;1;N;2.025578;61;61;11;64;64;288.4125;0;9999.99;12.87;12.99226;2;9;24.1;0;24.1000003814697;33.84;1530.90028;07/13/16;16:35:00;22.32;51.43;33.84;-0.056;8.37;-79.8;0.4;0.6;-2052;115.7;8.26;12.3;
33.4448808001112;-118.485077361806;16:38:00.67;7/13/2016;7;2.117;304.54;12.0453350093692;1.35;288.1;301.35;-1.03;9.6;28.9;.01;13.61;13.61;95;52;574.2;16.3;-3.1;D;751.1;10;106.095;2;1.98;184;301.42;-118.48605317;33.44537818;0;0;1;N;2.220988;51;51;11;70;70;287.1049;0;9999.99;13.60;13.727;2;9;24.1;0;24.1000003814697;33.82;1530.87843;07/13/16;16:35:01;22.32;51.41;33.82;-0.143;8.36;-79.6;1.0;-7.0;-2016;115.6;8.26;12.3;
33.4448870880789;-118.485086598741;16:38:01.67;7/13/2016;7;1.855;305.71;12.0453350093692;1.35;286.9;300.13;1.14;9.9;28.9;.00;13.80;13.81;95;52;574.2;16.3;-3.1;D;751.1;10;104.999;2;2.01;184;301.34;-118.48605317;33.44537818;0;0;1;N;2.349929;65;65;11;72;72;286.2513;0;9999.99;13.81;13.93657;2;9;24.1;0;24.1000003814697;33.81;1530.86736;07/13/16;16:35:02;22.30;51.39;33.81;0.088;8.36;-79.5;0.6;-4.0;-502;115.4;8.25;12.2;
33.4448924617413;-118.485095139012;16:38:02.67;7/13/2016;7;1.8;308.18;12.0453350093692;1.35;287.1;300.34;-2.13;10.2;28.9;.01;14.32;14.33;95;52;574.2;16.3;-3.2;D;743.8;10;104.011;2;2.04;184;301.28;-118.48605317;33.44537818;0;0;1;N;2.424721;45;45;11;72;72;285.7594;0;9999.99;14.31;14.437;2;9;24.1;0;24.1000003814697;33.85;1530.91095;07/13/16;16:35:03;22.29;51.44;33.85;-0.169;8.37;-79.8;1.3;-1.4;-3357;115.5;8.25;12.5;
33.4448975154925;-118.485102056669;16:38:03.67;7/13/2016;7;1.872;307.68;12.0453350093692;1.35;285.1;298.31;-1.41;12.9;28.9;.02;14.12;14.14;95;52;574.2;16.3;-3.2;D;743.8;10;103.171;2;2.04;184;301.2;-118.48605317;33.44537818;0;0;1;N;2.555845;49;49;11;73;73;284.9032;0;9999.99;14.10;14.23086;2;9;24;0;24.1000003814697;33.84;1530.90014;07/13/16;16:35:04;22.29;51.44;33.84;0.162;8.36;-79.7;1.3;-0.7;-795;115.4;8.25;12.3;
33.4449019801857;-118.485110231638;16:38:04.67;7/13/2016;7;1.808;305.6;12.0453350093692;1.35;282.4;295.58;0.61;12.3;28.9;.03;14.49;14.52;95;52;574.2;16.3;-3.2;D;743.8;10;102.265;2;1.98;184;301.18;-118.48605317;33.44537818;0;0;1;N;2.572227;61;61;11;84;84;284.797;0;9999.99;14.49;14.617;2;9;24;0;24;33.84;1530.65511;07/13/16;16:35:05;22.29;51.43;33.84;0.189;8.36;-79.5;-0.1;-4.6;1003;115.3;8.24;12.4;
33.444906684774;-118.485120842756;16:38:05.67;7/13/2016;7;2.152;292.87;12.0453350093692;1.35;283;296.19;-0.1;4.61;28.9;.00;14.59;14.59;95;53;574.1;16.3;-3.2;D;735.7;10;101.152;2;1.98;184;301.22;-118.48605317;33.44537818;0;0;1;N;2.482782;58;58;11;86;86;285.3791;0;9999.99;14.59;14.717;2;9;24.1;0;24;33.85;1530.66553;07/13/16;16:35:06;22.30;51.44;33.85;0.063;8.37;-79.8;1.0;-1.4;-2055;115.2;8.23;12.5;
33.4449135546551;-118.485128764133;16:38:06.70;7/13/2016;7;1.93;301.33;12.0453350093692;1.35;282.6;295.78;-0.86;11.1;29;.00;14.66;14.66;95;53;574.1;16.3;-3.2;D;735.7;10;100.128;2;2.02;184;301.06;-118.48605317;33.44537818;0;0;1;N;2.730641;52;52;11;79;79;283.7747;0;9999.99;14.65;14.777;2;9;24;0;24;33.85;1530.66357;07/13/16;16:35:07;22.31;51.45;33.85;-0.127;8.37;-79.7;0.7;-3.8;-2594;115.2;8.23;12.4;
33.4449178077103;-118.485138927609;16:38:07.70;7/13/2016;7;1.879;300.17;12.0453350093692;1.35;283.6;296.79;-0.19;9.7;28.9;.00;14.86;14.86;95;53;574.1;16.3;-3.2;D;735.7;10;99.076;2;2.01;184;301.11;-118.48605317;33.44537818;0;0;1;N;2.613819;56;56;11;78;78;284.5273;0;9999.99;14.86;14.987;2;9;24;0;24;33.83;1530.64188;07/13/16;16:35:08;22.31;51.42;33.83;-0.013;8.36;-79.6;0.9;-4.9;-2891;115.1;8.22;12.3;
33.4449220135442;-118.4851478519;16:38:08.72;7/13/2016;7;1.886;299.9;12.0453350093692;1.36;285.9;299.12;-0.54;9.5;28.9;.00;14.94;14.94;95;53;574.1;16.3;-3.2;D;735.7;10;98.125;2;1.95;184;301.13;-118.48605317;33.44537818;0;0;1;N;2.557394;54;54;11;70;70;284.8932;0;9999.99;14.94;15.067;2;9;24;0;24;33.82;1530.63075;07/13/16;16:35:09;22.30;51.41;33.82;-0.070;8.36;-79.4;0.9;7.7;-254;115.1;8.22;12.4;
33.4449252626853;-118.485161340688;16:38:09.72;7/13/2016;7;1.989;299.67;12.0453350093692;1.36;283.1;296.29;0.1;12.6;28.8;.00;15.05;15.05;95;51;574.1;16.3;-3.1;D;765.6;10;96.868;2;1.97;184;301.33;-118.48605317;33.44537818;0;0;1;N;2.195854;58;58;11;91;91;287.2724;0;9999.99;15.05;15.177;2;9;24;0;24;33.87;1530.6851;07/13/16;16:35:10;22.30;51.48;33.87;-0.081;8.37;-80.0;-0.1;-3.0;-986;115.0;8.22;12.3;
33.444929850732;-118.48517175265;16:38:10.72;7/13/2016;7;1.893;301.63;12.0453350093692;1.36;283.7;296.9;-0.41;8.1;28.8;.00;15.14;15.14;95;51;574.1;16.3;-3.1;D;765.6;10;95.777;2;2;184;301.37;-118.48605317;33.44537818;0;0;1;N;2.101803;55;55;11;91;91;287.9008;0;9999.99;15.14;15.267;2;9;24;0;24;33.88;1530.69598;07/13/16;16:35:11;22.33;51.48;33.88;-0.081;8.37;-79.9;0.5;-2.8;-604;115.0;8.21;12.4;
33.4449334729986;-118.48518299915;16:38:11.73;7/13/2016;7;1.922;298.88;12.0453350093692;1.36;288.4;301.65;0.35;9.3;28.9;.00;15.28;15.28;95;51;574.1;16.3;-3.1;D;765.6;10;94.677;2;1.98;184;301.49;-118.48605317;33.44537818;0;0;1;N;1.871423;58;58;11;85;85;289.455;0;9999.99;15.27;15.397;2;9;24;0;24;33.88;1530.69597;07/13/16;16:35:12;22.36;51.48;33.88;0.029;8.36;-79.7;1.0;-4.0;-2707;115.0;8.21;12.2;
33.4449374070022;-118.485191863174;16:38:12.73;7/13/2016;7;1.948;299.14;12.0453350093692;1.36;288.6;301.85;-0.01;10.8;28.9;.00;15.41;15.41;95;50;574.0;16.3;-3;D;780.6;10;93.747;2;1.91;184;301.52;-118.48605317;33.44537818;0;0;1;N;1.793856;58;58;11;79;79;289.9828;0;9999.99;15.41;15.537;2;9;24;0;24;33.87;1530.68515;07/13/16;16:35:13;22.38;51.47;33.87;-0.094;8.37;-79.8;0.2;-5.7;-3401;115.0;8.20;12.4;
33.4449437897594;-118.485204783328;16:38:13.77;7/13/2016;7;2.114;301.98;12.0453350093692;1.36;286.1;299.33;-0.16;8.5;28.9;.00;15.23;15.24;95;50;574.0;16.3;-3;D;780.6;10;92.354;2;1.93;184;301.53;-118.48605317;33.44537818;0;0;1;N;1.746825;56;56;11;91;91;290.3039;0;9999.99;15.23;15.35923;2;9;24;0;24;33.86;1530.67424;07/13/16;16:35:14;22.40;51.45;33.86;-0.106;8.38;-80.4;1.2;-4.5;-1867;115.0;8.20;12.4;
33.444948208845;-118.485212194011;16:38:14.77;7/13/2016;7;1.91;301.6;12.0453350093692;1.36;288.5;301.75;0.05;6.72;28.9;.00;15.69;15.69;95;50;574.0;16.3;-3;D;780.6;10;91.511;2;1.93;184;301.5;-118.48605317;33.44537818;0;0;1;N;1.785106;55;55;11;79;79;290.0423;0;9999.99;15.68;15.807;2;9;24;0;24;33.83;1530.64178;07/13/16;16:35:15;22.41;51.42;33.83;-0.036;8.37;-80.1;0.3;-4.5;-731;115.0;8.20;12.4;
33.4449530124297;-118.485220326987;16:38:15.77;7/13/2016;7;1.933;302.78;12.0453350093692;1.36;289.7;302.97;-0.66;9.6;28.9;.00;15.79;15.80;95;50;574.0;16.3;-3;D;780.6;10;90.589;2;1.94;184;301.46;-118.48605317;33.44537818;0;0;1;N;1.828655;55;55;11;75;75;289.7455;0;9999.99;15.80;15.927;2;9;24;0;24;33.83;1530.64168;07/13/16;16:35:16;22.40;51.41;33.83;-0.050;8.37;-79.8;0.8;-2.5;-777;115.0;8.21;12.2;
33.4449581749429;-118.485229288486;16:38:16.77;7/13/2016;6;2.038;304.68;12.0453350093692;1.79;287.7;300.94;0.44;9.4;28.9;.00;15.63;15.63;95;50;574.0;16.3;-3.1;D;769;10;89.580;2;1.97;184;301.42;-118.48605317;33.44537818;0;0;1;N;1.867361;60;60;11;81;81;289.4824;0;9999.99;15.62;15.74916;2;9;24;0;24;33.83;1530.64162;07/13/16;16:35:17;22.39;51.43;33.83;-0.058;8.36;-79.6;0.3;-4.7;-289;115.1;8.21;12.4;
33.4449632515809;-118.485237901141;16:38:17.77;7/13/2016;7;1.879;303.97;12.0453350093692;1.36;288.6;301.85;-0.48;7.17;28.9;.00;15.73;15.73;95;50;574.0;16.3;-3.1;D;769;10;88.604;2;1.94;184;301.38;-118.48605317;33.44537818;0;0;1;N;1.909964;54;54;11;76;76;289.1934;0;9999.99;15.73;15.85341;2;9;24;0;24;33.83;1530.64156;07/13/16;16:35:18;22.38;51.42;33.83;-0.037;8.37;-80.3;1.3;1.3;-4647;115.1;8.21;12.3;
33.4449706661669;-118.485247077636;16:38:18.77;7/13/2016;7;2.104;308.51;12.0453350093692;1.36;289.3;302.56;-0.36;8.2;28.9;.00;16.12;16.13;95;51;574.0;16.3;-3.1;D;757.7;10;87.448;2;1.93;184;301.21;-118.48605317;33.44537818;0;0;1;N;2.146487;55;55;11;67;67;287.6018;0;9999.99;16.12;16.247;2;9;24;0;24;33.84;1530.65242;07/13/16;16:35:19;22.38;51.44;33.84;-0.099;8.37;-80.1;1.4;-0.2;-78;115.1;8.21;12.4;
33.4449764075816;-118.485257438502;16:38:19.77;7/13/2016;7;2.056;305;12.0453350093692;1.36;288.6;301.85;-0.27;9.7;28.9;.01;15.96;15.97;95;51;574.0;16.3;-3.1;D;757.7;10;86.295;2;2;184;301.18;-118.48605317;33.44537818;0;0;1;N;2.164274;55;55;11;70;70;287.4829;0;9999.99;15.96;16.0906;2;9;24;0;24;33.84;1530.65309;07/13/16;16:35:20;22.38;51.44;33.84;-0.002;8.37;-80.1;1.4;-4.3;-3498;115.1;8.21;12.3;
33.444981241107;-118.485267335694;16:38:20.77;7/13/2016;7;2.065;304.3;12.0453350093692;1.36;286.8;300.03;-0.59;11.2;28.9;.00;16.44;16.45;95;51;574.0;16.3;-3.1;D;757.7;10;85.231;2;1.98;184;301.19;-118.48605317;33.44537818;0;0;1;N;2.127511;53;53;11;78;78;287.7288;0;9999.99;16.44;16.567;2;9;24;0;24;33.84;1530.65307;07/13/16;16:35:21;22.38;51.43;33.84;-0.009;8.36;-79.7;1.0;-0.8;-2389;115.1;8.21;12.3;
33.4449870919605;-118.48527843201;16:38:21.77;7/13/2016;7;2.477;303.49;12.0453350093692;1.36;288.8;302.06;0.08;7.36;28.9;.00;16.59;16.59;95;50;573.9;16.3;-3;D;771.3;10;84.013;2;1.92;184;301.17;-118.48605317;33.44537818;0;0;1;N;2.117817;57;57;11;70;70;287.7934;0;9999.99;16.58;16.707;2;9;24;0;24;33.83;1530.64175;07/13/16;16:35:22;22.37;51.42;33.83;-0.031;8.37;-80.2;0.8;-4.6;-3700;115.1;8.21;12.3;
33.4449918701313;-118.485287492955;16:38:22.78;7/13/2016;7;2.129;302.23;12.0453350093692;1.36;285.9;299.12;0.51;9;28.9;.01;16.29;16.29;95;50;573.9;16.3;-3;D;771.3;10;83.019;2;1.95;184;301.16;-118.48605317;33.44537818;0;0;1;N;2.116512;60;60;11;82;82;287.8024;0;9999.99;16.29;16.41719;2;9;24;0;24;33.83;1530.64185;07/13/16;16:35:23;22.37;51.42;33.83;0.012;8.37;-80.3;1.5;-2.5;608;115.1;8.21;12.3;
33.4449963886579;-118.485295563917;16:38:23.78;7/13/2016;7;1.761;302.68;12.0453350093692;1.36;288.4;301.65;0.19;10.2;28.9;.00;16.45;16.46;95;50;573.9;16.3;-3;D;771.3;10;82.118;2;1.94;184;301.13;-118.48605317;33.44537818;0;0;1;N;2.131232;58;58;11;71;71;287.7038;0;9999.99;16.46;16.58292;2;9;24;0;24;33.84;1530.65266;07/13/16;16:35:24;22.36;51.43;33.84;-0.036;8.37;-80.0;0.5;-5.5;326;115.1;8.21;12.3;
33.4450013550561;-118.485305273295;16:38:24.80;7/13/2016;7;2.171;302.82;12.0453350093692;1.36;285.2;298.41;0.32;7.92;28.8;.00;16.47;16.48;95;50;573.9;16.3;-3;D;771.3;10;81.062;2;1.92;184;301.13;-118.48605317;33.44537818;0;0;1;N;2.117623;59;59;11;85;85;287.795;0;9999.99;16.47;16.6;2;9;24;0;24;33.83;1530.64174;07/13/16;16:35:25;22.36;51.42;33.83;-0.102;8.37;-79.8;0.5;-1.1;-2368;115.1;8.21;12.3;
33.4450059364305;-118.485313838161;16:38:25.80;7/13/2016;7;2.01;298.7;12.0453350093692;1.36;289.1;302.36;-0.51;7.23;28.9;.00;16.69;16.70;95;51;573.9;16.3;-3.1;D;761.4;10;80.118;2;1.95;184;301.11;-118.48605317;33.44537818;0;0;1;N;2.111952;50;50;11;77;77;287.8327;0;9999.99;16.70;16.82228;2;9;24;0;24;33.83;1530.64188;07/13/16;16:35:26;22.35;51.42;33.83;-0.024;8.37;-79.9;1.1;-6.0;-3511;115.1;8.21;12.4;
33.4450097510341;-118.485322242511;16:38:26.80;7/13/2016;7;1.999;299.54;12.0453350093692;1.36;287.8;301.05;0.64;9.8;28.8;.00;17.13;17.14;95;51;573.9;16.3;-3.1;D;761.4;10;79.231;2;1.93;184;301.14;-118.48605317;33.44537818;0;0;1;N;2.04925;61;61;11;79;79;288.2535;0;9999.99;17.13;17.257;2;9;24;0;24;33.84;1530.65265;07/13/16;16:35:27;22.35;51.43;33.84;0.032;8.37;-79.9;1.5;-9.1;-4378;115.0;8.21;12.4;
33.4450147749111;-118.485331107586;16:38:27.80;7/13/2016;7;1.587;303.59;12.0453350093692;1.36;288.4;301.65;-0.16;11.2;28.9;.00;16.89;16.90;95;51;573.9;16.3;-3.1;D;761.4;10;78.238;2;1.88;184;301.1;-118.48605317;33.44537818;0;0;1;N;2.074596;57;57;11;73;73;288.0832;0;9999.99;16.89;17.01957;2;9;24;0;24;33.84;1530.65276;07/13/16;16:35:28;22.34;51.44;33.84;-0.096;8.37;-80.3;1.0;-4.1;-2286;115.0;8.21;12.3;
33.4450196069149;-118.485338902587;16:38:28.80;7/13/2016;7;1.422;306.01;12.0453350093692;1.36;284.9;298.11;0.14;9.6;28.8;.01;17.38;17.39;95;57;573.8;16.3;-3.5;D;681.1;10;77.342;2;1.87;184;301.03;-118.48605317;33.44537818;0;0;1;N;2.144726;58;58;11;85;85;287.6137;0;9999.99;17.38;17.507;2;9;24;0;24;33.84;1530.65302;07/13/16;16:35:29;22.35;51.44;33.84;-0.146;8.37;-80.0;1.5;-2.1;-1839;115.1;8.21;12.4;
33.4450242300297;-118.485345074524;16:38:29.80;7/13/2016;7;1.664;305.16;12.0453350093692;1.36;288.7;301.96;-0.01;6.85;28.8;.00;17.14;17.15;95;57;573.8;16.3;-3.5;D;681.1;10;76.586;2;1.78;184;300.92;-118.48605317;33.44537818;0;0;1;N;2.262151;56;56;11;67;67;286.8318;0;9999.99;17.15;17.27769;2;9;24;0;24;33.85;1530.66395;07/13/16;16:35:30;22.35;51.45;33.85;-0.061;8.37;-80.2;1.1;-1.1;-2362;115.0;8.21;12.3;
33.4450300886947;-118.485355018613;16:38:30.80;7/13/2016;7;2.036;306.92;12.0453350093692;1.36;288.4;301.65;-0.57;6.93;28.8;.01;17.50;17.50;95;56;573.8;16.3;-3.4;D;687.9;10;75.460;2;1.8;184;300.86;-118.48605317;33.44537818;0;0;1;N;2.314788;52;52;11;68;68;286.4834;0;9999.99;17.49;17.617;2;9;24;0;24;33.85;1530.66349;07/13/16;16:35:31;22.35;51.45;33.85;-0.106;8.37;-79.9;1.4;-3.8;-486;115.1;8.21;12.2;
33.4450345673073;-118.485364961463;16:38:31.80;7/13/2016;7;1.768;306.17;12.0453350093692;1.36;287.8;301.05;2.08;11.7;28.8;.01;17.32;17.33;95;56;573.8;16.3;-3.4;D;687.9;10;74.412;2;1.83;184;300.9;-118.48605317;33.44537818;0;0;1;N;2.235799;69;69;11;71;71;287.0068;0;9999.99;17.32;17.44884;2;9;24;0;24;33.84;1530.65293;07/13/16;16:35:32;22.36;51.43;33.84;0.012;8.37;-80.0;1.1;1.5;-1983;115.0;8.21;12.3;
33.4450374858742;-118.485374488794;16:38:32.80;7/13/2016;7;1.859;294.66;12.0453350093692;1.36;287.7;300.94;-1.32;5.92;28.8;.00;17.40;17.40;95;56;573.8;16.3;-3.4;D;687.9;10;73.487;2;1.8;185;301.03;-118.48605317;33.44537818;0;0;1;N;2.032681;49;49;11;77;77;288.3647;0;9999.99;17.40;17.5242;2;9;24;0;24;33.84;1530.65289;07/13/16;16:35:33;22.36;51.43;33.84;-0.165;8.37;-80.2;0.3;0.0;-382;115.1;8.21;12.3;
33.4450421436961;-118.485383268515;16:38:33.80;7/13/2016;7;1.698;301.08;12.0453350093692;1.36;286.9;300.13;1.04;10.7;28.8;.01;17.81;17.82;95;57;573.8;16.3;-3.5;D;680.2;10;72.522;2;1.75;185;301.01;-118.48605317;33.44537818;0;0;1;N;2.033841;63;63;11;80;80;288.357;0;9999.99;17.81;17.937;2;9;24;0;24;33.83;1530.64227;07/13/16;16:35:34;22.36;51.42;33.83;0.026;8.38;-80.4;1.8;-9.1;-3019;115.1;8.21;12.3;
33.4450472560302;-118.485391592731;16:38:34.83;7/13/2016;7;2.003;297.24;12.0453350093692;1.36;286.6;299.83;-0.29;9.1;28.8;.00;17.97;17.97;95;55;573.8;16.3;-3.4;D;701.8;10;71.568;2;1.82;185;300.94;-118.48605317;33.44537818;0;0;1;N;2.095133;55;55;11;79;79;287.9455;0;9999.99;17.97;18.097;2;9;24;0;24;33.83;1530.64226;07/13/16;16:35:35;22.35;51.41;33.83;-0.135;8.37;-80.1;0.9;-5.0;-2019;115.1;8.21;12.3;
33.4450517033341;-118.48540050452;16:38:35.84;7/13/2016;7;1.64;298.76;12.0453350093692;1.36;285.7;298.92;0.05;11.3;28.8;.00;18.07;18.07;95;55;573.8;16.3;-3.4;D;701.8;10;70.604;2;1.8;185;300.94;-118.48605317;33.44537818;0;0;1;N;2.067941;57;57;11;84;84;288.1278;0;9999.99;18.07;18.197;2;9;24;0;24;33.85;1530.66349;07/13/16;16:35:37;22.36;51.45;33.85;-0.151;8.37;-79.9;1.5;-1.1;-1361;115.1;8.22;12.3;
33.4450560050711;-118.485408940348;16:38:36.88;7/13/2016;7;1.681;299.62;12.0453350093692;1.36;286;299.22;-0.05;10.8;28.9;.00;17.88;17.88;95;55;573.8;16.3;-3.4;D;701.8;10;69.687;2;1.78;185;300.94;-118.48605317;33.44537818;0;0;1;N;2.050528;57;57;11;83;83;288.2448;0;9999.99;17.88;18.0036;2;9;24;0;24;33.87;1530.6853;07/13/16;16:35:38;22.37;51.47;33.87;-0.023;8.37;-80.1;1.5;-0.1;-1456;115.1;8.21;12.3;
33.4450610503831;-118.485417625863;16:38:37.89;7/13/2016;7;2.038;301.3;12.0453350093692;1.36;285.8;299.02;0;8.7;28.8;.00;17.99;18.00;95;54;573.7;16.3;-3.3;D;716.6;10;68.707;2;1.72;186;300.88;-118.48605317;33.44537818;0;0;1;N;2.086757;57;57;11;83;83;288.0014;0;9999.99;17.99;18.11615;2;9;24;0;24;33.87;1530.6853;07/13/16;16:35:38;22.37;51.47;33.87;-0.023;8.37;-80.1;1.5;-0.1;-1456;115.1;8.21;12.3;
33.4450650825648;-118.485425698777;16:38:38.89;7/13/2016;7;1.851;303.02;12.0453350093692;1.36;288.3;301.55;-1.1;7.27;28.7;.00;18.01;18.01;95;54;573.7;16.3;-3.3;D;716.6;10;67.834;2;1.71;186;300.88;-118.48605317;33.44537818;0;0;1;N;2.058026;51;51;11;75;75;288.1944;0;9999.99;18.01;18.1343;2;9;24;0;24;33.86;1530.67432;07/13/16;16:35:40;22.40;51.45;33.86;-0.106;8.37;-80.3;1.9;-1.0;-1693;115.2;8.21;12.3;
33.4450701275697;-118.485432635275;16:38:39.89;7/13/2016;7;1.42;302.97;12.0453350093692;1.36;287.3;300.54;0.49;7.94;28.8;.01;18.42;18.42;95;54;573.7;16.3;-3.3;D;716.6;10;66.994;2;1.73;186;300.75;-118.48605317;33.44537818;0;0;1;N;2.185792;60;60;11;76;76;287.3394;0;9999.99;18.41;18.537;2;9;24;0;24;33.86;1530.67432;07/13/16;16:35:40;22.40;51.45;33.86;-0.106;8.37;-80.3;1.9;-1.0;-1693;115.2;8.21;12.3;
33.4450753017141;-118.4854415504;16:38:40.89;7/13/2016;7;1.613;307.26;12.0453350093692;1.36;288.2;301.45;0.58;7.39;28.8;.01;17.91;17.91;95;54;573.7;16.3;-3.3;D;716.6;10;65.989;2;1.75;186;300.69;-118.48605317;33.44537818;0;0;1;N;2.218584;60;60;11;70;70;287.1211;0;9999.99;17.91;18.03627;2;9;24;0;24;33.83;1530.64206;07/13/16;16:35:42;22.40;51.42;33.83;-0.084;8.38;-80.4;2.2;-1.0;741;115.3;8.22;12.4;
33.445079948045;-118.485453891211;16:38:41.89;7/13/2016;7;1.674;300.07;12.0453350093692;1.36;289.6;302.87;-0.73;7.93;28.7;.00;18.71;18.71;95;58;573.7;16.3;-3.5;D;663.4;10;64.741;2;1.7;186;300.81;-118.48605317;33.44537818;0;0;1;N;2.030954;54;54;11;63;63;288.3762;0;9999.99;18.71;18.837;2;9;24;0;24;33.83;1530.64206;07/13/16;16:35:42;22.40;51.42;33.83;-0.084;8.38;-80.4;2.2;-1.0;741;115.3;8.22;12.4;
33.4450846808385;-118.485461536434;16:38:42.89;7/13/2016;7;1.921;301.68;12.0453350093692;1.36;287.7;300.94;0.7;8.7;28.7;.00;18.75;18.75;95;58;573.7;16.3;-3.5;D;663.4;10;63.862;2;1.66;187;300.73;-118.48605317;33.44537818;0;0;1;N;2.096867;61;61;11;70;70;287.9336;0;9999.99;18.75;18.877;2;9;24;0;24;33.86;1530.67455;07/13/16;16:35:44;22.40;51.46;33.86;-0.114;8.37;-80.0;1.3;-4.0;-2777;115.4;8.23;12.3;
33.445087869126;-118.485470207925;16:38:43.89;7/13/2016;7;2.022;301.65;12.0453350093692;1.36;285.4;298.62;0.43;8.4;28.7;.00;18.66;18.66;95;58;573.7;16.3;-3.5;D;663.4;10;62.990;2;1.77;187;300.83;-118.48605317;33.44537818;0;0;1;N;1.96841;57;57;11;89;89;288.7979;0;9999.99;18.66;18.787;2;9;24;0;24;33.86;1530.67455;07/13/16;16:35:44;22.40;51.46;33.86;-0.114;8.37;-80.0;1.3;-4.0;-2777;115.4;8.23;12.3;
33.4450922861615;-118.485479309116;16:38:44.94;7/13/2016;7;1.783;304;12.0453350093692;1.36;289.1;302.36;0.08;10.8;28.7;.00;18.57;18.57;95;64;573.6;16.3;-3.9;D;606.1;10;62.013;2;1.77;187;300.84;-118.48605317;33.44537818;0;0;1;N;1.921718;61;61;11;77;77;289.1136;0;9999.99;18.58;18.7085;2;9;24;0;24;33.86;1530.6744;07/13/16;16:35:46;22.42;51.46;33.86;-0.087;8.38;-80.6;0.5;-2.0;-2572;115.5;8.24;12.5;
33.4450976018179;-118.485488976524;16:38:45.94;7/13/2016;7;1.807;305.83;12.0453350093692;1.36;287.5;300.74;-0.56;8.7;28.7;.00;19.07;19.07;95;64;573.6;16.3;-3.9;D;606.1;10;60.940;2;1.77;187;300.8;-118.48605317;33.44537818;0;0;1;N;1.938764;54;54;11;80;80;288.9982;0;9999.99;19.06;19.187;2;9;24;0;24;33.86;1530.6744;07/13/16;16:35:46;22.42;51.46;33.86;-0.087;8.38;-80.6;0.5;-2.0;-2572;115.5;8.24;12.5;
33.4451019386684;-118.485497707179;16:38:46.94;7/13/2016;7;1.73;305.72;12.0453350093692;1.36;286.6;299.83;0.24;12.1;28.7;.00;19.10;19.10;95;64;573.6;16.3;-3.9;D;606.1;10;59.997;2;1.81;188;300.8;-118.48605317;33.44537818;0;0;1;N;1.911543;58;58;11;84;84;289.1825;0;9999.99;19.10;19.227;2;9;24;0;24;33.85;1530.66369;07/13/16;16:35:48;22.44;51.45;33.85;-0.154;8.38;-80.4;1.4;-4.8;-1151;115.6;8.24;12.3;
33.4451065716409;-118.485505755241;16:38:47.95;7/13/2016;7;2.178;303.33;12.0453350093692;1.36;289.7;302.97;-0.64;9.9;28.8;.00;18.85;18.85;95;64;573.6;16.3;-3.9;D;606.1;10;59.092;2;1.79;188;300.74;-118.48605317;33.44537818;0;0;1;N;1.939677;53;53;11;78;78;288.992;0;9999.99;18.85;18.97998;2;9;24;0;24;33.85;1530.66369;07/13/16;16:35:48;22.44;51.45;33.85;-0.154;8.38;-80.4;1.4;-4.8;-1151;115.6;8.24;12.3;
33.4451117953052;-118.485511543252;16:38:48.97;7/13/2016;7;1.889;306.28;12.0453350093692;1.36;287;300.24;-0.54;11;28.8;.00;19.24;19.24;95;63;573.6;16.3;-3.8;D;614;10;58.334;2;1.86;188;300.52;-118.48605317;33.44537818;0;0;1;N;2.136963;53;53;11;72;72;287.6652;0;9999.99;19.24;19.367;2;9;24;0;24;33.84;1530.65255;07/13/16;16:35:50;22.44;51.43;33.84;-0.100;8.38;-80.5;1.7;-4.9;-2728;115.8;8.25;12.4;
33.4451170664731;-118.485521395136;16:38:49.97;7/13/2016;7;1.849;302.83;12.0453350093692;1.36;289.7;302.97;-0.1;11.9;28.8;.00;19.33;19.33;95;63;573.6;16.3;-3.8;D;614;10;57.249;2;1.85;188;300.48;-118.48605317;33.44537818;0;0;1;N;2.13634;56;56;11;66;66;287.6691;0;9999.99;19.33;19.457;2;9;24;0;24;33.84;1530.65255;07/13/16;16:35:50;22.44;51.43;33.84;-0.100;8.38;-80.5;1.7;-4.9;-2728;115.8;8.25;12.4;
33.4451210728754;-118.48553025073;16:38:50.98;7/13/2016;7;1.871;301.29;12.0453350093692;1.36;289.1;302.36;-0.44;8.9;28.8;.00;19.12;19.12;95;63;573.6;16.3;-3.8;D;614;10;56.315;2;1.8;188;300.51;-118.48605317;33.44537818;0;0;1;N;2.070093;56;56;11;66;66;288.1131;0;9999.99;19.12;19.24504;2;9;24;0;24;33.84;1530.65243;07/13/16;16:35:51;22.44;51.44;33.84;-0.036;8.37;-80.3;1.8;-5.8;174;115.8;8.25;12.2;
33.4451250585898;-118.485537733558;16:38:52.00;7/13/2016;7;1.763;303.44;12.0453350093692;1.36;287.8;301.05;-0.44;13.3;28.8;.00;19.51;19.52;95;60;573.5;16.3;-3.7;D;641.8;10;55.491;2;1.81;188;300.48;-118.48605317;33.44537818;0;0;1;N;2.069492;56;56;11;71;71;288.1169;0;9999.99;19.51;19.637;2;9;24;0;24;33.83;1530.64168;07/13/16;16:35:53;22.43;51.42;33.83;0.013;8.38;-80.5;0.9;-6.9;-1952;115.8;8.26;12.3;
33.445129727215;-118.485545984336;16:38:53.02;7/13/2016;7;1.806;304.05;12.0453350093692;1.36;287.4;300.64;-0.44;11.3;28.8;.00;19.29;19.29;95;60;573.5;16.3;-3.7;D;641.8;10;54.568;2;1.83;188;300.42;-118.48605317;33.44537818;0;0;1;N;2.095329;56;56;11;73;73;287.9436;0;9999.99;19.29;19.41582;2;9;24;0;24;33.85;1530.66337;07/13/16;16:35:54;22.43;51.44;33.85;-0.080;8.38;-80.7;2.3;-3.0;-3500;115.9;8.26;12.4;
33.4451336702949;-118.485555370231;16:38:54.02;7/13/2016;7;1.678;300.67;12.0453350093692;1.36;286.9;300.13;-0.76;12.4;28.8;.01;19.77;19.78;95;60;573.5;16.3;-3.7;D;641.8;10;53.596;2;1.81;188;300.48;-118.48605317;33.44537818;0;0;1;N;1.998515;52;52;11;81;81;288.5945;0;9999.99;19.77;19.897;2;9;24;0;24;33.85;1530.66337;07/13/16;16:35:54;22.43;51.44;33.85;-0.080;8.38;-80.7;2.3;-3.0;-3500;115.9;8.26;12.4;
33.4451379561111;-118.485563574972;16:38:55.02;7/13/2016;7;1.735;300.57;12.0453350093692;1.36;287.4;300.64;0.37;9;28.8;.00;19.78;19.78;95;60;573.5;16.3;-3.7;D;641.8;10;52.698;2;1.82;188;300.46;-118.48605317;33.44537818;0;0;1;N;1.989234;58;58;11;79;79;288.6571;0;9999.99;19.78;19.907;2;9;24;0;24;33.85;1530.66376;07/13/16;16:35:55;22.43;51.45;33.85;-0.002;8.38;-80.7;0.9;-2.4;-1351;115.9;8.26;12.4;
33.4451413351895;-118.485569606994;16:38:56.02;7/13/2016;7;1.658;302.58;12.0453350093692;1.36;288.8;302.06;-0.15;12.1;28.7;.00;19.85;19.85;95;59;573.5;16.3;-3.6;D;656.9;10;52.025;2;1.81;189;300.41;-118.48605317;33.44537818;0;0;1;N;2.00034;57;57;11;71;71;288.582;0;9999.99;19.86;19.987;2;9;24;0;24;33.85;1530.66333;07/13/16;16:35:57;22.43;51.45;33.85;-0.113;8.38;-80.6;1.5;-2.3;-2934;116.0;8.27;12.4;
33.4451460344306;-118.485577798588;16:38:57.02;7/13/2016;7;1.874;300.98;12.0453350093692;1.36;286.9;300.13;-0.93;11.1;28.8;.00;20.00;20.00;95;59;573.5;16.3;-3.6;D;656.9;10;51.105;2;1.83;189;300.34;-118.48605317;33.44537818;0;0;1;N;2.033657;51;51;11;80;80;288.3576;0;9999.99;20.00;20.127;2;9;24;0;24;33.85;1530.66333;07/13/16;16:35:57;22.43;51.45;33.85;-0.113;8.38;-80.6;1.5;-2.3;-2934;116.0;8.27;12.4;
33.4451498726279;-118.485586540653;16:38:58.02;7/13/2016;7;1.961;298.45;12.0453350093692;1.36;287.8;301.05;0.19;9.6;28.8;.00;20.04;20.05;95;59;573.5;16.3;-3.6;D;656.9;10;50.189;2;1.84;189;300.39;-118.48605317;33.44537818;0;0;1;N;1.954525;57;57;11;76;76;288.8912;0;9999.99;20.04;20.167;2;9;24;0;24;33.84;1530.65247;07/13/16;16:35:59;22.44;51.43;33.84;-0.066;8.38;-80.4;2.5;-3.4;1608;116.1;8.28;12.3;
33.445154228843;-118.485596108507;16:38:59.02;7/13/2016;7;1.892;298.9;12.0453350093692;1.36;286.9;300.13;-0.53;12;28.8;.00;20.13;20.14;95;62;573.4;16.3;-3.8;D;618.4;10;49.179;2;1.83;189;300.42;-118.48605317;33.44537818;0;0;1;N;1.885087;54;54;11;84;84;289.3615;0;9999.99;20.14;20.267;2;9;24;0;24;33.84;1530.65247;07/13/16;16:35:59;22.44;51.43;33.84;-0.066;8.38;-80.4;2.5;-3.4;1608;116.1;8.28;12.3;
33.4451587426586;-118.485605425052;16:39:00.02;7/13/2016;7;1.735;299.67;12.0453350093692;1.36;288.5;301.75;-0.86;9.5;28.7;.00;19.76;19.76;95;62;573.4;16.3;-3.8;D;618.4;10;48.179;2;1.8;189;300.43;-118.48605317;33.44537818;0;0;1;N;1.841233;52;52;11;79;79;289.6593;0;9999.99;19.76;19.88224;2;9;24;0;24;33.84;1530.65246;07/13/16;16:36:01;22.44;51.43;33.84;-0.138;8.38;-80.6;1.5;-3.8;-1657;116.2;8.28;12.5;
33.4451640469409;-118.485613718693;16:39:01.03;7/13/2016;7;2.161;302.25;12.0453350093692;1.36;291.2;304.48;0.17;8.6;28.7;.01;19.92;19.92;95;62;573.4;16.3;-3.8;D;618.4;10;47.217;2;1.78;189;300.28;-118.48605317;33.44537818;0;0;1;N;1.918111;58;58;11;66;66;289.1375;0;9999.99;19.91;20.04002;2;9;24;0;24;33.84;1530.65246;07/13/16;16:36:01;22.44;51.43;33.84;-0.138;8.38;-80.6;1.5;-3.8;-1657;116.2;8.28;12.5;
33.4451711700096;-118.48562881525;16:39:02.05;7/13/2016;7;3.75;304.1;12.0453350093692;1.36;287.4;300.64;-0.84;14.2;28.7;.01;19.99;19.99;95;62;573.4;16.3;-3.8;D;618.4;10;45.608;2;1.92;189;300.31;-118.48605317;33.44537818;0;0;1;N;1.835487;52;52;11;83;83;289.6984;0;9999.99;19.99;20.116;2;9;24;0;24;33.83;1530.6422;07/13/16;16:36:03;22.42;51.42;33.83;-0.083;8.38;-80.4;2.0;-1.4;-2218;116.2;8.29;12.4;
33.4451774770392;-118.485638992544;16:39:03.05;7/13/2016;7;1.844;303.19;12.0453350093692;1.36;290.7;303.98;0.15;7.2;28.8;.00;19.92;19.92;95;65;573.4;16.3;-3.9;D;598.2;10;44.439;2;1.88;189;300.15;-118.48605317;33.44537818;0;0;1;N;1.9097;58;58;11;68;68;289.1943;0;9999.99;19.91;20.03526;2;9;24;0;24;33.83;1530.6422;07/13/16;16:36:03;22.42;51.42;33.83;-0.083;8.38;-80.4;2.0;-1.4;-2218;116.2;8.29;12.4;
33.4451815585032;-118.485647435114;16:39:04.05;7/13/2016;7;1.913;302.85;12.0453350093692;1.36;289.6;302.87;-0.45;11.7;28.8;.00;20.57;20.57;95;65;573.4;16.3;-3.9;D;598.2;10;43.534;2;1.87;189;300.15;-118.48605317;33.44537818;0;0;1;N;1.87223;54;54;11;73;73;289.4484;0;9999.99;20.57;20.697;2;9;24;0;24;33.85;1530.66343;07/13/16;16:36:05;22.42;51.44;33.85;-0.070;8.38;-80.6;1.8;-1.5;129;116.3;8.29;12.4;
33.4451855182963;-118.485655651381;16:39:05.05;7/13/2016;7;1.957;303.05;12.0453350093692;1.36;287.1;300.34;-0.97;12.2;28.7;.00;20.31;20.31;95;62;573.4;16.3;-3.8;D;624.2;10;42.653;2;1.91;189;300.15;-118.48605317;33.44537818;0;0;1;N;1.836964;54;54;11;79;79;289.6881;0;9999.99;20.30;20.42418;2;9;24;0;24;33.85;1530.66343;07/13/16;16:36:05;22.42;51.44;33.85;-0.070;8.38;-80.6;1.8;-1.5;129;116.3;8.29;12.4;
33.4451922248965;-118.485662451438;16:39:06.05;7/13/2016;7;1.59;305.95;12.0453350093692;1.36;289.8;303.07;0.45;9.5;28.7;.00;20.29;20.30;95;62;573.4;16.3;-3.8;D;624.2;10;41.734;2;1.86;190;299.7;-118.48605317;33.44537818;0;0;1;N;2.125278;56;56;11;70;70;287.7426;0;9999.99;20.29;20.41788;2;9;24;0;24;33.86;1530.67447;07/13/16;16:36:07;22.43;51.46;33.86;-0.048;8.38;-80.4;1.1;0.3;-3545;116.4;8.30;12.4;
33.4451960249573;-118.485669988947;16:39:07.05;7/13/2016;7;1.857;302.37;12.0453350093692;1.36;289;302.26;0.08;13.4;28.7;.00;20.89;20.89;95;62;573.4;16.3;-3.8;D;624.2;10;40.918;2;1.86;190;299.67;-118.48605317;33.44537818;0;0;1;N;2.103886;57;57;11;70;70;287.8858;0;9999.99;20.89;21.017;2;9;24;0;24;33.86;1530.67447;07/13/16;16:36:07;22.43;51.46;33.86;-0.048;8.38;-80.4;1.1;0.3;-3545;116.4;8.30;12.4;
33.445200036442;-118.485678840642;16:39:08.05;7/13/2016;7;1.864;302.1;12.0453350093692;1.36;291.8;305.09;0.27;8;28.7;.00;20.43;20.43;95;67;573.3;16.3;-4.1;D;573.5;10;39.983;2;1.92;190;299.7;-118.48605317;33.44537818;0;0;1;N;2.031938;59;59;11;60;60;288.3687;0;9999.99;20.43;20.557;2;9;24;0;24;33.84;1530.65255;07/13/16;16:36:09;22.45;51.44;33.84;-0.011;8.39;-81.0;1.4;2.0;-3691;116.5;8.30;12.4;
33.4452047036187;-118.485688898578;16:39:09.05;7/13/2016;7;1.86;301.49;12.0453350093692;1.65;288.9;302.16;-0.49;11.8;28.7;.00;21.01;21.01;95;67;573.3;16.3;-4.1;D;573.5;10;38.915;2;1.93;190;299.72;-118.48605317;33.44537818;0;0;1;N;1.963836;57;57;11;62;62;288.8277;0;9999.99;21.00;21.127;2;9;24;0;24;33.84;1530.65245;07/13/16;16:36:10;22.45;51.43;33.84;-0.018;8.39;-81.1;1.6;-4.2;-2558;116.6;8.31;12.4;
33.4452096405887;-118.48569729227;16:39:10.05;7/13/2016;7;1.981;303.12;12.0453350093692;1.36;290.4;303.67;-0.08;13.4;28.8;.00;20.77;20.77;95;67;573.3;16.3;-4.1;D;573.5;10;37.967;2;1.94;190;299.58;-118.48605317;33.44537818;0;0;1;N;2.008351;57;57;11;67;67;288.5275;0;9999.99;20.76;20.88835;2;9;24;0;24;33.84;1530.65245;07/13/16;16:36:10;22.45;51.43;33.84;-0.018;8.39;-81.1;1.6;-4.2;-2558;116.6;8.31;12.4;
33.4452133381442;-118.485706001296;16:39:11.05;7/13/2016;7;1.837;298.17;12.0453350093692;1.36;292.5;305.8;0.06;9.3;28.7;.00;20.66;20.66;95;67;573.3;16.3;-4.1;D;573.5;10;37.061;2;1.9;190;299.64;-118.48605317;33.44537818;0;0;1;N;1.915148;57;57;11;60;60;289.157;0;9999.99;20.65;20.77941;2;9;24;0;24;33.84;1530.65274;07/13/16;16:36:12;22.45;51.43;33.84;-0.042;8.39;-81.0;1.2;-1.9;-1151;116.7;8.32;12.3;
33.4452178849293;-118.485713482095;16:39:12.05;7/13/2016;7;1.882;305.11;12.0453350093692;1.36;289.2;302.46;-0.26;10.1;28.8;.00;20.76;20.77;95;67;573.3;16.3;-4.1;D;577.2;10;36.208;2;1.91;190;299.49;-118.48605317;33.44537818;0;0;1;N;1.97305;55;55;11;72;72;288.7656;0;9999.99;20.76;20.88941;2;9;24;0;24;33.84;1530.65274;07/13/16;16:36:12;22.45;51.43;33.84;-0.042;8.39;-81.0;1.2;-1.9;-1151;116.7;8.32;12.3;
33.4452237310111;-118.485724286912;16:39:13.05;7/13/2016;7;1.906;307.75;12.0453350093692;1.36;289.6;302.87;-0.53;10.7;28.7;.01;20.98;20.99;95;67;573.3;16.3;-4.1;D;577.2;10;35.016;2;1.98;190;299.37;-118.48605317;33.44537818;0;0;1;N;1.975584;54;54;11;71;71;288.7481;0;5.62;20.99;26.73544;2;9;24;0;24;33.84;1530.65302;07/13/16;16:36:14;22.44;51.44;33.84;-0.049;8.38;-80.8;1.0;-3.5;-3318;116.8;8.33;12.4;
33.4452282094009;-118.485731568278;16:39:14.08;7/13/2016;8;1.714;306.8;12.0453350093692;1.36;288.1;301.35;-0.06;10.8;28.8;.00;21.57;21.58;95;67;573.3;16.3;-4.1;D;577.2;10;34.183;2;1.94;190;299.2;-118.48605317;33.44537818;0;0;1;N;2.034878;57;57;11;75;75;288.3486;0;9999.99;21.57;21.697;2;9;24;0;24;33.84;1530.65302;07/13/16;16:36:14;22.44;51.44;33.84;-0.049;8.38;-80.8;1.0;-3.5;-3318;116.8;8.33;12.4;
33.4452325784309;-118.485740314087;16:39:15.08;7/13/2016;8;1.827;301.55;12.0453350093692;1.36;289.3;302.56;0.24;8.2;28.8;.00;21.66;21.66;95;63;573.2;16.3;-3.8;D;611.6;10;33.237;2;1.88;190;299.15;-118.48605317;33.44537818;0;0;1;N;2.006115;58;58;11;71;71;288.5423;0;9999.99;21.66;21.787;2;9;24;0;24;33.84;1530.65261;07/13/16;16:36:16;22.44;51.44;33.84;-0.121;8.39;-81.0;0.3;-1.7;-1367;116.9;8.33;12.2;
33.4452374901926;-118.485752461119;16:39:16.09;7/13/2016;7;2.109;301.47;12.0453350093692;1.36;288.2;301.45;-0.84;9.3;28.8;.01;21.71;21.72;95;63;573.2;16.3;-3.8;D;611.6;10;31.987;2;1.93;190;299.28;-118.48605317;33.44537818;0;0;1;N;1.86186;52;52;11;79;79;289.5183;0;9999.99;21.71;21.837;2;9;24;0;24;33.84;1530.65261;07/13/16;16:36:16;22.44;51.44;33.84;-0.121;8.39;-81.0;0.3;-1.7;-1367;116.9;8.33;12.2;
33.4452431171301;-118.485761245164;16:39:17.09;7/13/2016;8;2.139;305.87;12.0453350093692;1.36;286.7;299.93;0.13;11.8;28.8;.01;21.70;21.71;95;63;573.2;16.3;-3.8;D;611.6;10;30.971;2;1.97;190;299.01;-118.48605317;33.44537818;0;0;1;N;1.951868;58;58;11;83;83;288.9083;0;9999.99;21.69;21.817;2;9;24;0;24;33.83;1530.64249;07/13/16;16:36:18;22.42;51.41;33.83;-0.074;8.38;-80.6;1.0;-2.3;114;117.0;8.35;12.4;
33.4452480176214;-118.485769903081;16:39:18.11;7/13/2016;8;1.798;302.18;12.0453350093692;1.36;289.8;303.07;-0.42;7.44;28.8;.01;21.95;21.96;95;63;573.2;16.3;-3.8;D;611.6;10;30.004;2;2.01;190;298.84;-118.48605317;33.44537818;0;0;1;N;1.97084;54;54;11;70;70;288.78;0;9999.99;21.95;22.077;2;9;24;0;24;33.83;1530.64249;07/13/16;16:36:18;22.42;51.41;33.83;-0.074;8.38;-80.6;1.0;-2.3;114;117.0;8.35;12.4;
33.4452531079697;-118.485776833356;16:39:19.11;7/13/2016;8;1.868;302.89;12.0453350093692;1.36;291.8;305.09;0.63;9.1;28.8;.00;22.01;22.02;95;64;573.2;16.3;-3.9;D;604.3;10;29.168;2;1.92;190;298.48;-118.48605317;33.44537818;0;0;1;N;2.099409;59;59;11;64;64;287.915;0;9999.99;22.01;22.137;2;9;24;0;24;33.83;1530.64199;07/13/16;16:36:20;22.39;51.41;33.83;-0.077;8.38;-80.6;1.4;0.1;-3810;117.0;8.35;12.3;
33.4452592284868;-118.485786189187;16:39:20.13;7/13/2016;7;2.051;305.98;12.0453350093692;1.36;288;301.25;-2.57;13.8;28.8;.01;21.68;21.69;95;64;573.2;16.3;-3.9;D;604.3;10;28.081;2;1.9;190;298.1;-118.48605317;33.44537818;0;0;1;N;2.212817;43;43;11;71;71;287.1577;0;9999.99;21.68;21.81133;2;9;24;0;24;33.83;1530.64199;07/13/16;16:36:20;22.39;51.41;33.83;-0.077;8.38;-80.6;1.4;0.1;-3810;117.0;8.35;12.3;
33.4452650881821;-118.485798233534;16:39:21.13;7/13/2016;7;2.333;303.68;12.0453350093692;1.36;286.3;299.53;-1.19;13.2;28.7;.03;21.47;21.50;95;64;573.2;16.3;-3.9;D;604.3;10;26.789;2;2;190;298;-118.48605317;33.44537818;0;0;1;N;2.16244;50;50;11;79;79;287.4934;0;9999.99;21.45;21.57978;2;9;24;0;24;33.85;1530.66569;07/13/16;16:36:22;22.39;51.45;33.85;0.147;8.38;-80.6;1.3;-4.7;-1335;117.0;8.35;12.3;
33.4452698333428;-118.485808480856;16:39:22.14;7/13/2016;7;1.982;302.31;12.0453350093692;1.36;283.7;296.9;0.57;13;28.7;.03;21.70;21.72;95;73;573.1;16.3;-4.5;D;529.7;10;25.702;2;2;190;297.95;-118.48605317;33.44537818;0;0;1;N;2.098814;60;60;11;91;91;287.9188;0;9999.99;21.69;21.81508;2;9;24;0;24;33.85;1530.66569;07/13/16;16:36:22;22.39;51.45;33.85;0.147;8.38;-80.6;1.3;-4.7;-1335;117.0;8.35;12.3;
33.4452754842201;-118.485818379682;16:39:23.14;7/13/2016;7;2.248;298.87;12.0453350093692;1.36;285.2;298.41;-0.63;9.1;28.8;.00;21.68;21.69;95;73;573.1;16.3;-4.5;D;529.7;10;24.596;2;2.02;190;297.66;-118.48605317;33.44537818;0;0;1;N;2.134097;53;53;11;90;90;287.6826;0;9999.99;21.69;21.8154;2;9;24;0;24;33.84;1530.65384;07/13/16;16:36:23;22.39;51.43;33.84;0.007;8.38;-80.5;0.9;1.8;-906;117.1;8.35;12.4;
33.4452811017298;-118.485828940261;16:39:24.17;7/13/2016;7;2.074;300.12;12.0453350093692;1.36;287.3;300.54;-0.44;8;28.8;.00;22.23;22.23;95;73;573.1;16.3;-4.5;D;529.7;10;23.438;2;2.03;190;297.42;-118.48605317;33.44537818;0;0;1;N;2.123397;54;54;11;76;76;287.7542;0;9999.99;22.22;22.347;2;9;24;0;24;33.83;1530.64167;07/13/16;16:36:25;22.38;51.41;33.83;-0.064;8.38;-80.6;0.8;2.6;-2033;117.1;8.36;12.4;
33.445285128466;-118.485837127129;16:39:25.20;7/13/2016;7;1.835;301.53;12.0453350093692;1.36;285.3;298.52;-0.46;11.8;28.8;.00;22.50;22.51;95;73;573.1;16.3;-4.5;D;529.7;10;22.558;2;1.97;190;297.3;-118.48605317;33.44537818;0;0;1;N;2.093351;56;56;11;80;80;287.9554;0;9999.99;22.50;22.627;2;9;24;0;24;33.83;1530.64167;07/13/16;16:36:25;22.38;51.41;33.83;-0.064;8.38;-80.6;0.8;2.6;-2033;117.1;8.36;12.4;
33.4452922048839;-118.485844903865;16:39:26.22;7/13/2016;7;2.058;305.49;12.0453350093692;1.36;288.4;301.65;0.14;16.4;28.8;.01;22.07;22.08;95;67;573.1;16.3;-4.1;D;580.5;10;21.559;2;2.02;190;296.32;-118.48605317;33.44537818;0;0;1;N;2.362344;58;58;11;65;65;286.1673;0;9999.99;22.06;22.18996;2;9;24;0;24;33.85;1530.66396;07/13/16;16:36:27;22.36;51.45;33.85;-0.016;8.38;-80.5;1.1;-1.3;-2381;117.1;8.36;12.4;
33.4452975864993;-118.485854987041;16:39:27.22;7/13/2016;7;1.988;304.45;12.0453350093692;1.36;282.6;295.78;1.05;13;28.8;.00;22.36;22.36;95;67;573.1;16.3;-4.1;D;580.5;10;20.455;2;2.02;190;295.98;-118.48605317;33.44537818;0;0;1;N;2.373032;65;65;11;83;83;286.0967;0;9999.99;22.37;22.49478;2;9;24;0;24;33.84;1530.65294;07/13/16;16:36:28;22.36;51.43;33.84;-0.102;8.38;-80.7;0.9;2.7;-1280;117.1;8.36;12.4;
33.4453022079525;-118.485864175868;16:39:28.25;7/13/2016;7;2.038;302.59;12.0453350093692;1.36;286.4;299.63;-0.4;13.4;28.7;.00;22.26;22.26;95;67;573.1;16.3;-4.1;D;580.5;10;19.464;2;1.97;190;295.72;-118.48605317;33.44537818;0;0;1;N;2.341507;55;55;11;74;74;286.3045;0;9999.99;22.26;22.38357;2;9;24;0;24;33.84;1530.65294;07/13/16;16:36:28;22.36;51.43;33.84;-0.102;8.38;-80.7;0.9;2.7;-1280;117.1;8.36;12.4;
33.445306733687;-118.485871576485;16:39:29.27;7/13/2016;7;1.956;300.14;12.0453350093692;1.36;285.6;298.82;0.16;11.5;28.7;.01;22.45;22.46;95;73;573.0;16.3;-4.4;D;530.1;10;18.628;2;1.97;190;295.24;-118.48605317;33.44537818;0;0;1;N;2.392599;58;58;11;76;76;285.968;0;9999.99;22.45;22.57699;2;9;24;0;24;33.86;1530.67471;07/13/16;16:36:30;22.38;51.46;33.86;-0.099;8.38;-80.8;1.0;-0.8;1967;117.2;8.36;12.4;
33.4453106906801;-118.48588102379;16:39:30.27;7/13/2016;7;1.711;301.48;12.0453350093692;1.36;287.4;300.64;-0.6;8.9;28.6;.01;22.60;22.61;95;73;573.0;16.3;-4.4;D;530.1;10;17.647;2;1.97;190;295.17;-118.48605317;33.44537818;0;0;1;N;2.286904;53;53;11;71;71;286.6654;0;9999.99;22.60;22.72393;2;9;24;0;24;33.86;1530.67471;07/13/16;16:36:30;22.38;51.46;33.86;-0.099;8.38;-80.8;1.0;-0.8;1967;117.2;8.36;12.4;
33.4453143015936;-118.485890652428;16:39:31.30;7/13/2016;7;1.946;299.58;12.0453350093692;1.36;283.8;297;0.55;13.6;28.7;.00;22.45;22.45;95;73;573.0;16.3;-4.4;D;530.1;10;16.668;2;2;190;295.22;-118.48605317;33.44537818;0;0;1;N;2.151179;60;60;11;89;89;287.5677;0;9999.99;22.45;22.57827;2;9;24;0;24;33.85;1530.66399;07/13/16;16:36:31;22.39;51.44;33.85;0.036;8.39;-80.9;0.7;2.6;-2754;117.2;8.36;12.4;
33.4453186405002;-118.485901236442;16:39:32.31;7/13/2016;7;1.983;300.76;12.0453350093692;1.36;287.9;301.15;-0.3;9;28.7;.00;23.24;23.25;95;73;573.0;16.3;-4.4;D;530.1;10;15.574;2;1.99;190;295.16;-118.48605317;33.44537818;0;0;1;N;2.021165;56;56;11;76;76;288.4394;0;9999.99;23.24;23.367;2;9;24;0;24;33.83;1530.64169;07/13/16;16:36:33;22.39;51.42;33.83;-0.117;8.38;-80.9;0.8;-1.2;-1361;117.2;8.36;12.3;
33.4453225149001;-118.485909605762;16:39:33.31;7/13/2016;7;1.891;303.2;12.0453350093692;1.36;283.6;296.79;-0.86;13.4;28.7;.00;22.67;22.67;95;58;572.9;16.3;-3.6;D;661.9;10;14.688;2;2.01;190;294.92;-118.48605317;33.44537818;0;0;1;N;1.975704;54;54;11;93;93;288.7462;0;9999.99;22.66;22.79175;2;9;23.9;0;24;33.83;1530.64169;07/13/16;16:36:33;22.39;51.42;33.83;-0.117;8.38;-80.9;0.8;-1.2;-1361;117.2;8.36;12.3;
33.4453273367484;-118.485916449688;16:39:34.33;7/13/2016;7;1.82;303.52;12.0453350093692;1.36;287.2;300.44;0.05;10.7;28.7;.00;22.83;22.83;95;58;572.9;16.3;-3.6;D;661.9;10;13.888;2;2;190;294.02;-118.48605317;33.44537818;0;0;1;N;2.080156;57;57;11;77;77;288.0431;0;9999.99;22.83;22.95943;2;9;24;0;23.8999996185303;33.84;1530.40484;07/13/16;16:36:35;22.39;51.43;33.84;-0.012;8.39;-81.2;1.2;0.3;-3490;117.3;8.37;12.2;
33.4453326666667;-118.485925166667;16:39:35.34;7/13/2016;7;1.972;304.32;12.0453350093692;1.36;286.4;299.63;0.1;8.6;28.7;.01;23.27;23.28;95;58;572.9;16.3;-3.6;D;661.9;10;12.918;2;2.08;190;293.33;-118.48605317;33.44537818;0;0;1;N;2.084812;57;57;11;73;73;288.0116;0;9999.99;23.27;23.397;2;9;23.9;0;23.8999996185303;33.84;1530.40484;07/13/16;16:36:35;22.39;51.43;33.84;-0.012;8.39;-81.2;1.2;0.3;-3490;117.3;8.37;12.2;
33.4453381666667;-118.485935166667;16:39:36.34;7/13/2016;7;1.909;303.16;12.0453350093692;1.36;287.9;301.15;0.21;13.4;28.7;.01;22.70;22.71;95;59;572.9;16.3;-3.6;D;651.9;10;11.840;2;2.04;190;292.41;-118.48605317;33.44537818;0;0;1;N;2.096961;58;58;11;74;74;287.9302;0;9999.99;22.71;22.83304;2;9;23.9;0;23.8999996185303;33.82;1530.38363;07/13/16;16:36:37;22.37;51.40;33.82;0.006;8.39;-80.9;1.0;-4.2;-1433;117.3;8.37;12.3;
33.4453444267611;-118.485947058533;16:39:37.36;7/13/2016;7;2.241;303.64;12.0453350093692;1.36;286.7;299.93;-1.15;8.2;28.7;.01;23.56;23.57;95;59;572.9;16.3;-3.6;D;651.9;10;10.537;2;2.05;190;290.87;-118.48605317;33.44537818;0;0;1;N;2.157884;50;50;11;78;78;287.568;0;9999.99;23.55;23.677;2;9;23.9;0;23.8999996185303;33.82;1530.38363;07/13/16;16:36:37;22.37;51.40;33.82;0.006;8.39;-80.9;1.0;-4.2;-1433;117.3;8.37;12.3;
33.4453494477905;-118.485957861658;16:39:38.38;7/13/2016;7;2.181;300.39;12.0453350093692;1.36;288.2;301.45;1.12;11;28.6;.01;23.24;23.26;95;59;572.9;16.3;-3.6;D;651.9;10;9.402;2;2.03;190;289.86;-118.48605317;33.44537818;0;0;1;N;2.110678;63;63;11;75;75;288.0655;0;9999.99;23.25;23.38007;2;9;23.9;0;23.8999996185303;33.84;1530.40576;07/13/16;16:36:38;22.36;51.43;33.84;-0.091;8.38;-80.8;0.6;-0.1;-867;117.4;8.38;12.3;
33.4453550213926;-118.485967731261;16:39:39.39;7/13/2016;7;2.068;302.96;12.0453350093692;1.36;286.2;299.43;-0.7;7.45;28.7;.00;23.67;23.68;95;59;572.9;16.3;-3.6;D;651.9;10;8.335;2;2.04;190;288;-118.48605317;33.44537818;0;0;1;N;2.069999;53;53;11;81;81;287.8454;0;9999.99;23.67;23.797;2;9;23.9;0;23.8999996185303;33.83;1530.39407;07/13/16;16:36:40;22.36;51.42;33.83;-0.092;8.39;-81.0;0.8;-4.9;-2191;117.4;8.38;12.3;
33.4453598333333;-118.485976166667;16:39:40.41;7/13/2016;7;1.9;304.34;12.0453350093692;1.36;286;299.22;-1.58;14.1;28.7;.01;23.05;23.06;95;61;572.8;16.3;-3.7;D;627.3;10;7.325;2;2.03;190;286.39;-118.48605317;33.44537818;0;0;1;N;2.053676;48;48;11;83;83;288.2209;0;9999.99;23.04;23.16648;2;9;23.9;0;23.8999996185303;33.83;1530.39407;07/13/16;16:36:40;22.36;51.42;33.83;-0.092;8.39;-81.0;0.8;-4.9;-2191;117.4;8.38;12.3;
33.4453663046422;-118.485987728429;16:39:41.42;7/13/2016;7;2.388;304.13;12.0453350093692;1.36;287;300.24;-0.32;5.15;28.7;.01;23.68;23.69;95;61;572.8;16.3;-3.7;D;627.3;10;6.214;2;2.09;190;282.27;-118.48605317;33.44537818;0;0;1;N;2.101476;55;55;11;76;76;287.4764;0;9999.99;23.68;23.807;2;9;23.9;0;23.8999996185303;33.84;1530.40536;07/13/16;16:36:42;22.33;51.43;33.84;0.040;8.38;-80.8;0.4;-3.3;-2988;117.5;8.39;12.4;
33.4453719381638;-118.485998120632;16:39:42.45;7/13/2016;7;1.919;306.57;12.0453350093692;1.36;284.2;297.4;1.43;10.7;28.6;.00;23.76;23.76;95;61;572.8;16.3;-3.7;D;627.3;10;5.154;2;2.13;190;277.74;-118.48605317;33.44537818;0;0;1;N;2.146858;66;66;11;87;87;287.391;0;9999.99;23.77;23.897;2;9;23.9;0;23.8999996185303;33.84;1530.40536;07/13/16;16:36:42;22.33;51.43;33.84;0.040;8.38;-80.8;0.4;-3.3;-2988;117.5;8.39;12.4;
33.4453790635446;-118.486007222448;16:39:43.47;7/13/2016;7;1.94;306.1;12.0453350093692;1.36;287.2;300.44;-0.85;13;28.6;.00;22.92;22.92;95;64;572.8;16.3;-3.9;D;598.3;10;4.264;2;2.08;190;268.68;-118.48605317;33.44537818;0;0;1;N;2.138734;51;51;11;69;69;285.9551;0;9999.99;22.92;23.0428;2;9;23.9;0;23.8999996185303;33.85;1530.41556;07/13/16;16:36:44;22.34;51.45;33.85;-0.112;8.38;-80.9;0.7;3.9;-773;117.5;8.39;12.3;
33.445383629407;-118.48601838488;16:39:44.47;7/13/2016;7;2.282;304.29;12.0453350093692;1.36;287.3;300.54;0.95;12.2;28.7;.01;23.42;23.42;95;64;572.8;16.3;-3.9;D;598.3;10;3.285;2;2.07;190;259.37;-118.48605317;33.44537818;0;0;1;N;2.37874;63;63;11;73;73;286.9467;0;9999.99;23.41;23.54151;2;9;23.9;0;23.8999996185303;33.85;1530.41556;07/13/16;16:36:44;22.34;51.45;33.85;-0.112;8.38;-80.9;0.7;3.9;-773;117.5;8.39;12.3;
33.445387592968;-118.486028909599;16:39:45.52;7/13/2016;7;2.007;298.54;12.0453350093692;1.36;284.8;298.01;-0.24;12.6;28.7;.01;23.68;23.69;95;64;572.8;16.3;-3.9;D;598.3;10;2.481;2;2.07;190;245.06;-118.48605317;33.44537818;0;0;1;N;2.201019;56;56;11;87;87;287.9385;0;9999.99;23.69;23.81245;2;9;23.9;0;23.8999996185303;33.83;1530.39425;07/13/16;16:36:46;22.34;51.42;33.83;-0.124;8.38;-80.7;0.3;-1.5;-1322;117.5;8.39;12.3;
33.4453925616146;-118.486039305037;16:39:46.53;7/13/2016;7;2.167;301.24;12.0453350093692;1.36;285.4;298.62;-0.6;10.9;28.6;.01;23.73;23.74;95;64;572.8;16.3;-3.9;D;598.3;11;4.837;2;2.05;190;349.1;-118.48604916;33.44543528;0;0;1;N;1.29323;54;54;11;250;250;354.1709;0;9999.99;23.73;23.85505;2;9;23.9;0;23.8999996185303;33.85;1530.41594;07/13/16;16:36:47;22.34;51.44;33.85;-0.027;8.38;-80.8;0.8;-2.3;-2048;117.5;8.39;12.5;
33.445394836289;-118.486048072175;16:39:47.53;7/13/2016;7;1.686;297.28;12.0453350093692;1.36;287;300.24;-1.26;9.8;28.6;.00;23.50;23.50;95;57;572.7;16.3;-3.5;D;675.7;11;4.499;2;2.04;190;358.71;-118.48604916;33.44543528;0;0;1;N;0.369065;46;46;11;250;250;1.878205E-02;0;9999.99;23.48;23.60695;2;9;23.9;0;23.8999996185303;33.85;1530.41594;07/13/16;16:36:47;22.34;51.44;33.85;-0.027;8.38;-80.8;0.8;-2.3;-2048;117.5;8.39;12.5;
33.4453994896925;-118.486054201411;16:39:48.53;7/13/2016;7;1.421;303.64;12.0453350093692;1.36;303;316.41;1.17;3.88;28.6;.00;24.45;24.45;95;57;572.7;16.3;-3.5;D;675.7;11;4.008;2;1.89;190;6.7;-118.48604916;33.44543528;0;0;1;N;0.1505823;64;64;11;250;250;4.43197;0;9999.99;24.45;24.577;2;9;23.9;0;23.8999996185303;33.85;1530.41553;07/13/16;16:36:48;22.35;51.45;33.85;-0.035;8.38;-80.8;0.5;-3.9;375;117.5;8.39;12.3;
33.4454049386092;-118.486060082857;16:39:49.53;7/13/2016;7;1.873;303.64;12.0453350093692;1.36;313.4;326.94;2.22;11.1;28.6;.01;23.70;23.71;95;57;572.7;16.3;-3.5;D;675.7;11;3.523;2;1.78;190;16.72;-118.48604916;33.44543528;0;0;1;N;0.7509644;74;74;11;250;250;8.714733;0;9999.99;23.73;23.85682;2;9;23.9;0;23.8999996185303;33.84;1530.40463;07/13/16;16:36:49;22.36;51.44;33.84;-0.061;8.38;-80.8;0.6;-8.4;-1004;117.5;8.38;12.4;
33.4454132120552;-118.486065472929;16:39:50.55;7/13/2016;7;1.751;314.35;12.0453350093692;1.36;324.5;338.22;1.59;9.6;28.6;.01;24.69;24.70;95;68;572.7;16.3;-4.1;D;570.2;11;2.884;2;1.79;190;31.67;-118.48604916;33.44543528;0;0;1;N;1.330722;67;67;11;250;250;12.79764;0;9999.99;24.70;24.827;2;9;23.9;0;23.8999996185303;33.84;1530.40589;07/13/16;16:36:51;22.35;51.43;33.84;-0.090;8.38;-80.8;0.4;0.7;-2649;117.5;8.39;12.3;
33.445420789528;-118.486066032379;16:39:51.55;7/13/2016;7;1.498;327.98;12.0453350093692;1.36;341.2;355.26;1.04;17;28.6;.00;25.07;25.07;95;68;572.7;16.3;-4.1;D;570.2;12;180.698;2;1.72;190;123.67;-118.48444517;33.4445199;0;0;1;N;2.388521;63;63;11;250;250;108.6372;0;9999.99;25.08;25.207;2;9;23.9;0;23.8999996185303;33.84;1530.40589;07/13/16;16:36:51;22.35;51.43;33.84;-0.090;8.38;-80.8;0.4;0.7;-2649;117.5;8.39;12.3;
33.4454291067227;-118.486067072599;16:39:52.55;7/13/2016;7;1.543;340.13;12.0453350093692;1.36;346.9;1.09;0.15;5.8;28.7;.00;25.04;25.04;95;68;572.7;16.3;-4.1;D;570.2;12;181.293;2;1.67;190;123.89;-118.48444517;33.4445199;0;0;1;N;1.597628;58;58;11;250;250;115.0841;0;9999.99;25.04;25.167;2;9;23.9;0;23.8999996185303;33.83;1530.39374;07/13/16;16:36:53;22.35;51.42;33.83;-0.180;8.38;-80.6;0.6;-2.2;-2156;117.7;8.40;12.4;
33.4454363086516;-118.486066998054;16:39:53.55;7/13/2016;7;1.817;350.59;12.0453350093692;1.36;356.8;11.22;2.46;13.1;28.7;.01;24.06;24.07;95;68;572.7;16.3;-4.1;D;570.2;12;181.735;2;1.68;191;124.1;-118.48444517;33.4445199;0;0;1;N;0.9283864;74;74;11;250;250;119.3894;0;9999.99;24.09;24.21341;2;9;23.9;0;23.8999996185303;33.83;1530.39374;07/13/16;16:36:53;22.35;51.42;33.83;-0.180;8.38;-80.6;0.6;-2.2;-2156;117.7;8.40;12.4;
33.4454425710763;-118.486065295847;16:39:54.55;7/13/2016;7;1.645;2.55;12.0453350093692;1.36;12.3;27.04;0.95;14.2;28.6;.01;25.70;25.70;95;67;572.6;16.3;-4.1;D;575.3;12;181.996;2;1.65;191;124.31;-118.48444517;33.4445199;0;0;1;N;0.2673666;63;63;11;250;250;122.9984;0;9999.99;25.71;25.837;2;9;23.9;0;23.8999996185303;33.85;1530.41596;07/13/16;16:36:55;22.35;51.45;33.85;-0.158;8.39;-80.9;0.7;-3.3;-761;117.7;8.41;12.4;
33.4454500678044;-118.486062891033;16:39:55.55;7/13/2016;7;1.533;2.55;12.0453350093692;1.36;24.5;39.38;0.81;11.4;28.6;.01;25.27;25.28;95;67;572.6;16.3;-4.1;D;575.3;12;182.283;2;1.6;192;124.57;-118.48444517;33.4445199;0;0;1;N;0.5361703;62;62;11;250;250;126.9775;0;9999.99;25.28;25.40578;2;9;23.9;0;23.8999996185303;33.85;1530.41596;07/13/16;16:36:55;22.35;51.45;33.85;-0.158;8.39;-80.9;0.7;-3.3;-761;117.7;8.41;12.4;
33.4454556526507;-118.486060264495;16:39:56.55;7/13/2016;7;1.075;2.55;12.0453350093692;1.36;34.9;49.77;2.63;14.1;28.7;.01;25.06;25.06;95;67;572.6;16.3;-4.1;D;575.3;12;182.436;2;1.6;192;124.77;-118.48444517;33.4445199;0;0;1;N;1.189856;73;73;11;250;250;129.9937;0;9999.99;25.07;25.19999;2;9;23.9;0;23.8999996185303;33.83;1530.39413;07/13/16;16:36:57;22.36;51.42;33.83;-0.081;8.38;-80.9;1.1;-1.7;-984;117.8;8.41;12.4;
33.4454581044656;-118.486055680812;16:39:57.55;7/13/2016;7;1.566;22.59;12.0453350093692;1.36;43.3;58.06;1.45;11.3;28.6;.01;25.29;25.30;95;67;572.6;16.3;-4.1;D;575.3;12;182.243;2;1.57;193;124.92;-118.48444517;33.4445199;0;0;1;N;1.674911;67;67;11;250;250;132.495;0;9999.99;25.32;25.44349;2;9;23.9;0;23.8999996185303;33.84;1530.40504;07/13/16;16:36:58;22.35;51.43;33.84;-0.139;8.39;-80.9;1.0;1.1;-2718;117.8;8.41;12.3;
33.4454637989024;-118.486047318487;16:39:58.55;7/13/2016;7;1.852;42.06;12.0453350093692;1.36;56;70.41;1.55;12.2;28.6;.00;25.15;25.16;95;69;572.6;16.3;-4.2;D;558.6;12;181.972;2;1.61;193;125.22;-118.48444517;33.4445199;0;0;1;N;2.634794;66;66;11;250;250;137.5472;0;9999.99;25.17;25.2961;2;9;23.9;0;23.8999996185303;33.84;1530.40504;07/13/16;16:36:58;22.35;51.43;33.84;-0.139;8.39;-80.9;1.0;1.1;-2718;117.8;8.41;12.3;
33.4454678029248;-118.486039573033;16:39:59.55;7/13/2016;7;1.603;51.79;12.0453350093692;1.36;69.4;83.18;2.24;16.6;28.6;.00;25.09;25.09;95;69;572.6;16.3;-4.2;D;558.6;12;181.643;2;1.64;194;125.47;-118.48444517;33.4445199;0;0;1;N;3.422501;70;70;11;250;250;142.2042;0;9999.99;25.10;25.23076;2;9;23.9;0;23.8999996185303;33.81;1530.37232;07/13/16;16:36:59;22.35;51.39;33.81;-0.122;8.38;-80.9;0.9;-5.3;-1536;117.8;8.41;12.3;
33.4454705008174;-118.486030122479;16:40:00.55;7/13/2016;7;1.743;63.57;12.0453350093692;1.36;84.1;96.95;0.93;15.4;28.5;.00;25.00;25.00;95;69;572.6;16.3;-4.2;D;558.6;12;181.105;2;1.72;194;125.71;-118.48444517;33.4445199;0;0;1;N;4.183653;64;64;11;250;250;147.9282;0;9999.99;25.01;25.13964;2;9;23.9;0;23.8999996185303;33.84;1530.40479;07/13/16;16:37:01;22.33;51.44;33.84;-0.083;8.38;-80.8;1.2;2.7;-1930;117.9;8.42;12.3;
33.4454713134868;-118.486020134203;16:40:01.55;7/13/2016;7;1.81;76.59;12.0453350093692;1.36;91.9;104.18;0.36;4.96;28.5;.00;25.23;25.23;95;71;572.5;16.3;-4.4;D;540.3;12;180.406;2;1.71;194;125.9;-118.48444517;33.4445199;0;0;1;N;4.791228;57;57;11;250;250;154.5143;0;9999.99;25.23;25.35224;2;9;23.9;0;23.8999996185303;33.84;1530.40479;07/13/16;16:37:01;22.33;51.44;33.84;-0.083;8.38;-80.8;1.2;2.7;-1930;117.9;8.42;12.3;
33.4454695368777;-118.486010009974;16:40:02.55;7/13/2016;7;1.885;82.65;12.0453350093692;1.78;106.1;117.32;1.65;18.1;28.5;.01;24.37;24.39;95;71;572.5;16.3;-4.4;D;540.3;12;179.530;2;1.77;194;126.03;-118.48444517;33.4445199;0;0;1;N;5.183035;67;67;11;250;250;157.2992;0;9999.99;24.40;24.52256;2;9;23.9;0;23.8999996185303;33.84;1530.40466;07/13/16;16:37:02;22.33;51.44;33.84;-0.090;8.39;-81.0;0.6;-2.0;-843;117.9;8.42;12.3;
33.4454662902216;-118.486000664616;16:40:03.55;7/13/2016;6;1.897;82.65;12.0453350093692;1.93;114.5;125.12;1.84;16.1;28.6;.02;24.75;24.77;95;71;572.5;16.3;-4.4;D;540.3;12;178.616;2;1.78;195;126.1;-118.48444517;33.4445199;0;0;1;N;5.391518;68;68;11;250;250;158.3494;0;9999.99;24.75;24.87295;2;9;23.9;0;23.8999996185303;33.82;1530.38415;07/13/16;16:37:04;22.32;51.41;33.82;0.052;8.38;-80.8;68.6;-6.9;-2554;117.9;8.42;12.3;
33.4454629304698;-118.485992047872;16:40:04.55;7/13/2016;8;1.681;82.65;12.0453350093692;1.78;131.8;141.38;0.98;14.3;28.5;.01;24.22;24.23;95;71;572.5;16.3;-4.4;D;540.3;12;177.750;2;1.83;195;126.15;-118.48444517;33.4445199;0;0;1;N;5.55666;70;70;11;210;210;159.1561;0;9999.99;24.25;24.37682;2;9;23.9;0;23.8999996185303;33.82;1530.38415;07/13/16;16:37:04;22.32;51.41;33.82;0.052;8.38;-80.8;68.6;-6.9;-2554;117.9;8.42;12.3;
33.4454581643672;-118.485983984854;16:40:05.56;7/13/2016;8;1.918;107.82;12.0453350093692;1.36;140.2;149.42;-0.71;4.5;28.5;.01;25.28;25.29;95;80;572.5;16.2;-4.9;D;482.6;12;176.833;2;1.79;195;126.16;-118.48444517;33.4445199;0;0;1;N;5.563007;53;53;11;166;166;159.1816;0;9999.99;25.27;25.397;2;9;23.9;0;23.8999996185303;33.83;1530.39412;07/13/16;16:37:06;22.30;51.42;33.83;-0.064;8.39;-80.9;0.8;-4.6;-1873;117.9;8.43;12.4;
33.4454509804439;-118.485977735477;16:40:06.59;7/13/2016;8;1.974;131.21;12.0453350093692;1.78;151.1;160.04;5.77;23.4;28.6;.01;23.48;23.49;95;80;572.5;16.2;-4.9;D;482.6;12;175.894;2;1.87;195;126.06;-118.48444517;33.4445199;0;0;1;N;5.252482;92;92;11;117;117;157.6534;0;9999.99;23.52;23.65162;2;9;23.9;0;23.8999996185303;33.83;1530.3948;07/13/16;16:37:07;22.30;51.42;33.83;0.163;8.38;-80.9;1.3;-5.0;-1972;117.8;8.42;12.5;
33.4454421651184;-118.485972304984;16:40:07.59;7/13/2016;8;1.894;139.21;12.0453350093692;1.36;155.5;164.38;-4.45;1.95;28.6;.01;23.74;23.74;95;80;572.5;16.2;-4.9;D;482.6;12;174.911;2;1.94;195;125.9;-118.48444517;33.4445199;0;0;1;N;4.729451;43;43;11;87;87;154.9586;0;9999.99;23.74;23.86499;2;9;23.9;0;23.8999996185303;33.84;1530.40573;07/13/16;16:37:08;22.30;51.44;33.84;-0.197;8.38;-80.8;0.4;-0.5;-783;117.9;8.42;12.3;
33.4454328453948;-118.485967347841;16:40:08.59;7/13/2016;8;2.285;151.75;12.0453350093692;1.36;157.3;166.17;-2.46;4.49;28.6;.03;24.54;24.56;95;62;572.4;16.3;-3.8;D;621.1;12;173.931;2;1.91;195;125.71;-118.48444517;33.4445199;0;0;1;N;4.13581;43;43;11;69;69;151.7056;0;9999.99;24.49;24.617;2;9;23.9;0;23.8999996185303;33.86;1530.42867;07/13/16;16:37:09;22.31;51.46;33.86;0.246;8.38;-80.6;1.2;-3.9;-4232;117.9;8.42;12.3;
33.4454247248869;-118.485965388886;16:40:09.61;7/13/2016;7;1.627;151.75;12.0453350093692;1.93;156;164.88;4.21;16.5;28.5;.04;23.27;23.31;95;62;572.4;16.3;-3.8;D;621.1;12;173.258;2;2.05;195;125.5;-118.48444517;33.4445199;0;0;1;N;3.504178;82;82;11;60;60;148.0222;0;9999.99;23.31;23.43923;2;9;23.9;0;23.8999996185303;33.82;1530.38622;07/13/16;16:37:10;22.32;51.41;33.82;0.306;8.39;-81.0;1.1;1.0;-876;117.8;8.41;12.3;
33.4454148123481;-118.485962958536;16:40:10.64;7/13/2016;8;1.91;151.75;12.0453350093692;1.36;152.8;161.71;-6.83;13.3;28.5;.01;23.49;23.50;95;62;572.4;16.3;-3.8;D;621.1;12;172.436;2;2.16;195;125.25;-118.48444517;33.4445199;0;0;1;N;2.717451;43;43;11;56;56;143.13;0;9999.99;23.46;23.59116;2;9;23.9;0;23.8999996185303;33.84;1530.40763;07/13/16;16:37:11;22.32;51.43;33.84;0.007;8.38;-80.8;0.9;-1.2;-4040;117.8;8.41;12.4;
33.4454081745921;-118.485958430256;16:40:11.64;7/13/2016;8;1.946;155.74;12.0453350093692;1.36;147.9;156.9;-2.41;2.43;28.6;.02;24.29;24.31;95;62;572.4;16.3;-3.8;D;621.1;12;171.667;2;2.29;195;125.13;-118.48444517;33.4445199;0;0;1;N;2.331731;43;43;11;62;62;140.6172;0;9999.99;24.23;24.357;2;9;23.9;0;23.8999996185303;33.84;1530.40574;07/13/16;16:37:12;22.33;51.44;33.84;0.305;8.38;-80.7;1.5;-2.0;-1527;117.7;8.41;12.4;
33.4454006574871;-118.485951988125;16:40:12.64;7/13/2016;8;2.225;155.74;12.0453350093692;1.36;145.7;154.75;6.68;13.4;28.5;.01;23.22;23.23;95;61;572.4;16.3;-3.7;D;629.2;12;170.698;2;2.31;195;125.01;-118.48444517;33.4445199;0;0;1;N;1.987224;97;97;11;61;61;138.3184;0;9999.99;23.27;23.39671;2;9;23.9;0;23.8999996185303;33.85;1530.41691;07/13/16;16:37:13;22.33;51.44;33.85;0.364;8.38;-80.7;1.0;-2.6;-1798;117.8;8.41;12.3;
33.4453960495903;-118.485946316679;16:40:13.67;7/13/2016;8;1.403;155.74;12.0453350093692;1.36;139.1;148.36;-2.54;11.7;28.5;.00;22.95;22.95;95;73;572.3;16.2;-4.5;D;526;12;169.973;2;2.2;194;124.97;-118.48444517;33.4445199;0;0;1;N;1.845685;49;49;11;83;83;137.3593;0;9999.99;22.95;23.07871;2;9;23.9;0;23.8999996185303;33.85;1530.41566;07/13/16;16:37:14;22.33;51.44;33.85;-0.180;8.39;-80.9;1.2;-3.1;-1292;117.7;8.41;12.4;
33.4453873478096;-118.485942086463;16:40:14.67;7/13/2016;8;1.846;147.82;12.0453350093692;1.36;141.2;150.39;-7.41;3.62;28.5;.02;23.85;23.87;95;73;572.3;16.2;-4.5;D;526;12;169.098;2;2.19;194;124.78;-118.48444517;33.4445199;0;0;1;N;1.263983;43;43;11;59;59;133.3463;0;9999.99;23.80;23.927;2;9;23.9;0;23.8999996185303;32.65;1529.11037;07/13/16;16:37:15;22.33;49.81;32.65;0.040;8.38;-80.9;1.2;-6.6;-812;117.7;8.47;12.4;
33.4453723492577;-118.4859348786;16:40:15.67;7/13/2016;8;3.506;147.82;12.0453350093692;1.36;141.4;150.58;0.25;8.5;28.5;.07;23.94;24.01;95;73;572.3;16.2;-4.5;D;526;12;167.600;2;2.23;194;124.44;-118.48444517;33.4445199;0;0;1;N;0.2674318;59;59;11;30;30;126.2826;0;.43;23.90;24.457;2;9;23.9;0;23.8999996185303;33.85;1530.41756;07/13/16;16:37:16;22.35;51.45;33.85;0.577;8.38;-80.9;1.8;-1.5;-2827;117.7;8.40;12.4;
33.4453563111714;-118.485930544784;16:40:16.69;7/13/2016;7;3.444;147.82;12.0453350093692;1.78;131.1;140.71;5.42;2.68;28.5;.07;23.35;23.41;95;73;572.3;16.2;-4.5;D;526;12;166.264;2;2.25;194;124.01;-118.48444517;33.4445199;0;0;1;N;0.9958125;90;90;11;33;33;117.2724;0;9999.99;23.40;23.527;2;9;23.9;0;23.8999996185303;33.78;1530.34559;07/13/16;16:37:17;22.33;51.35;33.78;0.549;8.38;-80.7;1.0;-1.6;-647;117.8;8.41;12.4;
33.4453492335945;-118.485926335341;16:40:17.69;7/13/2016;7;1.947;147.82;12.0453350093692;1.36;121.5;131.65;-1.52;23.1;28.5;.01;21.83;21.84;95;71;572.3;16.3;-4.4;D;540.3;12;165.501;2;2.19;194;123.86;-118.48444517;33.4445199;0;0;1;N;1.445553;48;48;11;57;57;114.1255;0;9999.99;21.84;21.96514;2;9;23.9;0;23.8999996185303;33.86;1530.42777;07/13/16;16:37:18;22.31;51.46;33.86;0.050;8.38;-80.9;1.4;-4.0;-119;117.8;8.41;12.4;
33.4453407995484;-118.485917158018;16:40:18.70;7/13/2016;7;2.432;138.31;12.0453350093692;1.36;116.6;127.07;1.2;15.5;28.5;.00;23.36;23.36;95;71;572.3;16.3;-4.4;D;540.3;12;164.272;2;2.2;194;123.76;-118.48444517;33.4445199;0;0;1;N;1.751662;64;64;11;67;67;112.0176;0;9999.99;23.35;23.48054;2;9;23.9;0;23.8999996185303;33.85;1530.416;07/13/16;16:37:19;22.32;51.45;33.85;0.002;8.38;-80.7;1.2;-4.1;-2969;117.8;8.41;12.3;
33.4453344042808;-118.48590847689;16:40:19.70;7/13/2016;7;2.255;138.31;12.0453350093692;1.78;117.4;127.82;1.47;21.7;28.5;.00;22.68;22.68;95;71;572.3;16.3;-4.4;D;540.3;12;163.207;2;2.23;194;123.71;-118.48444517;33.4445199;0;0;1;N;1.879591;65;65;11;60;60;111.1461;0;9999.99;22.72;22.84325;2;9;23.9;0;23.8999996185303;33.85;1530.41544;07/13/16;16:37:20;22.32;51.45;33.85;-0.015;8.38;-80.9;1.1;-5.5;-2393;117.7;8.41;12.2;
33.4453325106185;-118.485900429576;16:40:20.70;7/13/2016;7;2.009;130.12;12.0453350093692;1.36;110.4;121.3;0.34;10.9;28.5;.00;23.10;23.10;95;71;572.3;16.3;-4.4;D;540.3;12;162.469;2;2.19;193;123.79;-118.48444517;33.4445199;0;0;1;N;1.645427;59;59;11;89;89;112.7453;0;9999.99;23.11;23.2379;2;9;23.9;0;23.8999996185303;33.88;1530.44811;07/13/16;16:37:21;22.33;51.48;33.88;-0.063;8.38;-80.8;1.4;-3.9;1618;117.7;8.41;12.3;
33.4453292132139;-118.485894212108;16:40:21.72;7/13/2016;7;2.193;125.76;12.0453350093692;1.36;107.9;118.99;0.66;10.1;28.5;.00;22.55;22.55;95;76;572.2;16.2;-4.7;D;504.7;12;161.786;2;2.19;193;123.8;-118.48444517;33.4445199;0;0;1;N;1.632064;58;58;11;99;99;112.8373;0;9999.99;22.55;22.67486;2;9;23.9;0;23.8999996185303;33.86;1530.42633;07/13/16;16:37:22;22.35;51.46;33.86;-0.080;8.38;-80.8;0.9;-1.5;-1767;117.8;8.41;12.3;
33.4453232495708;-118.48588286263;16:40:22.73;7/13/2016;7;2.222;116.56;12.0453350093692;1.36;111;121.86;-2.71;1.6;28.5;.00;22.80;22.80;95;76;572.2;16.2;-4.7;D;504.7;12;160.542;2;2.2;193;123.81;-118.48444517;33.4445199;0;0;1;N;1.575175;43;43;11;92;92;113.2287;0;9999.99;22.79;22.91622;2;9;23.9;0;23.8999996185303;33.85;1530.41544;07/13/16;16:37:23;22.37;51.44;33.85;-0.077;8.39;-80.9;1.3;-1.0;-886;117.8;8.40;12.3;
33.4453183812867;-118.485873880948;16:40:23.75;7/13/2016;7;2.279;119.3;12.0453350093692;1.36;115;125.58;4.49;12.4;28.6;.00;22.76;22.76;95;76;572.2;16.2;-4.7;D;504.7;12;159.548;2;2.25;193;123.81;-118.48444517;33.4445199;0;0;1;N;1.543338;75;75;11;77;77;113.4486;0;9999.99;22.76;22.887;2;9;23.9;0;23.8999996185303;33.85;1530.41547;07/13/16;16:37:24;22.37;51.45;33.85;0.111;8.38;-80.7;1.2;0.8;-1912;117.9;8.41;12.3;
33.445313270647;-118.485863174172;16:40:24.75;7/13/2016;7;2.326;119.3;12.0453350093692;1.36;109.2;120.19;0;18.2;28.5;.00;21.73;21.74;95;65;572.2;16.3;-4;D;593.2;12;158.406;2;2.14;193;123.84;-118.48444517;33.4445199;0;0;1;N;1.467955;57;57;11;102;102;113.9696;0;9999.99;21.75;21.88157;2;9;23.9;0;23.8999996185303;33.86;1530.42641;07/13/16;16:37:25;22.38;51.46;33.86;-0.139;8.38;-80.7;1.2;-3.8;-555;117.8;8.41;12.4;
33.4453105153626;-118.48585672119;16:40:25.77;7/13/2016;7;1.868;116.34;12.0453350093692;1.36;108.8;119.82;-5.68;0.2;28.5;.02;21.73;21.75;95;65;572.2;16.3;-4;D;593.2;12;157.739;2;2.08;193;123.87;-118.48444517;33.4445199;0;0;1;N;1.38288;43;43;11;110;110;114.5602;0;9999.99;21.75;21.88157;2;9;23.9;0;23.8999996185303;33.68;1530.23149;07/13/16;16:37:26;22.38;51.21;33.68;0.010;8.38;-80.9;54.4;4.9;-1365;117.8;8.41;12.5;
33.4453016132286;-118.485847401559;16:40:26.78;7/13/2016;7;2.452;124.02;12.0453350093692;1.36;117.6;128.01;2.84;16;28.5;.05;21.73;21.78;95;65;572.2;16.3;-4;D;593.2;12;156.469;2;2.22;193;123.75;-118.48444517;33.4445199;0;0;1;N;1.692346;64;64;11;65;65;112.423;0;9999.99;21.75;21.88157;2;9;23.9;0;23.8999996185303;33.41;1529.93837;07/13/16;16:37:27;22.38;50.85;33.41;0.423;8.39;-80.9;1.5;-3.8;-553;117.8;8.42;12.3;
33.4452974763071;-118.485833652912;16:40:27.80;7/13/2016;6;2.456;124.02;12.0453350093692;1.78;110.5;121.4;4.25;14.2;28.5;.03;21.73;21.76;95;65;572.2;16.3;-4;D;593.2;12;155.153;2;2.29;192;123.87;-118.48444517;33.4445199;0;0;1;N;1.368756;83;83;11;100;100;114.6582;0;16.18;21.75;38.05963;2;9;23.9;0;23.8999996185303;33.85;1530.41976;07/13/16;16:37:28;22.37;51.44;33.85;0.286;8.38;-80.6;1.6;-3.6;-796;117.8;8.41;12.3;
33.4452963607413;-118.485820582879;16:40:28.80;7/13/2016;7;2.281;124.02;12.0453350093692;1.36;108.5;119.54;-2.02;4.34;28.5;.00;21.93;21.93;95;69;572.1;16.3;-4.2;D;559.4;12;154.078;2;2.32;192;124.08;-118.48444517;33.4445199;0;0;1;N;0.7909375;43;43;11;127;127;118.7208;0;9999.99;21.91;22.037;2;9;23.9;0;23.8999996185303;33.85;1530.41734;07/13/16;16:37:29;22.38;51.44;33.85;-0.170;8.39;-81.0;1.7;-1.1;-1364;117.8;8.40;12.3;
33.4452918241315;-118.48581474599;16:40:29.80;7/13/2016;7;1.864;124.02;12.0453350093692;1.36;113.6;124.28;-0.19;17.3;28.5;.01;17.34;17.35;95;69;572.1;16.3;-4.2;D;559.4;12;153.347;2;2.26;192;124.04;-118.48444517;33.4445199;0;0;1;N;0.8889158;54;54;11;103;103;118.0266;0;9999.99;17.33;17.45698;2;9;23.9;0;23.8999996185303;33.84;1530.40469;07/13/16;16:37:30;22.38;51.44;33.84;0.051;8.38;-80.9;1.3;-6.1;-2864;117.7;8.40;12.5;
33.4452825051575;-118.485803789826;16:40:30.80;7/13/2016;7;2.38;125.13;12.0453350093692;1.36;112.1;122.88;4.97;16.7;28.5;.01;21.61;21.62;95;69;572.1;16.3;-4.2;D;559.4;12;151.925;2;2.21;192;123.93;-118.48444517;33.4445199;0;0;1;N;1.175171;87;87;11;100;100;116.0102;0;21.77;21.62;43.51368;2;9;23.9;0;23.8999996185303;33.84;1530.40557;07/13/16;16:37:31;22.38;51.43;33.84;0.215;8.38;-80.8;1.9;-4.9;-1787;117.7;8.40;12.3;
33.4452856747058;-118.485790435177;16:40:31.80;7/13/2016;7;2.195;120.51;12.0453350093692;1.36;113;123.72;-2.03;8.3;28.5;.00;21.58;21.58;95;69;572.1;16.2;-4.2;D;558.7;12;151.097;2;2.2;191;124.3;-118.48444517;33.4445199;0;0;1;N;0.1846076;45;45;11;124;124;123.0449;0;12.54;21.57;34.23391;2;9;23.9;0;23.8999996185303;33.85;1530.41636;07/13/16;16:37:32;22.38;51.44;33.85;-0.140;8.38;-80.6;0.9;-0.8;-2590;117.7;8.40;12.4;
33.4452780992872;-118.485778348391;16:40:32.80;7/13/2016;7;2.166;129.23;12.0453350093692;1.36;113.3;124;-4.44;15.1;28.5;.02;22.38;22.40;95;69;572.1;16.2;-4.2;D;558.7;12;149.696;2;2.2;191;124.28;-118.48444517;33.4445199;0;0;1;N;0.2440822;43;43;11;121;121;122.6191;0;15.96;22.36;38.447;2;9;23.9;0;23.8999996185303;33.06;1529.5562;07/13/16;16:37:33;22.38;50.37;33.06;0.046;8.39;-81.0;2.0;-4.4;-2300;117.7;8.44;12.4;
33.445270483088;-118.485767535633;16:40:33.80;7/13/2016;7;2.032;128.94;12.0453350093692;1.36;117;127.45;3.52;18.4;28.5;.04;21.55;21.59;95;69;572.1;16.2;-4.2;D;558.7;12;148.390;2;2.2;191;124.22;-118.48444517;33.4445199;0;0;1;N;0.3704362;78;78;11;104;104;121.7154;0;21.52;21.52;43.17103;2;9;23.9;0;23.8999996185303;33.8;1530.3623;07/13/16;16:37:34;22.38;51.38;33.80;0.365;8.38;-80.8;1.6;-3.9;-614;117.7;8.40;12.4;
33.4452633644367;-118.485760878214;16:40:34.81;7/13/2016;5;1.764;128.94;12.0453350093692;1.7;120.5;130.72;2.26;18.4;28.5;.02;21.03;21.05;95;69;572.1;16.2;-4.2;D;558.7;12;147.434;2;2.24;191;124.11;-118.48444517;33.4445199;0;0;1;N;0.6646953;71;71;11;83;83;119.617;0;21.18;21.09;42.39248;2;9;23.9;0;23.8999996185303;33.83;1530.39572;07/13/16;16:37:35;22.38;51.42;33.83;0.236;8.38;-80.8;1.4;2.0;1338;117.7;8.40;12.4;
33.4452456389345;-118.485738167833;16:40:35.81;7/13/2016;7;2.329;128.94;12.0453350093692;1.36;116.9;127.35;-0.28;1.42;28.5;.00;22.30;22.30;95;67;572.0;16.3;-4.1;D;576.8;12;144.585;2;2.2;191;123.93;-118.48444517;33.4445199;0;0;1;N;1.107521;50;50;11;76;76;116.4846;0;9999.99;22.28;22.407;2;9;23.9;0;23.8999996185303;33.85;1530.41563;07/13/16;16:37:36;22.37;51.45;33.85;-0.074;8.38;-80.6;1.0;-5.6;139;117.7;8.40;12.4;
33.4452379758932;-118.485725510941;16:40:36.84;7/13/2016;7;2.311;132.21;12.0453350093692;1.36;118.5;128.85;2.42;15.4;28.5;.00;21.53;21.53;95;67;572.0;16.3;-4.1;D;576.8;12;143.135;2;2.15;190;123.91;-118.48444517;33.4445199;0;0;1;N;1.152362;72;72;11;76;76;116.1697;0;9999.99;21.54;21.667;2;9;23.9;0;23.8999996185303;33.85;1530.41545;07/13/16;16:37:38;22.38;51.45;33.85;-0.182;8.38;-80.8;2.1;-5.9;-2870;117.6;8.39;12.3;
33.4452403588639;-118.485729358004;16:40:37.86;7/13/2016;7;2.136;129.24;12.0453350093692;1.36;118.2;128.57;-1.7;6.85;28.5;.00;21.59;21.59;95;67;572.0;16.3;-4.1;D;576.8;12;143.579;2;2.15;190;123.91;-118.48444517;33.4445199;0;0;1;N;1.131486;47;47;11;78;78;116.3162;0;9999.99;21.60;21.72206;2;9;23.9;0;23.8999996185303;33.85;1530.41545;07/13/16;16:37:38;22.38;51.45;33.85;-0.182;8.38;-80.8;2.1;-5.9;-2870;117.6;8.39;12.3;
33.4452374779011;-118.485719860403;16:40:38.86;7/13/2016;7;2.174;130.77;12.0453350093692;1.36;117.2;127.63;-2.44;9.9;28.5;.01;21.35;21.36;95;63;571.9;16.3;-3.8;D;614;12;142.669;2;2.15;190;124.01;-118.48444517;33.4445199;0;0;1;N;0.9004134;43;43;11;88;88;117.9446;0;9999.99;21.33;21.457;2;9;23.9;0;23.8999996185303;33.83;1530.39438;07/13/16;16:37:40;22.39;51.42;33.83;0.216;8.38;-80.5;1.6;-6.6;-3751;117.6;8.39;12.3;
33.4452297464497;-118.485708790291;16:40:39.88;7/13/2016;7;2.634;132.37;12.0453350093692;1.36;117.5;127.91;1.48;13.6;28.5;.03;20.81;20.84;95;63;571.9;16.3;-3.8;D;614;12;141.337;2;2.19;190;123.95;-118.48444517;33.4445199;0;0;1;N;1.031307;66;66;11;83;83;117.0206;0;9999.99;20.79;20.91945;2;9;23.9;0;23.8999996185303;33.83;1530.39438;07/13/16;16:37:40;22.39;51.42;33.83;0.216;8.38;-80.5;1.6;-6.6;-3751;117.6;8.39;12.3;
33.4452222547257;-118.48569955229;16:40:40.89;7/13/2016;7;2.424;130.28;12.0453350093692;1.78;124.6;134.57;2.05;19.1;28.4;.01;16.51;16.52;95;63;571.9;16.3;-3.8;D;614;12;140.161;2;2.29;190;123.86;-118.48444517;33.4445199;0;0;1;N;1.217047;69;69;11;52;52;115.7161;0;9999.99;16.56;16.68661;2;9;23.9;0;23.8999996185303;33.81;1530.37255;07/13/16;16:37:42;22.39;51.39;33.81;-0.187;8.38;-80.8;1.4;6.8;33467;117.6;8.39;12.4;
33.4452154149581;-118.485691191451;16:40:41.91;7/13/2016;7;1.985;122.91;12.0453350093692;1.36;111.2;122.05;-5.95;-0.57;28.5;.00;20.77;20.77;95;63;571.9;16.3;-3.8;D;614;12;139.093;2;2.2;190;123.78;-118.48444517;33.4445199;0;0;1;N;1.436577;43;43;11;96;96;114.186;0;9999.99;20.75;20.87607;2;9;23.9;0;23.8999996185303;33.81;1530.37255;07/13/16;16:37:42;22.39;51.39;33.81;-0.187;8.38;-80.8;1.4;6.8;33467;117.6;8.39;12.4;
33.4452103829848;-118.485681812826;16:40:42.92;7/13/2016;7;2.171;132.44;12.0453350093692;1.36;114.6;125.21;-4.09;10.9;28.5;.03;20.90;20.92;95;62;571.9;16.3;-3.8;D;621.4;12;138.059;2;2.07;190;123.79;-118.48444517;33.4445199;0;0;1;N;1.399631;43;43;11;84;84;114.4424;0;47.11;20.84;68.077;2;9;23.9;0;23.8999996185303;33.82;1530.38465;07/13/16;16:37:44;22.38;51.41;33.82;0.485;8.38;-80.6;1.9;-2.9;-1409;117.6;8.39;12.3;
33.4452019963753;-118.485674160346;16:40:43.92;7/13/2016;6;2.164;132.44;12.0453350093692;1.49;117.4;127.82;1.29;14.5;28.4;.05;20.90;20.95;95;62;571.9;16.3;-3.8;D;621.4;12;136.951;2;2.18;190;123.63;-118.48444517;33.4445199;0;0;1;N;1.759907;65;65;11;64;64;111.9594;0;20.71;20.84;41.67281;2;9;23.9;0;23.8999996185303;33.82;1530.38465;07/13/16;16:37:44;22.38;51.41;33.82;0.485;8.38;-80.6;1.9;-2.9;-1409;117.6;8.39;12.3;
33.4451976325051;-118.485672670442;16:40:44.92;7/13/2016;6;1.278;132.44;12.0453350093692;1.94;110;120.93;0.82;13.6;28.4;.05;15.80;15.85;95;62;571.9;16.3;-3.8;D;621.4;12;136.567;2;2.23;189;123.49;-118.48444517;33.4445199;0;0;1;N;2.095463;62;62;11;77;77;109.6884;0;20.87;15.82;36.82132;2;9;23.9;0;23.8999996185303;33.82;1530.38729;07/13/16;16:37:45;22.37;51.41;33.82;0.325;8.38;-80.7;1.5;-2.9;-2942;117.6;8.39;12.5;
33.4451862765443;-118.48565982091;16:40:45.95;7/13/2016;7;2.469;132.44;12.0453350093692;1.36;107.2;118.34;1.79;14.2;28.4;.01;15.80;15.82;95;66;571.8;16.3;-4;D;584.4;12;134.877;2;2.15;189;123.32;-118.48444517;33.4445199;0;0;1;N;2.475515;68;68;11;82;82;107.1722;0;20.54;15.82;36.48347;2;9;23.9;0;23.8999996185303;33.85;1530.41697;07/13/16;16:37:47;22.36;51.45;33.85;-0.116;8.38;-80.5;0.1;-6.1;-2184;117.5;8.38;12.4;
33.4451784370645;-118.485647795218;16:40:46.95;7/13/2016;7;2.609;128.61;12.0453350093692;1.36;107.9;118.99;0.19;11.1;28.4;.00;19.59;19.59;95;66;571.8;16.3;-4;D;584.4;12;133.466;2;2.18;189;123.27;-118.48444517;33.4445199;0;0;1;N;2.561557;58;58;11;78;78;106.6114;0;9999.99;19.60;19.727;2;9;23.9;0;23.8999996185303;33.85;1530.41697;07/13/16;16:37:47;22.36;51.45;33.85;-0.116;8.38;-80.5;0.1;-6.1;-2184;117.5;8.38;12.4;
33.4451762665979;-118.485636661743;16:40:47.97;7/13/2016;7;2.042;123.29;12.0453350093692;1.36;102.9;114.36;-2.23;10.1;28.4;.01;20.45;20.45;95;66;571.8;16.3;-4;D;584.4;12;132.470;2;2.19;189;123.43;-118.48444517;33.4445199;0;0;1;N;2.186213;43;43;11;104;104;109.0818;0;52.59;20.45;73.16489;2;9;23.9;0;23.8999996185303;33.87;1530.43764;07/13/16;16:37:49;22.39;51.48;33.87;0.231;8.38;-80.6;1.9;-1.7;-1511;117.4;8.37;12.4;
33.4451748945348;-118.485627038369;16:40:49.00;7/13/2016;7;1.849;115.25;12.0453350093692;1.36;107.8;118.89;5.01;17.5;28.4;.01;22.54;22.55;95;66;571.8;16.3;-4;D;584.4;12;131.641;2;2.18;189;123.59;-118.48444517;33.4445199;0;0;1;N;1.798846;87;87;11;98;98;111.6936;0;20.32;22.54;42.98883;2;9;23.9;0;23.8999996185303;33.87;1530.43764;07/13/16;16:37:49;22.39;51.48;33.87;0.231;8.38;-80.6;1.9;-1.7;-1511;117.4;8.37;12.4;
33.4451695934274;-118.485615972383;16:40:50.02;7/13/2016;7;2.293;115.23;12.0453350093692;1.36;104;115.37;-1.14;13.9;28.4;.00;22.54;22.55;95;63;571.8;16.3;-3.9;D;609.4;12;130.460;2;2.22;189;123.62;-118.48444517;33.4445199;0;0;1;N;1.718656;54;54;11;115;115;112.2412;0;4.90;22.54;27.56851;2;9;23.9;0;23.8999996185303;33.82;1530.38319;07/13/16;16:37:50;22.41;51.41;33.82;0.078;8.38;-80.5;1.1;-0.2;-2698;117.4;8.37;12.5;
33.4451646446592;-118.485603138749;16:40:51.03;7/13/2016;7;2.229;110.98;12.0453350093692;1.36;107.3;118.43;-1.1;11.1;28.4;.00;22.54;22.55;95;63;571.8;16.3;-3.9;D;609.4;12;129.164;2;2.26;189;123.71;-118.48444517;33.4445199;0;0;1;N;1.490558;50;50;11;109;109;113.8114;0;9999.99;22.54;22.66472;2;9;23.9;0;23.8999996185303;33.86;1530.42634;07/13/16;16:37:52;22.41;51.46;33.86;0.066;8.38;-80.5;1.3;-3.5;-1271;117.4;8.37;12.3;
33.4451582141813;-118.485593720766;16:40:52.05;7/13/2016;7;2.141;115.24;12.0453350093692;1.36;107.2;118.34;4.79;15.6;28.4;.00;19.80;19.80;95;63;571.8;16.3;-3.9;D;609.4;12;128.040;2;2.18;189;123.66;-118.48444517;33.4445199;0;0;1;N;1.590667;86;86;11;106;106;113.1201;0;9999.99;19.80;19.92613;2;9;23.9;0;23.8999996185303;33.86;1530.42634;07/13/16;16:37:52;22.41;51.46;33.86;0.066;8.38;-80.5;1.3;-3.5;-1271;117.4;8.37;12.3;
33.4451546585776;-118.485584415063;16:40:53.05;7/13/2016;7;2.306;119.12;12.0453350093692;1.36;107.3;118.43;-3.59;8.5;28.4;.00;19.52;19.53;95;63;571.7;16.3;-3.8;D;613.6;12;127.102;2;2.1;189;123.73;-118.48444517;33.4445199;0;0;1;N;1.428075;43;43;11;110;110;114.2443;0;9999.99;19.56;19.68237;2;9;23.9;0;23.8999996185303;33.68;1530.23041;07/13/16;16:37:54;22.43;51.21;33.68;-0.011;8.38;-80.9;2.3;47.7;-3485;117.4;8.38;12.4;
33.445147895545;-118.485574996472;16:40:54.05;7/13/2016;7;2.23;114.08;12.0453350093692;1.36;108.2;119.26;-5.53;5.92;28.4;.03;20.22;20.24;95;63;571.7;16.3;-3.8;D;613.6;12;125.958;2;2.11;188;123.67;-118.48444517;33.4445199;0;0;1;N;1.552075;43;43;11;105;105;113.3861;0;9999.99;20.18;20.307;2;9;23.9;0;23.8999996185303;33.68;1530.23041;07/13/16;16:37:54;22.43;51.21;33.68;-0.011;8.38;-80.9;2.3;47.7;-3485;117.4;8.38;12.4;
33.445141360704;-118.485564971446;16:40:55.05;7/13/2016;8;2.38;116.98;12.0453350093692;1.36;113.3;124;1.89;12.3;28.5;.07;19.67;19.74;95;63;571.7;16.3;-3.8;D;613.6;12;124.781;2;2.16;188;123.63;-118.48444517;33.4445199;0;0;1;N;1.615094;68;68;11;83;83;112.9517;0;9999.99;19.63;19.757;2;9;23.9;0;23.8999996185303;33.74;1530.3012;07/13/16;16:37:56;22.42;51.30;33.74;0.545;8.38;-80.6;1.2;-6.7;-2044;117.3;8.37;12.3;
33.4451386429674;-118.4855510401;16:40:56.05;7/13/2016;7;2.5;116.98;12.0453350093692;2.34;109.3;120.28;2.87;12.7;28.4;.07;19.19;19.26;95;63;571.7;16.3;-3.8;D;613.6;12;123.538;2;2.16;188;123.84;-118.48444517;33.4445199;0;0;1;N;1.141011;74;74;11;111;111;116.2483;0;19.34;19.22;38.68409;2;9;23.9;0;23.8999996185303;33.74;1530.3012;07/13/16;16:37:56;22.42;51.30;33.74;0.545;8.38;-80.6;1.2;-6.7;-2044;117.3;8.37;12.3;
33.4451379415801;-118.485540564917;16:40:57.05;7/13/2016;6;1.934;116.98;12.0453350093692;1.78;110.1;121.03;0.6;21.7;28.4;.01;19.03;19.04;95;61;571.7;16.3;-3.7;D;626.8;12;122.689;2;2.11;188;124.07;-118.48444517;33.4445199;0;0;1;N;0.6610636;67;67;11;127;127;119.6415;0;19.44;19.05;38.62597;2;9;23.9;0;23.8999996185303;33.85;1530.41727;07/13/16;16:37:58;22.36;51.45;33.85;-0.177;8.38;-80.5;1.2;-2.0;-1326;117.2;8.37;12.4;
33.4451295397662;-118.485529287039;16:40:58.05;7/13/2016;7;2.514;116.98;12.0453350093692;1.36;111.5;122.33;-1.98;10.6;28.4;.00;18.97;18.97;95;61;571.7;16.3;-3.7;D;626.8;12;121.299;2;2.19;188;123.98;-118.48444517;33.4445199;0;0;1;N;0.831266;43;43;11;109;109;118.4331;0;9999.99;18.96;19.09056;2;9;23.9;0;23.8999996185303;33.85;1530.41727;07/13/16;16:37:58;22.36;51.45;33.85;-0.177;8.38;-80.5;1.2;-2.0;-1326;117.2;8.37;12.4;
33.4451187416229;-118.485515450641;16:40:59.05;7/13/2016;7;2.981;127.17;12.0453350093692;1.36;114.6;125.21;0.54;13.9;28.4;.00;19.88;19.88;95;61;571.7;16.3;-3.7;D;626.8;12;119.563;2;2.14;188;123.84;-118.48444517;33.4445199;0;0;1;N;1.094697;60;60;11;92;92;116.5735;0;9999.99;19.86;19.987;2;9;23.9;0;23.8999996185303;33.85;1530.41566;07/13/16;16:38:00;22.38;51.45;33.85;0.159;8.38;-80.6;1.8;-2.5;-3051;117.1;8.35;12.3;
33.4451112907364;-118.485504024094;16:41:00.05;7/13/2016;7;2.138;127.17;12.0453350093692;1.36;113.2;123.91;2.2;15.2;28.4;.00;18.77;18.77;95;63;571.6;16.3;-3.8;D;615.4;12;118.222;2;2.14;188;123.8;-118.48444517;33.4445199;0;0;1;N;1.181474;70;70;11;95;95;115.9643;0;9999.99;18.78;18.90753;2;9;23.9;0;23.8999996185303;33.85;1530.41566;07/13/16;16:38:00;22.38;51.45;33.85;0.159;8.38;-80.6;1.8;-2.5;-3051;117.1;8.35;12.3;
33.44510740865;-118.485497111278;16:41:01.05;7/13/2016;7;2.059;126.81;12.0453350093692;1.36;114.3;124.93;-1;11.1;28.3;.00;18.97;18.97;95;63;571.6;16.3;-3.8;D;615.4;12;117.448;2;2.19;188;123.8;-118.48444517;33.4445199;0;0;1;N;1.17474;54;54;11;93;93;116.0115;0;9999.99;18.99;19.12184;2;9;23.9;0;23.8999996185303;33.82;1530.38284;07/13/16;16:38:02;22.37;51.41;33.82;-0.189;8.37;-80.3;0.8;-2.8;-1859;117.1;8.36;12.3;
33.4451046821363;-118.485490298914;16:41:02.05;7/13/2016;7;1.963;119.83;12.0453350093692;1.36;107.2;118.34;-1.46;6.35;28.3;.00;19.30;19.31;95;63;571.6;16.3;-3.8;D;615.4;12;116.754;2;2.13;188;123.84;-118.48444517;33.4445199;0;0;1;N;1.078252;47;47;11;118;118;116.689;0;9999.99;19.29;19.417;2;9;23.9;0;23.8999996185303;33.82;1530.38284;07/13/16;16:38:02;22.37;51.41;33.82;-0.189;8.37;-80.3;0.8;-2.8;-1859;117.1;8.36;12.3;
33.4450964930246;-118.48547821715;16:41:03.05;7/13/2016;7;2.516;126.54;12.0453350093692;1.36;111.3;122.14;2.33;17.4;28.3;.01;19.06;19.07;95;63;571.6;16.3;-3.8;D;615.4;12;115.316;2;2.12;188;123.78;-118.48444517;33.4445199;0;0;1;N;1.194368;71;71;11;102;102;115.8739;0;9999.99;19.05;19.177;2;9;23.9;0;23.8999996185303;33.84;1530.40554;07/13/16;16:38:04;22.36;51.43;33.84;0.114;8.38;-80.5;0.9;-1.5;-789;117.0;8.35;12.3;
33.4450875389625;-118.48546634549;16:41:04.05;7/13/2016;8;2.381;125.1;12.0453350093692;1.78;116.9;127.35;-0.2;13.7;28.3;.00;18.45;18.45;95;63;571.6;16.3;-3.9;D;607.9;12;113.847;2;2.24;188;123.67;-118.48444517;33.4445199;0;0;1;N;1.379508;56;56;11;76;76;114.5815;0;9999.99;18.47;18.60128;2;9;23.9;0;23.8999996185303;33.84;1530.40554;07/13/16;16:38:04;22.36;51.43;33.84;0.114;8.38;-80.5;0.9;-1.5;-789;117.0;8.35;12.3;
33.4450836836399;-118.485458073876;16:41:05.06;7/13/2016;7;2.287;123.47;12.0453350093692;1.36;114.2;124.84;2.25;10;28.3;.00;18.66;18.66;95;63;571.6;16.3;-3.9;D;607.9;12;112.971;2;2.25;187;123.71;-118.48444517;33.4445199;0;0;1;N;1.305956;67;67;11;86;86;115.0937;0;9999.99;18.65;18.78057;2;9;23.9;0;23.8999996185303;33.85;1530.41546;07/13/16;16:38:06;22.37;51.44;33.85;-0.066;8.38;-80.7;1.5;-3.1;-2158;116.8;8.34;12.5;
33.4450781972801;-118.485449683527;16:41:06.08;7/13/2016;7;1.909;123.57;12.0453350093692;1.36;112;122.79;-0.17;8.9;28.4;.00;18.33;18.33;95;63;571.6;16.3;-3.9;D;607.9;12;111.985;2;2.16;187;123.67;-118.48444517;33.4445199;0;0;1;N;1.38151;59;59;11;96;96;114.5675;0;9999.99;18.35;18.47547;2;9;23.9;0;23.8999996185303;33.85;1530.41546;07/13/16;16:38:06;22.37;51.44;33.85;-0.066;8.38;-80.7;1.5;-3.1;-2158;116.8;8.34;12.5;
33.445072870377;-118.485439939162;16:41:07.08;7/13/2016;7;2.055;122.57;12.0453350093692;1.36;112.2;122.98;0.19;5.85;28.4;.00;18.72;18.72;95;63;571.6;16.3;-3.9;D;607.9;12;110.904;2;2.09;187;123.67;-118.48444517;33.4445199;0;0;1;N;1.357212;58;58;11;94;94;114.7365;0;9999.99;18.71;18.837;2;9;23.9;0;23.8999996185303;33.85;1530.41549;07/13/16;16:38:08;22.38;51.44;33.85;0.014;8.38;-80.6;1.5;-1.8;-3673;116.8;8.33;12.3;
33.4450650260312;-118.485429387453;16:41:08.09;7/13/2016;7;2.125;124.73;12.0453350093692;1.36;113.3;124;0.87;13.3;28.4;.00;18.36;18.36;95;54;571.5;16.3;-3.3;D;716.5;12;109.606;2;2.13;187;123.58;-118.48444517;33.4445199;0;0;1;N;1.519208;62;62;11;85;85;113.6126;0;9999.99;18.37;18.497;2;9;23.9;0;23.8999996185303;33.83;1530.3938;07/13/16;16:38:09;22.36;51.41;33.83;-0.150;8.38;-80.4;0.9;-5.1;-2595;116.7;8.33;12.4;
33.4450607469482;-118.485419560623;16:41:09.09;7/13/2016;7;2.115;120;12.0453350093692;1.36;115.3;125.86;-1.73;7.13;28.4;.00;18.08;18.08;95;54;571.5;16.3;-3.3;D;716.5;12;108.583;2;2.12;187;123.63;-118.48444517;33.4445199;0;0;1;N;1.394019;47;47;11;81;81;114.4804;0;9999.99;18.08;18.20905;2;9;23.9;0;23.8999996185303;33.83;1530.3938;07/13/16;16:38:09;22.36;51.41;33.83;-0.150;8.38;-80.4;0.9;-5.1;-2595;116.7;8.33;12.4;
33.445056936413;-118.485408995521;16:41:10.09;7/13/2016;7;2.314;121.2;12.0453350093692;1.36;116;126.51;1.58;12.1;28.3;.00;18.18;18.19;95;54;571.5;16.3;-3.3;D;716.5;12;107.532;2;2.14;187;123.73;-118.48444517;33.4445199;0;0;1;N;1.188923;66;66;11;85;85;115.9118;0;9999.99;18.17;18.297;2;9;23.9;0;23.8999996185303;33.82;1530.38302;07/13/16;16:38:11;22.35;51.40;33.82;-0.026;8.37;-80.0;0.9;-3.3;215;116.6;8.32;12.4;
33.4450511670745;-118.485400220064;16:41:11.11;7/13/2016;7;2.116;127.9;12.0453350093692;1.36;115.3;125.86;1.63;11.8;28.3;.00;17.62;17.62;95;57;571.4;16.3;-3.5;D;675.3;12;106.499;2;2.15;187;123.69;-118.48444517;33.4445199;0;0;1;N;1.260682;66;66;11;86;86;115.4097;0;9999.99;17.64;17.76358;2;9;23.9;0;23.8999996185303;33.82;1530.38302;07/13/16;16:38:11;22.35;51.40;33.82;-0.026;8.37;-80.0;0.9;-3.3;215;116.6;8.32;12.4;
33.445046631341;-118.485391985682;16:41:12.13;7/13/2016;7;1.924;124.26;12.0453350093692;1.36;114.3;124.93;0.41;12.6;28.4;.00;17.75;17.75;95;57;571.4;16.3;-3.5;D;675.3;12;105.584;2;2.13;187;123.69;-118.48444517;33.4445199;0;0;1;N;1.249845;59;59;11;89;89;115.4854;0;9999.99;17.77;17.89604;2;9;23.9;0;23.8999996185303;33.85;1530.41547;07/13/16;16:38:13;22.33;51.44;33.85;-0.093;8.38;-80.4;0.8;-2.3;-2530;116.5;8.32;12.4;
33.4450423376465;-118.485381751815;16:41:13.13;7/13/2016;7;2.01;123.02;12.0453350093692;1.36;114.2;124.84;-1.04;8.6;28.4;.00;17.45;17.45;95;57;571.4;16.3;-3.5;D;675.3;12;104.529;2;2.06;187;123.76;-118.48444517;33.4445199;0;0;1;N;1.107311;51;51;11;94;94;116.4845;0;9999.99;17.45;17.57354;2;9;23.9;0;23.8999996185303;33.85;1530.41547;07/13/16;16:38:13;22.33;51.44;33.85;-0.093;8.38;-80.4;0.8;-2.3;-2530;116.5;8.32;12.4;
33.4450350166004;-118.485373665731;16:41:14.14;7/13/2016;7;2.263;127.74;12.0453350093692;1.36;119.1;129.41;1.34;12.9;28.4;.00;17.71;17.71;95;57;571.4;16.3;-3.5;D;675.3;12;103.453;2;2.09;187;123.62;-118.48444517;33.4445199;0;0;1;N;1.343522;68;68;11;70;70;114.8317;0;9999.99;17.70;17.827;2;9;23.8;0;23.7999992370605;33.86;1530.17808;07/13/16;16:38:15;22.35;51.46;33.86;-0.151;8.37;-80.2;0.5;-2.7;-2745;116.4;8.31;12.4;
33.4450291587902;-118.485364145581;16:41:15.16;7/13/2016;7;2.183;124.83;12.0453350093692;1.36;115.7;126.23;-1.07;6.16;28.3;.00;17.20;17.20;95;55;571.4;16.3;-3.4;D;696.8;12;102.357;2;2.13;187;123.59;-118.48444517;33.4445199;0;0;1;N;1.383931;51;51;11;74;74;114.5505;0;9999.99;17.21;17.33658;2;9;23.8;0;23.7999992370605;33.86;1530.17786;07/13/16;16:38:16;22.36;51.46;33.86;-0.005;8.38;-80.5;0.4;-1.3;118;116.4;8.30;12.3;
33.4450221235021;-118.485354052918;16:41:16.16;7/13/2016;7;2;128.84;12.0453350093692;1.36;117.5;127.91;0.62;11.1;28.3;.00;17.54;17.54;95;55;571.4;16.3;-3.4;D;696.8;12;101.144;2;2.11;187;123.51;-118.48444517;33.4445199;0;0;1;N;1.503695;61;61;11;70;70;113.7198;0;9999.99;17.53;17.657;2;9;23.8;0;23.7999992370605;33.86;1530.17786;07/13/16;16:38:16;22.36;51.46;33.86;-0.005;8.38;-80.5;0.4;-1.3;118;116.4;8.30;12.3;
33.4450159343835;-118.485344980431;16:41:17.16;7/13/2016;7;2.131;125.56;12.0453350093692;1.36;115.3;125.86;-0.83;5.84;28.3;.00;17.05;17.05;95;55;571.4;16.3;-3.4;D;696.8;12;100.062;2;2.11;187;123.45;-118.48444517;33.4445199;0;0;1;N;1.598129;55;55;11;73;73;113.068;0;9999.99;17.06;17.18933;2;9;23.8;0;23.7999992370605;33.83;1530.14508;07/13/16;16:38:18;22.36;51.42;33.83;-0.107;8.37;-80.2;0.9;-5.9;-2857;116.3;8.30;12.4;
33.4450104211495;-118.485335528177;16:41:18.16;7/13/2016;7;2.023;127.9;12.0453350093692;1.36;116.4;126.89;0.1;8;28.3;.00;17.08;17.08;95;59;571.3;16.3;-3.6;D;652.7;12;98.993;2;2.11;187;123.43;-118.48444517;33.4445199;0;0;1;N;1.610827;58;58;11;71;71;112.9806;0;9999.99;17.07;17.197;2;9;23.8;0;23.7999992370605;33.83;1530.14539;07/13/16;16:38:19;22.35;51.41;33.83;0.089;8.37;-80.3;1.4;-2.4;-1733;116.3;8.30;12.5;
33.4450039213414;-118.485326050524;16:41:19.16;7/13/2016;7;2.163;126.59;12.0453350093692;1.36;115.2;125.77;1.48;12.3;28.3;.01;16.96;16.96;95;59;571.3;16.3;-3.6;D;652.7;12;97.861;2;2.14;186;123.37;-118.48444517;33.4445199;0;0;1;N;1.712632;66;66;11;73;73;112.2816;0;9999.99;16.96;17.087;2;9;23.8;0;23.7999992370605;33.83;1530.14539;07/13/16;16:38:19;22.35;51.41;33.83;0.089;8.37;-80.3;1.4;-2.4;-1733;116.3;8.30;12.5;
33.4449990499364;-118.485317684253;16:41:20.17;7/13/2016;7;2.084;127.75;12.0453350093692;1.36;111.4;122.23;-2.36;11.2;28.3;.01;16.53;16.54;95;59;571.3;16.3;-3.6;D;652.7;12;96.914;2;2.1;186;123.35;-118.48444517;33.4445199;0;0;1;N;1.732389;43;43;11;88;88;112.1464;0;9999.99;16.54;16.66647;2;9;23.8;0;23.7999992370605;33.85;1530.16755;07/13/16;16:38:21;22.33;51.44;33.85;0.033;8.37;-80.1;0.9;-4.8;-3076;116.2;8.30;12.3;
33.444993361099;-118.485308132554;16:41:21.17;7/13/2016;7;2.171;126.28;12.0453350093692;1.36;114.3;124.93;0.06;11.5;28.3;.01;16.57;16.58;95;59;571.3;16.3;-3.6;D;652.7;12;95.826;2;2.1;186;123.33;-118.48444517;33.4445199;0;0;1;N;1.746812;57;57;11;75;75;112.0477;0;9999.99;16.54;16.67148;2;9;23.8;0;23.7999992370605;33.85;1530.16755;07/13/16;16:38:21;22.33;51.44;33.85;0.033;8.37;-80.1;0.9;-4.8;-3076;116.2;8.30;12.3;
33.4449876059107;-118.485299667532;16:41:22.17;7/13/2016;7;2.097;127.15;12.0453350093692;1.36;112.6;123.35;0.28;14;28.3;.01;16.33;16.34;95;54;571.3;16.3;-3.3;D;707.9;12;94.819;2;2.12;186;123.26;-118.48444517;33.4445199;0;0;1;N;1.832357;59;59;11;79;79;111.4643;0;9999.99;16.34;16.46234;2;9;23.8;0;23.7999992370605;33.84;1530.15711;07/13/16;16:38:23;22.33;51.43;33.84;-0.041;8.37;-79.9;1.0;0.1;-950;116.1;8.29;12.4;
33.444983073763;-118.485289913917;16:41:23.17;7/13/2016;7;1.983;124.57;12.0453350093692;1.36;109.7;120.66;0.17;5.65;28.3;.00;16.26;16.26;95;54;571.3;16.3;-3.3;D;707.9;12;93.785;2;2.09;186;123.31;-118.48444517;33.4445199;0;0;1;N;1.743924;58;58;11;93;93;112.0675;0;9999.99;16.26;16.38896;2;9;23.8;0;23.7999992370605;33.84;1530.15711;07/13/16;16:38:23;22.33;51.43;33.84;-0.041;8.37;-79.9;1.0;0.1;-950;116.1;8.29;12.4;
33.4449796213486;-118.485282874533;16:41:24.17;7/13/2016;7;2.052;126.68;12.0453350093692;1.36;111.8;122.6;-0.26;10.7;28.4;.00;16.38;16.39;95;54;571.3;16.3;-3.3;D;707.9;12;93.029;2;2.09;186;123.33;-118.48444517;33.4445199;0;0;1;N;1.683998;61;61;11;85;85;112.4778;0;9999.99;16.39;16.517;2;9;23.8;0;23.7999992370605;33.84;1530.15603;07/13/16;16:38:24;22.32;51.44;33.84;-0.005;8.37;-80.0;1.0;-2.7;395;116.0;8.29;12.2;
33.4449748765707;-118.485272523085;16:41:25.17;7/13/2016;7;2.055;123.36;12.0453350093692;1.36;111.3;122.14;-2.86;6.03;28.3;.01;16.02;16.03;95;57;571.2;16.3;-3.5;D;676;12;91.936;2;2.12;186;123.39;-118.48444517;33.4445199;0;0;1;N;1.581511;43;43;11;91;91;113.1824;0;9999.99;16.02;16.14342;2;9;23.8;0;23.7999992370605;33.83;1530.14578;07/13/16;16:38:26;22.33;51.41;33.83;0.117;8.37;-80.0;1.0;-1.4;-1923;115.9;8.28;12.3;
33.4449685177506;-118.485262350658;16:41:26.17;7/13/2016;7;2.02;124.43;12.0453350093692;1.36;114.2;124.84;4.17;16.6;28.3;.02;16.06;16.07;95;57;571.2;16.3;-3.5;D;676;12;90.759;2;2.16;186;123.34;-118.48444517;33.4445199;0;0;1;N;1.626832;82;82;11;79;79;112.8704;0;9999.99;16.03;16.157;2;9;23.8;0;23.7999992370605;33.83;1530.14578;07/13/16;16:38:26;22.33;51.41;33.83;0.117;8.37;-80.0;1.0;-1.4;-1923;115.9;8.28;12.3;
33.444964917947;-118.485253595762;16:41:27.17;7/13/2016;6;1.785;124.43;12.0453350093692;1.78;110.3;121.21;-3.33;7.39;28.4;.01;15.39;15.39;95;57;571.2;16.3;-3.5;D;676;12;89.861;2;2.09;186;123.41;-118.48444517;33.4445199;0;0;1;N;1.508205;43;43;11;97;97;113.6885;0;9999.99;15.41;15.54192;2;9;23.8;0;23.7999992370605;33.84;1530.15696;07/13/16;16:38:27;22.32;51.43;33.84;0.021;8.37;-80.2;0.0;-2.1;-2680;115.9;8.28;12.4;
33.4449621507797;-118.485243872401;16:41:28.17;7/13/2016;7;1.963;124.43;12.0453350093692;1.36;111.4;122.23;-0.62;13.2;28.3;.01;16.11;16.12;95;57;571.2;16.3;-3.5;D;676;12;88.939;2;2.03;186;123.57;-118.48444517;33.4445199;0;0;1;N;1.252943;50;50;11;104;104;115.4637;0;9999.99;16.08;16.207;2;9;23.8;0;23.7999992370605;33.83;1530.14548;07/13/16;16:38:29;22.30;51.42;33.83;0.148;8.37;-79.8;1.4;-1.6;-1154;115.8;8.27;12.4;
33.4449562039225;-118.485233810471;16:41:29.17;7/13/2016;6;2.164;124.82;12.0453350093692;1.78;111.4;122.23;4.12;14.7;28.3;.01;15.18;15.19;95;51;571.2;16.3;-3.1;D;747.4;12;87.795;2;2.06;186;123.54;-118.48444517;33.4445199;0;0;1;N;1.26719;82;82;11;100;100;115.3642;0;9999.99;15.18;15.30421;2;9;23.8;0;23.7999992370605;33.83;1530.14548;07/13/16;16:38:29;22.30;51.42;33.83;0.148;8.37;-79.8;1.4;-1.6;-1154;115.8;8.27;12.4;
33.4449501958915;-118.485223179878;16:41:30.17;7/13/2016;7;2.149;124.96;12.0453350093692;1.37;113.4;124.09;-1.26;10.1;28.2;.00;15.14;15.14;95;51;571.2;16.3;-3.1;D;747.4;12;86.604;2;2.12;186;123.54;-118.48444517;33.4445199;0;0;1;N;1.256913;49;49;11;92;92;115.436;0;9999.99;15.17;15.29505;2;9;23.8;0;23.7999992370605;33.85;1530.16721;07/13/16;16:38:31;22.30;51.45;33.85;-0.132;8.37;-80.2;-0.1;2.9;43884;115.7;8.26;12.3;
33.4449446222645;-118.485211475212;16:41:31.19;7/13/2016;7;2.006;120.2;12.0453350093692;1.37;111.6;122.42;-5.38;3.46;28.3;.01;15.32;15.33;95;51;571.2;16.3;-3.1;D;747.4;12;85.356;2;2.16;186;123.59;-118.48444517;33.4445199;0;0;1;N;1.160255;43;43;11;102;102;116.1127;0;9999.99;15.30;15.42839;2;9;23.8;0;23.7999992370605;33.85;1530.16721;07/13/16;16:38:31;22.30;51.45;33.85;-0.132;8.37;-80.2;-0.1;2.9;43884;115.7;8.26;12.3;
33.4449410664803;-118.485204059181;16:41:32.19;7/13/2016;7;2.08;120.09;12.0453350093692;1.37;116;126.51;0.4;12.9;28.3;.05;15.21;15.26;95;55;571.1;16.3;-3.4;D;697;12;84.564;2;2.07;186;123.63;-118.48444517;33.4445199;0;0;1;N;1.088374;59;59;11;87;87;116.6175;0;9999.99;15.16;15.287;2;9;23.8;0;23.7999992370605;33.83;1530.14745;07/13/16;16:38:32;22.31;51.42;33.83;0.203;8.37;-80.1;0.3;-4.8;-522;115.6;8.26;12.3;
33.4449361799666;-118.48519540667;16:41:33.22;7/13/2016;5;2.003;120.09;12.0453350093692;3.29;114.6;125.21;6.53;12.2;28.3;.05;14.62;14.67;95;55;571.1;16.3;-3.4;D;697;12;83.595;2;2.1;186;123.62;-118.48444517;33.4445199;0;0;1;N;1.089589;96;96;11;93;93;116.609;0;9999.99;14.62;14.74806;2;9;23.8;0;23.7999992370605;33.86;1530.18285;07/13/16;16:38:33;22.31;51.46;33.86;0.432;8.37;-79.9;1.1;-3.7;-201;115.6;8.26;12.3;
33.4449292988739;-118.485186793433;16:41:34.25;7/13/2016;6;1.8;120.09;12.0453350093692;3.29;113.3;124;-2.24;1.56;28.4;.01;14.94;14.94;95;55;571.1;16.3;-3.4;D;697;12;82.506;2;2.14;186;123.49;-118.48444517;33.4445199;0;0;1;N;1.268492;43;43;11;87;87;115.3551;0;9999.99;14.92;15.047;2;9;23.8;0;23.7999992370605;33.83;1530.14651;07/13/16;16:38:35;22.32;51.42;33.83;-0.184;8.37;-80.1;1.2;-2.2;-547;115.5;8.25;12.4;
33.4449249650117;-118.485176994282;16:41:35.27;7/13/2016;7;1.9;120.09;12.0453350093692;1.51;113.5;124.18;1.21;17.7;28.3;.00;14.11;14.11;95;55;571.1;16.3;-3.4;D;697;12;81.482;2;2.17;186;123.56;-118.48444517;33.4445199;0;0;1;N;1.156736;64;64;11;95;95;116.1375;0;9999.99;14.12;14.25182;2;9;23.8;0;23.7999992370605;33.83;1530.14651;07/13/16;16:38:35;22.32;51.42;33.83;-0.184;8.37;-80.1;1.2;-2.2;-547;115.5;8.25;12.4;
33.4449196947073;-118.485168074703;16:41:36.27;7/13/2016;7;2.017;120.22;12.0453350093692;1.37;114.5;125.12;0.26;11.4;28.4;.00;14.56;14.56;95;51;571.1;16.3;-3.1;D;759.7;12;80.468;2;2.06;186;123.54;-118.48444517;33.4445199;0;0;1;N;1.169549;59;59;11;91;91;116.0476;0;9999.99;14.57;14.69368;2;9;23.8;0;23.7999992370605;33.85;1530.16694;07/13/16;16:38:37;22.32;51.44;33.85;-0.163;8.37;-79.8;1.5;-0.4;-244;115.4;8.24;12.4;
33.4449159833771;-118.485157847382;16:41:37.28;7/13/2016;7;1.945;116.98;12.0453350093692;1.37;112.3;123.07;0.01;9.4;28.3;.00;14.43;14.43;95;51;571.1;16.3;-3.1;D;759.7;12;79.450;2;2.06;186;123.67;-118.48444517;33.4445199;0;0;1;N;0.981236;52;52;11;109;109;117.3723;0;9999.99;14.43;14.557;2;9;23.8;0;23.7999992370605;33.85;1530.16694;07/13/16;16:38:37;22.32;51.44;33.85;-0.163;8.37;-79.8;1.5;-0.4;-244;115.4;8.24;12.4;
33.4449089032717;-118.485148975421;16:41:38.28;7/13/2016;7;2.258;126.71;12.0453350093692;1.37;118.6;128.94;1.33;17.3;28.3;.00;14.10;14.10;95;51;571.1;16.3;-3.1;D;759.7;12;78.328;2;2.12;186;123.52;-118.48444517;33.4445199;0;0;1;N;1.151245;65;65;11;76;76;116.1761;0;9999.99;14.11;14.23456;2;9;23.8;0;23.7999992370605;33.84;1530.15604;07/13/16;16:38:39;22.32;51.43;33.84;-0.155;8.37;-80.1;1.5;-2.4;-1788;115.3;8.24;12.3;
33.4449015111401;-118.485139795402;16:41:39.30;7/13/2016;7;2.108;123.86;12.0453350093692;1.37;112.4;123.16;-4.05;2.62;28.3;.01;14.27;14.27;95;57;571.0;16.3;-3.4;D;678.9;12;77.165;2;2.06;186;123.36;-118.48444517;33.4445199;0;0;1;N;1.361634;43;43;11;93;93;114.7057;0;9999.99;14.23;14.357;2;9;23.8;0;23.7999992370605;33.84;1530.15604;07/13/16;16:38:39;22.32;51.43;33.84;-0.155;8.37;-80.1;1.5;-2.4;-1788;115.3;8.24;12.3;
33.4448982533749;-118.485131542002;16:41:40.30;7/13/2016;7;1.936;125.35;12.0453350093692;1.37;115.3;125.86;2.57;12.2;28.3;.01;13.04;13.06;95;57;571.0;16.3;-3.4;D;678.9;12;76.326;2;2.07;186;123.45;-118.48444517;33.4445199;0;0;1;N;1.222233;68;68;11;87;87;115.6786;0;9999.99;13.06;13.18716;2;9;23.8;0;23.7999992370605;33.84;1530.15676;07/13/16;16:38:41;22.32;51.43;33.84;0.181;8.36;-79.7;0.8;-4.4;-1381;115.2;8.23;12.4;
33.4448908666902;-118.485122919031;16:41:41.30;7/13/2016;6;2.421;127.72;12.0453350093692;1.78;116.3;126.79;-0.89;11.3;28.4;.01;12.67;12.67;95;57;571.0;16.3;-3.4;D;678.9;12;75.206;2;2.07;186;123.26;-118.48444517;33.4445199;0;0;1;N;1.44756;58;58;11;79;79;114.1087;0;9999.99;12.66;12.78521;2;9;23.8;0;23.7999992370605;33.84;1530.15676;07/13/16;16:38:41;22.32;51.43;33.84;0.181;8.36;-79.7;0.8;-4.4;-1381;115.2;8.23;12.4;
33.4448828084004;-118.485111319867;16:41:42.30;7/13/2016;7;2.193;126.04;12.0453350093692;1.37;115.6;126.14;0.58;7.5;28.4;.00;12.79;12.80;95;57;571.0;16.3;-3.4;D;678.9;12;73.815;2;2.08;186;123.14;-118.48444517;33.4445199;0;0;1;N;1.580344;56;56;11;77;77;113.1907;0;9999.99;12.80;12.927;2;9;23.8;0;23.7999992370605;33.83;1530.14517;07/13/16;16:38:43;22.32;51.41;33.83;0.011;8.37;-80.1;0.5;-1.1;-1838;115.2;8.23;12.5;
33.444876758424;-118.485100737998;16:41:43.30;7/13/2016;7;2.19;124.15;12.0453350093692;1.37;115;125.58;-1.02;14.3;28.3;.00;12.56;12.56;94;52;571.0;16.3;-3.2;D;737;12;72.625;2;2.14;186;123.12;-118.48444517;33.4445199;0;0;1;N;1.579418;51;51;11;77;77;113.1971;0;9999.99;12.55;12.67377;2;9;23.8;0;23.7999992370605;33.83;1530.14517;07/13/16;16:38:43;22.32;51.41;33.83;0.011;8.37;-80.1;0.5;-1.1;-1838;115.2;8.23;12.5;
33.4448700108238;-118.485089694714;16:41:44.30;7/13/2016;7;2.049;123;12.0453350093692;1.37;115.3;125.86;0.42;5.43;28.2;.00;12.92;12.92;94;52;571.0;16.3;-3.2;D;737;12;71.357;2;2.11;186;123.06;-118.48444517;33.4445199;0;0;1;N;1.621167;52;52;11;75;75;112.9096;0;9999.99;12.92;13.047;2;9;23.8;0;23.7999992370605;33.85;1530.167;07/13/16;16:38:44;22.32;51.45;33.85;-0.176;8.37;-79.8;1.0;-3.6;-225;115.1;8.22;12.3;
33.4448632052335;-118.485079360101;16:41:45.30;7/13/2016;7;2.076;123.37;12.0453350093692;1.37;115;125.58;0.29;11.8;28.3;.00;12.67;12.67;94;52;571.0;16.3;-3.2;D;737;12;70.141;2;2.09;186;122.97;-118.48444517;33.4445199;0;0;1;N;1.706101;65;65;11;74;74;112.3266;0;9999.99;12.68;12.80406;2;9;23.8;0;23.7999992370605;33.85;1530.16699;07/13/16;16:38:46;22.33;51.45;33.85;-0.166;8.37;-79.8;1.7;-5.0;-1632;115.0;8.21;12.4;
33.4448567048299;-118.485068472481;16:41:46.30;7/13/2016;7;2.059;121.93;12.0453350093692;1.37;113.1;123.81;-1.42;7.31;28.3;.00;12.83;12.83;94;52;571.0;16.3;-3.2;D;737;12;68.900;2;2.06;186;122.93;-118.48444517;33.4445199;0;0;1;N;1.735533;48;48;11;80;80;112.1252;0;9999.99;12.82;12.947;2;9;23.8;0;23.7999992370605;33.84;1530.156;07/13/16;16:38:47;22.33;51.43;33.84;0.028;8.37;-80.0;1.2;-4.3;-4794;114.9;8.21;12.4;
33.4448520132353;-118.485059915725;16:41:47.30;7/13/2016;7;1.934;124.04;12.0453350093692;1.37;111.8;122.6;1.47;10.2;28.3;.00;12.54;12.55;94;54;570.9;16.3;-3.3;D;708.6;12;67.950;2;2.07;186;122.92;-118.48444517;33.4445199;0;0;1;N;1.720018;66;66;11;86;86;112.2314;0;9999.99;12.55;12.6812;2;9;23.8;0;23.7999992370605;33.86;1530.17807;07/13/16;16:38:48;22.32;51.46;33.86;-0.041;8.37;-79.8;1.2;0.3;-2956;114.9;8.20;12.3;
33.4448459647768;-118.485049753497;16:41:48.30;7/13/2016;7;2.272;123.29;12.0453350093692;1.37;116.7;127.17;-0.57;14.6;28.3;.00;12.51;12.51;94;54;570.9;16.3;-3.3;D;708.6;12;66.793;2;2.21;186;122.88;-118.48444517;33.4445199;0;0;1;N;1.736259;54;54;11;67;67;112.1202;0;9999.99;12.51;12.63691;2;9;23.8;0;23.7999992370605;33.86;1530.17807;07/13/16;16:38:48;22.32;51.46;33.86;-0.041;8.37;-79.8;1.2;0.3;-2956;114.9;8.20;12.3;
33.4448400947974;-118.485039940606;16:41:49.30;7/13/2016;7;2.334;125.75;12.0453350093692;1.37;114.5;125.12;0.29;8;28.3;.00;12.57;12.58;94;54;570.9;16.3;-3.3;D;708.6;12;65.674;2;2.16;185;122.83;-118.48444517;33.4445199;0;0;1;N;1.764858;59;59;11;74;74;111.9248;0;9999.99;12.57;12.697;2;9;23.8;0;23.7999992370605;33.84;1530.15615;07/13/16;16:38:50;22.34;51.43;33.84;0.051;8.37;-80.0;0.7;-3.7;-3219;114.8;8.20;12.3;
33.4448386666667;-118.4850325;16:41:50.31;7/13/2016;7;1.827;119.74;12.0453350093692;1.37;108.3;119.36;1.25;12.8;28.3;.00;11.98;11.98;94;57;570.9;16.3;-3.5;D;678;12;64.687;2;2.02;185;122.94;-118.48444517;33.4445199;0;0;1;N;1.624254;65;65;11;101;101;112.8886;0;9999.99;12.00;12.12374;2;9;23.8;0;23.7999992370605;33.84;1530.15615;07/13/16;16:38:50;22.34;51.43;33.84;0.051;8.37;-80.0;0.7;-3.7;-3219;114.8;8.20;12.3;
33.4448338333333;-118.485022333333;16:41:51.34;7/13/2016;7;2.095;121.92;12.0453350093692;1.37;106.2;117.41;-2.42;10.8;28.3;.01;12.04;12.05;94;57;570.9;16.3;-3.5;D;678;12;63.988;2;2.05;185;123.12;-118.48444517;33.4445199;0;0;1;N;1.409308;43;43;11;113;113;114.3745;0;9999.99;12.02;12.14723;2;9;23.8;0;23.7999992370605;33.85;1530.16733;07/13/16;16:38:52;22.34;51.45;33.85;-0.014;8.37;-80.2;1.7;-4.9;-2588;114.8;8.20;12.3;
33.4448270040522;-118.485009755251;16:41:52.34;7/13/2016;7;2.283;121.15;12.0453350093692;1.37;112.4;123.16;-0.54;11.2;28.3;.01;11.89;11.91;94;57;570.9;16.3;-3.5;D;678;12;62.532;2;2.13;185;123.1;-118.48444517;33.4445199;0;0;1;N;1.335627;54;54;11;92;92;114.5082;0;9999.99;11.88;12.01048;2;9;23.8;0;23.7999992370605;33.85;1530.16733;07/13/16;16:38:52;22.34;51.45;33.85;-0.014;8.37;-80.2;1.7;-4.9;-2588;114.8;8.20;12.3;
33.4448224931368;-118.484999414045;16:41:53.34;7/13/2016;7;2.362;121.13;12.0453350093692;1.37;112.8;123.53;1.26;11.1;28.3;.01;11.69;11.70;94;57;570.9;16.3;-3.5;D;678;12;61.454;2;2.15;185;123.2;-118.48444517;33.4445199;0;0;1;N;1.345932;65;65;11;94;94;115.4039;0;11.89;11.69;23.70565;2;9;23.8;0;23.7999992370605;33.85;1530.16835;07/13/16;16:38:53;22.34;51.45;33.85;0.114;8.37;-79.9;1.2;-3.2;93;114.8;8.20;12.3;
33.4448208333333;-118.484991166667;16:41:54.34;7/13/2016;7;2.174;120.04;12.0453350093692;1.37;112;122.79;0.63;12.5;28.3;.00;11.61;11.61;94;56;570.8;16.3;-3.4;D;687.5;12;60.382;2;2.17;185;123.22;-118.48444517;33.4445199;0;0;1;N;1.215478;62;62;11;99;99;115.7264;0;9999.99;11.61;11.74169;2;9;23.8;0;23.7999992370605;33.86;1530.17825;07/13/16;16:38:55;22.37;51.46;33.86;-0.141;8.38;-80.4;0.6;-5.2;-1870;114.8;8.19;12.4;
33.4448163333333;-118.484983333333;16:41:55.34;7/13/2016;7;2.188;125.61;12.0453350093692;1.37;111.5;122.33;-1.87;13.8;28.3;.00;11.40;11.40;94;56;570.8;16.3;-3.4;D;687.5;12;59.618;2;2.17;185;123.44;-118.48444517;33.4445199;0;0;1;N;0.9686356;50;50;11;102;102;117.4618;0;9999.99;11.39;11.51562;2;9;23.8;0;23.7999992370605;33.86;1530.17825;07/13/16;16:38:55;22.37;51.46;33.86;-0.141;8.38;-80.4;0.6;-5.2;-1870;114.8;8.19;12.4;
33.4448118333333;-118.484973166667;16:41:56.34;7/13/2016;7;2.01;123.27;12.0453350093692;1.37;112.7;123.44;-2.09;5.87;28.3;.01;11.47;11.48;94;56;570.8;16.3;-3.4;D;687.5;12;58.719;2;2.12;185;123.48;-118.48444517;33.4445199;0;0;1;N;0.9095576;44;44;11;105;105;117.8792;0;9999.99;11.45;11.577;2;9;23.8;0;23.7999992370605;33.85;1530.16742;07/13/16;16:38:57;22.36;51.45;33.85;0.234;8.37;-79.7;1.2;-0.7;-2287;115.0;8.20;12.3;
33.4448081666667;-118.484963833333;16:41:57.34;7/13/2016;6;1.983;122.85;12.0453350093692;1.78;114.8;125.39;4.17;13.4;28.3;.01;10.76;10.77;94;56;570.7;16.3;-3.4;D;685.9;12;57.682;2;2.07;185;123.51;-118.48444517;33.4445199;0;0;1;N;0.8655714;82;82;11;98;98;118.1905;0;9999.99;10.80;10.92533;2;9;23.8;0;23.7999992370605;33.85;1530.16742;07/13/16;16:38:57;22.36;51.45;33.85;0.234;8.37;-79.7;1.2;-0.7;-2287;115.0;8.20;12.3;
33.4448016666667;-118.4849545;16:41:58.34;7/13/2016;7;2.298;125.82;12.0453350093692;1.37;113.8;124.46;-6.48;3.31;28.3;.01;11.04;11.05;94;56;570.7;16.3;-3.4;D;685.9;12;56.741;2;2.06;185;123.66;-118.48444517;33.4445199;0;0;1;N;0.7033644;43;43;11;105;105;119.3411;0;9999.99;10.99;11.117;2;9;23.8;0;23.7999992370605;33.85;1530.16778;07/13/16;16:38:58;22.37;51.45;33.85;0.041;8.37;-80.3;1.4;1.0;-2959;114.9;8.20;12.3;
33.4447923333333;-118.484943;16:41:59.34;7/13/2016;7;3.268;131.49;12.0453350093692;1.37;121;131.19;-5.85;8.5;28.3;.06;10.93;10.99;94;56;570.7;16.3;-3.4;D;685.9;12;55.606;2;2.15;185;123.46;-118.48444517;33.4445199;0;0;1;N;0.8689737;43;43;11;75;75;118.1665;0;.41;10.87;11.407;2;9;23.8;0;23.7999992370605;33.83;1530.1471;07/13/16;16:39:00;22.37;51.42;33.83;0.501;8.38;-80.4;0.7;-4.7;-1765;115.0;8.20;12.3;
33.4447830581832;-118.484933807483;16:42:00.34;7/13/2016;7;2.184;131.49;12.0453350093692;1.37;119.2;129.5;2.9;8.9;28.3;.12;5.58;5.70;94;56;570.7;16.3;-3.4;D;685.9;12;53.961;2;2.18;185;122.84;-118.48444517;33.4445199;0;0;1;N;1.192092;74;74;11;66;66;114.2107;0;.44;5.60;6.167;2;9;23.8;0;23.7999992370605;33.81;1530.13067;07/13/16;16:39:01;22.36;51.39;33.81;0.668;8.37;-80.0;1.3;-1.5;-1873;114.9;8.20;12.4;
33.4447794316059;-118.484930426458;16:42:01.34;7/13/2016;6;1.147;131.49;12.0453350093692;1.78;113;123.72;2.42;5.16;28.3;.08;5.58;5.66;94;54;570.7;16.3;-3.3;D;715.6;12;53.479;2;2.11;185;122.66;-118.48444517;33.4445199;0;0;1;N;1.443871;72;72;11;84;84;113.0465;0;.38;5.60;6.107;2;9;23.8;0;23.7999992370605;33.85;1530.17621;07/13/16;16:39:02;22.34;51.45;33.85;0.399;8.37;-80.3;1.9;-4.8;-783;114.9;8.21;12.3;
33.4447743333333;-118.484922333333;16:42:02.34;7/13/2016;6;1.779;131.49;12.0453350093692;1.78;110.1;121.03;2.86;14.2;28.3;.01;10.23;10.24;94;54;570.7;16.3;-3.3;D;715.6;12;52.413;2;2.14;185;122.7;-118.48444517;33.4445199;0;0;1;N;1.532064;80;80;11;96;96;113.5246;0;9999.99;10.27;10.3959;2;9;23.8;0;23.7999992370605;33.85;1530.17621;07/13/16;16:39:02;22.34;51.45;33.85;0.399;8.37;-80.3;1.9;-4.8;-783;114.9;8.21;12.3;
33.4447713333333;-118.484915166667;16:42:03.34;7/13/2016;6;1.975;126.02;12.0453350093692;1.78;109.5;120.47;-1.2;9;28.3;.00;10.37;10.37;94;56;570.7;16.3;-3.4;D;685;12;51.478;2;2.1;184;122.63;-118.48444517;33.4445199;0;0;1;N;1.568547;52;52;11;94;94;113.2728;0;9999.99;10.36;10.487;2;9;23.8;0;23.7999992370605;33.86;1530.17792;07/13/16;16:39:04;22.35;51.46;33.86;-0.118;8.37;-79.9;2.1;155.8;87122;115.0;8.21;12.3;
33.444766;-118.484904166667;16:42:04.34;7/13/2016;7;2.329;122.59;12.0453350093692;1.37;105.8;117.04;-4.58;9.5;28.3;.00;10.32;10.33;94;56;570.7;16.3;-3.4;D;685;12;50.730;2;2.09;184;122.79;-118.48444517;33.4445199;0;0;1;N;1.414913;43;43;11;117;117;114.3361;0;9999.99;10.28;10.407;2;9;23.8;0;23.7999992370605;33.86;1530.17792;07/13/16;16:39:04;22.35;51.46;33.86;-0.118;8.37;-79.9;2.1;155.8;87122;115.0;8.21;12.3;
33.444762;-118.4848935;16:42:05.36;7/13/2016;7;2.123;122.59;12.0453350093692;1.37;114.3;124.93;4.22;13.7;28.3;.01;9.79;9.80;94;56;570.7;16.3;-3.4;D;685;12;49.509;2;2.19;184;122.78;-118.48444517;33.4445199;0;0;1;N;1.371853;73;73;11;86;86;114.6355;0;10.18;9.80;20.11364;2;9;23.8;0;23.7999992370605;33.84;1530.15676;07/13/16;16:39:06;22.38;51.44;33.84;0.376;8.37;-80.2;1.4;-2.0;-4585;115.0;8.21;12.4;
33.4447586666667;-118.484885666667;16:42:06.38;7/13/2016;6;1.762;122.59;12.0453350093692;1.78;109.3;120.28;2.19;11.8;28.3;.01;9.48;9.49;94;53;570.6;16.3;-3.3;D;717.4;12;48.410;2;2.09;184;122.92;-118.48444517;33.4445199;0;0;1;N;1.233953;79;79;11;103;103;115.5977;0;34.40;9.52;44.04091;2;9;23.8;0;23.7999992370605;33.84;1530.15676;07/13/16;16:39:06;22.38;51.44;33.84;0.376;8.37;-80.2;1.4;-2.0;-4585;115.0;8.21;12.4;
33.4447545;-118.484877666667;16:42:07.38;7/13/2016;7;1.978;122.59;12.0453350093692;1.37;111.5;122.33;-2.38;5.33;28.2;.00;9.67;9.67;94;53;570.6;16.3;-3.3;D;717.4;12;47.672;2;1.99;184;123.08;-118.48444517;33.4445199;0;0;1;N;1.076744;43;43;11;104;104;116.7006;0;9999.99;9.64;9.767;2;9;23.8;0;23.7999992370605;33.87;1530.18884;07/13/16;16:39:08;22.38;51.47;33.87;-0.082;8.37;-80.2;1.1;-7.4;-1676;115.1;8.21;12.3;
33.4447486666667;-118.4848665;16:42:08.39;7/13/2016;7;2.291;122.59;12.0453350093692;1.37;113.2;123.91;3.71;16.6;28.3;.00;9.16;9.16;94;53;570.6;16.3;-3.3;D;717.4;12;46.855;2;2.05;184;123.05;-118.48444517;33.4445199;0;0;1;N;1.080595;74;74;11;101;101;116.6736;0;9999.99;9.19;9.312071;2;9;23.8;0;23.7999992370605;33.87;1530.18884;07/13/16;16:39:08;22.38;51.47;33.87;-0.082;8.37;-80.2;1.1;-7.4;-1676;115.1;8.21;12.3;
33.4447409393198;-118.484854765333;16:42:09.39;7/13/2016;7;2.003;122.97;12.0453350093692;1.37;112.8;123.53;0;10.4;28.3;.00;9.52;9.52;94;53;570.6;16.3;-3.3;D;717.4;12;45.259;2;2.09;184;122.89;-118.48444517;33.4445199;0;0;1;N;1.059106;57;57;11;97;97;116.0362;0;9999.99;9.53;9.652219;2;9;23.8;0;23.7999992370605;33.86;1530.17779;07/13/16;16:39:10;22.42;51.46;33.86;-0.195;8.38;-80.4;1.8;-1.4;-2192;115.1;8.21;12.4;
33.4447358563079;-118.484844932273;16:42:10.39;7/13/2016;7;2.094;123.33;12.0453350093692;1.37;112.2;122.98;-2.63;5.01;28.2;.00;9.52;9.52;94;55;570.6;16.3;-3.3;D;698.8;12;44.186;2;2.1;184;122.92;-118.48444517;33.4445199;0;0;1;N;1.12689;43;43;11;101;101;116.3711;0;9999.99;9.49;9.617;2;9;23.8;0;23.7999992370605;33.86;1530.17779;07/13/16;16:39:10;22.42;51.46;33.86;-0.195;8.38;-80.4;1.8;-1.4;-2192;115.1;8.21;12.4;
33.4447296614786;-118.484834792743;16:42:11.39;7/13/2016;7;1.877;123.33;12.0453350093692;1.37;115.2;125.77;2.86;15.2;28.2;.01;9.09;9.10;94;55;570.6;16.3;-3.3;D;698.8;12;43.022;2;2.1;184;122.83;-118.48444517;33.4445199;0;0;1;N;1.092214;74;74;11;88;88;116.1349;0;9999.99;9.11;9.23443;2;9;23.8;0;23.7999992370605;33.85;1530.16734;07/13/16;16:39:12;22.42;51.44;33.85;0.145;8.37;-80.3;1.8;-3.9;-1614;115.2;8.21;12.3;
33.4447261757099;-118.484825946613;16:42:12.39;7/13/2016;7;1.795;120.7;12.0453350093692;1.37;110.8;121.68;-0.87;8.4;28.2;.00;9.17;9.17;94;55;570.6;16.3;-3.3;D;698.8;12;42.123;2;2;184;122.99;-118.48444517;33.4445199;0;0;1;N;1.123183;52;52;11;109;109;117.0863;0;9999.99;9.19;9.317258;2;9;23.8;0;23.7999992370605;33.85;1530.16734;07/13/16;16:39:12;22.42;51.44;33.85;0.145;8.37;-80.3;1.8;-3.9;-1614;115.2;8.21;12.3;
33.4447225563107;-118.484815653739;16:42:13.41;7/13/2016;7;2.072;119.85;12.0453350093692;1.37;112.7;123.44;-1.83;12.1;28.3;.00;9.05;9.05;94;53;570.5;16.3;-3.2;D;721.9;12;41.103;2;2;184;123.25;-118.48444517;33.4445199;0;0;1;N;0.9346897;46;46;11;108;108;118.5796;0;9999.99;9.03;9.157337;2;9;23.8;0;23.7999992370605;33.85;1530.16697;07/13/16;16:39:14;22.43;51.45;33.85;0.014;8.38;-80.5;1.7;-1.9;-2689;115.3;8.22;12.4;
33.4447188474633;-118.484803986312;16:42:14.41;7/13/2016;7;2.051;119.87;12.0453350093692;1.37;113.7;124.37;0.22;11.4;28.3;.01;9.02;9.02;94;53;570.5;16.3;-3.2;D;721.9;12;39.972;2;2.04;184;123.6;-118.48444517;33.4445199;0;0;1;N;0.7709227;58;58;11;112;112;120.5319;0;9999.99;9.02;9.142157;2;9;23.8;0;23.7999992370605;33.85;1530.16697;07/13/16;16:39:14;22.43;51.45;33.85;0.014;8.38;-80.5;1.7;-1.9;-2689;115.3;8.22;12.4;
33.4447143954914;-118.484793788688;16:42:15.41;7/13/2016;7;2.021;118.77;12.0453350093692;1.37;114.3;124.93;2.53;14.9;28.3;.00;8.72;8.72;94;53;570.5;16.3;-3.2;D;721.9;12;38.910;2;2.09;184;123.77;-118.48444517;33.4445199;0;0;1;N;0.5299352;72;72;11;113;113;121.4461;0;9999.99;8.75;8.872704;2;9;23.8;0;23.7999992370605;33.88;1530.20018;07/13/16;16:39:16;22.46;51.48;33.88;-0.013;8.38;-80.5;1.3;-1.4;-2154;115.3;8.22;12.3;
33.4447090698104;-118.484782153616;16:42:16.42;7/13/2016;7;1.989;118.92;12.0453350093692;1.37;115.7;126.23;-2.71;5.82;28.3;.00;8.58;8.58;94;53;570.5;16.3;-3.2;D;721.9;12;37.684;2;2.05;184;123.93;-118.48444517;33.4445199;0;0;1;N;0.4242206;43;43;11;113;113;122.3151;0;9999.99;8.56;8.687;2;9;23.8;0;23.7999992370605;33.88;1530.20018;07/13/16;16:39:16;22.46;51.48;33.88;-0.013;8.38;-80.5;1.3;-1.4;-2154;115.3;8.22;12.3;
33.4447004883997;-118.484773230176;16:42:17.44;7/13/2016;7;2.022;127.24;12.0453350093692;1.37;119.2;129.5;-0.01;10.6;28.2;.00;8.67;8.67;94;52;570.5;16.3;-3.2;D;735.7;12;36.466;2;2.08;184;123.41;-118.48444517;33.4445199;0;0;1;N;0.3335992;57;57;11;89;89;120.0939;0;9999.99;8.66;8.790337;2;9;23.8;0;23.7999992370605;33.84;1530.15599;07/13/16;16:39:18;22.48;51.43;33.84;0.114;8.38;-80.7;2.1;-1.1;-1678;115.5;8.23;12.4;
33.4446989043176;-118.484763748457;16:42:18.44;7/13/2016;7;1.828;123.79;12.0453350093692;1.37;120.3;130.53;2.1;12.7;28.2;.00;8.58;8.58;94;55;570.4;16.3;-3.3;D;701.3;12;35.636;2;2.05;184;123.96;-118.48444517;33.4445199;0;0;1;N;0.701726;70;70;11;95;95;122.6198;0;9999.99;8.60;8.728703;2;9;23.8;0;23.7999992370605;33.84;1530.15599;07/13/16;16:39:18;22.48;51.43;33.84;0.114;8.38;-80.7;2.1;-1.1;-1678;115.5;8.23;12.4;
33.4446978719113;-118.484756693165;16:42:19.44;7/13/2016;7;2.008;128.53;12.0453350093692;1.37;119.7;129.97;-0.52;11.5;28.2;.00;8.63;8.63;94;55;570.4;16.3;-3.3;D;701.3;12;35.030;2;2.04;184;124.4;-118.48444517;33.4445199;0;0;1;N;0.3327573;57;57;11;108;108;124.5398;0;9999.99;8.63;8.758393;2;9;23.8;0;23.7999992370605;33.87;1530.18874;07/13/16;16:39:20;22.50;51.48;33.87;-0.157;8.37;-80.1;1.6;-3.0;-2428;115.6;8.23;12.3;
33.4446917291826;-118.484746579337;16:42:20.45;7/13/2016;7;2.232;125.18;12.0453350093692;1.37;120.2;130.44;-5.77;4.19;28.3;.01;8.74;8.75;94;55;570.4;16.3;-3.3;D;701.3;12;33.870;2;2.06;184;124.34;-118.48444517;33.4445199;0;0;1;N;4.543905E-02;43;43;11;103;103;124.3472;0;8.41;8.69;17.227;2;9;23.8;0;23.7999992370605;33.87;1530.18874;07/13/16;16:39:20;22.50;51.48;33.87;-0.157;8.37;-80.1;1.6;-3.0;-2428;115.6;8.23;12.3;
33.444683512375;-118.484736980876;16:42:21.48;7/13/2016;7;2.145;128.21;12.0453350093692;1.37;124.2;134.19;2.91;12.8;28.2;.04;8.24;8.27;94;55;570.4;16.3;-3.3;D;701.3;12;32.620;2;2.13;184;123.9;-118.48444517;33.4445199;0;0;1;N;0.2468917;68;68;11;82;82;122.5994;0;9999.99;8.24;8.367;2;9;23.8;0;23.7999992370605;33.84;1530.15754;07/13/16;16:39:22;22.53;51.44;33.84;0.331;8.38;-80.4;2.2;1.7;-1007;115.7;8.23;12.3;
33.4446750113113;-118.484728796038;16:42:22.50;7/13/2016;7;2.113;134.19;12.0453350093692;1.37;122.3;132.4;1.56;12.8;28.2;.03;7.93;7.96;94;51;570.4;16.3;-3.1;D;750.5;12;31.464;2;2.09;184;123.24;-118.48444517;33.4445199;0;0;1;N;0.6071838;66;66;11;77;77;120.0268;0;9999.99;7.95;8.081637;2;9;23.8;0;23.7999992370605;33.84;1530.15754;07/13/16;16:39:22;22.53;51.44;33.84;0.331;8.38;-80.4;2.2;1.7;-1007;115.7;8.23;12.3;
33.4446684590733;-118.484720373361;16:42:23.52;7/13/2016;7;1.908;132.91;12.0453350093692;1.37;117.4;127.82;-0.4;5.92;28.2;.00;7.87;7.87;94;51;570.4;16.3;-3.1;D;750.5;12;30.412;2;2.01;184;122.9;-118.48444517;33.4445199;0;0;1;N;0.7756885;55;55;11;91;91;118.8291;0;9999.99;7.86;7.987;2;9;23.8;0;23.7999992370605;33.88;1530.20183;07/13/16;16:39:23;22.54;51.48;33.88;0.074;8.38;-80.6;1.8;-4.6;-952;115.8;8.24;12.4;
33.4446610947648;-118.484712544844;16:42:24.53;7/13/2016;7;2.106;135.26;12.0453350093692;1.37;120.1;130.34;-0.58;17.8;28.3;.00;7.54;7.54;94;51;570.4;16.3;-3.1;D;750.5;12;29.359;2;2.05;184;122.33;-118.48444517;33.4445199;0;0;1;N;1.029432;54;54;11;74;74;117.0348;0;9999.99;7.56;7.684567;2;9;23.8;0;23.7999992370605;33.87;1530.18874;07/13/16;16:39:25;22.58;51.48;33.87;-0.128;8.38;-80.8;1.4;-3.4;-1205;115.9;8.24;12.4;
33.4446559664134;-118.484704485454;16:42:25.53;7/13/2016;7;2.153;131.36;12.0453350093692;1.37;118.1;128.47;-8.3;-0.84;28.2;.02;7.38;7.40;94;51;570.4;16.3;-3.1;D;750.5;12;28.422;2;2;184;122.16;-118.48444517;33.4445199;0;0;1;N;1.084932;43;43;11;80;80;116.6443;0;7.69;7.32;15.137;2;9;23.8;0;23.7999992370605;33.87;1530.18874;07/13/16;16:39:25;22.58;51.48;33.87;-0.128;8.38;-80.8;1.4;-3.4;-1205;115.9;8.24;12.4;
33.444649869453;-118.484696445753;16:42:26.55;7/13/2016;6;1.995;131.36;12.0453350093692;1.67;118.9;129.22;-0.78;9.5;28.2;.07;7.17;7.24;94;54;570.3;16.3;-3.3;D;708.1;12;27.430;2;2.01;184;121.79;-118.48444517;33.4445199;0;0;1;N;1.222558;52;52;11;73;73;115.6787;0;.41;7.14;7.677;2;9;23.8;0;23.7999992370605;33.87;1530.19175;07/13/16;16:39:27;22.61;51.47;33.87;0.553;8.38;-80.7;1.5;-2.4;319;116.0;8.24;12.4;
33.4446457363475;-118.484683905651;16:42:27.55;7/13/2016;4;2.421;131.36;12.0453350093692;2.44;115.1;125.67;1.8;4.3;28.2;.08;6.97;7.05;94;54;570.3;16.3;-3.3;D;708.1;12;26.200;2;1.98;184;122.28;-118.48444517;33.4445199;0;0;1;N;0.952066;65;65;11;94;94;117.5808;0;.41;6.98;7.517;2;9;23.8;0;23.7999992370605;33.87;1530.19175;07/13/16;16:39:27;22.61;51.47;33.87;0.553;8.38;-80.7;1.5;-2.4;319;116.0;8.24;12.4;
33.4446402133287;-118.484674567788;16:42:28.55;7/13/2016;5;1.928;131.36;12.0453350093692;2.44;114.4;125.02;5.53;9.9;28.2;.03;6.59;6.62;94;54;570.3;16.3;-3.3;D;708.1;12;25.140;2;1.98;184;122.15;-118.48444517;33.4445199;0;0;1;N;0.9724891;89;89;11;99;99;117.4367;0;9999.99;6.63;6.755264;2;9;23.8;0;23.7999992370605;33.85;1530.17287;07/13/16;16:39:29;22.61;51.46;33.85;0.286;8.38;-80.9;1.9;-0.1;-563;116.2;8.26;12.4;
33.4446364362939;-118.484665360121;16:42:29.55;7/13/2016;7;1.951;131.36;12.0453350093692;1.37;112.9;123.63;-2.54;7.18;28.2;.00;6.58;6.58;94;54;570.3;16.3;-3.3;D;705.9;12;24.193;2;1.94;184;122.39;-118.48444517;33.4445199;0;0;1;N;0.9678194;44;44;11;104;104;118.4013;0;9999.99;6.56;6.690786;2;9;23.8;0;23.7999992370605;33.85;1530.17287;07/13/16;16:39:29;22.61;51.46;33.85;0.286;8.38;-80.9;1.9;-0.1;-563;116.2;8.26;12.4;
33.4446404166266;-118.484657571357;16:42:30.55;7/13/2016;7;1.129;131.36;12.0453350093692;1.37;112.5;123.26;-1.42;8.2;28.2;.00;6.49;6.49;94;54;570.3;16.3;-3.3;D;705.9;12;23.832;2;1.92;184;124.22;-118.48444517;33.4445199;0;0;1;N;6.604718E-02;48;48;11;130;130;123.8948;0;9999.99;6.47;6.597;2;9;23.9;0;23.7999992370605;33.87;1530.18874;07/13/16;16:39:31;22.63;51.48;33.87;0.064;8.38;-80.6;1.3;-4.4;-1148;116.4;8.27;12.5;
33.4446371575979;-118.484647872506;16:42:31.55;7/13/2016;7;1.995;125.72;12.0453350093692;1.37;116.8;127.26;0.16;9.1;28.2;.01;6.31;6.31;94;54;570.3;16.3;-3.3;D;705.9;12;22.885;2;1.93;184;124.73;-118.48444517;33.4445199;0;0;1;N;0.1512777;55;55;11;121;121;125.4512;0;7.03;6.30;13.457;2;9;23.9;0;23.7999992370605;33.87;1530.18874;07/13/16;16:39:31;22.63;51.48;33.87;0.064;8.38;-80.6;1.3;-4.4;-1148;116.4;8.27;12.5;
33.444630657506;-118.484639239912;16:42:32.55;7/13/2016;7;2.04;125.41;12.0453350093692;1.37;118.3;128.66;1.65;14.9;28.2;.00;6.11;6.11;94;54;570.3;16.3;-3.3;D;705.9;12;21.816;2;1.91;184;124.37;-118.48444517;33.4445199;0;0;1;N;7.239087E-03;74;74;11;112;112;124.4198;0;9999.99;6.14;6.267732;2;9;23.9;0;23.8999996185303;33.84;1530.40499;07/13/16;16:39:33;22.65;51.43;33.84;0.066;8.38;-80.8;1.8;-4.1;-1057;116.6;8.28;12.4;
33.4446242962239;-118.484627430502;16:42:33.55;7/13/2016;7;1.851;116.49;12.0453350093692;1.37;123.4;133.44;-3.04;7.68;28.2;.00;6.08;6.08;94;55;570.2;16.3;-3.3;D;701.7;12;20.512;2;1.95;184;124.47;-118.48444517;33.4445199;0;0;1;N;5.210002E-02;43;43;11;92;92;124.7412;0;44.50;6.06;50.68689;2;9;23.9;0;23.8999996185303;33.85;1530.41546;07/13/16;16:39:34;22.65;51.46;33.85;-0.139;8.38;-80.9;0.7;-4.1;-3070;116.7;8.28;12.4;
33.4446214667707;-118.484620267872;16:42:34.55;7/13/2016;7;1.867;126.07;12.0453350093692;1.37;121.2;131.37;-1.13;7.5;28.2;.00;6.08;6.08;94;55;570.2;16.3;-3.3;D;701.7;12;19.786;2;1.93;184;124.81;-118.48444517;33.4445199;0;0;1;N;0.1645159;50;50;11;104;104;125.5462;0;47.60;6.06;53.787;2;9;23.9;0;23.8999996185303;33.85;1530.41546;07/13/16;16:39:34;22.65;51.46;33.85;-0.139;8.38;-80.9;0.7;-4.1;-3070;116.7;8.28;12.4;
33.4446147496585;-118.484611129075;16:42:35.58;7/13/2016;7;2.019;125.04;12.0453350093692;1.37;124.2;134.19;1.68;12.6;28.2;.01;5.91;5.91;94;55;570.2;16.3;-3.3;D;701.7;12;18.664;2;1.92;184;124.41;-118.48444517;33.4445199;0;0;1;N;3.708377E-02;67;67;11;89;89;124.6338;0;45.94;5.91;51.97556;2;9;23.9;0;23.8999996185303;33.85;1530.41589;07/13/16;16:39:36;22.66;51.45;33.85;0.129;8.38;-80.7;1.1;-0.1;-819;116.8;8.29;12.4;
33.4446059220147;-118.4846008627;16:42:36.58;7/13/2016;7;1.985;129.93;12.0453350093692;1.37;122.4;132.5;0.73;13.1;28.2;.00;5.95;5.95;94;55;570.2;16.3;-3.3;D;699.6;12;17.326;2;1.97;184;123.51;-118.48444517;33.4445199;0;0;1;N;0.2427423;61;61;11;88;88;122.6304;0;6.46;5.97;12.55221;2;9;23.9;0;23.8999996185303;33.84;1530.4049;07/13/16;16:39:37;22.66;51.43;33.84;-0.074;8.39;-81.2;1.2;-5.5;1732;116.8;8.29;12.4;
33.4445995908141;-118.48459373994;16:42:37.59;7/13/2016;7;1.955;129.98;12.0453350093692;1.37;124.8;134.75;-2.55;5.21;28.2;.00;6.03;6.04;94;55;570.2;16.3;-3.3;D;699.6;12;16.387;2;2.01;184;122.73;-118.48444517;33.4445199;0;0;1;N;0.4485731;45;45;11;76;76;121.1591;0;9999.99;6.02;6.147;2;9;23.9;0;23.8999996185303;33.87;1530.43727;07/13/16;16:39:38;22.66;51.48;33.87;-0.093;8.38;-80.7;1.5;-2.4;-2206;116.9;8.30;12.4;
33.4445921536113;-118.484584783476;16:42:38.59;7/13/2016;7;1.835;129.49;12.0453350093692;1.37;122.7;132.78;-1.19;6.31;28.2;.01;5.83;5.84;94;55;570.2;16.3;-3.3;D;699.6;12;15.243;2;2;184;121.81;-118.48444517;33.4445199;0;0;1;N;0.6622229;50;50;11;74;74;119.6365;0;9999.99;5.81;5.937;2;9;23.9;0;23.8999996185303;33.88;1530.44828;07/13/16;16:39:39;22.68;51.49;33.88;0.132;8.38;-80.9;1.2;-1.3;-1278;117.0;8.30;12.4;
33.4445862084808;-118.484578191285;16:42:39.59;7/13/2016;7;1.948;131.49;12.0453350093692;1.37;119.9;130.15;3.74;12.1;28.2;.01;5.66;5.66;94;55;570.2;16.3;-3.3;D;699.6;12;14.377;2;1.99;184;120.85;-118.48444517;33.4445199;0;0;1;N;0.8696945;79;79;11;79;79;118.1642;0;9999.99;5.68;5.811218;2;9;23.9;0;23.8999996185303;33.87;1530.43784;07/13/16;16:39:40;22.70;51.48;33.87;0.170;8.38;-80.5;1.5;-2.0;-3523;117.0;8.30;12.3;
33.4445782831974;-118.484570225463;16:42:40.59;7/13/2016;7;2.163;130.38;12.0453350093692;1.37;120.3;130.53;-3.07;12.9;28.2;.00;5.65;5.65;94;56;570.1;16.3;-3.4;D;688.8;12;13.296;2;2.1;184;119.23;-118.48444517;33.4445199;0;0;1;N;1.1794;43;43;11;69;69;115.9822;0;9999.99;5.65;5.775074;2;9;23.9;0;23.8999996185303;33.87;1530.43761;07/13/16;16:39:41;22.71;51.48;33.87;-0.193;8.38;-80.9;1.4;-3.1;-2268;117.1;8.31;12.4;
33.444572143072;-118.484562701019;16:42:41.59;7/13/2016;7;2.145;130.67;12.0453350093692;1.37;118.8;129.13;-5.07;2.56;28.2;.02;5.77;5.79;94;56;570.1;16.3;-3.4;D;688.8;12;12.356;2;2.1;184;118.04;-118.48444517;33.4445199;0;0;1;N;1.35091;43;43;11;72;72;114.784;0;6.69;5.72;12.537;2;9;23.9;0;23.8999996185303;33.86;1530.42746;07/13/16;16:39:42;22.73;51.47;33.86;0.149;8.39;-81.1;0.3;-1.9;-678;117.2;8.31;12.3;
33.444565296483;-118.484555900055;16:42:42.59;7/13/2016;7;1.734;134.41;12.0453350093692;1.37;117.7;128.1;2.43;9.8;28.2;.05;5.65;5.69;94;56;570.1;16.3;-3.4;D;688.8;12;11.447;2;2.11;184;116.17;-118.48444517;33.4445199;0;0;1;N;1.622709;66;66;11;65;65;112.9027;0;25.56;5.64;31.327;2;9;23.9;0;23.8999996185303;33.84;1530.40848;07/13/16;16:39:43;22.73;51.44;33.84;0.414;8.38;-80.7;1.2;-6.9;-2607;117.3;8.31;12.4;
33.4445608991117;-118.48454867232;16:42:43.59;7/13/2016;7;1.646;134.41;12.0453350093692;1.37;111.9;122.7;0.45;12.8;28.2;.03;5.59;5.62;94;54;570.1;16.3;-3.3;D;704.7;12;10.631;2;2.06;184;115.39;-118.48444517;33.4445199;0;0;1;N;1.6592;61;61;11;82;82;112.6513;0;6.25;5.61;11.987;2;9;23.9;0;23.8999996185303;33.83;1530.3961;07/13/16;16:39:44;22.73;51.42;33.83;0.174;8.38;-81.0;1.3;-4.7;-1261;117.3;8.32;12.3;
33.4445537867844;-118.484540854843;16:42:44.59;7/13/2016;7;2.1;129.9;12.0453350093692;1.37;109.9;120.84;1.24;12.4;28.2;.00;5.35;5.35;94;54;570.1;16.3;-3.3;D;704.7;12;9.645;2;2.05;184;113;-118.48444517;33.4445199;0;0;1;N;1.910884;64;64;11;87;87;110.935;0;9999.99;5.35;5.481781;2;9;23.9;0;23.8999996185303;33.83;1530.39533;07/13/16;16:39:45;22.71;51.43;33.83;0.064;8.39;-81.3;1.4;-2.2;-1622;117.4;8.33;12.3;
33.4445471476244;-118.484529905378;16:42:45.59;7/13/2016;7;1.957;121.1;12.0453350093692;1.37;108.9;119.91;-0.86;12.2;28.1;.00;5.57;5.57;94;54;570.1;16.3;-3.3;D;704.7;12;8.426;2;2.03;184;111.08;-118.48444517;33.4445199;0;0;1;N;1.947528;54;54;11;87;87;110.6865;0;9999.99;5.56;5.690596;2;9;23.9;0;23.8999996185303;33.85;1530.41545;07/13/16;16:39:46;22.70;51.46;33.85;-0.182;8.39;-81.5;1.0;-3.8;-3692;117.5;8.33;12.5;
33.4445402028091;-118.48451872861;16:42:46.63;7/13/2016;7;2.006;118.81;12.0453350093692;1.37;108.4;119.45;-3.53;2.73;28.1;.00;5.21;5.21;94;54;570.1;16.3;-3.3;D;704.7;12;7.189;2;1.91;184;108.3;-118.48444517;33.4445199;0;0;1;N;1.996863;43;43;11;91;91;110.3541;0;5.58;5.18;10.887;2;9;23.9;0;23.8999996185303;33.86;1530.42638;07/13/16;16:39:47;22.70;51.47;33.86;0.029;8.40;-82.2;1.6;-3.2;-1406;117.6;8.34;12.3;
33.4445344872575;-118.484508274486;16:42:47.63;7/13/2016;7;1.97;118.81;12.0453350093692;1.78;109.6;120.56;0.89;10.9;28.1;.01;5.06;5.06;94;52;570.0;16.3;-3.1;D;741.9;12;6.076;2;1.95;184;105.48;-118.48444517;33.4445199;0;0;1;N;1.973473;62;62;11;87;87;110.5125;0;53.18;5.05;58.357;2;9;23.9;0;23.8999996185303;33.88;1530.44876;07/13/16;16:39:48;22.72;51.49;33.88;0.181;8.40;-82.1;0.6;-4.1;-3662;117.7;8.35;12.4;
33.444531086495;-118.484498787303;16:42:48.64;7/13/2016;8;2.002;119.14;12.0453350093692;1.78;111.9;122.7;1.05;11.5;28.1;.00;4.87;4.87;94;52;570.0;16.3;-3.1;D;741.9;12;5.128;2;1.97;184;104.04;-118.48444517;33.4445199;0;0;1;N;1.786435;69;69;11;88;88;111.7831;0;36.90;4.89;41.91893;2;9;23.9;0;23.8999996185303;33.87;1530.43792;07/13/16;16:39:49;22.74;51.48;33.87;0.042;8.41;-82.6;1.8;-5.7;-2707;117.8;8.35;12.4;
33.4445257710384;-118.484487056247;16:42:49.64;7/13/2016;8;1.879;119.13;12.0453350093692;1.37;109.5;120.47;-1.57;6.57;28.1;.00;4.79;4.79;94;56;570.0;16.3;-3.4;D;688.4;12;3.942;2;2;184;99.54;-118.48444517;33.4445199;0;0;1;N;1.665687;48;48;11;96;96;112.6084;0;9999.99;4.78;4.908783;2;9;23.9;0;23.8999996185303;33.87;1530.43739;07/13/16;16:39:50;22.76;51.49;33.87;-0.175;8.42;-82.9;0.9;-4.6;-2819;118.1;8.37;12.4;
33.4445190363;-118.484477845121;16:42:50.64;7/13/2016;8;1.739;118.26;12.0453350093692;1.37;107.1;118.25;0.17;9.8;28.2;.00;4.19;4.20;94;56;570.0;16.3;-3.4;D;688.4;12;3.035;2;1.91;184;88.19;-118.48444517;33.4445199;0;0;1;N;1.806217;58;58;11;101;101;111.6469;0;9999.99;4.19;4.319545;2;9;23.9;0;23.8999996185303;33.88;1530.44816;07/13/16;16:39:51;22.79;51.49;33.88;-0.015;8.41;-82.6;0.2;-1.2;-4307;118.4;8.39;12.4;
33.4445127072211;-118.484468511943;16:42:51.64;7/13/2016;8;1.922;117.79;12.0453350093692;1.37;110;120.93;0.12;11.4;28.2;.00;4.31;4.31;94;56;570.0;16.3;-3.4;D;688.4;12;2.308;2;1.91;184;69.73;-118.48444517;33.4445199;0;0;1;N;1.889545;58;58;11;88;88;111.0775;0;9999.99;4.32;4.447;2;9;23.9;0;23.8999996185303;33.87;1530.43727;07/13/16;16:39:52;22.81;51.48;33.87;-0.051;8.42;-83.3;1.3;-1.3;-924;118.8;8.41;12.3;
33.4445055825441;-118.484458209667;16:42:52.67;7/13/2016;8;2.009;121.52;12.0453350093692;1.37;108.7;119.73;-1.6;5.7;28.2;.00;4.28;4.29;94;54;570.0;16.3;-3.3;D;704.7;13;180.302;2;1.95;184;307.64;-118.48599707;33.44549575;0;0;1;N;2.013451;47;47;11;5;5;321.0688;0;9999.99;4.27;4.396906;2;9;23.9;0;23.8999996185303;33.88;1530.44838;07/13/16;16:39:53;22.83;51.50;33.88;-0.072;8.42;-83.3;0.8;-4.1;-2464;119.1;8.43;12.4;
33.4445003413497;-118.484447308635;16:42:53.67;7/13/2016;8;2.186;122.81;12.0453350093692;1.37;106.6;117.78;1.93;9.1;28.2;.00;4.18;4.18;94;54;570.0;16.3;-3.3;D;704.7;13;181.459;2;2.02;184;307.59;-118.48599707;33.44549575;0;0;1;N;1.875772;69;69;11;5;5;317.678;0;9999.99;4.18;4.307;2;9;23.9;0;23.8999996185303;33.88;1530.44839;07/13/16;16:39:54;22.86;51.49;33.88;0.048;8.42;-83.3;0.3;-5.7;-1972;119.5;8.46;12.3;
33.4444940437883;-118.484437924861;16:42:54.67;7/13/2016;8;1.964;123.55;12.0453350093692;1.37;98.8;110.57;-0.39;12.2;28.1;.00;4.11;4.12;94;54;570.0;16.3;-3.3;D;704.7;13;182.576;2;2.01;184;307.6;-118.48599707;33.44549575;0;0;1;N;1.923387;55;55;11;5;5;316.0483;0;9999.99;4.13;4.257;2;9;23.9;0;23.8999996185303;33.88;1530.44829;07/13/16;16:39:55;22.88;51.49;33.88;-0.166;8.42;-83.4;0.8;-1.3;-1175;119.9;8.48;12.4;
33.4444906867373;-118.484427686134;16:42:55.67;7/13/2016;8;1.989;114.05;12.0453350093692;1.37;89;101.5;0.33;3.31;28.2;.00;3.94;3.94;94;54;570.0;16.3;-3.3;D;704.7;13;183.557;2;1.96;184;307.51;-118.48599707;33.44549575;0;0;1;N;1.664338;56;56;11;5;5;313.8166;0;23.27;3.93;27.327;2;9;23.9;0;23.8999996185303;33.87;1530.43741;07/13/16;16:39:56;22.90;51.49;33.87;-0.020;8.43;-83.7;0.9;-2.4;-2471;120.3;8.50;12.4;
33.4444882330344;-118.484416798348;16:42:56.67;7/13/2016;8;1.866;108.77;12.0453350093692;1.37;84.5;97.32;1.3;13.1;28.1;.00;3.63;3.64;94;56;569.9;16.3;-3.4;D;687.1;13;184.525;2;1.96;184;307.38;-118.48599707;33.44549575;0;0;1;N;1.290556;70;70;11;5;5;311.7019;0;9999.99;3.66;3.790537;2;9;24;0;24;33.88;1530.69626;07/13/16;16:39:57;22.92;51.49;33.88;-0.014;8.43;-83.8;1.3;-4.6;-1534;120.7;8.53;12.4;
33.4444864928418;-118.484406574194;16:42:57.67;7/13/2016;8;1.853;102.8;12.0453350093692;1.37;74.6;88.07;1.21;11.4;28.1;.00;3.59;3.59;94;56;569.9;16.3;-3.4;D;687.1;13;185.396;2;1.89;184;307.25;-118.48599707;33.44549575;0;0;1;N;0.8905348;64;64;11;5;5;309.9445;0;9999.99;3.59;3.717034;2;9;24;0;24;33.87;1530.68545;07/13/16;16:39:58;22.94;51.48;33.87;-0.169;8.44;-84.0;1.1;57.1;73950;121.2;8.56;12.4;
33.4444862937324;-118.484397120583;16:42:58.67;7/13/2016;8;1.696;98.03;12.0453350093692;1.37;62.3;76.44;1.56;11.9;28.1;.00;3.60;3.60;94;56;569.9;16.3;-3.4;D;687.1;13;186.109;2;1.82;184;307.09;-118.48599707;33.44549575;0;0;1;N;0.3811908;69;69;11;5;5;308.1713;0;9999.99;3.62;3.747;2;9;24;0;24;33.88;1530.69623;07/13/16;16:39:59;22.96;51.49;33.88;-0.097;8.43;-83.4;0.5;-0.1;-2091;121.6;8.58;12.3;
33.4444880198566;-118.484387255864;16:42:59.67;7/13/2016;8;1.814;86.91;12.0453350093692;1.37;56.1;70.5;1.31;8.8;28.2;.00;3.57;3.58;94;56;569.9;16.3;-3.4;D;678.6;13;186.724;2;1.82;184;306.88;-118.48599707;33.44549575;0;0;1;N;0.3045512;65;65;11;5;5;306.1194;0;34.55;3.58;38.25605;2;9;24;0;24;33.86;1530.67452;07/13/16;16:40:00;22.98;51.47;33.86;-0.151;8.44;-84.3;1.0;-2.3;-3097;122.0;8.61;12.3;
33.444490620668;-118.484377393717;16:43:00.67;7/13/2016;8;1.919;83.44;12.0453350093692;1.37;47.4;62.07;2.52;14;28.1;.00;3.46;3.47;94;56;569.9;16.3;-3.4;D;678.6;13;187.284;2;1.86;184;306.64;-118.48599707;33.44549575;0;0;1;N;1.075774;72;72;11;5;5;304.0408;0;46.36;3.48;49.97228;2;9;24;0;24;33.87;1530.68522;07/13/16;16:40:01;23.00;51.48;33.87;-0.103;8.44;-84.3;1.0;-4.7;-2481;122.4;8.64;12.4;
33.444493964678;-118.484368405527;16:43:01.67;7/13/2016;8;1.904;70.59;12.0453350093692;1.37;43.6;58.36;2.72;12.7;28.1;.00;3.63;3.64;94;56;569.9;16.3;-3.4;D;678.6;13;187.733;2;1.88;184;306.4;-118.48599707;33.44549575;0;0;1;N;1.885042;73;73;11;5;5;302.0148;0;9999.99;3.65;3.777;2;9;24;0;24;33.86;1530.67443;07/13/16;16:40:02;23.01;51.47;33.86;-0.157;8.43;-84.0;0.1;-3.1;-2552;122.8;8.67;12.3;
33.444499105287;-118.484359371;16:43:02.67;7/13/2016;8;1.736;66.59;12.0453350093692;1.37;26;40.88;2.12;14.9;28.1;.00;3.36;3.36;94;56;569.9;16.3;-3.4;D;678.6;13;188.071;2;1.83;184;306.1;-118.48599707;33.44549575;0;0;1;N;2.842;70;70;11;5;5;299.7196;0;9999.99;3.38;3.502419;2;9;24;0;24;33.86;1530.67456;07/13/16;16:40:03;23.02;51.47;33.86;-0.148;8.43;-83.9;1.2;-1.7;297;123.2;8.69;12.4;
33.4445047822336;-118.484353559172;16:43:03.69;7/13/2016;8;1.832;50.81;12.0453350093692;1.37;17.6;32.41;2.47;12.4;28.1;.00;3.49;3.49;94;55;569.8;16.3;-3.4;D;695.3;13;188.137;2;1.77;185;305.85;-118.48599707;33.44549575;0;0;1;N;3.660055;72;72;11;5;5;297.71;0;9999.99;3.51;3.634771;2;9;24;0;24;33.86;1530.67435;07/13/16;16:40:04;23.03;51.47;33.86;-0.177;8.44;-84.4;1.7;-6.5;-576;123.6;8.72;12.2;
33.4445115202152;-118.484347063727;16:43:04.69;7/13/2016;8;1.979;45.19;12.0453350093692;1.37;8.2;22.87;2.26;12.3;28.1;.00;3.50;3.50;94;55;569.8;16.3;-3.4;D;695.3;13;188.189;2;1.82;185;305.56;-118.48599707;33.44549575;0;0;1;N;4.621754;71;71;11;5;5;295.371;0;9999.99;3.52;3.647846;2;9;24;0;24;33.84;1530.65258;07/13/16;16:40:05;23.03;51.45;33.84;-0.155;8.44;-84.2;0.1;-5.7;-3089;123.9;8.74;12.4;
33.4445193248659;-118.484341440743;16:43:05.70;7/13/2016;8;2.002;39.03;12.0453350093692;1.37;359.6;14.09;1.58;15;28.1;.00;3.57;3.58;94;57;569.8;16.3;-3.5;D;676.4;13;188.111;2;1.78;185;305.25;-118.48599707;33.44549575;0;0;1;N;5.651053;67;67;11;5;5;292.773;0;9999.99;3.59;3.720686;2;9;24;0;24;33.84;1530.65275;07/13/16;16:40:06;23.03;51.44;33.84;-0.149;8.44;-84.4;1.3;-3.4;-1429;124.3;8.77;12.3;
33.4445281463944;-118.484337899321;16:43:06.70;7/13/2016;8;1.806;29.65;12.0453350093692;1.37;350.7;4.98;2.06;15.6;28.2;.00;3.69;3.69;94;57;569.8;16.3;-3.5;D;676.4;13;187.816;2;1.77;185;304.95;-118.48599707;33.44549575;0;0;1;N;6.627207;69;69;11;5;5;290.0476;0;9999.99;3.71;3.833121;2;9;24;0;24;33.83;1530.64173;07/13/16;16:40:07;23.02;51.44;33.83;-0.103;8.44;-84.4;0.2;-3.9;-2697;124.6;8.79;12.4;
33.4445335975417;-118.48433928964;16:43:07.70;7/13/2016;8;1.633;15.84;12.0453350093692;1.37;342.3;356.38;2.46;14.1;28.2;.00;3.82;3.82;94;57;569.8;16.3;-3.5;D;676.4;13;187.364;2;1.79;185;304.82;-118.48599707;33.44549575;0;0;1;N;7.043684;72;72;11;5;5;288.4041;0;28.93;3.83;32.89019;2;9;24;0;24;33.85;1530.66345;07/13/16;16:40:08;23.01;51.46;33.85;-0.164;8.44;-84.5;0.8;-3.3;-1694;124.9;8.81;12.4;
33.4445420033583;-118.484338961527;16:43:08.72;7/13/2016;8;1.78;15.84;12.0453350093692;1.37;332.2;346.06;1.91;13.9;28.1;.00;3.88;3.88;94;58;569.8;16.2;-3.5;D;665.9;13;186.856;2;1.79;186;304.58;-118.48599707;33.44549575;0;0;1;N;7.827343;68;68;11;5;5;285.5961;0;35.59;3.90;39.61394;2;9;24;0;24;33.85;1530.66344;07/13/16;16:40:09;23.02;51.46;33.85;-0.183;8.43;-84.0;0.7;-3.6;-3100;125.2;8.83;12.4;
33.4445460491506;-118.484344013449;16:43:09.72;7/13/2016;8;1.687;4.62;12.0453350093692;1.37;318;331.61;1.29;15.5;28.1;.00;4.05;4.06;94;58;569.8;16.2;-3.5;D;665.9;13;186.215;2;1.76;186;304.55;-118.48599707;33.44549575;0;0;1;N;7.929605;63;63;11;5;5;284.1671;0;51.71;4.07;55.90702;2;9;24;0;24;33.85;1530.66345;07/13/16;16:40:10;23.02;51.45;33.85;-0.131;8.44;-84.1;0.9;-1.4;-3336;125.5;8.85;12.4;
33.4445529219172;-118.484346638451;16:43:10.72;7/13/2016;8;1.81;341.96;12.0453350093692;1.37;313.2;326.74;1.25;13.3;28.2;.00;4.13;4.13;94;60;569.7;16.2;-3.6;D;643.8;13;185.582;2;1.77;186;304.4;-118.48599707;33.44549575;0;0;1;N;8.39599;66;66;11;5;5;281.5956;0;27.48;4.14;31.75028;2;9;24;0;24;33.85;1530.66333;07/13/16;16:40:11;23.02;51.46;33.85;-0.097;8.43;-84.0;0.8;0.0;1455;125.7;8.87;12.4;
33.4445599481487;-118.484351411032;16:43:11.72;7/13/2016;8;1.723;340.75;12.0453350093692;1.37;301.9;315.3;1.16;14.1;28.1;.00;4.22;4.22;94;60;569.7;16.2;-3.6;D;643.8;13;184.776;2;1.81;186;304.27;-118.48599707;33.44549575;0;0;1;N;8.773974;63;63;11;5;5;278.5482;0;31.37;4.22;35.72536;2;9;24;0;24;33.85;1530.66331;07/13/16;16:40:12;23.02;51.45;33.85;-0.160;8.43;-83.9;0.4;0.0;-2400;126.0;8.89;12.3;
33.4445659269984;-118.484356822937;16:43:12.73;7/13/2016;8;1.806;327.95;12.0453350093692;1.37;295.9;309.23;1.18;9.2;28.1;.00;4.35;4.35;94;60;569.7;16.2;-3.6;D;643.8;13;183.986;2;1.79;186;304.19;-118.48599707;33.44549575;0;0;1;N;9.016368;66;66;11;5;5;275.4697;0;48.36;4.37;52.8508;2;9;24;0;24;33.84;1530.65242;07/13/16;16:40:13;23.02;51.45;33.84;-0.099;8.43;-84.0;1.1;-4.5;-2128;126.2;8.90;12.4;
33.4445733209293;-118.484364906505;16:43:13.73;7/13/2016;8;2.127;320.29;12.0453350093692;1.37;287;300.24;1.58;13.1;28.1;.00;4.48;4.49;94;59;569.7;16.2;-3.6;D;648.6;13;182.904;2;1.83;186;304.11;-118.48599707;33.44549575;0;0;1;N;9.237514;65;65;11;9;9;270.9703;0;52.32;4.49;56.93682;2;9;24.1;0;24;33.83;1530.64154;07/13/16;16:40:14;23.01;51.44;33.83;-0.180;8.43;-83.9;1.1;-1.7;-2995;126.4;8.92;12.3;
33.444578513535;-118.484373848027;16:43:14.75;7/13/2016;8;1.947;315.03;12.0453350093692;1.37;280.4;293.55;1.36;14.3;28.1;.00;4.50;4.50;94;59;569.7;16.2;-3.6;D;648.6;13;181.893;2;1.86;187;304.11;-118.48599707;33.44549575;0;0;1;N;9.21324;63;63;11;18;18;266.557;0;36.57;4.51;41.20554;2;9;24;0;24;33.84;1530.65254;07/13/16;16:40:15;23.00;51.44;33.84;-0.087;8.43;-83.7;0.5;-3.0;-1811;126.6;8.94;12.4;
33.4445833161531;-118.484385214957;16:43:15.75;7/13/2016;8;1.99;308.23;12.0453350093692;1.37;270.8;283.8;1.11;12.6;28.1;.00;4.44;4.44;94;59;569.7;16.2;-3.6;D;648.6;13;180.721;2;1.85;187;304.15;-118.48599707;33.44549575;0;0;1;N;9.013433;65;65;11;27;27;260.6029;0;9999.99;4.45;4.577817;2;9;24.1;0;24;33.82;1530.63072;07/13/16;16:40:16;22.99;51.42;33.82;-0.088;8.44;-84.1;1.4;1.8;-2118;126.8;8.95;12.4;
33.4445871352268;-118.484395209657;16:43:16.77;7/13/2016;8;1.961;301.39;12.0453350093692;1.37;265.5;278.39;-0.06;17.3;28.1;.00;4.74;4.74;94;59;569.7;16.2;-3.6;D;648.6;13;179.715;2;1.85;187;304.21;-118.48599707;33.44549575;0;0;1;N;8.806981;57;57;11;50;50;259.2522;0;9999.99;4.75;4.873104;2;9;24.1;0;24.1000003814697;33.83;1530.88871;07/13/16;16:40:17;22.97;51.42;33.83;-0.151;8.43;-83.7;0.8;-0.1;-933;126.9;8.96;12.3;
33.4445889304821;-118.484406831825;16:43:17.77;7/13/2016;8;1.995;301.39;12.0453350093692;1.37;261.7;274.5;0.14;12.2;28.1;.00;4.93;4.93;94;61;569.6;16.2;-3.7;D;631.1;13;178.712;2;1.94;187;304.35;-118.48599707;33.44549575;0;0;1;N;8.341812;58;58;11;72;72;260.8079;0;9999.99;4.92;5.042732;2;9;24.1;0;24.1000003814697;33.82;1530.87783;07/13/16;16:40:18;22.95;51.42;33.82;-0.183;8.43;-83.6;0.9;-2.9;-1798;127.0;8.97;12.4;
33.4445893227183;-118.484414027739;16:43:18.77;7/13/2016;8;1.773;296.15;12.0453350093692;1.37;258.6;271.33;0.15;10.1;28;.00;5.15;5.15;94;61;569.6;16.2;-3.7;D;631.1;13;178.136;2;1.86;187;304.46;-118.48599707;33.44549575;0;0;1;N;7.979709;58;58;11;90;90;262.0799;0;9999.99;5.16;5.283062;2;9;24.1;0;24.1000003814697;33.82;1530.87792;07/13/16;16:40:19;22.93;51.42;33.82;-0.010;8.43;-83.9;1.3;-3.6;-1847;127.1;8.98;12.4;
33.4445908081477;-118.484424637501;16:43:19.77;7/13/2016;8;1.819;285.77;12.0453350093692;1.37;260.6;273.38;-0.79;8.7;28.1;.00;5.22;5.23;94;61;569.6;16.2;-3.7;D;631.1;13;177.231;2;1.85;187;304.59;-118.48599707;33.44549575;0;0;1;N;7.497288;53;53;11;89;89;263.8625;0;39.14;5.22;44.48449;2;9;24.1;0;24.1000003814697;33.83;1530.88887;07/13/16;16:40:20;22.91;51.43;33.83;-0.056;8.43;-83.5;0.9;-5.2;-2321;127.1;8.99;12.3;
33.4445916037148;-118.484430616869;16:43:20.77;7/13/2016;8;1.676;280.5;12.0453350093692;1.37;259.6;272.35;-1.89;8;28.1;.00;5.28;5.28;94;61;569.6;16.2;-3.7;D;631.1;13;176.725;2;1.85;187;304.67;-118.48599707;33.44549575;0;0;1;N;7.243768;46;46;11;97;97;264.8474;0;9999.99;5.27;5.39249;2;9;24.1;0;24.1000003814697;33.83;1530.88883;07/13/16;16:40:21;22.89;51.42;33.83;-0.029;8.43;-83.6;0.4;-1.6;-2528;127.2;8.99;12.5;
33.4445926543179;-118.484441989084;16:43:21.77;7/13/2016;8;1.927;275.5;12.0453350093692;1.37;262.8;275.63;0.94;12.3;28.1;.00;5.41;5.42;94;54;569.6;16.3;-3.3;D;704.2;13;175.791;2;1.94;187;304.84;-118.48599707;33.44549575;0;0;1;N;6.699542;63;63;11;93;93;267.0582;0;34.44;5.42;39.987;2;9;24.1;0;24.1000003814697;33.83;1530.88874;07/13/16;16:40:22;22.88;51.43;33.83;0.075;8.43;-83.5;1.5;0.1;-2005;127.2;8.99;12.4;
33.4445914808104;-118.48445141417;16:43:22.77;7/13/2016;8;1.941;273.08;12.0453350093692;1.37;264.5;277.37;-0.97;6.2;28;.00;5.52;5.52;94;54;569.6;16.3;-3.3;D;704.2;13;175.149;2;1.92;187;305.04;-118.48599707;33.44549575;0;0;1;N;6.057615;51;51;11;97;97;269.8712;0;41.78;5.51;47.417;2;9;24;0;24.1000003814697;33.83;1530.88877;07/13/16;16:40:23;22.86;51.42;33.83;-0.143;8.43;-83.5;1.1;-4.9;-1197;127.2;9.00;12.4;
33.444592215696;-118.484460844801;16:43:23.78;7/13/2016;8;1.604;273.08;12.0453350093692;1.37;264.6;277.47;0.15;13.1;28.1;.01;5.42;5.42;94;54;569.6;16.3;-3.3;D;704.2;13;174.386;2;1.95;187;305.18;-118.48599707;33.44549575;0;0;1;N;5.599539;57;57;11;108;108;272.0143;0;9999.99;5.41;5.541183;2;9;24.1;0;24.1000003814697;33.81;1530.86747;07/13/16;16:40:24;22.84;51.40;33.81;-0.057;8.43;-83.6;1.0;-6.7;-2277;127.2;9.00;12.3;
33.4445931747484;-118.484469832009;16:43:24.80;7/13/2016;8;1.646;275.21;12.0453350093692;1.37;267.8;280.74;0.15;11.5;28;.00;5.51;5.51;94;54;569.5;16.2;-3.3;D;707.1;13;173.644;2;1.9;187;305.31;-118.48599707;33.44549575;0;0;1;N;5.181838;58;58;11;100;100;274.0705;0;9999.99;5.51;5.632174;2;9;24;0;24.1000003814697;33.81;1530.86753;07/13/16;16:40:25;22.81;51.41;33.81;-0.121;8.42;-83.3;1.7;-4.2;-1429;127.2;9.01;12.5;
33.4445938110216;-118.484480206311;16:43:25.80;7/13/2016;8;1.903;276.58;12.0453350093692;1.37;268.4;281.35;0.47;8;28;.00;5.69;5.69;94;54;569.5;16.2;-3.3;D;707.1;13;172.818;2;1.91;187;305.47;-118.48599707;33.44549575;0;0;1;N;4.661403;60;60;11;109;109;276.7743;0;9999.99;5.69;5.817;2;9;24;0;24;33.81;1530.61987;07/13/16;16:40:26;22.79;51.40;33.81;-0.111;8.41;-82.8;1.3;-3.7;1098;127.2;9.02;12.3;
33.4445963411592;-118.484489225558;16:43:26.80;7/13/2016;8;1.83;280.52;12.0453350093692;1.37;269.8;282.78;0.38;8.7;28;.00;5.71;5.71;94;54;569.5;16.2;-3.3;D;707.1;13;171.973;2;1.93;187;305.56;-118.48599707;33.44549575;0;0;1;N;4.373157;59;59;11;111;111;278.3391;0;9999.99;5.71;5.837;2;9;24;0;24;33.82;1530.63073;07/13/16;16:40:27;22.76;51.41;33.82;-0.117;8.42;-82.9;0.7;-0.7;-2903;127.2;9.02;12.5;
33.4446000252683;-118.484499470227;16:43:27.80;7/13/2016;8;1.942;284.4;12.0453350093692;1.37;272;285.02;-0.38;5.31;28;.00;5.75;5.75;94;54;569.5;16.2;-3.3;D;707.1;13;170.962;2;1.93;187;305.63;-118.48599707;33.44549575;0;0;1;N;4.133185;55;55;11;104;104;279.6803;0;9999.99;5.75;5.877;2;9;24;0;24;33.83;1530.64155;07/13/16;16:40:28;22.74;51.43;33.83;-0.055;8.40;-81.9;0.8;-5.4;-2360;127.1;9.01;12.4;
33.444603051286;-118.484509257423;16:43:28.80;7/13/2016;8;1.84;286.22;12.0453350093692;1.37;274.4;287.46;1.01;8.1;28;.00;5.68;5.69;94;57;569.5;16.2;-3.4;D;677.1;13;170.028;2;1.91;187;305.72;-118.48599707;33.44549575;0;0;1;N;3.845536;63;63;11;102;102;281.3302;0;9999.99;5.69;5.814859;2;9;24;0;24;33.84;1530.65256;07/13/16;16:40:29;22.72;51.43;33.84;0.023;8.40;-81.8;1.3;-1.7;-2135;126.9;9.00;12.4;
33.4446066961895;-118.484517592059;16:43:29.80;7/13/2016;8;1.711;286.22;12.0453350093692;1.37;274.7;287.77;-0.63;7.8;28.1;.00;5.86;5.86;94;57;569.5;16.2;-3.4;D;677.1;13;169.164;2;1.87;187;305.76;-118.48599707;33.44549575;0;0;1;N;3.697913;53;53;11;105;105;282.1953;0;9999.99;5.86;5.987;2;9;24;0;24;33.83;1530.6417;07/13/16;16:40:30;22.71;51.42;33.83;-0.089;8.39;-81.1;1.3;-2.7;-1843;126.8;9.00;12.4;
33.4446109041976;-118.484524984796;16:43:30.80;7/13/2016;8;1.793;292.8;12.0453350093692;1.37;274.1;287.16;-0.43;6.02;28;.00;5.77;5.77;94;57;569.5;16.2;-3.4;D;677.1;13;168.334;2;1.88;187;305.77;-118.48599707;33.44549575;0;0;1;N;3.658962;52;52;11;109;109;282.4245;0;9999.99;5.75;5.881043;2;9;24;0;24;33.82;1530.63093;07/13/16;16:40:31;22.70;51.41;33.82;-0.090;8.39;-81.4;0.7;-0.1;1735;126.6;8.98;12.4;
33.4446135486098;-118.484534082529;16:43:31.80;7/13/2016;9;1.954;292.75;12.0453350093692;1.37;279.8;292.94;-0.03;7.49;28.2;.01;5.84;5.84;94;54;569.4;16.2;-3.3;D;703.8;13;167.477;2;1.87;187;305.86;-118.48599707;33.44549575;0;0;1;N;3.376208;57;57;11;92;92;284.1221;0;9999.99;5.84;5.970027;2;9;24;0;24;33.84;1530.65267;07/13/16;16:40:32;22.69;51.43;33.84;0.008;8.39;-81.5;1.5;-5.1;-2667;126.3;8.97;12.3;
33.4446154752371;-118.484544877708;16:43:32.80;7/13/2016;9;1.976;293.94;12.0453350093692;1.37;278.6;291.73;-0.48;11.1;28.1;.01;6.00;6.00;94;54;569.4;16.2;-3.3;D;703.8;13;166.540;2;1.9;187;306;-118.48599707;33.44549575;0;0;1;N;2.950156;54;54;11;107;107;286.7607;0;9999.99;5.99;6.117;2;9;24;0;24;33.83;1530.64222;07/13/16;16:40:33;22.67;51.42;33.83;-0.079;8.39;-81.0;1.0;-2.6;-1882;126.1;8.95;12.3;
33.4446191614316;-118.484553807954;16:43:33.80;7/13/2016;8;1.618;297.31;12.0453350093692;1.37;279.7;292.84;-0.01;8.6;28.1;.00;5.93;5.93;94;54;569.4;16.2;-3.3;D;703.8;13;165.629;2;1.96;187;306.05;-118.48599707;33.44549575;0;0;1;N;2.771512;57;57;11;107;107;287.8951;0;9999.99;5.93;6.061738;2;9;24;0;24;33.82;1530.6313;07/13/16;16:40:34;22.66;51.40;33.82;-0.042;8.39;-81.1;1.3;1.1;-2163;125.8;8.93;12.4;
33.444622168337;-118.484563036795;16:43:34.80;7/13/2016;8;1.819;296.24;12.0453350093692;1.37;285.3;298.52;-0.61;9.3;28.1;.00;6.05;6.05;94;54;569.4;16.2;-3.3;D;703.8;13;164.740;2;1.9;187;306.13;-118.48599707;33.44549575;0;0;1;N;2.512561;53;53;11;96;96;289.5678;0;9999.99;6.04;6.171551;2;9;24;0;24;33.82;1530.63085;07/13/16;16:40:35;22.63;51.41;33.82;-0.026;8.39;-81.2;1.2;-1.2;10494;125.5;8.91;12.2;
33.4446256562649;-118.484572652699;16:43:35.80;7/13/2016;8;1.884;296.81;12.0453350093692;1.37;285;298.21;0.71;7.25;28.1;.00;6.21;6.21;94;53;569.4;16.2;-3.2;D;717.9;13;163.791;2;1.86;187;306.21;-118.48599707;33.44549575;0;0;1;N;2.283199;60;60;11;92;92;291.0748;0;45.76;6.20;52.087;2;9;24;0;24;33.83;1530.64178;07/13/16;16:40:36;22.61;51.42;33.83;-0.086;8.38;-81.0;0.9;-0.2;-1283;125.1;8.89;12.4;
33.4446299077287;-118.48458236751;16:43:36.80;7/13/2016;8;2.047;300.98;12.0453350093692;1.37;287.2;300.44;-0.9;11.4;28.1;.01;6.06;6.06;94;53;569.4;16.2;-3.2;D;717.9;13;162.785;2;1.85;187;306.26;-118.48599707;33.44549575;0;0;1;N;2.117174;52;52;11;94;94;292.1799;0;45.02;6.06;51.21072;2;9;24;0;24;33.86;1530.6746;07/13/16;16:40:37;22.60;51.46;33.86;-0.101;8.39;-81.2;1.6;-3.6;-804;124.7;8.87;12.2;
33.4446339288347;-118.484591087116;16:43:37.80;7/13/2016;8;1.935;303.47;12.0453350093692;1.37;287.6;300.84;0.36;8.1;28.1;.00;6.33;6.34;94;53;569.4;16.2;-3.2;D;717.9;13;161.868;2;1.86;188;306.3;-118.48599707;33.44549575;0;0;1;N;1.987058;56;56;11;102;102;293.0549;0;45.95;6.33;52.407;2;9;24;0;24;33.86;1530.67445;07/13/16;16:40:38;22.60;51.46;33.86;-0.066;8.38;-80.8;1.0;-7.0;-3329;124.4;8.84;12.2;
33.4446387756168;-118.484598946125;16:43:38.80;7/13/2016;8;1.569;306.24;12.0453350093692;1.37;289.5;302.76;-0.16;14.3;28.1;.01;6.30;6.31;94;57;569.3;16.2;-3.5;D;667.6;13;160.961;2;1.87;188;306.3;-118.48599707;33.44549575;0;0;1;N;1.973474;56;56;11;89;89;293.1463;0;9999.99;6.31;6.433529;2;9;24;0;24;33.87;1530.68533;07/13/16;16:40:39;22.61;51.48;33.87;-0.072;8.39;-81.0;1.2;-2.8;-3046;124.1;8.82;12.4;
33.4446424241899;-118.48460639216;16:43:39.80;7/13/2016;7;1.731;302.73;12.0453350093692;1.37;290.8;304.08;-0.05;12.8;28.1;.01;6.64;6.65;94;57;569.3;16.2;-3.5;D;667.6;13;160.164;2;1.8;188;306.33;-118.48599707;33.44549575;0;0;1;N;1.880255;57;57;11;86;86;293.7768;0;44.48;6.64;51.247;2;9;24;0;24;33.84;1530.65305;07/13/16;16:40:40;22.62;51.44;33.84;-0.085;8.38;-81.0;1.7;-3.1;-1814;123.8;8.79;12.3;
33.4446453588075;-118.48461507416;16:43:40.80;7/13/2016;8;1.886;298.16;12.0453350093692;1.37;291.8;305.09;-0.64;8.7;28.1;.01;16.53;16.53;94;57;569.3;16.2;-3.5;D;667.6;13;159.322;2;1.78;188;306.41;-118.48599707;33.44549575;0;0;1;N;1.652397;53;53;11;88;88;295.333;0;9999.99;16.53;16.654;2;9;24;0;24;33.84;1530.65293;07/13/16;16:40:41;22.60;51.43;33.84;-0.074;8.38;-80.9;1.0;-6.5;-3972;123.5;8.78;12.5;
33.4446500950426;-118.484624936249;16:43:41.80;7/13/2016;8;1.847;305.39;12.0453350093692;1.37;289.5;302.76;-0.1;11.8;28;.00;6.86;6.86;94;57;569.3;16.2;-3.5;D;667.6;13;158.273;2;1.86;188;306.45;-118.48599707;33.44549575;0;0;1;N;1.525512;55;55;11;99;99;296.2073;0;9999.99;6.85;6.977;2;9;24;0;24;33.86;1530.67442;07/13/16;16:40:42;22.60;51.46;33.86;-0.071;8.39;-81.0;2.4;-1.1;-1264;123.2;8.76;12.3;
33.4446560069231;-118.484632304479;16:43:42.81;7/13/2016;8;1.533;305.39;12.0453350093692;1.37;293.9;307.21;0.4;10.5;28;.00;6.84;6.84;94;55;569.3;16.2;-3.3;D;697;13;157.333;2;1.84;188;306.41;-118.48599707;33.44549575;0;0;1;N;1.631551;59;59;11;80;80;295.477;0;9999.99;6.85;6.973493;2;9;24;0;24;33.85;1530.66357;07/13/16;16:40:43;22.60;51.45;33.85;-0.031;8.38;-80.6;1.7;-0.9;-2115;123.0;8.74;12.4;
33.4446618965232;-118.484640542861;16:43:43.88;7/13/2016;8;1.681;308.16;12.0453350093692;1.37;289.9;303.17;-0.24;10.7;28.1;.01;7.23;7.24;94;55;569.3;16.2;-3.3;D;697;13;156.329;2;1.82;188;306.38;-118.48599707;33.44549575;0;0;1;N;1.699288;56;56;11;83;83;295.0117;0;9999.99;7.23;7.357;2;9;24;0;24;33.83;1530.64213;07/13/16;16:40:45;22.58;51.43;33.83;-0.007;8.38;-80.6;1.1;-3.4;-1582;122.5;8.71;12.4;
33.4446670995175;-118.484650538485;16:43:44.89;7/13/2016;8;2.202;305.26;12.0453350093692;1.37;291.5;304.79;-0.05;10.7;28.1;.01;7.28;7.29;94;55;569.3;16.2;-3.3;D;697;13;155.239;2;1.85;188;306.41;-118.48599707;33.44549575;0;0;1;N;1.606646;59;59;11;92;92;295.6485;0;9999.99;7.29;7.414039;2;9;24;0;24;33.83;1530.64213;07/13/16;16:40:45;22.58;51.43;33.83;-0.007;8.38;-80.6;1.1;-3.4;-1582;122.5;8.71;12.4;
33.4446726190671;-118.484656862675;16:43:45.89;7/13/2016;8;1.563;305.26;12.0453350093692;1.37;292.6;305.9;0.51;11.7;28.1;.00;7.52;7.52;94;55;569.2;16.2;-3.4;D;694.9;13;154.402;2;1.82;188;306.36;-118.48599707;33.44549575;0;0;1;N;1.740091;60;60;11;82;82;294.7327;0;9999.99;7.51;7.635661;2;9;24;0;24;33.84;1530.65269;07/13/16;16:40:46;22.57;51.43;33.84;-0.134;8.38;-80.7;1.4;-1.7;-114;122.2;8.69;12.5;
33.4446776548015;-118.484664732703;16:43:46.92;7/13/2016;8;1.689;309.61;12.0453350093692;1.37;291.2;304.48;-0.62;14.7;28.1;.00;7.64;7.64;94;55;569.2;16.2;-3.4;D;694.9;13;153.482;2;1.86;188;306.35;-118.48599707;33.44549575;0;0;1;N;1.75357;58;58;11;95;95;294.6405;0;9999.99;7.65;7.779334;2;9;23.9;0;23.8999996185303;33.85;1530.41568;07/13/16;16:40:48;22.54;51.45;33.85;-0.123;8.38;-80.6;2.2;-3.1;-739;121.7;8.66;12.3;
33.4446835063024;-118.484674023208;16:43:47.92;7/13/2016;8;1.834;306.16;12.0453350093692;1.37;292.9;306.2;-0.01;8.3;28.1;.00;7.90;7.90;94;55;569.2;16.2;-3.4;D;694.9;13;152.402;2;1.89;188;306.34;-118.48599707;33.44549575;0;0;1;N;1.746768;57;57;11;81;81;294.6873;0;9999.99;7.89;8.01231;2;9;23.9;0;23.8999996185303;33.85;1530.41568;07/13/16;16:40:48;22.54;51.45;33.85;-0.123;8.38;-80.6;2.2;-3.1;-739;121.7;8.66;12.3;
33.4446869371771;-118.48468282954;16:43:48.92;7/13/2016;8;1.879;307.69;12.0453350093692;1.37;290.5;303.78;0.42;9.8;28;.00;7.98;7.98;94;55;569.2;16.2;-3.4;D;694.9;13;151.518;2;1.85;189;306.41;-118.48599707;33.44549575;0;0;1;N;1.565269;60;60;11;96;96;295.9338;0;9999.99;7.99;8.11759;2;9;23.9;0;23.8999996185303;33.84;1530.40472;07/13/16;16:40:50;22.53;51.43;33.84;-0.096;8.38;-80.8;1.4;-6.7;-3810;121.2;8.63;12.5;
33.4446920371771;-118.484689235691;16:43:49.92;7/13/2016;8;1.867;310;12.0453350093692;1.37;293.3;306.61;-0.54;11.3;28;.00;8.16;8.17;94;59;569.2;16.2;-3.6;D;648.2;13;150.703;2;1.87;189;306.37;-118.48599707;33.44549575;0;0;1;N;1.652927;54;54;11;80;80;295.3304;0;9999.99;8.16;8.289737;2;9;23.9;0;23.8999996185303;33.84;1530.40472;07/13/16;16:40:50;22.53;51.43;33.84;-0.096;8.38;-80.8;1.4;-6.7;-3810;121.2;8.63;12.5;
33.4446970076736;-118.484696939365;16:43:50.95;7/13/2016;7;1.824;310.27;12.0453350093692;1.37;293.1;306.4;-0.12;9.7;28;.00;8.53;8.53;94;59;569.2;16.2;-3.6;D;648.2;13;149.800;2;1.82;189;306.36;-118.48599707;33.44549575;0;0;1;N;1.6679;56;56;11;82;82;295.2274;0;9999.99;8.53;8.657;2;9;23.9;0;23.8999996185303;33.83;1530.39382;07/13/16;16:40:52;22.51;51.42;33.83;-0.161;8.38;-80.5;2.2;-1.5;-4902;120.8;8.60;12.3;
33.4447020643469;-118.484703763112;16:43:51.95;7/13/2016;7;1.73;312.94;12.0453350093692;1.37;293.7;307.01;-0.58;13.5;27.9;.01;8.48;8.48;94;59;569.2;16.2;-3.6;D;648.2;13;148.957;2;1.8;189;306.33;-118.48599707;33.44549575;0;0;1;N;1.736947;54;54;11;78;78;294.7545;0;9999.99;8.48;8.6045;2;9;23.9;0;23.8999996185303;33.83;1530.39382;07/13/16;16:40:52;22.51;51.42;33.83;-0.161;8.38;-80.5;2.2;-1.5;-4902;120.8;8.60;12.3;
33.4447080426071;-118.484713225929;16:43:52.95;7/13/2016;7;1.798;313.12;12.0453350093692;1.37;292.5;305.8;0.36;9.2;28;.00;8.61;8.62;94;59;569.1;16.2;-3.6;D;646.4;13;147.856;2;1.86;189;306.33;-118.48599707;33.44549575;0;0;1;N;1.740715;59;59;11;82;82;294.7287;0;9999.99;8.61;8.737267;2;9;23.9;0;23.8999996185303;33.84;1530.4049;07/13/16;16:40:54;22.49;51.44;33.84;-0.111;8.38;-80.6;1.6;-1.2;-897;120.5;8.58;12.4;
33.4447108321144;-118.484721659588;16:43:53.95;7/13/2016;7;1.685;309.11;12.0453350093692;1.37;296;309.34;-0.2;10.5;28;.00;8.58;8.58;94;59;569.1;16.2;-3.6;D;646.4;13;147.042;2;1.85;189;306.41;-118.48599707;33.44549575;0;0;1;N;1.506574;56;56;11;75;75;296.3392;0;28.68;8.58;37.387;2;9;23.9;0;23.8999996185303;33.84;1530.4049;07/13/16;16:40:54;22.49;51.44;33.84;-0.111;8.38;-80.6;1.6;-1.2;-897;120.5;8.58;12.4;
33.4447139898743;-118.484730857305;16:43:54.97;7/13/2016;7;1.876;310.13;12.0453350093692;1.37;292.6;305.9;-0.07;14.9;28;.01;8.23;8.24;94;58;569.1;16.2;-3.5;D;663.6;13;146.147;2;1.88;189;306.5;-118.48599707;33.44549575;0;0;1;N;1.28035;57;57;11;95;95;297.9121;0;9999.99;8.23;8.356999;2;9;23.9;0;23.8999996185303;33.83;1530.39425;07/13/16;16:40:56;22.48;51.41;33.83;0.005;8.38;-80.5;1.8;-4.5;-3658;120.1;8.55;12.3;
33.4447199099961;-118.484740197644;16:43:55.98;7/13/2016;7;1.871;307.48;12.0453350093692;1.37;296.4;309.74;-0.73;9.6;28;.00;8.77;8.77;94;58;569.1;16.2;-3.5;D;663.6;13;145.058;2;1.89;189;306.49;-118.48599707;33.44549575;0;0;1;N;1.279244;53;53;11;85;85;297.9199;0;9999.99;8.77;8.894337;2;9;23.9;0;23.8999996185303;33.83;1530.39425;07/13/16;16:40:56;22.48;51.41;33.83;0.005;8.38;-80.5;1.8;-4.5;-3658;120.1;8.55;12.3;
33.4447304917982;-118.484747014024;16:43:57.00;7/13/2016;7;2.626;319.84;12.0453350093692;1.37;296.4;309.74;0.31;14.3;27.9;.00;9.04;9.05;94;58;569.1;16.2;-3.5;D;663.6;13;143.851;2;1.88;189;306.27;-118.48599707;33.44549575;0;0;1;N;1.832251;59;59;11;64;64;294.1044;0;9999.99;9.03;9.159721;2;9;23.9;0;23.8999996185303;33.83;1530.39395;07/13/16;16:40:58;22.45;51.42;33.83;-0.062;8.38;-80.7;1.1;0.3;-1061;119.8;8.54;12.3;
33.4447389495764;-118.48475202113;16:43:58.05;7/13/2016;7;2.004;319.84;12.0453350093692;1.37;294.1;307.42;-0.6;10.8;28;.01;8.91;8.92;94;58;569.1;16.2;-3.5;D;663.6;13;142.921;2;1.87;189;306.07;-118.48599707;33.44549575;0;0;1;N;2.310023;56;56;11;62;62;290.8986;0;9999.99;8.91;9.040861;2;9;23.9;0;23.8999996185303;33.83;1530.39395;07/13/16;16:40:58;22.45;51.42;33.83;-0.062;8.38;-80.7;1.1;0.3;-1061;119.8;8.54;12.3;
33.4447442569121;-118.484755840924;16:43:59.06;7/13/2016;7;1.801;318.75;12.0453350093692;1.37;292.8;306.1;-1.15;4.98;27.9;.01;9.10;9.11;94;61;569.1;16.2;-3.7;D;630.2;13;142.288;2;1.88;190;305.96;-118.48599707;33.44549575;0;0;1;N;2.572851;50;50;11;59;59;289.1767;0;9999.99;9.09;9.219158;2;9;23.9;0;23.8999996185303;33.82;1530.38337;07/13/16;16:40:59;22.44;51.41;33.82;-0.165;8.38;-80.6;1.4;-5.7;-218;119.6;8.53;12.4;
33.4447500698624;-118.484763446939;16:44:00.06;7/13/2016;7;1.824;317.02;12.0453350093692;1.37;293.9;307.21;0.75;13;28;.00;9.32;9.32;94;61;569.1;16.2;-3.7;D;630.2;13;141.337;2;1.82;190;305.92;-118.48599707;33.44549575;0;0;1;N;2.664052;61;61;11;52;52;288.5863;0;9999.99;9.31;9.437;2;9;23.9;0;23.8999996185303;33.82;1530.38333;07/13/16;16:41:00;22.43;51.41;33.82;0.028;8.38;-80.6;1.7;-2.1;-559;119.5;8.52;12.3;
33.4447558517892;-118.484770598056;16:44:01.06;7/13/2016;7;2.029;316.24;12.0453350093692;1.37;288.9;302.16;-2.61;11.8;27.9;.01;9.14;9.15;94;61;569.1;16.2;-3.7;D;630.2;13;140.422;2;1.87;190;305.87;-118.48599707;33.44549575;0;0;1;N;2.78506;43;43;11;70;70;287.8098;0;9999.99;9.14;9.269273;2;9;23.9;0;23.8999996185303;33.83;1530.3942;07/13/16;16:41:01;22.41;51.42;33.83;-0.115;8.37;-80.2;1.3;-0.3;-813;119.3;8.51;12.4;
33.4447592252633;-118.484780285746;16:44:02.08;7/13/2016;7;1.666;312.85;12.0453350093692;1.37;287.5;300.74;-0.34;9.3;27.9;.03;9.23;9.25;94;61;569.0;16.2;-3.7;D;629.1;13;139.474;2;1.92;190;305.96;-118.48599707;33.44549575;0;0;1;N;2.5483;51;51;11;81;81;289.3361;0;9999.99;9.20;9.330541;2;9;23.9;0;23.8999996185303;33.83;1530.39537;07/13/16;16:41:02;22.40;51.42;33.83;0.044;8.38;-80.6;1.3;-1.5;-129;119.1;8.50;12.2;
33.4447649833822;-118.484790202231;16:44:03.09;7/13/2016;8;2.294;305.7;12.0453350093692;1.37;287.8;301.05;0.96;12.9;27.9;.02;9.29;9.30;94;61;569.0;16.2;-3.7;D;629.1;13;138.354;2;1.92;190;305.97;-118.48599707;33.44549575;0;0;1;N;2.505439;64;64;11;82;82;289.6151;0;9999.99;9.29;9.419474;2;9;23.9;0;23.8999996185303;33.83;1530.39549;07/13/16;16:41:04;22.38;51.42;33.83;-0.040;8.37;-80.2;1.6;-0.2;-1603;118.8;8.48;12.2;
33.4447699664837;-118.484802442117;16:44:04.11;7/13/2016;8;2.056;303.28;12.0453350093692;1.37;287.9;301.15;-0.78;7.34;27.9;.01;9.53;9.54;94;67;569.0;16.2;-4.1;D;568.1;13;137.109;2;1.91;190;306.06;-118.48599707;33.44549575;0;0;1;N;2.269405;49;49;11;90;90;291.1675;0;9999.99;9.53;9.661518;2;9;23.9;0;23.8999996185303;33.83;1530.39549;07/13/16;16:41:04;22.38;51.42;33.83;-0.040;8.37;-80.2;1.6;-0.2;-1603;118.8;8.48;12.2;
33.4447755244116;-118.484809324795;16:44:05.13;7/13/2016;8;1.871;305.38;12.0453350093692;1.37;288.5;301.75;1.49;12.5;27.9;.01;9.84;9.84;94;67;569.0;16.2;-4.1;D;568.1;13;136.229;2;1.92;190;306.01;-118.48599707;33.44549575;0;0;1;N;2.375045;66;66;11;82;82;290.4698;0;9999.99;9.83;9.957;2;9;23.8;0;23.7999992370605;33.85;1530.1673;07/13/16;16:41:05;22.37;51.45;33.85;-0.092;8.37;-80.3;1.6;-5.2;-79;118.8;8.47;12.3;
33.4447795287243;-118.484817950115;16:44:06.14;7/13/2016;8;1.708;304.69;12.0453350093692;1.37;287.8;301.05;-1.1;9.1;27.9;.00;9.74;9.75;94;67;569.0;16.2;-4.1;D;568.1;13;135.320;2;1.92;190;306.05;-118.48599707;33.44549575;0;0;1;N;2.251252;50;50;11;88;88;291.288;0;9999.99;9.75;9.879576;2;9;23.9;0;23.8999996185303;33.85;1530.41579;07/13/16;16:41:07;22.39;51.44;33.85;-0.164;8.38;-80.4;1.9;-1.5;-1870;118.5;8.45;12.4;
33.4447840975748;-118.484826905823;16:44:07.14;7/13/2016;8;2.059;303.48;12.0453350093692;1.37;289.3;302.56;0.11;11.4;27.9;.01;10.11;10.12;94;67;569.0;16.2;-4.1;D;568.1;13;134.349;2;1.91;190;306.09;-118.48599707;33.44549575;0;0;1;N;2.155381;56;56;11;89;89;291.9263;0;9999.99;10.10;10.227;2;9;23.8;0;23.8999996185303;33.85;1530.41579;07/13/16;16:41:07;22.39;51.44;33.85;-0.164;8.38;-80.4;1.9;-1.5;-1870;118.5;8.45;12.4;
33.4447883101311;-118.484837263325;16:44:08.14;7/13/2016;8;1.984;301.83;12.0453350093692;1.37;287.3;300.54;-0.76;7.73;27.9;.00;10.00;10.00;94;59;568.9;16.2;-3.6;D;649.7;13;133.297;2;1.87;190;306.17;-118.48599707;33.44549575;0;0;1;N;1.952095;52;52;11;98;98;293.292;0;9999.99;10.00;10.12575;2;9;23.8;0;23.7999992370605;33.83;1530.14588;07/13/16;16:41:08;22.38;51.43;33.83;0.059;8.37;-80.0;1.4;-3.0;-295;118.3;8.44;12.3;
33.4447930485494;-118.484844481531;16:44:09.16;7/13/2016;8;1.795;305.75;12.0453350093692;1.37;289.3;302.56;0.1;11.4;27.9;.00;10.18;10.18;94;59;568.9;16.2;-3.6;D;649.7;13;132.445;2;1.91;190;306.15;-118.48599707;33.44549575;0;0;1;N;1.966131;58;58;11;90;90;293.1973;0;9999.99;10.17;10.29442;2;9;23.8;0;23.7999992370605;33.85;1530.16703;07/13/16;16:41:10;22.38;51.44;33.85;-0.050;8.37;-80.3;2.2;0.5;-1803;118.0;8.42;12.5;
33.4447981183565;-118.484851712075;16:44:10.16;7/13/2016;8;1.523;311.89;12.0453350093692;1.37;289.7;302.97;-0.32;13;27.9;.00;10.28;10.28;94;59;568.9;16.2;-3.6;D;649.7;13;131.571;2;1.9;190;306.13;-118.48599707;33.44549575;0;0;1;N;2.009554;55;55;11;87;87;292.9043;0;9999.99;10.28;10.40946;2;9;23.8;0;23.7999992370605;33.85;1530.16703;07/13/16;16:41:10;22.38;51.44;33.85;-0.050;8.37;-80.3;2.2;0.5;-1803;118.0;8.42;12.5;
33.444802861996;-118.484860832826;16:44:11.19;7/13/2016;8;1.638;312.08;12.0453350093692;1.37;289.6;302.87;-0.03;19.2;27.9;.00;10.38;10.38;94;61;568.9;16.2;-3.7;D;627.3;13;130.577;2;1.89;190;306.16;-118.48599707;33.44549575;0;0;1;N;1.923868;57;57;11;89;89;293.4832;0;9999.99;10.38;10.50298;2;9;23.8;0;23.7999992370605;33.83;1530.14522;07/13/16;16:41:12;22.37;51.42;33.83;0.024;8.38;-80.4;1.5;-1.0;-2685;117.8;8.41;12.3;
33.4448083866082;-118.484869251432;16:44:12.20;7/13/2016;8;2.077;311.57;12.0453350093692;1.37;288.4;301.65;0.29;9.3;27.9;.00;11.05;11.05;94;61;568.9;16.2;-3.7;D;627.3;13;129.584;2;1.87;190;306.15;-118.48599707;33.44549575;0;0;1;N;1.948698;59;59;11;94;94;293.3154;0;9999.99;11.05;11.177;2;9;23.8;0;23.7999992370605;33.83;1530.14522;07/13/16;16:41:12;22.37;51.42;33.83;0.024;8.38;-80.4;1.5;-1.0;-2685;117.8;8.41;12.3;
33.4448104471445;-118.484878551735;16:44:13.22;7/13/2016;8;1.704;300.33;12.0453350093692;1.37;291.6;304.89;-0.97;11.4;28;.00;11.05;11.05;94;61;568.9;16.2;-3.7;D;627.3;13;128.752;2;1.83;190;306.29;-118.48599707;33.44549575;0;0;1;N;1.604661;54;54;11;91;91;295.6633;0;9999.99;11.05;11.177;2;9;23.8;0;23.7999992370605;33.84;1530.15633;07/13/16;16:41:14;22.37;51.43;33.84;-0.076;8.38;-80.4;1.3;-3.4;-1841;117.6;8.39;12.4;
33.4448160053631;-118.484887737125;16:44:14.23;7/13/2016;8;1.732;307.11;12.0453350093692;1.37;291.9;305.19;0.26;11.4;28;.00;10.91;10.91;94;61;568.9;16.2;-3.7;D;627.3;13;127.699;2;1.79;190;306.29;-118.48599707;33.44549575;0;0;1;N;1.581695;59;59;11;90;90;295.8218;0;9999.99;10.91;11.03731;2;9;23.8;0;23.7999992370605;33.84;1530.15633;07/13/16;16:41:14;22.37;51.43;33.84;-0.076;8.38;-80.4;1.3;-3.4;-1841;117.6;8.39;12.4;
33.4448221703412;-118.484894880756;16:44:15.27;7/13/2016;8;1.791;305.09;12.0453350093692;1.37;292.8;306.1;-0.33;8.9;28;.00;11.25;11.26;94;57;568.8;16.2;-3.5;D;675;13;126.759;2;1.79;190;306.22;-118.48599707;33.44549575;0;0;1;N;1.728384;55;55;11;82;82;294.814;0;9999.99;11.25;11.377;2;9;23.8;0;23.7999992370605;33.83;1530.14513;07/13/16;16:41:16;22.34;51.42;33.83;-0.085;8.37;-80.1;1.2;-3.0;-1882;117.4;8.38;12.3;
33.4448277864733;-118.484902677509;16:44:16.27;7/13/2016;8;2.041;307.42;12.0453350093692;1.37;292.5;305.8;1.14;12.1;28;.01;11.28;11.29;94;57;568.8;16.2;-3.5;D;675;13;125.807;2;1.86;190;306.18;-118.48599707;33.44549575;0;0;1;N;1.793791;64;64;11;81;81;294.3675;0;9999.99;11.29;11.41644;2;9;23.8;0;23.7999992370605;33.84;1530.15653;07/13/16;16:41:17;22.33;51.44;33.84;-0.065;8.37;-80.1;1.2;-2.9;-1818;117.3;8.38;12.2;
33.444832485286;-118.484910047616;16:44:17.27;7/13/2016;8;1.874;306.02;12.0453350093692;1.37;292.8;306.1;-2.28;7.54;28;.00;11.66;11.66;94;57;568.8;16.2;-3.5;D;675;13;124.946;2;1.91;190;306.18;-118.48599707;33.44549575;0;0;1;N;1.797151;45;45;11;76;76;294.3444;0;9999.99;11.64;11.767;2;9;23.8;0;23.7999992370605;33.84;1530.15653;07/13/16;16:41:17;22.33;51.44;33.84;-0.065;8.37;-80.1;1.2;-2.9;-1818;117.3;8.38;12.2;
33.4448386489667;-118.484919659183;16:44:18.28;7/13/2016;8;1.963;307.63;12.0453350093692;1.37;296.2;309.54;0.99;14.8;28;.01;11.52;11.53;94;60;568.8;16.2;-3.6;D;641.4;13;123.822;2;1.89;190;306.16;-118.48599707;33.44549575;0;0;1;N;1.796632;63;63;11;66;66;294.3482;0;9999.99;11.53;11.65948;2;9;23.8;0;23.7999992370605;33.84;1530.15636;07/13/16;16:41:19;22.33;51.43;33.84;-0.004;8.37;-80.3;1.5;-0.7;-609;117.1;8.36;12.3;
33.4448437592368;-118.484928195862;16:44:19.28;7/13/2016;8;1.627;307.91;12.0453350093692;1.37;292.1;305.39;-1.34;12;27.9;.00;11.67;11.68;94;60;568.8;16.2;-3.6;D;641.4;13;122.847;2;1.91;190;306.17;-118.48599707;33.44549575;0;0;1;N;1.786597;49;49;11;83;83;294.4164;0;9999.99;11.66;11.78635;2;9;23.8;0;23.7999992370605;33.84;1530.15636;07/13/16;16:41:19;22.33;51.43;33.84;-0.004;8.37;-80.3;1.5;-0.7;-609;117.1;8.36;12.3;
33.4448480414794;-118.484940041104;16:44:20.30;7/13/2016;8;2.014;312.19;12.0453350093692;1.37;295.1;308.43;1.18;9.3;28;.01;12.02;12.03;94;60;568.8;16.2;-3.6;D;641.4;13;121.679;2;1.96;190;306.29;-118.48599707;33.44549575;0;0;1;N;1.501489;64;64;11;79;79;296.3759;0;9999.99;12.03;12.157;2;9;23.8;0;23.7999992370605;33.84;1530.1564;07/13/16;16:41:21;22.31;51.43;33.84;-0.012;8.37;-80.0;0.9;-3.4;-1088;116.9;8.35;12.3;
33.4448530037151;-118.484951576563;16:44:21.31;7/13/2016;8;1.789;309.08;12.0453350093692;1.37;294.6;307.92;-0.12;10.9;27.9;.00;12.01;12.01;94;60;568.8;16.2;-3.6;D;641.4;13;120.490;2;1.93;190;306.38;-118.48599707;33.44549575;0;0;1;N;1.29879;56;56;11;86;86;297.7842;0;9999.99;12.01;12.13633;2;9;23.8;0;23.7999992370605;33.84;1530.1564;07/13/16;16:41:21;22.31;51.43;33.84;-0.012;8.37;-80.0;0.9;-3.4;-1088;116.9;8.35;12.3;
33.4448584546257;-118.484958972502;16:44:22.31;7/13/2016;8;1.756;311.48;12.0453350093692;1.37;294.4;307.72;-0.85;12.3;27.9;.00;12.04;12.05;94;60;568.7;16.2;-3.7;D;637.8;13;119.578;2;1.92;190;306.34;-118.48599707;33.44549575;0;0;1;N;1.370887;52;52;11;85;85;297.2817;0;9999.99;12.03;12.156;2;9;23.8;0;23.7999992370605;33.81;1530.12343;07/13/16;16:41:23;22.30;51.39;33.81;0.015;8.37;-80.0;1.4;-2.0;-3250;116.6;8.33;12.4;
33.4448634557108;-118.484966569709;16:44:23.31;7/13/2016;8;1.786;310.12;12.0453350093692;1.37;291.1;304.38;1.25;11.3;27.9;.00;12.32;12.33;94;60;568.7;16.2;-3.7;D;637.8;13;118.681;2;1.9;190;306.33;-118.48599707;33.44549575;0;0;1;N;1.39749;65;65;11;98;98;297.097;0;9999.99;12.33;12.46008;2;9;23.8;0;23.7999992370605;33.83;1530.14535;07/13/16;16:41:24;22.28;51.42;33.83;-0.034;8.36;-79.6;1.2;-2.5;-3154;116.5;8.33;12.3;
33.4448696397267;-118.484975716517;16:44:24.33;7/13/2016;8;1.927;307.17;12.0453350093692;1.37;293.8;307.11;-1.08;6.06;28;.00;12.69;12.69;94;60;568.7;16.2;-3.7;D;637.8;13;117.590;2;1.9;190;306.3;-118.48599707;33.44549575;0;0;1;N;1.429297;51;51;11;86;86;296.8759;0;9999.99;12.68;12.807;2;9;23.8;0;23.7999992370605;33.83;1530.14535;07/13/16;16:41:24;22.28;51.42;33.83;-0.034;8.36;-79.6;1.2;-2.5;-3154;116.5;8.33;12.3;
33.4448749104691;-118.484983322878;16:44:25.33;7/13/2016;8;2.071;303.41;12.0453350093692;1.37;293.5;306.81;0.5;9.2;27.9;.00;12.76;12.76;94;58;568.7;16.2;-3.5;D;660.9;13;116.674;2;1.95;190;306.28;-118.48599707;33.44549575;0;0;1;N;1.471392;59;59;11;84;84;296.5842;0;9999.99;12.76;12.887;2;9;23.8;0;23.7999992370605;33.85;1530.16711;07/13/16;16:41:26;22.28;51.45;33.85;0.041;8.37;-80.0;1.0;-2.6;-965;116.3;8.31;12.3;
33.444879795223;-118.484990695782;16:44:26.38;7/13/2016;8;1.704;307.3;12.0453350093692;1.37;292.4;305.7;0.31;14;27.9;.00;12.47;12.47;94;58;568.7;16.2;-3.5;D;660.9;13;115.801;2;1.96;190;306.26;-118.48599707;33.44549575;0;0;1;N;1.465658;59;59;11;90;90;296.429;0;9999.99;12.47;12.59751;2;9;23.8;0;23.7999992370605;33.85;1530.16711;07/13/16;16:41:26;22.28;51.45;33.85;0.041;8.37;-80.0;1.0;-2.6;-965;116.3;8.31;12.3;
33.4448834821967;-118.484998251834;16:44:27.39;7/13/2016;8;1.412;303.3;12.0453350093692;1.37;294.7;308.02;-1.44;9.2;27.9;.00;12.99;12.99;94;58;568.7;16.2;-3.5;D;660.9;13;114.993;2;1.99;190;306.3;-118.48599707;33.44549575;0;0;1;N;1.529423;51;51;11;85;85;297.1002;0;9999.99;12.98;13.107;2;9;23.8;0;23.7999992370605;33.86;1530.17822;07/13/16;16:41:28;22.25;51.46;33.86;-0.085;8.37;-80.0;1.1;-0.1;-3251;116.0;8.30;12.2;
33.4448889007831;-118.485007387217;16:44:28.41;7/13/2016;8;2.128;307.05;12.0453350093692;1.37;293.8;307.11;1.14;13.6;27.9;.01;12.77;12.78;94;58;568.7;16.2;-3.5;D;660.9;13;113.953;2;1.98;190;306.31;-118.48599707;33.44549575;0;0;1;N;1.46947;64;64;11;88;88;297.3019;0;9999.99;12.78;12.90406;2;9;23.8;0;23.7999992370605;33.86;1530.17822;07/13/16;16:41:28;22.25;51.46;33.86;-0.085;8.37;-80.0;1.1;-0.1;-3251;116.0;8.30;12.2;
33.4448939275766;-118.485018242427;16:44:29.41;7/13/2016;8;2.005;305.14;12.0453350093692;1.37;294.5;307.82;-2.16;9.1;27.9;.00;13.01;13.02;94;63;568.6;16.2;-3.8;D;607.8;13;112.811;2;2.04;190;306.39;-118.48599707;33.44549575;0;0;1;N;1.411396;44;44;11;89;89;298.4248;0;9999.99;13.00;13.12622;2;9;23.8;0;23.7999992370605;33.84;1530.15664;07/13/16;16:41:30;22.27;51.44;33.84;-0.165;8.37;-79.8;1.0;-2.7;-5155;115.9;8.29;12.5;
33.4448997664787;-118.48502596584;16:44:30.42;7/13/2016;8;1.789;305.14;12.0453350093692;1.37;292.9;306.2;-0.2;13.4;27.9;.01;12.82;12.84;94;63;568.6;16.2;-3.8;D;607.8;13;111.849;2;1.99;190;306.34;-118.48599707;33.44549575;0;0;1;N;1.27139;51;51;11;99;99;297.7596;0;9999.99;12.82;12.94496;2;9;23.7;0;23.7999992370605;33.84;1530.15664;07/13/16;16:41:30;22.27;51.44;33.84;-0.165;8.37;-79.8;1.0;-2.7;-5155;115.9;8.29;12.5;
33.4449046449895;-118.485035234265;16:44:31.42;7/13/2016;8;1.923;305.33;12.0453350093692;1.51;297.8;311.16;0.12;8.6;27.9;.00;13.14;13.14;94;63;568.6;16.2;-3.8;D;607.8;13;110.835;2;1.96;190;306.37;-118.48599707;33.44549575;0;0;1;N;1.338556;58;58;11;82;82;298.4014;0;9999.99;13.14;13.267;2;9;23.7;0;23.7000007629395;33.88;1529.95121;07/13/16;16:41:32;22.25;51.48;33.88;-0.174;8.37;-79.8;0.8;-4.8;-1586;115.8;8.28;12.4;
33.4449105;-118.485044666667;16:44:32.42;7/13/2016;8;1.907;308.67;12.0453350093692;1.37;297.4;310.75;-0.05;10.3;27.9;.00;12.83;12.84;94;59;568.6;16.2;-3.6;D;645.9;13;109.842;2;1.95;190;306.34;-118.48599707;33.44549575;0;0;1;N;1.257708;55;55;11;81;81;298.0714;0;9999.99;12.83;12.957;2;9;23.7;0;23.7000007629395;33.86;1529.9287;07/13/16;16:41:33;22.26;51.46;33.86;0.019;8.37;-79.9;1.3;-4.8;-2479;115.7;8.27;12.4;
33.4449168848807;-118.485052196404;16:44:33.42;7/13/2016;8;1.711;308.67;12.0453350093692;1.37;295.1;308.43;-0.17;16.9;27.9;.00;12.64;12.64;94;59;568.6;16.2;-3.6;D;645.9;13;108.761;2;1.94;190;306.29;-118.48599707;33.44549575;0;0;1;N;1.260799;53;53;11;80;80;297.4218;0;9999.99;12.63;12.75698;2;9;23.7;0;23.7000007629395;33.84;1529.90683;07/13/16;16:41:34;22.27;51.43;33.84;-0.096;8.37;-80.1;0.6;-5.7;213;115.6;8.27;12.4;
33.4449204194808;-118.485062457599;16:44:34.42;7/13/2016;8;2.008;304.09;12.0453350093692;1.37;294.3;307.62;0.48;8.5;27.8;.00;13.59;13.59;94;62;568.5;16.2;-3.8;D;618.1;13;107.761;2;1.97;190;306.42;-118.48599707;33.44549575;0;0;1;N;1.382665;60;60;11;101;101;299.1794;0;9999.99;13.59;13.72017;2;9;23.7;0;23.7000007629395;33.84;1529.90683;07/13/16;16:41:34;22.27;51.43;33.84;-0.096;8.37;-80.1;0.6;-5.7;213;115.6;8.27;12.4;
33.4449264025121;-118.485071677656;16:44:35.42;7/13/2016;8;2.003;307.84;12.0453350093692;1.37;295.8;309.13;-0.48;10.4;27.8;.00;14.45;14.45;94;62;568.5;16.2;-3.8;D;618.1;13;106.678;2;1.94;190;306.4;-118.48599707;33.44549575;0;0;1;N;1.15135;54;54;11;85;85;299.1372;0;9999.99;14.45;14.577;2;9;23.7;0;23.7000007629395;33.85;1529.91771;07/13/16;16:41:36;22.26;51.44;33.85;-0.043;8.37;-79.9;1.6;-3.7;-2937;115.5;8.26;12.3;
33.4449319153504;-118.48507948317;16:44:36.42;7/13/2016;8;1.666;311.41;12.0453350093692;1.37;297.7;311.05;0.28;12.7;27.8;.00;14.38;14.38;94;62;568.5;16.2;-3.8;D;618.1;13;105.731;2;1.92;190;306.37;-118.48599707;33.44549575;0;0;1;N;1.160613;59;59;11;78;78;298.7792;0;9999.99;14.37;14.49616;2;9;23.7;0;23.7000007629395;33.85;1529.91771;07/13/16;16:41:36;22.26;51.44;33.85;-0.043;8.37;-79.9;1.6;-3.7;-2937;115.5;8.26;12.3;
33.4449378143589;-118.485085850886;16:44:37.42;7/13/2016;8;1.949;314.75;12.0453350093692;1.37;297;310.35;-0.41;6.98;27.9;.00;14.58;14.58;94;62;568.5;16.2;-3.8;D;618.1;13;104.866;2;1.91;190;306.27;-118.48599707;33.44549575;0;0;1;N;1.236234;55;55;11;76;76;297.5917;0;9999.99;14.58;14.70733;2;9;23.7;0;23.7000007629395;33.85;1529.91767;07/13/16;16:41:37;22.27;51.44;33.85;-0.011;8.37;-79.9;0.4;-1.1;93;115.4;8.25;12.4;
33.4449446676553;-118.485092517266;16:44:38.42;7/13/2016;8;1.977;314.66;12.0453350093692;1.37;297.9;311.26;-0.57;12.1;27.8;.01;14.38;14.39;94;58;568.5;16.2;-3.6;D;655.1;13;103.917;2;1.91;190;306.13;-118.48599707;33.44549575;0;0;1;N;1.419454;53;53;11;67;67;295.9652;0;9999.99;14.37;14.49873;2;9;23.7;0;23.7000007629395;33.84;1529.90677;07/13/16;16:41:39;22.26;51.42;33.84;-0.005;8.37;-80.0;1.0;-2.0;-828;115.3;8.24;12.4;
33.4449485527747;-118.485094507503;16:44:39.42;7/13/2016;8;0.639;314.66;12.0453350093692;1.37;295;308.33;0.54;13.8;27.9;.01;14.77;14.78;94;58;568.5;16.2;-3.6;D;655.1;13;103.513;2;1.91;190;306;-118.48599707;33.44549575;0;0;1;N;1.641258;60;60;11;71;71;294.3328;0;9999.99;14.78;14.90739;2;9;23.7;0;23.7000007629395;33.83;1529.89647;07/13/16;16:41:40;22.26;51.42;33.83;-0.020;8.37;-80.0;0.5;-4.4;-3240;115.3;8.24;12.3;
33.4449538782024;-118.485103339213;16:44:40.45;7/13/2016;8;1.743;312.35;12.0453350093692;1.37;294.1;307.42;-0.52;13.4;27.9;.01;14.62;14.62;94;58;568.5;16.2;-3.6;D;655.1;13;102.503;2;1.9;190;306;-118.48599707;33.44549575;0;0;1;N;1.841054;54;54;11;75;75;294.4654;0;9999.99;14.61;14.73944;2;9;23.7;0;23.7000007629395;33.83;1529.89647;07/13/16;16:41:40;22.26;51.42;33.83;-0.020;8.37;-80.0;0.5;-4.4;-3240;115.3;8.24;12.3;
33.4449618746879;-118.485113211896;16:44:41.47;7/13/2016;8;1.93;311.66;12.0453350093692;1.37;293.6;306.91;0.37;10.8;27.9;.00;15.18;15.19;94;60;568.4;16.2;-3.6;D;640.4;13;101.239;2;1.95;190;305.9;-118.48599707;33.44549575;0;0;1;N;1.944087;56;56;11;80;80;293.3471;0;9999.99;15.18;15.307;2;9;23.7;0;23.7000007629395;33.85;1529.91799;07/13/16;16:41:42;22.23;51.44;33.85;-0.023;8.37;-80.2;0.8;-0.1;-1370;115.2;8.24;12.3;
33.4449672425768;-118.485123244853;16:44:42.47;7/13/2016;8;1.986;307.87;12.0453350093692;1.37;294.8;308.12;-0.2;15.4;27.9;.00;15.10;15.10;94;60;568.4;16.2;-3.6;D;640.4;13;100.135;2;1.93;190;305.94;-118.48599707;33.44549575;0;0;1;N;1.85522;56;56;11;70;70;293.9498;0;9999.99;15.09;15.2196;2;9;23.7;0;23.7000007629395;33.85;1529.91799;07/13/16;16:41:42;22.23;51.44;33.85;-0.023;8.37;-80.2;0.8;-0.1;-1370;115.2;8.24;12.3;
33.4449733789141;-118.485130054425;16:44:43.47;7/13/2016;8;2.012;309.51;12.0453350093692;1.37;293.6;306.91;0.36;15.7;27.8;.00;15.47;15.47;94;60;568.4;16.2;-3.6;D;640.4;13;99.223;2;1.96;190;305.83;-118.48599707;33.44549575;0;0;1;N;1.830234;59;59;11;71;71;292.8221;0;9999.99;15.47;15.597;2;9;23.7;0;23.7000007629395;33.83;1529.89592;07/13/16;16:41:44;22.22;51.41;33.83;-0.016;8.37;-80.0;1.0;-7.1;-2828;115.1;8.24;12.3;
33.444980043296;-118.485136133108;16:44:44.47;7/13/2016;8;1.547;309.51;12.0453350093692;1.37;291;304.28;-0.83;10.5;27.8;.01;15.51;15.52;94;60;568.4;16.2;-3.6;D;640.4;13;98.332;2;2.01;190;305.67;-118.48599707;33.44549575;0;0;1;N;2.280575;52;52;11;74;74;291.0946;0;9999.99;15.50;15.627;2;9;23.7;0;23.7000007629395;33.83;1529.89592;07/13/16;16:41:44;22.22;51.41;33.83;-0.016;8.37;-80.0;1.0;-7.1;-2828;115.1;8.24;12.3;
33.4449860358919;-118.485143335572;16:44:45.48;7/13/2016;8;1.975;310.84;12.0453350093692;1.37;289.4;302.66;0.98;16;27.8;.03;15.02;15.05;94;60;568.4;16.2;-3.6;D;641.2;13;97.401;2;1.97;190;305.58;-118.48599707;33.44549575;0;0;1;N;2.217945;61;61;11;81;81;290.1948;0;9999.99;15.02;15.14916;2;9;23.7;0;23.7000007629395;33.82;1529.88589;07/13/16;16:41:45;22.20;51.40;33.82;-0.178;8.37;-79.7;0.2;-1.6;-781;115.1;8.24;12.4;
33.4449914618093;-118.485156121794;16:44:46.52;7/13/2016;8;2.122;305.31;12.0453350093692;1.37;282.4;295.58;-0.83;10.3;27.9;.01;15.19;15.20;94;67;568.4;16.2;-4.1;D;569.2;13;96.085;2;2.02;190;305.7;-118.48599707;33.44549575;0;0;1;N;2.198149;52;52;11;111;111;291.6421;0;9999.99;15.19;15.32182;2;9;23.7;0;23.7000007629395;33.86;1529.9306;07/13/16;16:41:47;22.19;51.45;33.86;0.044;8.37;-80.2;0.8;-5.5;-1862;115.0;8.23;12.4;
33.4449949027448;-118.485167671974;16:44:47.55;7/13/2016;8;1.904;300.52;12.0453350093692;1.37;287.2;300.44;0.17;8.7;27.8;.00;15.63;15.64;94;67;568.4;16.2;-4.1;D;569.2;13;94.992;2;2;190;305.89;-118.48599707;33.44549575;0;0;1;N;1.847619;57;57;11;100;100;294.0013;0;9999.99;15.64;15.76232;2;9;23.7;0;23.7000007629395;33.86;1529.9306;07/13/16;16:41:47;22.19;51.45;33.86;0.044;8.37;-80.2;0.8;-5.5;-1862;115.0;8.23;12.4;
33.4449988563811;-118.485176590602;16:44:48.55;7/13/2016;8;1.56;300.72;12.0453350093692;1.37;286.1;299.33;-0.53;16;27.8;.00;15.73;15.74;94;67;568.4;16.2;-4.1;D;569.2;13;94.064;2;2;190;305.97;-118.48599707;33.44549575;0;0;1;N;1.702703;54;54;11;110;110;294.9906;0;9999.99;15.74;15.86302;2;9;23.7;0;23.7000007629395;33.85;1529.91768;07/13/16;16:41:49;22.21;51.45;33.85;-0.084;8.37;-80.1;0.9;-2.2;-3192;115.0;8.23;12.5;
33.4450037930767;-118.485184550442;16:44:49.56;7/13/2016;8;1.659;309.18;12.0453350093692;1.37;288.6;301.85;-0.18;10.6;27.8;.00;15.83;15.84;94;67;568.4;16.2;-4.1;D;569.2;13;93.144;2;1.95;190;305.97;-118.48599707;33.44549575;0;0;1;N;1.690027;56;56;11;100;100;295.0775;0;9999.99;15.83;15.95647;2;9;23.7;0;23.7000007629395;33.87;1529.93956;07/13/16;16:41:50;22.23;51.47;33.87;-0.052;8.37;-80.0;1.4;-0.4;403;114.9;8.22;12.4;
33.4450063968923;-118.485195233336;16:44:50.59;7/13/2016;8;1.777;305.93;12.0453350093692;1.37;288.3;301.55;-0.05;15.1;27.8;.00;15.80;15.80;94;58;568.3;16.2;-3.5;D;663.8;13;92.172;2;1.93;190;306.18;-118.48599707;33.44549575;0;0;1;N;1.326648;57;57;11;111;111;297.5905;0;9999.99;15.80;15.92885;2;9;23.7;0;23.7000007629395;33.82;1529.88499;07/13/16;16:41:51;22.23;51.40;33.82;-0.094;8.37;-80.0;0.1;1.8;877;114.9;8.22;12.5;
33.4450106126097;-118.485204560593;16:44:51.59;7/13/2016;8;1.898;301.89;12.0453350093692;1.37;291;304.28;0.1;4.09;27.9;.00;16.45;16.45;94;58;568.3;16.2;-3.5;D;663.8;13;91.197;2;1.91;190;306.27;-118.48599707;33.44549575;0;0;1;N;1.174688;58;58;11;104;104;298.6527;0;9999.99;16.45;16.577;2;9;23.7;0;23.7000007629395;33.88;1529.95041;07/13/16;16:41:52;22.23;51.48;33.88;-0.049;8.38;-80.3;1.1;-2.2;-1176;114.9;8.22;12.3;
33.445016061223;-118.485214831585;16:44:52.59;7/13/2016;8;1.932;303.46;12.0453350093692;1.37;293.8;307.11;-0.23;9.3;27.9;.00;16.46;16.46;94;58;568.3;16.2;-3.5;D;663.8;13;90.071;2;1.94;190;306.31;-118.48599707;33.44549575;0;0;1;N;1.077924;56;56;11;96;96;299.3322;0;9999.99;16.45;16.577;2;9;23.7;0;23.7000007629395;33.85;1529.91789;07/13/16;16:41:53;22.25;51.44;33.85;-0.079;8.37;-80.2;1.0;-3.0;-352;114.9;8.21;12.4;
33.4450219877868;-118.48522399966;16:44:53.61;7/13/2016;8;1.817;308.2;12.0453350093692;1.37;293.1;306.4;-0.16;13.4;27.8;.00;16.28;16.28;94;60;568.3;16.2;-3.6;D;641;13;88.995;2;1.9;190;306.3;-118.48599707;33.44549575;0;0;1;N;1.091763;56;56;11;98;98;299.235;0;9999.99;16.28;16.40815;2;9;23.7;0;23.7000007629395;33.84;1529.907;07/13/16;16:41:54;22.25;51.43;33.84;-0.056;8.37;-80.0;0.7;-4.9;-1528;114.8;8.21;12.3;
33.4450287144262;-118.485233291981;16:44:54.64;7/13/2016;8;2.121;310.7;12.0453350093692;1.37;293.3;306.61;-0.55;12.5;27.8;.00;16.73;16.73;94;60;568.3;16.2;-3.6;D;641;13;87.857;2;1.91;190;306.24;-118.48599707;33.44549575;0;0;1;N;1.171689;54;54;11;95;95;298.6739;0;9999.99;16.73;16.857;2;9;23.7;0;23.7000007629395;33.83;1529.89615;07/13/16;16:41:55;22.25;51.42;33.83;-0.060;8.36;-79.7;1.4;-1.8;-3659;114.8;8.21;12.4;
33.4450349931784;-118.48524278574;16:44:55.64;7/13/2016;8;2.039;310.12;12.0453350093692;1.37;295.1;308.43;-0.14;9.7;27.9;.00;16.62;16.62;94;60;568.3;16.2;-3.6;D;641;13;86.734;2;1.94;190;306.21;-118.48599707;33.44549575;0;0;1;N;1.19309;58;58;11;86;86;298.5236;0;9999.99;16.62;16.74962;2;9;23.7;0;23.7000007629395;33.84;1529.90708;07/13/16;16:41:56;22.25;51.43;33.84;-0.088;8.37;-80.1;1.4;-2.8;1240;114.8;8.21;12.3;
33.4450405645356;-118.485253225455;16:44:56.66;7/13/2016;8;2.166;307.66;12.0453350093692;1.37;294;307.31;-0.24;11.4;27.8;.00;16.83;16.83;94;60;568.3;16.2;-3.6;D;641;13;85.587;2;2.02;190;306.26;-118.48599707;33.44549575;0;0;1;N;1.110175;56;56;11;94;94;299.1056;0;9999.99;16.82;16.95005;2;9;23.7;0;23.7000007629395;33.83;1529.89599;07/13/16;16:41:57;22.25;51.42;33.83;-0.055;8.38;-80.3;0.5;-5.6;-1880;114.8;8.21;12.4;
33.4450464683463;-118.485260934132;16:44:57.66;7/13/2016;8;1.676;311.4;12.0453350093692;1.37;294.2;307.52;-0.08;13.5;27.8;.00;16.94;16.95;94;58;568.2;16.2;-3.6;D;654.6;13;84.622;2;1.93;190;306.18;-118.48599707;33.44549575;0;0;1;N;1.204082;57;57;11;91;91;298.4467;0;9999.99;16.95;17.07225;2;9;23.7;0;23.7000007629395;33.89;1529.96137;07/13/16;16:41:58;22.25;51.49;33.89;-0.060;8.37;-80.2;1.1;-4.7;-400;114.8;8.21;12.3;
33.4450521189313;-118.485269441473;16:44:58.67;7/13/2016;8;1.811;312.37;12.0453350093692;1.37;294.7;308.02;-0.89;7.66;27.8;.00;17.13;17.13;94;58;568.2;16.2;-3.6;D;654.6;13;83.614;2;1.92;190;306.16;-118.48599707;33.44549575;0;0;1;N;1.227746;52;52;11;90;90;298.281;0;9999.99;17.12;17.25114;2;9;23.7;0;23.7000007629395;33.87;1529.93951;07/13/16;16:41:59;22.28;51.48;33.87;-0.106;8.37;-80.0;0.8;-4.3;-405;114.9;8.21;12.4;
33.4450579481016;-118.485278097594;16:44:59.67;7/13/2016;8;2.032;309.95;12.0453350093692;1.37;296.3;309.64;0.35;10;27.8;.00;17.27;17.27;94;58;568.2;16.2;-3.6;D;654.6;13;82.583;2;1.92;190;306.12;-118.48599707;33.44549575;0;0;1;N;1.26004;59;59;11;81;81;298.0552;0;9999.99;17.26;17.38951;2;9;23.7;0;23.7000007629395;33.85;1529.91772;07/13/16;16:42:00;22.30;51.45;33.85;-0.027;8.37;-80.1;0.8;-2.8;-2782;114.8;8.21;12.3;
33.4450635356582;-118.485285454093;16:45:00.67;7/13/2016;8;1.788;311.33;12.0453350093692;1.37;297.8;311.16;-0.69;13.3;27.8;.00;17.32;17.32;94;59;568.2;16.2;-3.6;D;647.9;13;81.665;2;1.94;190;306.05;-118.48599707;33.44549575;0;0;1;N;1.33869;56;56;11;70;70;297.5063;0;9999.99;17.32;17.44766;2;9;23.7;0;23.7000007629395;33.83;1529.89579;07/13/16;16:42:01;22.30;51.42;33.83;-0.135;8.37;-80.0;1.2;-5.9;-2078;114.8;8.20;12.5;
33.4450711188165;-118.485290192993;16:45:01.67;7/13/2016;8;1.728;314.25;12.0453350093692;1.37;294.2;307.52;-0.13;14.6;27.8;.00;17.37;17.38;94;59;568.2;16.2;-3.6;D;647.9;13;80.815;2;1.93;190;305.75;-118.48599707;33.44549575;0;0;1;N;1.758645;56;56;11;75;75;294.6076;0;9999.99;17.37;17.50163;2;9;23.7;0;23.7000007629395;33.84;1529.90673;07/13/16;16:42:02;22.29;51.44;33.84;-0.057;8.37;-80.2;0.7;-3.3;-266;114.8;8.20;12.4;
33.4450762682017;-118.485296487709;16:45:02.67;7/13/2016;7;1.297;314.25;12.0453350093692;1.37;296.5;309.84;-0.88;14.6;27.8;.01;17.54;17.55;94;59;568.2;16.2;-3.6;D;647.9;13;80.006;2;1.94;190;305.66;-118.48599707;33.44549575;0;0;1;N;1.86177;52;52;11;65;65;293.9051;0;9999.99;17.54;17.66524;2;9;23.7;0;23.7000007629395;33.84;1529.90703;07/13/16;16:42:03;22.29;51.43;33.84;-0.019;8.37;-80.2;0.0;-1.0;-2016;114.8;8.20;12.4;
33.4450781439228;-118.48530856239;16:45:03.67;7/13/2016;8;2.166;308.63;12.0453350093692;1.37;293.9;307.21;-0.06;9.9;27.9;.01;17.86;17.87;94;59;568.2;16.2;-3.6;D;647.9;13;78.976;2;1.94;190;306.01;-118.48599707;33.44549575;0;0;1;N;1.360327;55;55;11;92;92;297.3555;0;9999.99;17.86;17.987;2;9;23.7;0;23.7000007629395;33.87;1529.9403;07/13/16;16:42:04;22.30;51.48;33.87;0.103;8.38;-80.6;1.8;-1.5;168;114.8;8.20;12.3;
33.4450838990502;-118.485317440304;16:45:04.67;7/13/2016;8;1.856;309.24;12.0453350093692;1.37;290.3;303.57;0.1;15;27.8;.00;17.56;17.56;94;65;568.1;16.2;-4;D;589.4;13;77.933;2;1.97;190;305.99;-118.48599707;33.44549575;0;0;1;N;1.378561;58;58;11;102;102;297.2289;0;9999.99;17.56;17.68554;2;9;23.7;0;23.7000007629395;33.85;1529.91824;07/13/16;16:42:05;22.32;51.44;33.85;-0.033;8.38;-80.4;0.7;-7.3;-2478;114.8;8.20;12.4;
33.4450894423011;-118.485324796165;16:45:05.67;7/13/2016;8;2.064;312;12.0453350093692;1.37;291.4;304.69;-1.66;8.8;27.8;.00;17.82;17.82;94;65;568.1;16.2;-4;D;589.4;13;77.019;2;1.96;190;305.92;-118.48599707;33.44549575;0;0;1;N;1.458553;47;47;11;95;95;296.6734;0;9999.99;17.80;17.92995;2;9;23.7;0;23.7000007629395;33.84;1529.90696;07/13/16;16:42:06;22.31;51.43;33.84;-0.066;8.38;-80.3;1.4;-5.3;-1144;114.9;8.21;12.4;
33.4450954257589;-118.485332090223;16:45:06.67;7/13/2016;8;1.846;312;12.0453350093692;1.37;294.4;307.72;0.71;15.7;27.7;.02;18.29;18.32;94;65;568.1;16.2;-4;D;589.4;13;76.081;2;1.91;190;305.81;-118.48599707;33.44549575;0;0;1;N;1.580526;61;61;11;79;79;295.83;0;9999.99;18.29;18.417;2;9;23.7;0;23.7000007629395;33.76;1529.8201;07/13/16;16:42:07;22.30;51.33;33.76;0.084;8.37;-79.8;1.3;-3.2;-2218;114.9;8.21;12.5;
33.4451020232909;-118.485342257018;16:45:07.67;7/13/2016;8;1.927;308.2;12.0453350093692;1.37;290;303.27;1.56;13.3;27.8;.01;18.15;18.16;94;65;568.1;16.2;-4;D;589.4;13;74.886;2;2.02;190;305.78;-118.48599707;33.44549575;0;0;1;N;1.60512;66;66;11;97;97;295.6607;0;9999.99;18.16;18.28421;2;9;23.7;0;23.7000007629395;33.87;1529.94066;07/13/16;16:42:08;22.28;51.48;33.87;0.113;8.37;-80.2;1.6;-1.1;-2726;114.9;8.21;12.3;
33.4451077738061;-118.485350274858;16:45:08.67;7/13/2016;8;2.164;308.31;12.0453350093692;1.37;293.1;306.4;-1.06;10.4;27.8;.00;18.17;18.18;94;68;568.1;16.2;-4.2;D;562.5;13;73.909;2;1.99;190;305.71;-118.48599707;33.44549575;0;0;1;N;1.66144;51;51;11;82;82;295.2734;0;9999.99;18.18;18.30233;2;9;23.7;0;23.7000007629395;33.89;1529.96214;07/13/16;16:42:09;22.30;51.50;33.89;-0.039;8.37;-80.2;1.5;-3.7;-101;114.9;8.21;12.4;
33.4451141032871;-118.485359019939;16:45:09.67;7/13/2016;8;2.087;312.36;12.0453350093692;1.37;293.3;306.61;0.07;12.9;27.8;.01;18.71;18.71;94;68;568.1;16.2;-4.2;D;562.5;13;72.840;2;2.02;190;305.63;-118.48599707;33.44549575;0;0;1;N;1.732865;57;57;11;80;80;294.7839;0;9999.99;18.70;18.827;2;9;23.7;0;23.7000007629395;33.86;1529.92902;07/13/16;16:42:10;22.33;51.46;33.86;-0.008;8.38;-80.6;1.4;-5.6;-3271;114.9;8.21;12.4;
33.4451197620594;-118.485369620462;16:45:10.67;7/13/2016;8;2.166;309.1;12.0453350093692;1.37;292;305.29;0.53;11.2;27.8;.00;18.35;18.36;94;68;568.1;16.2;-4.2;D;562.5;13;71.674;2;2.04;190;305.68;-118.48599707;33.44549575;0;0;1;N;1.648018;57;57;11;92;92;295.3657;0;9999.99;18.36;18.48322;2;9;23.7;0;23.7000007629395;33.86;1529.92914;07/13/16;16:42:11;22.34;51.45;33.86;0.108;8.38;-80.4;1.4;-2.6;-503;115.0;8.21;12.3;
33.4451238959237;-118.485380348369;16:45:11.67;7/13/2016;8;1.53;309.01;12.0453350093692;1.37;294.1;307.42;0.61;14.6;27.8;.00;19.02;19.02;94;60;568.0;16.2;-3.6;D;639.4;13;70.597;2;2;190;305.85;-118.48599707;33.44549575;0;0;1;N;1.415437;63;63;11;93;93;296.9722;0;9999.99;19.02;19.147;2;9;23.7;0;23.7000007629395;33.82;1529.88492;07/13/16;16:42:12;22.35;51.40;33.82;-0.109;8.38;-80.5;1.8;-3.8;-2771;115.0;8.21;12.4;
33.4451279702236;-118.485389438958;16:45:12.67;7/13/2016;8;1.934;307.25;12.0453350093692;1.37;293;306.3;-0.52;9.7;27.8;.00;18.74;18.74;94;60;568.0;16.2;-3.6;D;639.4;13;69.648;2;1.94;190;305.96;-118.48599707;33.44549575;0;0;1;N;1.268402;54;54;11;94;94;297.9965;0;9999.99;18.73;18.85853;2;9;23.7;0;23.7000007629395;33.87;1529.93942;07/13/16;16:42:13;22.34;51.47;33.87;-0.172;8.38;-80.5;0.9;-5.6;-1662;115.0;8.21;12.4;
33.4451360316019;-118.485400754337;16:45:13.67;7/13/2016;8;2.835;309.85;12.0453350093692;1.37;293.4;306.71;1.89;14;27.8;.01;18.80;18.81;94;59;568.0;16.2;-3.6;D;647.2;13;68.272;2;1.95;190;305.87;-118.48599707;33.44549575;0;0;1;N;1.350111;68;68;11;90;90;297.4266;0;9999.99;18.80;18.93184;2;9;23.7;0;23.7000007629395;33.86;1529.92923;07/13/16;16:42:14;22.36;51.46;33.86;0.074;8.38;-80.4;0.8;-8.1;-2412;115.1;8.21;12.2;
33.4451423044029;-118.485412553315;16:45:14.67;7/13/2016;8;2.249;306.18;12.0453350093692;1.37;290.5;303.78;-2.78;7.97;27.8;.01;18.75;18.76;94;59;568.0;16.2;-3.6;D;647.2;13;66.976;2;1.99;190;305.93;-118.48599707;33.44549575;0;0;1;N;1.259476;43;43;11;112;112;298.0587;0;9999.99;18.75;18.87877;2;9;23.7;0;23.7000007629395;33.84;1529.90753;07/13/16;16:42:15;22.37;51.43;33.84;-0.044;8.37;-80.2;1.4;-2.4;-1391;115.1;8.21;12.4;
33.4451490778026;-118.485422731942;16:45:15.67;7/13/2016;8;2.232;306.96;12.0453350093692;1.37;295.9;309.23;1.13;15.6;27.8;.01;18.84;18.85;94;59;568.0;16.2;-3.6;D;647.2;13;65.770;2;1.96;190;305.88;-118.48599707;33.44549575;0;0;1;N;1.277849;64;64;11;82;82;297.9305;0;9999.99;18.83;18.95812;2;9;23.7;0;23.7000007629395;33.83;1529.89686;07/13/16;16:42:16;22.36;51.41;33.83;0.161;8.38;-80.5;1.2;-2.6;-248;115.2;8.22;12.4;
33.4451570573287;-118.485431157803;16:45:16.67;7/13/2016;8;2.045;312.26;12.0453350093692;1.37;289.9;303.17;0.38;14.2;27.8;.01;18.98;18.99;94;59;568.0;16.2;-3.6;D;647.2;13;64.617;2;2.06;190;305.65;-118.48599707;33.44549575;0;0;1;N;1.525952;59;59;11;99;99;296.2065;0;9999.99;18.99;19.12062;2;9;23.7;0;23.7000007629395;33.8;1529.86378;07/13/16;16:42:17;22.35;51.38;33.80;-0.036;8.38;-80.4;1.3;-2.7;-494;115.2;8.23;12.4;
33.4451633429815;-118.485437843834;16:45:17.73;7/13/2016;8;2.129;308.7;12.0453350093692;1.37;294.7;308.02;-1.51;8.9;27.8;.00;19.09;19.09;94;68;567.9;16.2;-4.1;D;564.3;13;63.706;2;1.99;190;305.46;-118.48599707;33.44549575;0;0;1;N;1.702688;47;47;11;76;76;294.9903;0;9999.99;19.09;19.21596;2;9;23.7;0;23.7000007629395;33.84;1529.90677;07/13/16;16:42:18;22.33;51.43;33.84;-0.115;8.38;-80.5;1.4;-3.0;1246;115.3;8.23;12.4;
33.4451684023599;-118.485444215662;16:45:18.75;7/13/2016;8;1.862;308.7;12.0453350093692;1.37;293.2;306.51;1.31;11.9;27.8;.01;19.72;19.73;94;68;567.9;16.2;-4.1;D;564.3;13;62.898;2;2.02;190;305.36;-118.48599707;33.44549575;0;0;1;N;1.802567;65;65;11;78;78;294.3076;0;9999.99;19.71;19.837;2;9;23.7;0;23.7000007629395;33.85;1529.91829;07/13/16;16:42:19;22.33;51.44;33.85;0.044;8.38;-80.6;1.9;-4.1;506;115.3;8.24;12.3;
33.4451733183981;-118.485453998794;16:45:19.75;7/13/2016;8;2.092;307.52;12.0453350093692;1.37;291.7;304.99;-2.16;10.8;27.8;.00;19.20;19.20;94;68;567.9;16.2;-4.1;D;564.3;13;61.841;2;2.03;190;305.43;-118.48599707;33.44549575;0;0;1;N;1.690081;50;50;11;84;84;295.0765;0;9999.99;19.20;19.33057;2;9;23.7;0;23.7000007629395;33.84;1529.9075;07/13/16;16:42:20;22.32;51.43;33.84;0.006;8.38;-80.5;0.8;-4.7;-1130;115.3;8.24;12.2;
33.4451796534466;-118.485462347247;16:45:20.77;7/13/2016;8;1.639;308.41;12.0453350093692;1.37;291.5;304.79;-2.12;15;27.8;.01;19.87;19.88;94;62;567.9;16.2;-3.8;D;619.1;13;60.802;2;2.01;190;305.32;-118.48599707;33.44549575;0;0;1;N;1.789517;43;43;11;85;85;294.3964;0;9999.99;19.85;19.977;2;9;23.7;0;23.7000007629395;33.84;1529.90701;07/13/16;16:42:21;22.31;51.44;33.84;-0.052;8.38;-80.4;1.4;0.2;-1019;115.3;8.24;12.5;
33.4451886095565;-118.485469617992;16:45:21.77;7/13/2016;8;2.087;312.25;12.0453350093692;1.37;293.1;306.4;1.19;8.6;27.8;.02;19.51;19.53;94;62;567.9;16.2;-3.8;D;619.1;13;59.677;2;2;190;304.91;-118.48599707;33.44549575;0;0;1;N;2.171744;64;64;11;69;69;291.8174;0;9999.99;19.50;19.63012;2;9;23.7;0;23.7000007629395;33.82;1529.88625;07/13/16;16:42:22;22.31;51.41;33.82;0.240;8.38;-80.4;1.4;-0.9;-2032;115.3;8.24;12.4;
33.4451948664075;-118.485479218501;16:45:22.80;7/13/2016;8;2.209;310.51;12.0453350093692;1.37;290.1;303.37;-0.17;12.2;27.8;.00;19.34;19.34;94;62;567.9;16.2;-3.8;D;619.1;13;58.549;2;2.06;190;304.85;-118.48599707;33.44549575;0;0;1;N;2.19981;56;56;11;80;80;291.6301;0;9999.99;19.34;19.47094;2;9;23.7;0;23.7000007629395;33.87;1529.94055;07/13/16;16:42:23;22.30;51.47;33.87;0.045;8.38;-80.5;1.0;-2.1;-3000;115.3;8.24;12.4;
33.4451996338582;-118.485490925414;16:45:23.80;7/13/2016;8;2.022;306.7;12.0453350093692;1.37;293.2;306.51;-0.37;14.4;27.8;.00;19.73;19.74;94;62;567.9;16.2;-3.8;D;619.1;13;57.355;2;2.05;190;305.04;-118.48599707;33.44549575;0;0;1;N;1.96486;55;55;11;74;74;293.2061;0;9999.99;19.72;19.84781;2;9;23.7;0;23.7000007629395;33.82;1529.88525;07/13/16;16:42:24;22.31;51.41;33.82;-0.100;8.38;-80.4;1.2;-4.3;-2733;115.3;8.24;12.2;
33.4452049469896;-118.48550039373;16:45:24.80;7/13/2016;8;2.018;303.14;12.0453350093692;1.37;288;301.25;0.59;9.3;27.8;.00;19.85;19.85;94;61;567.8;16.2;-3.7;D;629.1;13;56.296;2;2.02;190;305.06;-118.48599707;33.44549575;0;0;1;N;1.919749;61;61;11;96;96;293.5112;0;9999.99;19.86;19.98258;2;9;23.7;0;23.7000007629395;33.86;1529.9289;07/13/16;16:42:25;22.32;51.46;33.86;0.018;8.37;-80.2;1.8;-0.7;-3098;115.3;8.23;12.4;
33.445210628389;-118.485509457086;16:45:25.80;7/13/2016;8;1.856;302.89;12.0453350093692;1.37;286.6;299.83;-2.16;15.6;27.8;.00;20.04;20.05;94;61;567.8;16.2;-3.7;D;629.1;13;55.245;2;2.02;190;305.02;-118.48599707;33.44549575;0;0;1;N;1.920616;44;44;11;102;102;293.5052;0;9999.99;20.05;20.17492;2;9;23.7;0;23.7000007629395;33.84;1529.9068;07/13/16;16:42:26;22.32;51.43;33.84;-0.164;8.37;-80.1;1.5;-0.6;-3051;115.3;8.23;12.3;
33.4452169074394;-118.485525033808;16:45:26.80;7/13/2016;8;2.095;302.24;12.0453350093692;1.37;291;304.28;1.16;9.8;27.8;.00;20.14;20.14;94;61;567.8;16.2;-3.7;D;629.1;13;53.661;2;1.98;190;305.3;-118.48599707;33.44549575;0;0;1;N;1.598821;64;64;11;93;93;295.7033;0;9999.99;20.14;20.26419;2;9;23.7;0;23.7000007629395;33.86;1529.9287;07/13/16;16:42:27;22.33;51.46;33.86;0.123;8.38;-80.3;1.5;-5.4;-1857;115.3;8.23;12.5;
33.445221893032;-118.485537731242;16:45:27.80;7/13/2016;8;2.355;302.27;12.0453350093692;1.37;290.9;304.18;-0.61;11.5;27.8;.00;20.14;20.14;94;59;567.8;16.2;-3.6;D;644.6;13;52.380;2;2.03;190;305.55;-118.48599707;33.44549575;0;0;1;N;1.333207;53;53;11;100;100;297.5436;0;9999.99;20.15;20.27662;2;9;23.7;0;23.7000007629395;33.83;1529.89581;07/13/16;16:42:28;22.34;51.42;33.83;-0.075;8.37;-80.2;1.7;0.8;53;115.3;8.23;12.3;
33.4452267727691;-118.48554381206;16:45:28.80;7/13/2016;8;1.973;306.19;12.0453350093692;1.37;290.7;303.98;-0.86;4.62;27.8;.00;20.17;20.17;94;59;567.8;16.2;-3.6;D;644.6;13;51.606;2;2;190;305.42;-118.48599707;33.44549575;0;0;1;N;1.425928;47;47;11;98;98;296.8987;0;9999.99;20.15;20.27384;2;9;23.7;0;23.7000007629395;33.82;1529.88489;07/13/16;16:42:29;22.34;51.40;33.82;-0.098;8.38;-80.4;1.9;-7.8;-2881;115.4;8.24;12.4;
33.4452315577812;-118.485553359293;16:45:29.80;7/13/2016;8;1.851;304.97;12.0453350093692;1.37;291.3;304.58;0.41;16.2;27.8;.01;20.71;20.72;94;59;567.8;16.2;-3.6;D;644.6;13;50.575;2;2.01;190;305.51;-118.48599707;33.44549575;0;0;1;N;1.318086;59;59;11;99;99;297.649;0;9999.99;20.72;20.847;2;9;23.7;0;23.7000007629395;33.82;1529.88513;07/13/16;16:42:30;22.33;51.41;33.82;0.071;8.37;-80.3;1.1;4.2;-461;115.4;8.24;12.4;
33.4452376289499;-118.485565252725;16:45:30.80;7/13/2016;8;1.974;306.19;12.0453350093692;1.37;289.4;302.66;-0.71;5.08;27.7;.00;19.88;19.88;94;59;567.8;16.2;-3.6;D;644.6;13;49.285;2;2;190;305.62;-118.48599707;33.44549575;0;0;1;N;1.194522;54;54;11;108;108;298.5127;0;9999.99;19.87;19.99859;2;9;23.7;0;23.7000007629395;33.83;1529.89627;07/13/16;16:42:31;22.31;51.41;33.83;-0.080;8.38;-80.7;1.1;-1.2;-1597;115.4;8.24;12.2;
33.4452435710359;-118.485569707384;16:45:31.80;7/13/2016;8;1.999;315.31;12.0453350093692;1.37;291.5;304.79;-0.52;11.3;27.7;.00;19.88;19.89;94;59;567.7;16.2;-3.6;D;647.8;13;48.565;2;1.93;190;305.27;-118.48599707;33.44549575;0;0;1;N;1.470522;54;54;11;94;94;296.5893;0;9999.99;19.87;19.99859;2;9;23.7;0;23.7000007629395;33.84;1529.90692;07/13/16;16:42:32;22.30;51.42;33.84;-0.083;8.38;-80.6;2.3;-1.6;-2628;115.4;8.24;12.3;
33.4452506342076;-118.485576016126;16:45:32.80;7/13/2016;8;2.236;311.36;12.0453350093692;1.37;296;309.34;-0.31;7.99;27.8;.00;20.71;20.72;94;57;567.7;16.2;-3.5;D;663.6;13;47.635;2;1.94;190;304.9;-118.48599707;33.44549575;0;0;1;N;1.733961;55;55;11;69;69;294.7755;0;9999.99;20.71;20.83686;2;9;23.7;0;23.7000007629395;33.84;1529.90696;07/13/16;16:42:33;22.29;51.43;33.84;0.008;8.38;-80.5;1.4;-5.4;-1981;115.4;8.25;12.5;
33.4452590212905;-118.48558241702;16:45:33.80;7/13/2016;8;2.019;313.83;12.0453350093692;1.37;295.9;309.23;1.35;11.6;27.7;.00;20.71;20.71;94;57;567.7;16.2;-3.5;D;663.6;13;46.616;2;1.96;190;304.38;-118.48599707;33.44549575;0;0;1;N;2.117149;65;65;11;59;59;292.1815;0;9999.99;20.72;20.84245;2;9;23.7;0;23.7000007629395;33.83;1529.89586;07/13/16;16:42:34;22.28;51.41;33.83;0.018;8.37;-80.3;0.6;0.5;-1460;115.4;8.25;12.3;
33.4452651456751;-118.485589079337;16:45:34.80;7/13/2016;8;1.949;313.93;12.0453350093692;1.37;292.6;305.9;-1.15;15;27.8;.00;20.39;20.39;94;57;567.7;16.2;-3.5;D;663.6;13;45.722;2;1.98;190;304.11;-118.48599707;33.44549575;0;0;1;N;2.292143;52;52;11;56;56;291.0166;0;9999.99;20.39;20.51307;2;9;23.7;0;23.7000007629395;33.84;1529.90675;07/13/16;16:42:35;22.27;51.44;33.84;-0.102;8.38;-80.6;1.8;-1.2;-4922;115.4;8.25;12.2;
33.4452707020135;-118.485596930468;16:45:35.80;7/13/2016;7;1.852;312.37;12.0453350093692;1.37;289.9;303.17;1.36;14.2;27.8;.00;20.67;20.67;94;57;567.7;16.2;-3.5;D;663.6;13;44.772;2;1.98;190;303.98;-118.48599707;33.44549575;0;0;1;N;2.362195;65;65;11;77;77;290.554;0;9999.99;20.67;20.79731;2;9;23.7;0;23.7000007629395;33.87;1529.93951;07/13/16;16:42:36;22.27;51.47;33.87;-0.041;8.38;-80.5;1.6;-2.3;-3037;115.4;8.25;12.3;
33.4452757010708;-118.485607397091;16:45:36.80;7/13/2016;7;1.973;311.67;12.0453350093692;1.37;290.6;303.88;-1.52;9.5;27.7;.00;21.13;21.13;94;62;567.6;16.2;-3.8;D;616.7;13;43.656;2;1.97;190;304.09;-118.48599707;33.44549575;0;0;1;N;2.218788;48;48;11;78;78;291.5032;0;9999.99;21.13;21.25313;2;9;23.7;0;23.7000007629395;33.85;1529.91777;07/13/16;16:42:37;22.29;51.45;33.85;-0.131;8.38;-80.5;1.7;-5.9;-2434;115.4;8.24;12.3;
33.4452806967468;-118.4856154009;16:45:37.80;7/13/2016;7;1.95;310.95;12.0453350093692;1.37;290.8;304.08;1.24;14;27.7;.00;21.53;21.53;94;62;567.6;16.2;-3.8;D;616.7;13;42.730;2;1.99;190;304.03;-118.48599707;33.44549575;0;0;1;N;2.215899;62;62;11;79;79;291.5225;0;9999.99;21.52;21.647;2;9;23.7;0;23.7000007629395;33.85;1529.91772;07/13/16;16:42:38;22.29;51.44;33.85;0.027;8.37;-80.3;1.2;-0.5;138;115.4;8.24;12.3;
33.4452852719256;-118.485625084712;16:45:38.80;7/13/2016;7;1.987;308.49;12.0453350093692;1.37;292.3;305.6;-0.5;12.9;27.8;.00;21.30;21.30;94;62;567.6;16.2;-3.8;D;616.7;13;41.701;2;1.96;190;304.14;-118.48599707;33.44549575;0;0;1;N;2.078751;56;56;11;76;76;292.4386;0;9999.99;21.31;21.44169;2;9;23.7;0;23.7000007629395;33.83;1529.89603;07/13/16;16:42:39;22.29;51.42;33.83;-0.057;8.38;-80.7;1.1;-4.9;-453;115.4;8.25;12.4;
33.4452890932952;-118.485635298664;16:45:39.80;7/13/2016;7;2.186;303.74;12.0453350093692;1.37;291.9;305.19;-1;13.3;27.8;.00;21.67;21.67;94;62;567.6;16.2;-3.8;D;616.7;13;40.679;2;1.99;190;304.4;-118.48599707;33.44549575;0;0;1;N;1.847414;51;51;11;80;80;294.0013;0;9999.99;21.66;21.787;2;9;23.7;0;23.7000007629395;33.83;1529.89596;07/13/16;16:42:40;22.28;51.42;33.83;-0.083;8.38;-80.5;1.2;0.8;1728;115.5;8.25;12.3;
33.4452952126559;-118.485646310807;16:45:40.80;7/13/2016;7;2.21;303.1;12.0453350093692;1.37;289.5;302.76;1.23;18.2;27.8;.01;21.81;21.82;94;60;567.6;16.2;-3.7;D;631.7;13;39.451;2;2.04;190;304.42;-118.48599707;33.44549575;0;0;1;N;1.78243;64;64;11;94;94;294.4438;0;9999.99;21.81;21.937;2;9;23.7;0;23.7000007629395;33.83;1529.8959;07/13/16;16:42:41;22.29;51.42;33.83;0.080;8.38;-80.6;1.2;-4.6;-1278;115.4;8.25;12.4;
33.4452994922918;-118.485656079553;16:45:41.81;7/13/2016;7;2.169;305.35;12.0453350093692;1.37;289.2;302.46;-0.16;9.8;27.8;.00;20.77;20.77;94;60;567.6;16.2;-3.7;D;631.7;13;38.434;2;2.01;190;304.6;-118.48599707;33.44549575;0;0;1;N;1.62807;52;52;11;115;115;295.5012;0;9999.99;20.77;20.90157;2;9;23.6;0;23.6000003814697;33.85;1529.6679;07/13/16;16:42:42;22.29;51.44;33.85;-0.090;8.37;-80.3;1.4;-5.0;-1232;115.5;8.25;12.5;
33.4453050835153;-118.48566457118;16:45:42.83;7/13/2016;7;1.817;307.41;12.0453350093692;1.37;293;306.3;-0.78;10.5;27.7;.00;22.26;22.26;94;60;567.6;16.2;-3.7;D;631.7;13;37.433;2;2.01;190;304.5;-118.48599707;33.44549575;0;0;1;N;1.635992;49;49;11;90;90;295.4468;0;9999.99;22.25;22.377;2;9;23.7;0;23.6000003814697;33.84;1529.65693;07/13/16;16:42:43;22.29;51.43;33.84;-0.054;8.38;-80.5;2.3;1.6;-2220;115.5;8.25;12.3;
33.4453109640832;-118.485674097947;16:45:43.84;7/13/2016;7;1.886;309.44;12.0453350093692;1.37;290.8;304.08;-0.15;12.1;27.8;.01;21.28;21.29;94;58;567.5;16.2;-3.6;D;655.1;13;36.334;2;1.96;190;304.44;-118.48599707;33.44549575;0;0;1;N;1.627082;56;56;11;93;93;295.5079;0;9999.99;21.28;21.40398;2;9;23.7;0;23.7000007629395;33.84;1529.90745;07/13/16;16:42:44;22.28;51.44;33.84;0.069;8.38;-80.4;1.7;0.0;-2944;115.5;8.25;12.2;
33.4453177793491;-118.485683189104;16:45:44.84;7/13/2016;7;1.889;311.77;12.0453350093692;1.37;292.6;305.9;0.18;12.3;27.8;.00;21.75;21.75;94;58;567.5;16.2;-3.6;D;655.1;13;35.210;2;1.95;190;304.2;-118.48599707;33.44549575;0;0;1;N;1.71952;58;58;11;83;83;294.8737;0;9999.99;21.75;21.87341;2;9;23.7;0;23.7000007629395;33.86;1529.92866;07/13/16;16:42:46;22.28;51.46;33.86;-0.054;8.37;-80.2;1.3;1.1;-1091;115.5;8.25;12.3;
33.4453216910799;-118.485696589998;16:45:45.84;7/13/2016;7;2.126;306.32;12.0453350093692;1.37;288.4;301.65;-0.41;15.6;27.8;.00;21.89;21.89;94;58;567.5;16.2;-3.6;D;655.1;13;33.939;2;2.02;190;304.77;-118.48599707;33.44549575;0;0;1;N;1.328352;55;55;11;111;111;297.5765;0;9999.99;21.89;22.01684;2;9;23.7;0;23.7000007629395;33.86;1529.92866;07/13/16;16:42:46;22.28;51.46;33.86;-0.054;8.37;-80.2;1.3;1.1;-1091;115.5;8.25;12.3;
33.4453262990135;-118.485706678975;16:45:46.84;7/13/2016;7;2.056;303.77;12.0453350093692;1.37;291.7;304.99;-0.03;18.4;27.8;.00;22.02;22.02;94;58;567.5;16.2;-3.6;D;655.1;13;32.878;2;1.99;190;304.97;-118.48599707;33.44549575;0;0;1;N;1.171184;57;57;11;102;102;298.6752;0;9999.99;22.02;22.15166;2;9;23.7;0;23.7000007629395;33.84;1529.90669;07/13/16;16:42:48;22.30;51.44;33.84;-0.104;8.37;-80.2;1.8;-8.9;-4541;115.4;8.25;12.3;
33.4453324493402;-118.485715156039;16:45:47.86;7/13/2016;7;2.04;304.29;12.0453350093692;1.37;296.2;309.54;0.45;11.4;27.8;.00;22.29;22.29;94;61;567.5;16.2;-3.7;D;623.2;13;31.842;2;1.92;190;304.77;-118.48599707;33.44549575;0;0;1;N;1.234339;57;57;11;87;87;298.2328;0;9999.99;22.28;22.40769;2;9;23.7;0;23.7000007629395;33.82;1529.88499;07/13/16;16:42:49;22.29;51.41;33.82;0.006;8.37;-80.2;2.2;-0.7;-4040;115.5;8.26;12.5;
33.4453391982372;-118.485723201205;16:45:48.88;7/13/2016;7;2.148;307.36;12.0453350093692;1.37;293.2;306.51;0.76;16.1;27.7;.01;21.92;21.92;94;61;567.5;16.2;-3.7;D;623.2;13;30.801;2;1.96;190;304.41;-118.48599707;33.44549575;0;0;1;N;1.38815;62;62;11;90;90;297.16;0;9999.99;21.93;22.05585;2;9;23.6;0;23.7000007629395;33.82;1529.88499;07/13/16;16:42:49;22.29;51.41;33.82;0.006;8.37;-80.2;2.2;-0.7;-4040;115.5;8.26;12.5;
33.4453455698297;-118.485733897498;16:45:49.88;7/13/2016;7;2.086;304.37;12.0453350093692;1.37;294.6;307.92;-2.26;10.8;27.8;.00;22.22;22.22;94;61;567.5;16.2;-3.7;D;623.2;13;29.582;2;2.05;190;304.37;-118.48599707;33.44549575;0;0;1;N;1.349849;43;43;11;85;85;297.4264;0;9999.99;22.21;22.34146;2;9;23.6;0;23.6000003814697;33.82;1529.6352;07/13/16;16:42:50;22.28;51.41;33.82;-0.175;8.37;-80.2;0.7;-2.4;-955;115.5;8.25;12.4;
33.445351376187;-118.48574228144;16:45:50.88;7/13/2016;7;1.967;307.21;12.0453350093692;1.37;294;307.31;0.71;7.93;27.7;.00;22.25;22.26;94;56;567.4;16.2;-3.4;D;676.2;13;28.576;2;1.99;190;304.18;-118.48599707;33.44549575;0;0;1;N;1.398475;61;61;11;86;86;297.088;0;9999.99;22.25;22.37443;2;9;23.6;0;23.6000003814697;33.82;1529.63501;07/13/16;16:42:51;22.26;51.40;33.82;0.081;8.37;-80.2;2.2;-1.1;-796;115.5;8.26;12.3;
33.4453577464535;-118.485751183681;16:45:51.89;7/13/2016;7;2.2;310.12;12.0453350093692;1.37;295;308.33;-1.71;12.2;27.7;.01;22.81;22.82;94;56;567.4;16.2;-3.4;D;676.2;13;27.495;2;2.05;190;303.93;-118.48599707;33.44549575;0;0;1;N;1.469493;49;49;11;87;87;296.5952;0;9999.99;22.82;22.947;2;9;23.6;0;23.6000003814697;33.85;1529.66804;07/13/16;16:42:53;22.24;51.45;33.85;0.029;8.37;-80.1;0.9;-1.0;-2028;115.4;8.26;12.4;
33.4453635150642;-118.485758661465;16:45:52.89;7/13/2016;7;1.845;312.92;12.0453350093692;1.37;297.2;310.55;-0.34;11.3;27.7;.01;22.05;22.06;94;56;567.4;16.2;-3.4;D;676.2;13;26.561;2;1.99;190;303.61;-118.48599707;33.44549575;0;0;1;N;1.558582;55;55;11;69;69;295.979;0;9999.99;22.03;22.15847;2;9;23.6;0;23.6000003814697;33.85;1529.66804;07/13/16;16:42:53;22.24;51.45;33.85;0.029;8.37;-80.1;0.9;-1.0;-2028;115.4;8.26;12.4;
33.4453691831477;-118.485766233847;16:45:53.89;7/13/2016;7;2.432;308.72;12.0453350093692;1.37;294.4;307.72;1.51;15.6;27.7;.01;23.00;23.01;94;56;567.4;16.2;-3.4;D;676.2;13;25.628;2;2.01;190;303.31;-118.48599707;33.44549575;0;0;1;N;1.643521;66;66;11;78;78;295.394;0;9999.99;23.01;23.137;2;9;23.6;0;23.6000003814697;33.86;1529.6789;07/13/16;16:42:54;22.25;51.45;33.86;0.117;8.37;-80.2;0.6;-2.0;-672;115.5;8.26;12.4;
33.4453752800516;-118.485776218499;16:45:54.89;7/13/2016;7;2.221;308.36;12.0453350093692;1.37;290.9;304.18;-1.45;12.9;27.7;.00;22.72;22.72;94;68;567.4;16.2;-4.1;D;562.6;13;24.481;2;2.04;190;303.17;-118.48599707;33.44549575;0;0;1;N;1.640445;49;49;11;98;98;295.4151;0;9999.99;22.73;22.85471;2;9;23.6;0;23.6000003814697;33.86;1529.67878;07/13/16;16:42:56;22.27;51.46;33.86;-0.067;8.38;-80.4;0.8;0.6;-3448;115.6;8.26;12.4;
33.4453809849955;-118.485785264914;16:45:55.91;7/13/2016;7;1.884;311.07;12.0453350093692;1.37;293.8;307.11;0.31;11.6;27.7;.00;22.72;22.72;94;68;567.4;16.2;-4.1;D;562.6;13;23.432;2;2.01;190;303;-118.48599707;33.44549575;0;0;1;N;1.628946;57;57;11;74;74;295.4942;0;9999.99;22.71;22.83285;2;9;23.6;0;23.6000003814697;33.86;1529.67878;07/13/16;16:42:56;22.27;51.46;33.86;-0.067;8.38;-80.4;0.8;0.6;-3448;115.6;8.26;12.4;
33.4453855706468;-118.485793344698;16:45:56.92;7/13/2016;7;1.681;311.07;12.0453350093692;1.37;291.3;304.58;0.29;18.8;27.8;.00;22.95;22.95;94;59;567.3;16.2;-3.6;D;649.5;13;22.525;2;2.02;190;302.95;-118.48599707;33.44549575;0;0;1;N;1.59522;59;59;11;92;92;295.7261;0;9999.99;22.96;23.085;2;9;23.6;0;23.6000003814697;33.85;1529.66764;07/13/16;16:42:58;22.27;51.45;33.85;-0.098;8.38;-80.4;1.0;-2.0;-1313;115.6;8.26;12.4;
33.4453890619812;-118.485799357022;16:45:57.92;7/13/2016;7;1.935;304.43;12.0453350093692;1.37;290.1;303.37;-0.43;7.58;27.8;.00;22.97;22.97;94;59;567.3;16.2;-3.6;D;649.5;13;21.846;2;2.02;190;302.89;-118.48599707;33.44549575;0;0;1;N;1.570597;57;57;11;92;92;295.8959;0;9999.99;22.96;23.08866;2;9;23.6;0;23.6000003814697;33.85;1529.66764;07/13/16;16:42:58;22.27;51.45;33.85;-0.098;8.38;-80.4;1.0;-2.0;-1313;115.6;8.26;12.4;
33.4453945725453;-118.485804486901;16:45:58.92;7/13/2016;7;2.035;308.65;12.0453350093692;1.37;290.7;303.98;0.12;15.3;27.7;.00;22.99;22.99;94;59;567.3;16.2;-3.6;D;649.5;13;21.115;2;1.97;190;302.2;-118.48599707;33.44549575;0;0;1;N;1.77388;57;57;11;89;89;294.5009;0;9999.99;22.98;23.11165;2;9;23.6;0;23.6000003814697;33.84;1529.65667;07/13/16;16:43:00;22.27;51.43;33.84;-0.015;8.38;-80.4;1.3;-4.3;-3681;115.6;8.27;12.3;
33.4454006826423;-118.485814808114;16:45:59.95;7/13/2016;8;2.066;305.76;12.0453350093692;1.37;289.7;302.97;-0.6;13.3;27.8;.00;23.19;23.19;94;60;567.3;16.2;-3.6;D;639.5;13;19.943;2;1.97;190;302.01;-118.48599707;33.44549575;0;0;1;N;1.738906;53;53;11;94;94;294.7397;0;9999.99;23.19;23.32059;2;9;23.6;0;23.6000003814697;33.84;1529.65667;07/13/16;16:43:00;22.27;51.43;33.84;-0.015;8.38;-80.4;1.3;-4.3;-3681;115.6;8.27;12.3;
33.4454054781392;-118.48582494787;16:46:00.97;7/13/2016;8;2.065;308.46;12.0453350093692;1.37;290.5;303.78;-0.05;10.1;27.8;.00;23.79;23.80;94;60;567.3;16.2;-3.6;D;639.5;13;18.863;2;1.99;190;302.15;-118.48599707;33.44549575;0;0;1;N;1.602407;52;52;11;103;103;295.6763;0;9999.99;23.79;23.917;2;9;23.6;0;23.6000003814697;33.82;1529.63488;07/13/16;16:43:02;22.26;51.40;33.82;0.019;8.38;-80.4;1.0;-5.6;-1467;115.6;8.27;12.3;
33.4454113508735;-118.485832565703;16:46:01.97;7/13/2016;8;1.894;309.55;12.0453350093692;1.37;295.3;308.63;0.69;11.6;27.7;.00;23.18;23.19;94;57;567.3;16.2;-3.5;D;667.6;13;17.917;2;1.94;190;301.59;-118.48599707;33.44549575;0;0;1;N;1.689471;60;60;11;83;83;295.0782;0;9999.99;23.18;23.3081;2;9;23.6;0;23.6000003814697;33.82;1529.63488;07/13/16;16:43:02;22.26;51.40;33.82;0.019;8.38;-80.4;1.0;-5.6;-1467;115.6;8.27;12.3;
33.4454178188749;-118.485839954586;16:46:02.97;7/13/2016;8;2.066;311.02;12.0453350093692;1.37;293.9;307.21;-1.13;10.9;27.7;.01;23.27;23.28;94;57;567.3;16.2;-3.5;D;667.6;13;16.958;2;1.92;190;300.73;-118.48599707;33.44549575;0;0;1;N;1.850487;50;50;11;74;74;293.9788;0;9999.99;23.27;23.39449;2;9;23.6;0;23.6000003814697;33.86;1529.67908;07/13/16;16:43:04;22.23;51.45;33.86;0.040;8.37;-80.2;0.9;0.0;-3319;115.6;8.27;12.3;
33.4454240823049;-118.485849149255;16:46:03.97;7/13/2016;8;1.915;311.6;12.0453350093692;1.37;288.1;301.35;-0.21;13.4;27.7;.01;23.24;23.25;94;57;567.3;16.2;-3.5;D;667.6;13;15.870;2;2.04;190;300.14;-118.48599707;33.44549575;0;0;1;N;1.905258;56;56;11;96;96;293.6068;0;9999.99;23.23;23.36108;2;9;23.6;0;23.6000003814697;33.86;1529.67933;07/13/16;16:43:05;22.24;51.45;33.86;0.006;8.37;-80.1;0.9;-2.3;-776;115.7;8.27;12.4;
33.4454285141097;-118.485858310721;16:46:04.97;7/13/2016;8;1.701;311.6;12.0453350093692;1.37;291.9;305.19;-0.54;14;27.7;.00;23.40;23.40;94;64;567.2;16.2;-3.9;D;592.6;13;14.888;2;2.04;190;300.14;-118.48599707;33.44549575;0;0;1;N;1.778521;54;54;11;82;82;294.4686;0;9999.99;23.40;23.52912;2;9;23.6;0;23.6000003814697;33.86;1529.67933;07/13/16;16:43:05;22.24;51.45;33.86;0.006;8.37;-80.1;0.9;-2.3;-776;115.7;8.27;12.4;
33.4454341065771;-118.485866186547;16:46:05.98;7/13/2016;8;1.914;311.6;12.0453350093692;1.37;292.8;306.1;-0.93;11.2;27.7;.00;24.19;24.19;94;64;567.2;16.2;-3.9;D;592.6;13;13.945;2;2;190;299.44;-118.48599707;33.44549575;0;0;1;N;1.832768;51;51;11;79;79;294.0989;0;9999.99;24.19;24.317;2;9;23.6;0;23.6000003814697;33.84;1529.65673;07/13/16;16:43:06;22.24;51.43;33.84;-0.079;8.38;-80.6;0.8;-3.7;-913;115.6;8.27;12.4;
33.4454406352064;-118.485873848532;16:46:06.98;7/13/2016;8;1.848;308.58;12.0453350093692;1.37;290;303.27;-0.26;10.9;27.7;.00;24.18;24.18;94;64;567.2;16.2;-3.9;D;592.6;13;12.972;2;1.97;190;298.19;-118.48599707;33.44549575;0;0;1;N;1.989559;55;55;11;86;86;293.0364;0;9999.99;24.17;24.297;2;9;23.6;0;23.6000003814697;33.85;1529.66765;07/13/16;16:43:08;22.24;51.45;33.85;-0.044;8.38;-80.5;1.4;-2.8;-1989;115.7;8.27;12.3;
33.4454458098014;-118.485883425412;16:46:07.98;7/13/2016;8;2.021;308.08;12.0453350093692;1.37;295;308.33;-0.74;12.6;27.7;.00;23.60;23.60;94;64;567.2;16.2;-3.9;D;592.6;13;11.917;2;1.92;190;297.77;-118.48599707;33.44549575;0;0;1;N;1.90475;53;53;11;68;68;293.6097;0;9999.99;23.60;23.72715;2;9;23.6;0;23.6000003814697;33.85;1529.66765;07/13/16;16:43:08;22.24;51.45;33.85;-0.044;8.38;-80.5;1.4;-2.8;-1989;115.7;8.27;12.3;
33.4454511649403;-118.485893224205;16:46:08.98;7/13/2016;8;2.03;311.34;12.0453350093692;1.37;287.4;300.64;-0.31;17.7;27.7;.01;23.88;23.89;94;61;567.2;16.2;-3.7;D;625.5;13;10.836;2;2.02;190;297.23;-118.48599707;33.44549575;0;0;1;N;1.851587;55;55;11;100;100;293.9714;0;9999.99;23.88;24.00311;2;9;23.6;0;23.6000003814697;33.86;1529.67904;07/13/16;16:43:10;22.26;51.45;33.86;-0.031;8.38;-80.8;0.6;-4.0;-1509;115.7;8.27;12.3;
33.445455340107;-118.485901954012;16:46:09.98;7/13/2016;8;1.691;312.38;12.0453350093692;1.37;289.8;303.07;-0.88;12.4;27.6;.00;23.66;23.66;94;61;567.2;16.2;-3.7;D;625.5;13;9.903;2;2.01;190;296.98;-118.48599707;33.44549575;0;0;1;N;1.730524;52;52;11;94;94;294.7971;0;9999.99;23.66;23.78353;2;9;23.6;0;23.6000003814697;33.86;1529.67904;07/13/16;16:43:10;22.26;51.45;33.86;-0.031;8.38;-80.8;0.6;-4.0;-1509;115.7;8.27;12.3;
33.4454600728978;-118.485909419025;16:46:11.00;7/13/2016;8;1.849;310.76;12.0453350093692;1.38;287.8;301.05;0.6;16.7;27.7;.00;24.74;24.74;94;61;567.2;16.2;-3.7;D;625.5;13;9.048;2;1.98;190;296;-118.48599707;33.44549575;0;0;1;N;1.734527;61;61;11;96;96;294.7694;0;9999.99;24.73;24.857;2;9;23.6;0;23.6000003814697;33.83;1529.64597;07/13/16;16:43:12;22.26;51.41;33.83;0.089;8.38;-80.7;0.8;-3.7;-1381;115.7;8.27;12.3;
33.4454664823639;-118.485917246645;16:46:12.03;7/13/2016;8;2.013;313.4;12.0453350093692;1.38;286.8;300.03;-1.3;11.2;27.7;.00;23.73;23.73;94;60;567.1;16.2;-3.7;D;631.1;13;8.090;2;1.94;190;293.72;-118.48599707;33.44549575;0;0;1;N;1.87313;49;49;11;102;102;293.8242;0;9999.99;23.73;23.86015;2;9;23.6;0;23.6000003814697;33.83;1529.64597;07/13/16;16:43:12;22.26;51.41;33.83;0.089;8.38;-80.7;0.8;-3.7;-1381;115.7;8.27;12.3;
33.4454727262015;-118.48592376286;16:46:13.05;7/13/2016;8;1.986;307.5;12.0453350093692;1.38;289.3;302.56;0.55;8.7;27.7;.00;24.64;24.64;94;60;567.1;16.2;-3.7;D;631.1;13;7.267;2;1.96;190;290.63;-118.48599707;33.44549575;0;0;1;N;2.055319;60;60;11;87;87;292.5943;0;9999.99;24.63;24.75302;2;9;23.6;0;23.6000003814697;33.85;1529.66772;07/13/16;16:43:14;22.24;51.45;33.85;-0.047;8.38;-80.7;1.0;-0.9;-3797;115.8;8.28;12.4;
33.4454780709091;-118.485932155621;16:46:14.05;7/13/2016;8;1.803;309.12;12.0453350093692;1.38;290.8;304.08;-0.64;12.5;27.7;.00;24.27;24.28;94;60;567.1;16.2;-3.7;D;631.1;13;6.335;2;1.98;190;288.08;-118.48599707;33.44549575;0;0;1;N;2.059928;53;53;11;86;86;292.5629;0;9999.99;24.28;24.41138;2;9;23.6;0;23.6000003814697;33.85;1529.66772;07/13/16;16:43:14;22.24;51.45;33.85;-0.047;8.38;-80.7;1.0;-0.9;-3797;115.8;8.28;12.4;
33.4454810667158;-118.485941152478;16:46:15.05;7/13/2016;8;1.565;307.57;12.0453350093692;1.38;292.8;306.1;-1.1;16.4;27.6;.01;24.16;24.17;94;60;567.1;16.2;-3.7;D;631.1;13;5.439;2;2;190;287.47;-118.48599707;33.44549575;0;0;1;N;1.821492;49;49;11;87;87;294.1759;0;9999.99;24.15;24.27915;2;9;23.6;0;23.6000003814697;33.85;1529.66819;07/13/16;16:43:16;22.24;51.44;33.85;0.080;8.38;-80.6;1.6;-6.2;-8;115.8;8.28;12.4;
33.4454862408944;-118.485950218688;16:46:16.05;7/13/2016;8;1.559;307.57;12.0453350093692;1.38;292;305.29;0.43;15.9;27.6;.01;23.92;23.93;94;59;567.0;16.2;-3.6;D;647;13;4.474;2;1.94;190;283.67;-118.48599707;33.44549575;0;0;1;N;1.765818;61;61;11;73;73;294.5565;0;9999.99;23.91;24.03829;2;9;23.6;0;23.6000003814697;33.84;1529.65728;07/13/16;16:43:17;22.25;51.43;33.84;0.090;8.38;-80.6;1.5;-7.6;-882;115.8;8.28;12.4;
33.4454868543137;-118.485953505423;16:46:17.05;7/13/2016;8;1.623;307.57;12.0453350093692;1.38;286.1;299.33;-0.99;13;27.7;.00;24.78;24.78;94;59;567.0;16.2;-3.6;D;647;13;4.161;2;1.91;190;283.75;-118.48599707;33.44549575;0;0;1;N;1.654956;51;51;11;111;111;295.314;0;9999.99;24.77;24.90099;2;9;23.6;0;23.6000003814697;33.84;1529.65728;07/13/16;16:43:17;22.25;51.43;33.84;0.090;8.38;-80.6;1.5;-7.6;-882;115.8;8.28;12.4;
33.445493556566;-118.485961874529;16:46:18.05;7/13/2016;8;1.848;307.57;12.0453350093692;1.38;289.7;302.97;-0.77;12.3;27.7;.01;24.34;24.35;94;59;567.0;16.2;-3.6;D;647;13;3.275;2;2.01;190;274.27;-118.48599707;33.44549575;0;0;1;N;1.779585;51;51;11;104;104;294.4605;0;9999.99;24.34;24.46392;2;9;23.6;0;23.6000003814697;33.82;1529.63548;07/13/16;16:43:19;22.23;51.40;33.82;0.147;8.38;-80.7;0.4;-4.2;-1772;115.8;8.29;12.4;
33.4454964507034;-118.485969900921;16:46:19.05;7/13/2016;8;1.734;301.9;12.0453350093692;1.38;291;304.28;0.68;12.5;27.7;.00;24.91;24.91;94;59;567.0;16.2;-3.6;D;647;13;2.523;2;1.99;190;268.23;-118.48599707;33.44549575;0;0;1;N;1.581036;61;61;11;93;93;295.8235;0;9999.99;24.90;25.02849;2;9;23.6;0;23.6000003814697;33.82;1529.63548;07/13/16;16:43:19;22.23;51.40;33.82;0.147;8.38;-80.7;0.4;-4.2;-1772;115.8;8.29;12.4;
33.4455004071915;-118.485978162863;16:46:20.05;7/13/2016;8;1.806;304.44;12.0453350093692;1.38;288.9;302.16;-2.45;13.4;27.7;.00;24.58;24.58;94;58;567.0;16.2;-3.6;D;653.2;14;179.279;2;1.89;190;125.06;-118.4843965;33.4445743;0;0;1;N;1.420983;43;43;11;5;5;134.6749;0;9999.99;24.58;24.7092;2;9;23.6;0;23.6000003814697;33.83;1529.64585;07/13/16;16:43:20;22.21;51.42;33.83;-0.022;8.38;-80.4;0.4;-3.5;-3216;115.8;8.29;12.4;
33.4455038987507;-118.485987709157;16:46:21.05;7/13/2016;8;1.832;299.5;12.0453350093692;1.38;292;305.29;-1.32;3.64;27.6;.01;24.92;24.93;94;58;567.0;16.2;-3.6;D;653.2;14;180.227;2;1.89;191;125;-118.4843965;33.4445743;0;0;1;N;1.232213;49;49;11;5;5;133.3581;0;9999.99;24.89;25.02164;2;9;23.6;0;23.6000003814697;33.83;1529.6466;07/13/16;16:43:22;22.20;51.42;33.83;0.223;8.38;-80.7;1.1;-0.8;-1576;115.8;8.29;12.3;
33.4455090332072;-118.485999734517;16:46:22.06;7/13/2016;8;2.321;308.36;12.0453350093692;1.38;284.5;297.71;1.68;16.5;27.7;.01;25.27;25.28;94;58;567.0;16.2;-3.6;D;653.2;14;181.468;2;1.93;191;124.94;-118.4843965;33.4445743;0;0;1;N;1.085447;67;67;11;5;5;130.9583;0;9999.99;25.27;25.397;2;9;23.6;0;23.6000003814697;33.83;1529.6466;07/13/16;16:43:22;22.20;51.42;33.83;0.223;8.38;-80.7;1.1;-0.8;-1576;115.8;8.29;12.3;
33.4455146406808;-118.486009463526;16:46:23.06;7/13/2016;8;1.937;308.84;12.0453350093692;1.38;276.3;289.39;0.49;13.8;27.7;.01;24.55;24.55;94;71;566.9;16.2;-4.4;D;534.2;14;182.565;2;1.92;191;124.94;-118.4843965;33.4445743;0;0;1;N;1.104792;60;60;11;5;5;129.9431;0;9999.99;24.56;24.68467;2;9;23.6;0;23.6000003814697;33.85;1529.66828;07/13/16;16:43:23;22.19;51.45;33.85;-0.043;8.38;-80.6;0.7;-6.9;-2877;115.8;8.29;12.4;
33.4455190907574;-118.486016046491;16:46:24.06;7/13/2016;8;1.539;306.6;12.0453350093692;1.38;268.3;281.25;2.31;16.1;27.7;.01;25.04;25.05;94;71;566.9;16.2;-4.4;D;534.2;14;183.349;2;1.95;191;124.96;-118.4843965;33.4445743;0;0;1;N;1.177578;71;71;11;5;5;129.6571;0;9999.99;25.05;25.17622;2;9;23.6;0;23.6000003814697;33.85;1529.66798;07/13/16;16:43:25;22.21;51.44;33.85;-0.106;8.38;-80.7;0.6;-5.6;-3470;115.8;8.29;12.3;
33.4455241284722;-118.486030600821;16:46:25.08;7/13/2016;8;2.037;296.99;12.0453350093692;1.38;260.5;273.27;-0.64;7.64;27.7;.00;24.51;24.52;94;71;566.9;16.2;-4.4;D;534.2;14;184.777;2;1.89;191;124.86;-118.4843965;33.4445743;0;0;1;N;0.8816298;52;52;11;5;5;127.7636;0;9999.99;24.53;24.65364;2;9;23.6;0;23.6000003814697;33.85;1529.66798;07/13/16;16:43:25;22.21;51.44;33.85;-0.106;8.38;-80.7;0.6;-5.6;-3470;115.8;8.29;12.3;
33.4455280809311;-118.486043345623;16:46:26.11;7/13/2016;8;1.833;290.79;12.0453350093692;1.38;253.9;266.49;0.91;11.1;27.6;.00;25.84;25.84;94;71;566.9;16.2;-4.4;D;534.2;14;185.999;2;1.9;191;124.76;-118.4843965;33.4445743;0;0;1;N;0.593631;62;62;11;5;5;126.4731;0;9999.99;25.83;25.957;2;9;23.6;0;23.6000003814697;33.85;1529.66772;07/13/16;16:43:27;22.23;51.45;33.85;-0.006;8.38;-80.8;0.4;-2.3;-518;115.8;8.29;12.4;
33.4455322235298;-118.486063523846;16:46:27.13;7/13/2016;8;1.971;276.68;12.0453350093692;1.38;244.8;257.08;-0.98;10.5;27.6;.00;25.64;25.64;94;69;566.9;16.2;-4.2;D;554.6;14;187.801;2;1.92;191;124.55;-118.4843965;33.4445743;0;0;1;N;8.714138E-02;52;52;11;5;5;124.3707;0;9999.99;25.65;25.777;2;9;23.6;0;23.6000003814697;33.84;1529.65668;07/13/16;16:43:28;22.23;51.44;33.84;-0.071;8.38;-80.6;1.1;-0.7;514;115.8;8.29;12.3;
33.4455311791736;-118.486073359687;16:46:28.14;7/13/2016;8;1.84;275.1;12.0453350093692;1.38;237.5;249.48;0.35;14.3;27.7;.00;25.03;25.03;94;69;566.9;16.2;-4.2;D;554.6;14;188.488;2;1.9;191;124.37;-118.4843965;33.4445743;0;0;1;N;0.6937774;61;61;11;5;5;122.852;0;9999.99;25.03;25.15621;2;9;23.6;0;23.6000003814697;33.84;1529.65668;07/13/16;16:43:28;22.23;51.44;33.84;-0.071;8.38;-80.6;1.1;-0.7;514;115.8;8.29;12.3;
33.4455285148067;-118.486081753117;16:46:29.14;7/13/2016;8;1.89;262.21;12.0453350093692;1.38;235.6;247.5;-0.08;9.8;27.7;.00;25.03;25.03;94;69;566.9;16.2;-4.2;D;554.6;14;188.965;2;1.89;191;124.16;-118.4843965;33.4445743;0;0;1;N;1.36228;57;57;11;5;5;121.2891;0;9999.99;25.03;25.15621;2;9;23.6;0;23.6000003814697;33.84;1529.65669;07/13/16;16:43:29;22.24;51.43;33.84;-0.055;8.38;-80.8;1.6;-3.9;739;115.9;8.29;12.5;
33.445522542003;-118.486088913435;16:46:30.14;7/13/2016;8;1.897;253.21;12.0453350093692;1.38;225;236.39;-0.37;11.6;27.7;.00;25.23;25.23;94;64;566.8;16.2;-3.9;D;598.8;14;189.144;2;1.88;191;123.88;-118.4843965;33.4445743;0;0;1;N;2.276443;55;55;11;5;5;119.1528;0;9999.99;25.22;25.35054;2;9;23.6;0;23.6000003814697;33.8;1529.61306;07/13/16;16:43:31;22.25;51.38;33.80;-0.099;8.38;-80.7;1.5;-6.6;-2606;116.0;8.30;12.4;
33.4455197420269;-118.486096707198;16:46:31.14;7/13/2016;8;1.566;253.21;12.0453350093692;1.38;223.3;234.6;0.34;9.8;27.6;.00;25.23;25.23;94;64;566.8;16.2;-3.9;D;598.8;14;189.572;2;1.88;191;123.68;-118.4843965;33.4445743;0;0;1;N;2.956082;57;57;11;5;5;117.7525;0;9999.99;25.22;25.35054;2;9;23.6;0;23.6000003814697;33.8;1529.61306;07/13/16;16:43:31;22.25;51.38;33.80;-0.099;8.38;-80.7;1.5;-6.6;-2606;116.0;8.30;12.4;
33.4455160948017;-118.486104198161;16:46:32.14;7/13/2016;8;1.639;253.21;12.0453350093692;1.38;216.2;227.12;0.57;7.02;27.6;.00;25.34;25.34;94;64;566.8;16.2;-3.9;D;598.8;14;189.927;2;1.89;191;123.46;-118.4843965;33.4445743;0;0;1;N;3.678592;60;60;11;5;5;116.3108;0;9999.99;25.34;25.46988;2;9;23.6;0;23.6000003814697;33.84;1529.65688;07/13/16;16:43:33;22.22;51.43;33.84;-0.148;8.38;-80.9;0.9;-3.8;-4489;116.0;8.30;12.4;
33.4455102927731;-118.48611024874;16:46:33.14;7/13/2016;8;1.7;247.88;12.0453350093692;1.38;206.5;216.9;0.7;11.3;27.7;.00;25.25;25.25;94;64;566.8;16.2;-3.9;D;598.8;14;190.041;2;1.84;191;123.21;-118.4843965;33.4445743;0;0;1;N;4.514491;61;61;11;5;5;114.5382;0;9999.99;25.26;25.38575;2;9;23.6;0;23.6000003814697;33.84;1529.65688;07/13/16;16:43:33;22.22;51.43;33.84;-0.148;8.38;-80.9;0.9;-3.8;-4489;116.0;8.30;12.4;
33.445502021101;-118.486115946686;16:46:34.14;7/13/2016;8;1.99;230;12.0453350093692;1.38;204.6;214.9;0.05;12.8;27.7;.01;25.25;25.26;94;67;566.8;16.2;-4.1;D;570.9;14;189.983;2;1.87;191;122.89;-118.4843965;33.4445743;0;0;1;N;5.554482;57;57;11;5;5;112.2202;0;9999.99;25.26;25.38575;2;9;23.6;0;23.6000003814697;33.84;1529.65694;07/13/16;16:43:34;22.22;51.43;33.84;0.011;8.38;-80.7;0.9;-7.1;-657;116.0;8.30;12.4;
33.4454949726817;-118.486121465251;16:46:35.14;7/13/2016;8;1.757;230;12.0453350093692;1.38;191.6;201.26;-1.47;9.2;27.6;.00;25.43;25.44;94;67;566.8;16.2;-4.1;D;570.9;14;189.989;2;1.9;191;122.6;-118.4843965;33.4445743;0;0;1;N;6.519941;53;53;11;5;5;110.1363;0;9999.99;25.42;25.547;2;9;23.6;0;23.6000003814697;33.82;1529.63535;07/13/16;16:43:36;22.19;51.40;33.82;0.056;8.38;-80.4;1.3;-3.2;-2890;116.0;8.30;12.4;
33.4454864543728;-118.486128199758;16:46:36.14;7/13/2016;8;1.97;226.18;12.0453350093692;1.38;193.4;203.14;2.25;8.1;27.7;.00;25.43;25.44;94;67;566.8;16.2;-4.1;D;570.9;14;190.009;2;1.86;191;122.26;-118.4843965;33.4445743;0;0;1;N;7.643599;71;71;11;5;5;107.7631;0;9999.99;25.42;25.547;2;9;23.6;0;23.6000003814697;33.8;1529.61327;07/13/16;16:43:37;22.18;51.37;33.80;0.019;8.39;-80.9;1.3;-6.4;-968;115.9;8.30;12.3;
33.4454793133019;-118.486132331616;16:46:37.14;7/13/2016;8;1.734;226.07;12.0453350093692;1.38;180.5;189.72;-2.08;19.1;27.7;.01;24.25;24.26;94;67;566.7;16.2;-4.1;D;564.7;14;189.911;2;1.91;191;122;-118.4843965;33.4445743;0;0;1;N;8.523064;45;45;11;5;5;105.828;0;9999.99;24.23;24.35841;2;9;23.6;0;23.6000003814697;33.85;1529.66828;07/13/16;16:43:38;22.16;51.44;33.85;-0.205;8.38;-80.7;1.3;-7.0;-1094;116.0;8.31;12.4;
33.4454711111318;-118.486137106438;16:46:38.14;7/13/2016;8;2.138;211.16;12.0453350093692;1.38;175.4;184.47;1.39;8.9;27.7;.02;24.25;24.27;94;67;566.7;16.2;-4.1;D;564.7;14;189.806;2;1.93;191;121.69;-118.4843965;33.4445743;0;0;1;N;9.543207;59;59;11;5;5;103.56;0;9999.99;24.23;24.35841;2;9;23.6;0;23.6000003814697;33.85;1529.66828;07/13/16;16:43:38;22.16;51.44;33.85;-0.205;8.38;-80.7;1.3;-7.0;-1094;116.0;8.31;12.4;
33.4454616911587;-118.486137980456;16:46:39.16;7/13/2016;8;1.87;211.16;12.0453350093692;1.38;174.2;183.24;2.37;9.9;27.7;.02;25.23;25.24;94;67;566.7;16.2;-4.1;D;564.7;14;189.327;2;1.89;191;121.41;-118.4843965;33.4445743;0;0;1;N;10.45133;71;71;11;5;5;100.962;0;9999.99;25.24;25.367;2;9;23.6;0;23.6000003814697;33.84;1529.65827;07/13/16;16:43:39;22.17;51.42;33.84;0.153;8.38;-80.7;1.3;-4.6;430;116.0;8.31;12.4;
33.4454632009959;-118.486138968249;16:46:40.16;7/13/2016;7;0.58;211.16;12.0453350093692;1.38;156.5;165.38;-1.04;6.82;27.7;.01;25.52;25.53;94;67;566.7;16.2;-4.1;D;564.7;14;189.493;2;1.86;191;121.44;-118.4843965;33.4445743;0;0;1;N;10.37987;51;51;11;5;5;101.4195;0;9999.99;25.51;25.637;2;9;23.6;0;23.6000003814697;33.84;1529.65726;07/13/16;16:43:41;22.17;51.42;33.84;-0.013;8.38;-80.7;2.3;-7.4;-502;116.0;8.31;12.4;
33.4454541178154;-118.486137567335;16:46:41.17;7/13/2016;8;1.881;188.86;12.0453350093692;1.38;153.1;162.01;2.84;8.8;27.7;.01;25.52;25.53;94;63;566.7;16.2;-3.9;D;600.1;14;188.857;2;1.86;192;121.2;-118.4843965;33.4445743;0;0;1;N;11.13619;67;67;11;5;5;98.83504;0;9999.99;25.51;25.637;2;9;23.6;0;23.6000003814697;33.84;1529.65726;07/13/16;16:43:41;22.17;51.42;33.84;-0.013;8.38;-80.7;2.3;-7.4;-502;116.0;8.31;12.4;
33.445433736598;-118.486133464595;16:46:42.17;7/13/2016;7;4.585;175.64;12.0453350093692;1.38;142.7;151.84;1.14;16.1;27.6;.01;24.08;24.09;94;63;566.7;16.2;-3.9;D;600.1;14;187.365;2;1.97;192;120.67;-118.4843965;33.4445743;0;0;1;N;12.81559;64;64;11;5;5;92.21963;0;9999.99;24.10;24.22421;2;9;23.6;0;23.6000003814697;33.82;1529.63592;07/13/16;16:43:43;22.17;51.39;33.82;-0.194;8.38;-80.6;1.3;-3.5;-61;115.9;8.30;12.5;
33.4454277354537;-118.486129815777;16:46:43.17;7/13/2016;7;2.394;169.14;12.0453350093692;1.77;126.8;136.64;-4.69;7.37;27.6;.00;24.08;24.08;94;63;566.7;16.2;-3.9;D;600.1;14;186.734;2;1.97;192;120.54;-118.4843965;33.4445743;0;0;1;N;13.19524;43;43;11;5;5;89.9183;0;9999.99;24.10;24.22421;2;9;23.6;0;23.6000003814697;33.82;1529.63592;07/13/16;16:43:43;22.17;51.39;33.82;-0.194;8.38;-80.6;1.3;-3.5;-61;115.9;8.30;12.5;
33.4454223191101;-118.486125375219;16:46:44.17;7/13/2016;6;1.982;159.45;12.0453350093692;1.77;126.1;135.98;2.44;6.32;27.7;.01;24.70;24.71;94;63;566.6;16.2;-3.8;D;607;14;186.074;2;1.82;192;120.45;-118.4843965;33.4445743;0;0;1;N;13.46067;72;72;11;5;5;87.53732;0;9999.99;24.72;24.847;2;9;23.6;0;23.6000003814697;33.83;1529.64627;07/13/16;16:43:45;22.16;51.42;33.83;0.195;8.38;-80.7;1.3;1.2;-2076;115.9;8.30;12.4;
33.4454168787146;-118.486119109368;16:46:45.17;7/13/2016;7;1.539;159.45;12.0453350093692;1.77;113.6;124.28;2.59;13.9;27.6;.01;24.70;24.71;94;63;566.6;16.2;-3.8;D;607;14;185.266;2;1.85;192;120.38;-118.4843965;33.4445743;0;0;1;N;13.64795;78;78;11;5;5;84.67107;0;9999.99;24.72;24.847;2;9;23.6;0;23.6000003814697;33.83;1529.64627;07/13/16;16:43:45;22.16;51.42;33.83;0.195;8.38;-80.7;1.3;1.2;-2076;115.9;8.30;12.4;
33.4454123621993;-118.486111450843;16:46:46.17;7/13/2016;7;1.618;152.92;12.0453350093692;1.38;98.7;110.47;-0.48;13.5;27.7;.00;24.21;24.21;94;63;566.6;16.2;-3.8;D;607;14;184.399;2;1.82;192;120.36;-118.4843965;33.4445743;0;0;1;N;13.68611;54;54;11;12;12;81.63842;0;9999.99;24.23;24.36043;2;9;23.6;0;23.6000003814697;33.81;1529.62434;07/13/16;16:43:47;22.13;51.39;33.81;-0.097;8.38;-80.5;1.4;-2.7;-147;115.9;8.31;12.4;
33.4454086764251;-118.486102633736;16:46:47.17;7/13/2016;7;2.141;125.35;12.0453350093692;1.38;95.7;107.7;1.72;10.5;27.6;.00;24.37;24.37;94;63;566.6;16.2;-3.8;D;607;14;183.486;2;1.89;192;120.37;-118.4843965;33.4445743;0;0;1;N;13.56958;67;67;11;10;10;78.47926;0;9999.99;24.38;24.51056;2;9;23.6;0;23.6000003814697;33.81;1529.62434;07/13/16;16:43:47;22.13;51.39;33.81;-0.097;8.38;-80.5;1.4;-2.7;-147;115.9;8.31;12.4;
33.4454017529933;-118.486087747715;16:46:48.20;7/13/2016;7;3.321;123.37;12.0453350093692;1.38;83.8;96.67;0.61;20;27.6;.01;24.37;24.37;94;72;566.6;16.2;-4.4;D;531.4;14;181.905;2;2.09;192;120.38;-118.4843965;33.4445743;0;0;1;N;13.44455;66;66;11;18;18;71.52548;0;9999.99;24.38;24.51056;2;9;23.6;0;23.6000003814697;33.85;1529.66784;07/13/16;16:43:48;22.12;51.45;33.85;0.086;8.38;-80.5;1.2;-1.9;1265;115.9;8.30;12.3;
33.4454051291587;-118.48607715238;16:46:49.22;7/13/2016;7;1.991;118.7;12.0453350093692;1.38;72.9;86.48;-0.7;17.3;27.6;.00;24.18;24.18;94;72;566.6;16.2;-4.4;D;531.4;14;181.249;2;2.1;192;120.64;-118.4843965;33.4445743;0;0;1;N;12.58728;50;50;11;62;62;69.92881;0;9999.99;24.17;24.29605;2;9;23.6;0;23.6000003814697;33.86;1529.67894;07/13/16;16:43:50;22.15;51.45;33.86;0.015;8.38;-80.7;1.7;-2.1;446;115.7;8.29;12.3;
33.4454056708678;-118.486065142259;16:46:50.22;7/13/2016;7;2.502;100.67;12.0453350093692;1.38;74.5;87.98;0.15;12.2;27.6;.00;24.18;24.18;94;72;566.6;16.2;-4.4;D;531.4;14;180.322;2;2.1;192;120.84;-118.4843965;33.4445743;0;0;1;N;11.91249;58;58;11;49;49;68.47815;0;9999.99;24.17;24.29605;2;9;23.6;0;23.6000003814697;33.86;1529.67894;07/13/16;16:43:50;22.15;51.45;33.86;0.015;8.38;-80.7;1.7;-2.1;446;115.7;8.29;12.3;
33.4454125136879;-118.486055219085;16:46:51.22;7/13/2016;7;2.101;81.74;12.0453350093692;1.38;67.3;81.19;1.93;11.1;27.6;.00;23.97;23.97;94;71;566.5;16.2;-4.3;D;537;14;179.925;2;2.17;192;121.2;-118.4843965;33.4445743;0;0;1;N;10.78444;69;69;11;87;87;71.17352;0;9999.99;23.99;24.1158;2;9;23.6;0;23.6000003814697;33.82;1529.63485;07/13/16;16:43:52;22.16;51.40;33.82;-0.024;8.38;-80.5;1.2;-1.8;-779;115.8;8.29;12.4;
33.4454153101484;-118.486044693949;16:46:52.23;7/13/2016;7;2.365;83.15;12.0453350093692;1.38;68.3;82.14;1.21;27;27.6;.01;23.97;23.98;94;71;566.5;16.2;-4.3;D;537;14;179.252;2;2.17;192;121.45;-118.4843965;33.4445743;0;0;1;N;9.959706;69;69;11;93;93;73.36622;0;9999.99;23.99;24.1158;2;9;23.6;0;23.6000003814697;33.84;1529.65703;07/13/16;16:43:53;22.15;51.43;33.84;-0.142;8.38;-80.8;1.2;-2.0;-3954;115.8;8.29;12.3;
33.4454165996166;-118.486030271854;16:46:53.23;7/13/2016;7;2.295;83.15;12.0453350093692;1.38;62;76.16;-4.45;14.7;27.6;.01;24.28;24.29;94;71;566.5;16.2;-4.3;D;537;14;178.187;2;2.27;191;121.71;-118.4843965;33.4445743;0;0;1;N;9.089449;43;43;11;126;126;75.95242;0;9999.99;24.24;24.36847;2;9;23.5;0;23.6000003814697;33.84;1529.65703;07/13/16;16:43:53;22.15;51.43;33.84;-0.142;8.38;-80.8;1.2;-2.0;-3954;115.8;8.29;12.3;
33.4454220035822;-118.486018877436;16:46:54.25;7/13/2016;7;2.438;80.19;12.0453350093692;1.38;61.3;75.49;0.39;10.7;27.6;.02;24.28;24.30;94;71;566.5;16.2;-4.3;D;537;14;177.607;2;2.27;191;122.05;-118.4843965;33.4445743;0;0;1;N;8.00963;59;59;11;143;143;79.56866;0;9999.99;24.24;24.36847;2;9;23.5;0;23.5;33.85;1529.41789;07/13/16;16:43:55;22.17;51.44;33.85;0.434;8.38;-80.6;0.8;0.0;-1074;115.8;8.29;12.4;
33.4454227399265;-118.486007297307;16:46:55.27;7/13/2016;7;1.903;80.19;12.0453350093692;1.38;68.2;82.05;1.33;23.9;27.6;.02;23.77;23.80;94;67;566.4;16.2;-4.1;D;566.8;14;176.741;2;2.27;191;122.26;-118.4843965;33.4445743;0;0;1;N;7.324657;76;76;11;134;134;82.1237;0;9999.99;23.79;23.91983;2;9;23.5;0;23.5;33.85;1529.41789;07/13/16;16:43:55;22.17;51.44;33.85;0.434;8.38;-80.6;0.8;0.0;-1074;115.8;8.29;12.4;
33.4454131144024;-118.485993355801;16:46:56.27;7/13/2016;7;2.966;80.19;12.0453350093692;1.38;71.5;85.16;-1.79;-2.19;27.6;.00;23.77;23.78;94;67;566.4;16.2;-4.1;D;566.8;14;175.076;2;2.27;190;122.19;-118.4843965;33.4445743;0;0;1;N;7.461999;46;46;11;113;113;81.59705;0;9999.99;23.79;23.91983;2;9;23.5;0;23.5;33.48;1529.0139;07/13/16;16:43:57;22.16;50.93;33.48;0.041;8.38;-80.7;239.3;-2.7;1130;115.8;8.31;12.3;
33.4454138601982;-118.48598311492;16:46:57.28;7/13/2016;7;2.163;86.45;12.0453350093692;1.38;76.9;90.23;3.03;18.5;27.7;.00;23.77;23.78;94;67;566.4;16.2;-4.1;D;566.8;14;174.317;2;2.26;190;122.38;-118.4843965;33.4445743;0;0;1;N;6.845524;67;67;11;109;109;84.05031;0;9999.99;23.79;23.91983;2;9;23.5;0;23.5;33.48;1529.0139;07/13/16;16:43:57;22.16;50.93;33.48;0.041;8.38;-80.7;239.3;-2.7;1130;115.8;8.31;12.3;
33.445408058061;-118.48597024601;16:46:58.30;7/13/2016;7;2.884;97.85;12.0453350093692;1.38;78.8;92.01;-2.09;14.2;27.7;.01;24.16;24.16;94;67;566.4;16.2;-4.1;D;566.8;14;172.963;2;2.15;190;122.41;-118.4843965;33.4445743;0;0;1;N;6.689493;44;44;11;98;98;84.701;0;9999.99;24.15;24.277;2;9;23.5;0;23.5;33.86;1529.42821;07/13/16;16:43:59;22.19;51.45;33.86;-0.120;8.38;-80.5;1.4;0.3;-2395;115.8;8.29;12.4;
33.4454093272903;-118.485960517254;16:46:59.30;7/13/2016;7;1.957;97.85;12.0453350093692;1.38;76.7;90.04;-3.22;12;27.6;.01;24.16;24.16;94;64;566.4;16.2;-3.9;D;589.7;14;172.278;2;2.17;190;122.61;-118.4843965;33.4445743;0;0;1;N;6.051162;43;43;11;117;117;87.50006;0;9999.99;24.15;24.277;2;9;23.5;0;23.5;33.86;1529.42821;07/13/16;16:43:59;22.19;51.45;33.86;-0.120;8.38;-80.5;1.4;0.3;-2395;115.8;8.29;12.4;
33.4454049771431;-118.485946923807;16:47:00.30;7/13/2016;7;2.605;99.75;12.0453350093692;1.38;84.8;97.6;3.86;21.6;27.6;.02;23.61;23.62;94;64;566.4;16.2;-3.9;D;589.7;14;170.955;2;2.15;190;122.7;-118.4843965;33.4445743;0;0;1;N;5.713539;80;80;11;93;93;89.06886;0;9999.99;23.64;23.767;2;9;23.5;0;23.5;33.84;1529.40696;07/13/16;16:44:01;22.20;51.43;33.84;0.209;8.38;-80.8;1.3;0.1;-3340;115.8;8.29;12.4;
33.445408;-118.485934666667;16:47:01.31;7/13/2016;6;2.054;99.75;12.0453350093692;1.77;76.4;89.76;0.38;11.5;27.6;.01;23.61;23.62;94;64;566.4;16.2;-3.9;D;589.7;14;169.677;2;2.09;190;122.91;-118.4843965;33.4445743;0;0;1;N;5.102626;59;59;11;136;136;92.07259;0;9999.99;23.64;23.767;2;9;23.5;0;23.5;33.85;1529.41839;07/13/16;16:44:02;22.19;51.45;33.85;0.022;8.38;-80.8;1.9;-6.1;-1299;115.9;8.29;12.3;
33.445403;-118.485920666667;16:47:02.33;7/13/2016;7;2.608;103.92;12.0453350093692;1.38;82.7;95.64;-1.06;20.8;27.5;.00;23.55;23.55;94;63;566.3;16.2;-3.8;D;607.8;14;169.289;2;2.19;190;123.21;-118.4843965;33.4445743;0;0;1;N;4.189533;51;51;11;132;132;96.96198;0;9999.99;23.54;23.667;2;9;23.5;0;23.5;33.85;1529.41839;07/13/16;16:44:02;22.19;51.45;33.85;0.022;8.38;-80.8;1.9;-6.1;-1299;115.9;8.29;12.3;
33.4454058526893;-118.485908229943;16:47:03.34;7/13/2016;7;2.063;97.26;12.0453350093692;1.38;86;98.71;-3.99;11.5;27.5;.02;23.88;23.90;94;63;566.3;16.2;-3.8;D;607.8;14;167.999;2;2.11;190;123.39;-118.4843965;33.4445743;0;0;1;N;4.010738;43;43;11;132;132;100.0702;0;9999.99;23.84;23.96943;2;9;23.5;0;23.5;33.86;1529.42796;07/13/16;16:44:03;22.20;51.45;33.86;-0.143;8.38;-80.4;1.1;-3.6;-1803;115.8;8.29;12.4;
33.4454026956609;-118.485899206046;16:47:04.36;7/13/2016;7;1.786;97.26;12.0453350093692;1.38;90.7;103.07;4.5;21.6;27.6;.06;23.01;23.06;94;63;566.3;16.2;-3.8;D;607.8;14;167.107;2;2.18;190;123.45;-118.4843965;33.4445743;0;0;1;N;3.097641;84;84;11;121;121;101.6919;0;9999.99;23.03;23.16129;2;9;23.5;0;23.5;33.84;1529.40967;07/13/16;16:44:05;22.21;51.43;33.84;0.417;8.38;-80.4;1.1;-1.7;-2258;115.8;8.29;12.4;
33.4453999683515;-118.485888715055;16:47:05.36;7/13/2016;6;2.149;97.26;12.0453350093692;1.77;94;106.13;-0.38;17.2;27.6;.02;22.46;22.48;94;63;566.3;16.2;-3.8;D;607.8;14;166.128;2;2.19;190;123.55;-118.4843965;33.4445743;0;0;1;N;3.06073;55;55;11;116;116;103.438;0;9999.99;22.47;22.59618;2;9;23.5;0;23.5;33.86;1529.43149;07/13/16;16:44:06;22.21;51.46;33.86;-0.066;8.38;-80.4;1.4;-4.2;543;115.8;8.28;12.4;
33.445397188516;-118.485879950129;16:47:06.36;7/13/2016;7;2.038;97.26;12.0453350093692;1.38;95.6;107.61;-2.54;6.26;27.5;.00;24.03;24.04;94;65;566.3;16.2;-4;D;580.5;14;165.279;2;2.09;190;123.62;-118.4843965;33.4445743;0;0;1;N;2.772573;43;43;11;116;116;104.8117;0;9999.99;24.01;24.137;2;9;23.5;0;23.5;33.88;1529.45011;07/13/16;16:44:07;22.22;51.48;33.88;0.024;8.37;-80.1;0.8;-1.0;776;115.8;8.28;12.4;
33.4453946666667;-118.485870333333;16:47:07.38;7/13/2016;7;2.044;97.26;12.0453350093692;1.38;99.6;111.31;5.05;20;27.6;.01;22.61;22.62;94;65;566.3;16.2;-4;D;580.5;14;164.252;2;2.1;190;123.7;-118.4843965;33.4445743;0;0;1;N;2.614254;94;94;11;109;109;106.5055;0;9999.99;22.67;22.79306;2;9;23.5;0;23.5;33.88;1529.45011;07/13/16;16:44:07;22.22;51.48;33.88;0.024;8.37;-80.1;0.8;-1.0;776;115.8;8.28;12.4;
33.4453933553696;-118.485859307512;16:47:08.41;7/13/2016;7;2.13;101.28;12.0453350093692;1.38;102;113.52;-3.07;14.3;27.5;.01;22.61;22.62;94;65;566.3;16.2;-4;D;580.5;14;163.450;2;2.13;189;123.86;-118.4843965;33.4445743;0;0;1;N;2.331929;43;43;11;111;111;109.5829;0;9999.99;22.67;22.79306;2;9;23.5;0;23.5;33.66;1529.20969;07/13/16;16:44:09;22.25;51.19;33.66;-0.169;8.38;-80.6;1.4;-12.6;-700;115.8;8.29;12.4;
33.4453915612499;-118.48584915493;16:47:09.41;7/13/2016;7;1.783;101.28;12.0453350093692;1.38;100.9;112.51;-5.11;11;27.6;.06;22.27;22.32;94;63;566.2;16.2;-3.9;D;598.7;14;162.557;2;2.09;189;123.99;-118.4843965;33.4445743;0;0;1;N;1.929098;43;43;11;122;122;112.0864;0;9999.99;22.22;22.347;2;9;23.5;0;23.5;33.66;1529.20969;07/13/16;16:44:09;22.25;51.19;33.66;-0.169;8.38;-80.6;1.4;-12.6;-700;115.8;8.29;12.4;
33.4453878756255;-118.485833489576;16:47:10.42;7/13/2016;5;2.982;101.28;12.0453350093692;2.05;105.3;116.58;-0.65;13.9;27.6;.09;.53;.63;94;63;566.2;16.2;-3.9;D;598.7;14;161.123;2;2.16;189;124.16;-118.4843965;33.4445743;0;0;1;N;1.270266;53;53;11;123;123;115.5791;0;9999.99;.51;0.6372835;2;9;23.5;0;23.5;33.83;1529.40086;07/13/16;16:44:11;22.24;51.42;33.83;0.681;8.38;-80.3;1.8;-4.1;-2662;115.8;8.28;12.4;
33.4453866544089;-118.485813673857;16:47:11.45;7/13/2016;4;3.541;101.28;12.0453350093692;5.89;110.5;121.4;7.29;21.4;27.6;.08;.34;.42;94;63;566.2;16.2;-3.9;D;598.7;14;159.528;2;2.25;189;124.49;-118.4843965;33.4445743;0;0;1;N;0.3297901;101;101;11;130;130;122.2406;0;.38;.40;0.9055442;2;9;23.5;0;23.5;33.83;1529.40086;07/13/16;16:44:11;22.24;51.42;33.83;0.681;8.38;-80.3;1.8;-4.1;-2662;115.8;8.28;12.4;
33.4453814064463;-118.485803056378;16:47:12.45;7/13/2016;6;3.541;101.28;12.0453350093692;1.68;107.2;118.34;-5.16;4.62;27.5;.02;.34;.35;94;63;566.2;16.2;-3.9;D;598.7;14;158.386;2;2.18;189;124.52;-118.4843965;33.4445743;0;0;1;N;0.2581621;43;43;11;141;141;122.7529;0;9999.99;.40;0.5255405;2;9;23.5;0;23.5;33.86;1529.4321;07/13/16;16:44:13;22.21;51.45;33.86;-0.049;8.38;-80.5;1.2;-5.8;-676;115.8;8.29;12.4;
33.4453711266082;-118.485785514644;16:47:13.48;7/13/2016;7;2.651;113.25;12.0453350093692;1.38;119.8;130.06;4.91;5.39;27.5;.00;.34;.34;94;62;566.2;16.2;-3.8;D;610.4;14;156.397;2;2.15;189;124.51;-118.4843965;33.4445743;0;0;1;N;0.204054;86;86;11;98;98;122.8382;0;9999.99;.40;0.5255405;2;9;23.5;0;23.5;33.82;1529.38462;07/13/16;16:44:14;22.22;51.41;33.82;0.201;8.38;-80.5;1.9;-3.5;-2248;115.8;8.29;12.4;
33.4453580539682;-118.485776142148;16:47:14.48;7/13/2016;7;3.199;134.87;12.0453350093692;1.38;115.7;126.23;-1.02;11;27.5;.00;22.89;22.89;94;62;566.2;16.2;-3.8;D;610.4;14;154.858;2;2.07;189;124.25;-118.4843965;33.4445743;0;0;1;N;0.3524556;51;51;11;93;93;117.7719;0;9999.99;22.90;23.02817;2;9;23.6;0;23.5;33.82;1529.38462;07/13/16;16:44:14;22.22;51.41;33.82;0.201;8.38;-80.5;1.9;-3.5;-2248;115.8;8.29;12.4;
33.4453504887611;-118.485769195748;16:47:15.50;7/13/2016;7;2.198;132.68;12.0453350093692;1.38;121;131.19;-4.17;4.71;27.5;.01;23.15;23.16;94;62;566.2;16.2;-3.8;D;610.4;14;153.853;2;2.02;189;124.12;-118.4843965;33.4445743;0;0;1;N;1.275146;43;43;11;64;64;115.5444;0;9999.99;23.10;23.227;2;9;23.5;0;23.6000003814697;33.83;1529.64594;07/13/16;16:44:15;22.22;51.42;33.83;-0.221;8.38;-80.4;1.6;-0.9;2505;115.8;8.29;12.4;
33.4453460905977;-118.485761746322;16:47:16.50;7/13/2016;7;1.774;132.68;12.0453350093692;1.38;117.4;127.82;-0.37;14;27.5;.03;22.42;22.45;94;58;566.1;16.2;-3.6;D;649.1;14;153.006;2;2.03;189;124.12;-118.4843965;33.4445743;0;0;1;N;1.293206;55;55;11;77;77;115.4183;0;9999.99;22.41;22.53793;2;9;23.5;0;23.5;33.76;1529.3197;07/13/16;16:44:16;22.22;51.33;33.76;0.216;8.38;-80.7;3.0;-2.2;-2594;115.9;8.29;12.3;
33.4453388967077;-118.485753444234;16:47:17.52;7/13/2016;6;2.343;132.68;12.0453350093692;1.77;113.2;123.91;6.09;10.8;27.5;.03;23.04;23.07;94;58;566.1;16.2;-3.6;D;649.1;14;151.920;2;2.01;189;124.03;-118.4843965;33.4445743;0;0;1;N;1.522636;94;94;11;87;87;113.8246;0;9999.99;23.08;23.207;2;9;23.5;0;23.5;33.84;1529.4087;07/13/16;16:44:18;22.21;51.43;33.84;0.331;8.38;-80.5;2.0;-3.4;-3000;115.9;8.30;12.3;
33.4453463020152;-118.485748223643;16:47:18.55;7/13/2016;7;1.971;132.68;12.0453350093692;1.38;113.6;124.28;-2.44;9;27.5;.00;22.51;22.51;94;58;566.1;16.2;-3.6;D;649.1;14;151.982;2;2.12;189;124.39;-118.4843965;33.4445743;0;0;1;N;0.5695933;43;43;11;112;112;120.528;0;9999.99;22.51;22.63484;2;9;23.5;0;23.5;33.84;1529.4087;07/13/16;16:44:18;22.21;51.43;33.84;0.331;8.38;-80.5;2.0;-3.4;-3000;115.9;8.30;12.3;
33.445341734977;-118.485742489915;16:47:19.55;7/13/2016;7;2.005;130.69;12.0453350093692;1.38;112.2;122.98;-5.62;8.5;27.5;.01;22.92;22.94;94;58;566.1;16.2;-3.6;D;649.1;14;151.256;2;2.12;189;124.34;-118.4843965;33.4445743;0;0;1;N;0.6889362;43;43;11;114;114;119.6787;0;9999.99;22.87;22.997;2;9;23.6;0;23.5;33.85;1529.41701;07/13/16;16:44:19;22.20;51.44;33.85;-0.218;8.38;-80.4;2.0;-3.2;-760;115.9;8.29;12.4;
33.4453308801101;-118.48573116042;16:47:20.55;7/13/2016;7;3.318;132.29;12.0453350093692;1.38;118.1;128.47;-0.51;14.6;27.5;.05;22.10;22.14;94;57;566.1;16.2;-3.5;D;663.1;14;149.708;2;2.08;189;124.19;-118.4843965;33.4445743;0;0;1;N;1.072843;54;54;11;81;81;116.9625;0;9999.99;22.09;22.21276;2;9;23.5;0;23.5;32.15;1527.56474;07/13/16;16:44:21;22.22;49.12;32.15;0.511;8.38;-80.7;1.7;-3.4;-589;115.8;8.37;12.4;
33.4453243107672;-118.485720709491;16:47:21.55;7/13/2016;6;2.626;132.29;12.0453350093692;1.77;113.3;124;4.28;12.2;27.6;.03;22.35;22.39;94;57;566.1;16.2;-3.5;D;663.1;14;148.496;2;2.02;189;124.17;-118.4843965;33.4445743;0;0;1;N;1.13712;74;74;11;101;101;116.5107;0;9999.99;22.36;22.49047;2;9;23.5;0;23.5;33.8;1529.36644;07/13/16;16:44:22;22.23;51.37;33.80;0.499;8.38;-80.6;1.9;-4.6;-1095;115.8;8.28;12.3;
33.4453120458107;-118.48571010008;16:47:22.55;7/13/2016;6;3.026;132.29;12.0453350093692;1.77;120.9;131.09;-0.44;18.3;27.6;.01;21.53;21.53;94;57;566.1;16.2;-3.5;D;663.1;14;146.916;2;2.23;188;123.94;-118.4843965;33.4445743;0;0;1;N;1.681007;64;64;11;51;51;112.7339;0;9999.99;21.56;21.69191;2;9;23.5;0;23.5;33.8;1529.36644;07/13/16;16:44:22;22.23;51.37;33.80;0.499;8.38;-80.6;1.9;-4.6;-1095;115.8;8.28;12.3;
33.4453163180622;-118.485703959389;16:47:23.55;7/13/2016;7;2.062;132.29;12.0453350093692;1.38;108.4;119.45;-8.1;-5;27.5;.01;23.00;23.00;94;62;566.0;16.2;-3.8;D;610.6;14;146.711;2;2.1;188;124.22;-118.4843965;33.4445743;0;0;1;N;0.9909109;43;43;11;114;114;117.5395;0;9999.99;22.94;23.067;2;9;23.5;0;23.5;31.5;1526.85189;07/13/16;16:44:24;22.22;48.24;31.50;0.150;8.38;-80.6;2.2;2.3;-2238;115.7;8.39;12.3;
33.4453181537889;-118.485700499583;16:47:24.55;7/13/2016;7;1.391;132.29;12.0453350093692;1.38;121.2;131.37;0.88;15;27.6;.02;22.21;22.23;94;62;566.0;16.2;-3.8;D;610.6;14;146.560;2;2.12;188;124.36;-118.4843965;33.4445743;0;0;1;N;0.618506;62;62;11;82;82;120.1793;0;9999.99;22.18;22.307;2;9;23.5;0;23.5;33.83;1529.39577;07/13/16;16:44:25;22.23;51.42;33.83;0.599;8.38;-80.6;1.1;-4.4;-1547;115.7;8.28;12.4;
33.4453130095841;-118.48569219158;16:47:25.55;7/13/2016;6;1.47;132.29;12.0453350093692;1.77;115.4;125.95;-1.06;9;27.6;.04;22.02;22.06;94;62;566.0;16.2;-3.8;D;610.6;14;145.601;2;2.12;188;124.34;-118.4843965;33.4445743;0;0;1;N;0.6651048;49;49;11;106;106;119.8477;0;.57;22.01;22.70883;2;9;23.5;0;23.5;33.83;1529.39577;07/13/16;16:44:25;22.23;51.42;33.83;0.599;8.38;-80.6;1.1;-4.4;-1547;115.7;8.28;12.4;
33.4453139016883;-118.485692085027;16:47:26.55;7/13/2016;6;0.865;132.29;12.0453350093692;1.77;117.3;127.73;6.62;13.4;27.6;.02;21.93;21.95;94;62;566.0;16.2;-3.8;D;610.6;14;145.649;2;2.14;188;124.38;-118.4843965;33.4445743;0;0;1;N;0.5732355;97;97;11;98;98;120.5019;0;9999.99;21.96;22.08621;2;9;23.5;0;23.5;33.82;1529.38777;07/13/16;16:44:27;22.21;51.40;33.82;0.457;8.38;-80.7;1.9;-2.0;-3482;115.7;8.28;12.3;
33.4453107113677;-118.485683611398;16:47:27.55;7/13/2016;7;1.145;132.29;12.0453350093692;1.38;111.4;122.23;-1.91;10.7;27.6;.00;21.77;21.78;94;61;565.9;16.2;-3.7;D;621.3;14;144.800;2;2.06;188;124.44;-118.4843965;33.4445743;0;0;1;N;0.433095;46;46;11;124;124;121.5014;0;9999.99;21.80;21.92417;2;9;23.5;0;23.5;33.82;1529.38777;07/13/16;16:44:27;22.21;51.40;33.82;0.457;8.38;-80.7;1.9;-2.0;-3482;115.7;8.28;12.3;
33.4453030729416;-118.485672455288;16:47:28.55;7/13/2016;7;1.593;132.29;12.0453350093692;1.38;123.6;133.63;2.88;8.1;27.5;.00;22.10;22.10;94;61;565.9;16.2;-3.7;D;621.3;14;143.466;2;2.09;188;124.39;-118.4843965;33.4445743;0;0;1;N;0.5154325;74;74;11;76;76;120.9137;0;9999.99;22.11;22.237;2;9;23.5;0;23.5;33.83;1529.39501;07/13/16;16:44:29;22.21;51.42;33.83;-0.052;8.38;-80.6;1.5;-1.6;790;115.6;8.27;12.2;
33.4452949237745;-118.485661455413;16:47:29.56;7/13/2016;7;1.87;130.06;12.0453350093692;1.38;114.7;125.3;-1.51;13.4;27.5;.00;21.99;21.99;94;61;565.9;16.2;-3.7;D;621.3;14;142.112;2;2.03;188;124.32;-118.4843965;33.4445743;0;0;1;N;0.7011822;48;48;11;104;104;119.591;0;9999.99;21.99;22.117;2;9;23.5;0;23.5;33.84;1529.40593;07/13/16;16:44:30;22.20;51.43;33.84;-0.097;8.38;-80.4;1.7;1.5;-2474;115.6;8.27;12.4;
33.4452873352762;-118.485650933866;16:47:30.56;7/13/2016;7;2.281;129.66;12.0453350093692;1.38;123.6;133.63;1.88;13;27.5;.00;21.87;21.87;94;54;565.9;16.2;-3.3;D;702.7;14;140.830;2;2.16;188;124.26;-118.4843965;33.4445743;0;0;1;N;0.8197072;68;68;11;67;67;118.7497;0;9999.99;21.88;22.007;2;9;23.5;0;23.5;33.84;1529.40593;07/13/16;16:44:31;22.20;51.43;33.84;0.004;8.38;-80.7;1.4;-3.3;-3060;115.5;8.27;12.4;
33.4452851160631;-118.485642827365;16:47:31.58;7/13/2016;7;1.98;127.67;12.0453350093692;1.38;120.3;130.53;-4.5;10.7;27.5;.00;21.19;21.19;94;54;565.9;16.2;-3.3;D;702.7;14;140.070;2;2.14;188;124.35;-118.4843965;33.4445743;0;0;1;N;0.6025625;43;43;11;86;86;120.2926;0;9999.99;21.16;21.28474;2;9;23.5;0;23.5;31.73;1527.10253;07/13/16;16:44:32;22.21;48.56;31.73;-0.041;8.38;-80.5;37.8;288.2;85947;115.5;8.37;12.3;
33.4452774660613;-118.485632635531;16:47:32.61;7/13/2016;7;2.176;129.53;12.0453350093692;1.38;119;129.31;-0.08;9.2;27.5;.03;21.52;21.55;94;54;565.9;16.2;-3.3;D;702.7;14;138.809;2;2.09;188;124.28;-118.4843965;33.4445743;0;0;1;N;0.7716167;57;57;11;86;86;119.0906;0;21.77;21.49;43.387;2;9;23.5;0;23.5;33.84;1529.40798;07/13/16;16:44:33;22.21;51.43;33.84;0.352;8.38;-80.4;1.5;-2.0;-861;115.5;8.26;12.4;
33.4452718673711;-118.48562249112;16:47:33.61;7/13/2016;5;2.268;128.94;12.0453350093692;1.6;120.6;130.81;3.44;12.3;27.5;.02;20.79;20.81;94;54;565.9;16.2;-3.3;D;702.7;14;137.681;2;2.08;188;124.29;-118.4843965;33.4445743;0;0;1;N;0.742151;78;78;11;81;81;119.2998;0;21.01;20.81;41.94372;2;9;23.5;0;23.5;33.83;1529.39709;07/13/16;16:44:34;22.21;51.41;33.83;0.273;8.37;-80.3;0.9;-0.4;3;115.5;8.26;12.4;
33.4452703646074;-118.485613527117;16:47:34.61;7/13/2016;7;1.69;128.94;12.0453350093692;1.77;113.6;124.28;0.06;12.8;27.5;.01;20.70;20.70;94;62;565.8;16.2;-3.8;D;609;14;136.900;2;2.06;188;124.43;-118.4843965;33.4445743;0;0;1;N;0.4239145;57;57;11;116;116;121.5665;0;9999.99;20.72;20.84794;2;9;23.5;0;23.5;33.84;1529.40755;07/13/16;16:44:35;22.21;51.43;33.84;-0.010;8.38;-80.6;1.3;-1.9;-647;115.5;8.26;12.2;
33.4452625609563;-118.485602255273;16:47:35.63;7/13/2016;7;2.058;123.56;12.0453350093692;1.77;118.8;129.13;0.37;12.2;27.5;.00;21.11;21.11;94;62;565.8;16.2;-3.8;D;609;14;135.547;2;2.12;188;124.38;-118.4843965;33.4445743;0;0;1;N;0.5336061;57;57;11;95;95;120.7836;0;9999.99;21.10;21.22279;2;9;23.5;0;23.5;33.84;1529.40601;07/13/16;16:44:36;22.21;51.43;33.84;-0.088;8.38;-80.4;1.4;-3.2;-3826;115.4;8.26;12.4;
33.4452556981615;-118.485592483101;16:47:36.66;7/13/2016;7;1.993;123.06;12.0453350093692;1.38;117.6;128.01;0.1;16;27.5;.00;20.70;20.71;94;62;565.8;16.2;-3.8;D;609;14;134.367;2;2.15;188;124.32;-118.4843965;33.4445743;0;0;1;N;0.6467825;58;58;11;95;95;119.9774;0;9999.99;20.70;20.8248;2;9;23.5;0;23.5;33.83;1529.3951;07/13/16;16:44:37;22.20;51.42;33.83;0.034;8.38;-80.4;1.4;-1.0;-619;115.4;8.26;12.4;
33.4452479673231;-118.485585427886;16:47:37.66;7/13/2016;7;2.038;127.79;12.0453350093692;1.77;114.3;124.93;-0.53;12;27.5;.00;20.75;20.75;94;62;565.8;16.2;-3.8;D;608.3;14;133.343;2;2.15;188;124.18;-118.4843965;33.4445743;0;0;1;N;0.9931324;58;58;11;96;96;117.5231;0;9999.99;20.76;20.88909;2;9;23.5;0;23.5;33.86;1529.42787;07/13/16;16:44:38;22.21;51.46;33.86;0.057;8.37;-80.1;1.0;-4.4;-3145;115.4;8.26;12.5;
33.4452426249674;-118.485574761791;16:47:38.66;7/13/2016;6;1.958;122.63;12.0453350093692;1.77;119.3;129.59;1.19;5.67;27.5;.00;20.64;20.64;94;62;565.8;16.2;-3.8;D;608.3;14;132.190;2;2.09;188;124.21;-118.4843965;33.4445743;0;0;1;N;0.9100304;59;59;11;88;88;118.1098;0;9999.99;20.63;20.75933;2;9;23.5;0;23.5;33.87;1529.43872;07/13/16;16:44:39;22.22;51.48;33.87;-0.055;8.38;-80.4;1.6;-0.9;-1274;115.4;8.25;12.4;
33.4452382726456;-118.485565449529;16:47:39.67;7/13/2016;7;1.99;123.82;12.0453350093692;1.38;115.7;126.23;-1.53;12.7;27.4;.00;20.17;20.17;94;62;565.8;16.2;-3.8;D;608.3;14;131.204;2;2.07;188;124.24;-118.4843965;33.4445743;0;0;1;N;0.8220593;54;54;11;92;92;118.7326;0;9999.99;20.18;20.30672;2;9;23.5;0;23.5;33.82;1529.38409;07/13/16;16:44:40;22.24;51.41;33.82;-0.123;8.37;-80.2;1.0;0.7;-1945;115.4;8.25;12.3;
33.4452339453954;-118.485557208909;16:47:40.67;7/13/2016;7;2.118;124.4;12.0453350093692;1.38;119.2;129.5;-3.68;9.8;27.5;.01;20.93;20.94;94;62;565.8;16.2;-3.8;D;608.3;14;130.301;2;2.04;188;124.26;-118.4843965;33.4445743;0;0;1;N;0.7798746;43;43;11;85;85;119.0317;0;9999.99;20.89;21.017;2;9;23.5;0;23.5;33.84;1529.40598;07/13/16;16:44:41;22.23;51.43;33.84;0.018;8.37;-80.2;0.6;-5.7;-1201;115.4;8.25;12.4;
33.4452290519879;-118.485547913036;16:47:41.67;7/13/2016;7;1.999;125.5;12.0453350093692;1.77;117.4;127.82;4.59;12;27.5;.02;20.11;20.12;94;55;565.7;16.2;-3.4;D;689.5;14;129.282;2;2.05;188;124.27;-118.4843965;33.4445743;0;0;1;N;0.7379031;85;85;11;86;86;119.3295;0;9999.99;20.12;20.25034;2;9;23.5;0;23.5;33.84;1529.40733;07/13/16;16:44:42;22.22;51.43;33.84;0.226;8.37;-80.1;0.8;-2.8;-1943;115.4;8.25;12.4;
33.4452258410015;-118.485537191336;16:47:42.67;7/13/2016;7;1.873;127.11;12.0453350093692;1.38;114;124.65;-1.47;13.8;27.5;.01;20.20;20.21;94;55;565.7;16.2;-3.4;D;689.5;14;128.259;2;2.04;188;124.39;-118.4843965;33.4445743;0;0;1;N;0.4790548;48;48;11;113;113;121.1725;0;9999.99;20.21;20.33936;2;9;23.5;0;23.5;33.84;1529.4073;07/13/16;16:44:43;22.22;51.43;33.84;-0.086;8.38;-80.4;0.9;1.0;-1732;115.4;8.25;12.4;
33.4452193194432;-118.48552696138;16:47:43.69;7/13/2016;7;2.344;125.09;12.0453350093692;1.38;119.8;130.06;-2.03;6.98;27.5;.00;20.78;20.79;94;55;565.7;16.2;-3.4;D;689.5;14;127.066;2;2.17;188;124.36;-118.4843965;33.4445743;0;0;1;N;0.5192294;45;45;11;90;90;120.8858;0;9999.99;20.76;20.887;2;9;23.5;0;23.5;33.85;1529.41702;07/13/16;16:44:44;22.22;51.44;33.85;-0.096;8.38;-80.3;1.8;-2.8;-311;115.3;8.25;12.3;
33.4452140871143;-118.485517702903;16:47:44.70;7/13/2016;7;2.161;126.77;12.0453350093692;1.38;119.4;129.69;5.41;16.5;27.5;.01;19.67;19.68;94;58;565.7;16.2;-3.5;D;655.3;14;126.028;2;2.17;188;124.37;-118.4843965;33.4445743;0;0;1;N;0.5086257;87;87;11;88;88;120.9614;0;9999.99;19.69;19.81568;2;9;23.5;0;23.5;33.86;1529.42808;07/13/16;16:44:45;22.23;51.46;33.86;0.172;8.38;-80.4;1.3;1.3;-1698;115.3;8.25;12.4;
33.4452109785375;-118.485508854594;16:47:45.72;7/13/2016;7;1.904;125.83;12.0453350093692;1.38;116.2;126.7;-3.93;6.09;27.5;.01;19.74;19.74;94;58;565.7;16.2;-3.5;D;655.3;14;125.156;2;2.07;188;124.45;-118.4843965;33.4445743;0;0;1;N;0.3379899;43;43;11;109;109;122.1799;0;9999.99;19.75;19.87468;2;9;23.5;0;23.5;33.85;1529.41734;07/13/16;16:44:46;22.24;51.44;33.85;-0.175;8.38;-80.5;1.2;1.4;-2885;115.4;8.25;12.4;
33.4452056832789;-118.485502047107;16:47:46.73;7/13/2016;7;2.051;126.25;12.0453350093692;1.38;123.7;133.72;-1.28;10.1;27.5;.02;20.04;20.06;94;58;565.7;16.2;-3.5;D;655.3;14;124.302;2;2.06;188;124.39;-118.4843965;33.4445743;0;0;1;N;0.4477518;49;49;11;78;78;121.3958;0;9999.99;20.01;20.137;2;9;23.5;0;23.5;33.79;1529.35182;07/13/16;16:44:47;22.24;51.36;33.79;0.086;8.38;-80.6;0.8;-1.5;-1751;115.4;8.25;12.4;
33.445201158642;-118.485494304971;16:47:47.73;7/13/2016;7;1.879;127.38;12.0453350093692;1.77;118;128.38;-0.15;13.9;27.4;.02;19.36;19.38;94;58;565.7;16.2;-3.5;D;655.3;14;123.425;2;2.05;188;124.38;-118.4843965;33.4445743;0;0;1;N;0.4666922;64;64;11;94;94;121.2605;0;9999.99;19.38;19.50861;2;9;23.5;0;23.5;33.83;1529.397;07/13/16;16:44:48;22.23;51.42;33.83;0.207;8.38;-80.6;0.7;-3.0;-198;115.4;8.26;12.2;
33.4451968294754;-118.485483818737;16:47:48.77;7/13/2016;6;2.165;123.24;12.0453350093692;1.77;125;134.94;-1.98;0.62;27.4;.01;19.87;19.87;94;62;565.6;16.2;-3.8;D;615;14;122.350;2;2.04;188;124.46;-118.4843965;33.4445743;0;0;1;N;0.2993155;43;43;11;87;87;122.4564;0;9999.99;19.83;19.95756;2;9;23.5;0;23.5;33.83;1529.39556;07/13/16;16:44:49;22.22;51.41;33.83;0.061;8.38;-80.6;0.9;-1.1;-3597;115.3;8.25;12.4;
33.4451881182133;-118.485473760003;16:47:49.77;7/13/2016;7;2.274;128.41;12.0453350093692;1.77;125.7;135.6;2.15;11.2;27.5;.00;19.50;19.51;94;62;565.6;16.2;-3.8;D;615;14;121.033;2;2.15;188;124.33;-118.4843965;33.4445743;0;0;1;N;0.5614522;70;70;11;67;67;120.5846;0;9999.99;19.54;19.667;2;9;23.5;0;23.5;33.82;1529.3842;07/13/16;16:44:50;22.21;51.40;33.82;0.099;8.38;-80.5;0.8;-3.1;1181;115.3;8.25;12.4;
33.4451869569736;-118.485467484017;16:47:50.78;7/13/2016;7;1.842;127.95;12.0453350093692;1.38;126;135.88;-5.47;8.8;27.5;.01;19.46;19.47;94;62;565.6;16.2;-3.8;D;615;14;120.479;2;2.12;187;124.43;-118.4843965;33.4445743;0;0;1;N;0.3329217;43;43;11;71;71;122.216;0;9999.99;19.44;19.57133;2;9;23.5;0;23.5;33.83;1529.39523;07/13/16;16:44:51;22.20;51.42;33.83;-0.150;8.38;-80.5;0.2;166.3;5218;115.3;8.25;12.5;
33.445181320297;-118.485459114211;16:47:51.78;7/13/2016;7;1.982;129.35;12.0453350093692;1.38;124.4;134.38;-0.06;10.9;27.4;.03;19.60;19.63;94;55;565.6;16.2;-3.4;D;686.3;14;119.485;2;2.12;187;124.4;-118.4843965;33.4445743;0;0;1;N;0.4138015;57;57;11;76;76;121.6381;0;9999.99;19.57;19.697;2;9;23.5;0;23.5;33.85;1529.41858;07/13/16;16:44:52;22.21;51.44;33.85;0.259;8.38;-80.4;1.1;1.1;-127;115.2;8.25;12.4;
33.4451739002625;-118.48545048833;16:47:52.80;7/13/2016;7;1.846;131.29;12.0453350093692;1.38;121;131.19;1.89;14.1;27.5;.02;18.87;18.90;94;55;565.6;16.2;-3.4;D;684.5;14;118.358;2;2.05;187;124.29;-118.4843965;33.4445743;0;0;1;N;0.6450304;68;68;11;82;82;119.9893;0;9999.99;18.90;19.02573;2;9;23.5;0;23.5;33.84;1529.40807;07/13/16;16:44:53;22.20;51.43;33.84;0.259;8.37;-80.3;1.7;-3.7;-2825;115.3;8.25;12.4;
33.4451682177214;-118.485442239944;16:47:53.80;7/13/2016;7;1.958;131.1;12.0453350093692;1.38;118.5;128.85;-0.07;5.42;27.4;.00;18.96;18.96;94;55;565.6;16.2;-3.4;D;684.5;14;117.370;2;2.04;187;124.24;-118.4843965;33.4445743;0;0;1;N;0.7420632;49;49;11;96;96;119.2995;0;9999.99;18.94;19.06409;2;9;23.5;0;23.5;33.87;1529.44023;07/13/16;16:44:54;22.20;51.46;33.87;-0.053;8.38;-80.3;1.1;-3.3;-3620;115.2;8.25;12.5;
33.445159693557;-118.485434720611;16:47:54.80;7/13/2016;7;2.365;134.46;12.0453350093692;1.38;116.5;126.98;-0.19;11.5;27.5;.00;18.97;18.97;94;55;565.6;16.2;-3.4;D;684.5;14;116.261;2;2.1;187;124.05;-118.4843965;33.4445743;0;0;1;N;1.122733;56;56;11;86;86;116.6102;0;9999.99;18.99;19.12062;2;9;23.5;0;23.5;33.87;1529.43877;07/13/16;16:44:55;22.22;51.47;33.87;-0.024;8.37;-80.1;0.5;-0.5;-849;115.2;8.24;12.4;
33.4451532918018;-118.48542696368;16:47:55.80;7/13/2016;7;2.12;133.43;12.0453350093692;1.38;118.6;128.94;-1.42;8.1;27.5;.00;19.24;19.25;94;60;565.5;16.2;-3.7;D;634.8;14;115.266;2;2.1;187;123.96;-118.4843965;33.4445743;0;0;1;N;1.296578;48;48;11;73;73;115.393;0;9999.99;19.23;19.357;2;9;23.5;0;23.5;33.85;1529.41705;07/13/16;16:44:56;22.24;51.45;33.85;-0.069;8.37;-80.3;0.0;-5.5;-1650;115.2;8.24;12.3;
33.4451461038839;-118.485418463293;16:47:56.80;7/13/2016;7;2.043;131.14;12.0453350093692;1.38;119;129.31;1.27;12.6;27.5;.00;18.68;18.68;94;60;565.5;16.2;-3.7;D;634.8;14;114.166;2;2.14;187;123.84;-118.4843965;33.4445743;0;0;1;N;1.506461;65;65;11;65;65;113.9347;0;9999.99;18.68;18.81157;2;9;23.5;0;23.5;33.8;1529.36259;07/13/16;16:44:57;22.24;51.37;33.80;0.056;8.37;-80.0;0.4;-3.6;-1590;115.3;8.25;12.4;
33.445140426231;-118.485408186118;16:47:57.81;7/13/2016;7;2.106;129.85;12.0453350093692;1.38;113.2;123.91;0.43;8.9;27.5;.00;18.53;18.53;94;60;565.5;16.2;-3.7;D;634.8;14;113.022;2;2.06;187;123.85;-118.4843965;33.4445743;0;0;1;N;1.49921;60;60;11;87;87;113.9848;0;9999.99;18.53;18.65795;2;9;23.5;0;23.5;33.83;1529.3951;07/13/16;16:44:58;22.22;51.42;33.83;-0.062;8.37;-80.3;0.7;1.9;-950;115.3;8.25;12.4;
33.4451332299867;-118.485397402498;16:47:58.81;7/13/2016;7;2.168;121.94;12.0453350093692;1.38;120.2;130.44;-1.6;13.8;27.5;.00;18.31;18.31;94;60;565.5;16.2;-3.7;D;634.8;14;111.745;2;2.13;187;123.79;-118.4843965;33.4445743;0;0;1;N;1.572103;47;47;11;59;59;113.4813;0;9999.99;18.31;18.43596;2;9;23.5;0;23.5;33.84;1529.40596;07/13/16;16:44:59;22.21;51.43;33.84;-0.143;8.38;-80.5;0.7;-4.6;-2354;115.3;8.25;12.3;
33.4451289007561;-118.48538886826;16:47:59.83;7/13/2016;7;1.825;122.71;12.0453350093692;1.38;108.1;119.17;-2.95;3.53;27.4;.01;18.85;18.86;94;57;565.5;16.2;-3.5;D;667.7;14;110.820;2;2.01;187;123.81;-118.4843965;33.4445743;0;0;1;N;1.544139;43;43;11;105;105;113.6743;0;9999.99;18.83;18.957;2;9;23.5;0;23.5;33.85;1529.41711;07/13/16;16:45:00;22.20;51.45;33.85;0.027;8.38;-80.4;1.4;-3.8;-950;115.3;8.25;12.4;
33.4451244847968;-118.485379747982;16:48:00.83;7/13/2016;7;2.03;121.12;12.0453350093692;1.38;115.9;126.42;4.47;15;27.4;.01;18.10;18.12;94;57;565.5;16.2;-3.5;D;667.7;14;109.843;2;2.04;187;123.85;-118.4843965;33.4445743;0;0;1;N;1.450371;79;79;11;80;80;114.323;0;9999.99;18.10;18.22749;2;9;23.5;0;23.5;33.85;1529.41774;07/13/16;16:45:02;22.22;51.45;33.85;-0.088;8.38;-80.5;0.7;0.7;-886;115.3;8.25;12.4;
33.4451096620117;-118.485364378669;16:48:01.86;7/13/2016;7;3.325;127.92;12.0453350093692;1.38;110.6;121.49;-2.36;7.68;27.5;.01;18.11;18.12;94;57;565.5;16.2;-3.5;D;667.7;14;107.742;2;2.15;187;123.54;-118.4843965;33.4445743;0;0;1;N;2.011005;43;43;11;83;83;110.4887;0;9999.99;18.13;18.25536;2;9;23.5;0;23.5;33.8;1529.36272;07/13/16;16:45:03;22.22;51.38;33.80;-0.026;8.38;-80.3;0.6;-2.9;-2588;115.3;8.25;12.4;
33.4451042970735;-118.485354020835;16:48:02.88;7/13/2016;7;2.413;126.28;12.0453350093692;1.38;114.1;124.74;0.47;8.2;27.5;.00;18.43;18.43;94;61;565.4;16.2;-3.7;D;626.6;14;106.612;2;2.14;187;123.56;-118.4843965;33.4445743;0;0;1;N;1.944131;59;59;11;73;73;110.94;0;9999.99;18.41;18.537;2;9;23.5;0;23.5;33.8;1529.36272;07/13/16;16:45:03;22.22;51.38;33.80;-0.026;8.38;-80.3;0.6;-2.9;-2588;115.3;8.25;12.4;
33.4450997375267;-118.48534528356;16:48:03.89;7/13/2016;7;2.034;125.28;12.0453350093692;1.38;113.9;124.56;-1.13;4.62;27.5;.00;17.77;17.77;94;61;565.4;16.2;-3.7;D;626.6;14;105.656;2;2.16;187;123.57;-118.4843965;33.4445743;0;0;1;N;1.900031;50;50;11;74;74;111.2386;0;9999.99;17.78;17.90214;2;9;23.5;0;23.5;33.84;1529.40594;07/13/16;16:45:05;22.21;51.43;33.84;0.033;8.37;-79.8;0.7;-3.2;-88;115.2;8.25;12.4;
33.4450962909598;-118.485335811358;16:48:04.89;7/13/2016;7;1.963;122.19;12.0453350093692;1.38;111.8;122.6;1.74;5.7;27.5;.00;18.06;18.06;94;61;565.4;16.2;-3.7;D;624.7;14;104.712;2;2.06;187;123.66;-118.4843965;33.4445743;0;0;1;N;1.725207;67;67;11;86;86;112.4294;0;9999.99;18.06;18.187;2;9;23.5;0;23.5;33.84;1529.40594;07/13/16;16:45:05;22.21;51.43;33.84;0.033;8.37;-79.8;0.7;-3.2;-88;115.2;8.25;12.4;
33.4450896172901;-118.485326220244;16:48:05.89;7/13/2016;7;2.128;126.94;12.0453350093692;1.38;111.7;122.51;-4.86;7.46;27.5;.01;17.99;18.00;94;61;565.4;16.2;-3.7;D;624.7;14;103.560;2;2.06;187;123.59;-118.4843965;33.4445743;0;0;1;N;1.83255;43;43;11;86;86;111.6969;0;9999.99;17.99;18.117;2;9;23.5;0;23.5;33.83;1529.3958;07/13/16;16:45:07;22.19;51.41;33.83;0.186;8.38;-80.5;0.3;-2.8;-2138;115.1;8.24;12.4;
33.4450838105537;-118.485316692197;16:48:06.89;7/13/2016;7;2.404;126.67;12.0453350093692;1.38;113;123.72;-2.38;10.8;27.4;.05;17.98;18.03;94;61;565.4;16.2;-3.7;D;624.7;14;102.466;2;2.13;187;123.57;-118.4843965;33.4445743;0;0;1;N;1.85641;43;43;11;79;79;111.5346;0;9999.99;17.93;18.057;2;9;23.5;0;23.5;33.83;1529.3958;07/13/16;16:45:07;22.19;51.41;33.83;0.186;8.38;-80.5;0.3;-2.8;-2138;115.1;8.24;12.4;
33.445078994953;-118.485306354314;16:48:07.89;7/13/2016;7;2.177;125.3;12.0453350093692;1.38;109.7;120.66;4.56;9.2;27.5;.09;17.43;17.52;94;59;565.3;16.2;-3.6;D;637.3;14;101.371;2;2.18;187;123.61;-118.4843965;33.4445743;0;0;1;N;1.758279;80;80;11;90;90;112.2032;0;.37;17.42;17.9233;2;9;23.5;0;23.5;33.85;1529.42469;07/13/16;16:45:09;22.17;51.44;33.85;0.319;8.37;-80.2;1.6;-6.4;-2797;115.1;8.24;12.4;
33.4450760299152;-118.485293726737;16:48:08.91;7/13/2016;6;2.387;125.3;12.0453350093692;1.77;108.4;119.45;2.31;14.9;27.5;.03;17.12;17.15;94;59;565.3;16.2;-3.6;D;637.3;14;100.214;2;2.15;187;123.83;-118.4843965;33.4445743;0;0;1;N;1.370966;71;71;11;109;109;114.8744;0;9999.99;17.17;17.29344;2;9;23.5;0;23.5;33.85;1529.42469;07/13/16;16:45:09;22.17;51.44;33.85;0.319;8.37;-80.2;1.6;-6.4;-2797;115.1;8.24;12.4;
33.4450713994805;-118.485281188807;16:48:09.91;7/13/2016;7;2.358;119.43;12.0453350093692;1.38;109.3;120.28;-1.75;7.79;27.5;.00;17.39;17.39;94;59;565.3;16.2;-3.6;D;637.3;14;98.961;2;2.21;186;123.96;-118.4843965;33.4445743;0;0;1;N;1.13139;43;43;11;114;114;116.5492;0;9999.99;17.38;17.50394;2;9;23.5;0;23.5;33.85;1529.41698;07/13/16;16:45:11;22.19;51.44;33.85;0.069;8.37;-79.9;1.0;-4.6;-918;115.0;8.23;12.4;
33.4450683656935;-118.485270748326;16:48:10.92;7/13/2016;7;2.049;115.22;12.0453350093692;1.38;110.1;121.03;2.56;17.5;27.5;.00;17.29;17.29;94;59;565.3;16.2;-3.6;D;637.3;14;97.969;2;2.18;186;124.11;-118.4843965;33.4445743;0;0;1;N;0.8554474;72;72;11;117;117;118.4951;0;9999.99;17.29;17.417;2;9;23.5;0;23.5;33.85;1529.41698;07/13/16;16:45:11;22.19;51.44;33.85;0.069;8.37;-79.9;1.0;-4.6;-918;115.0;8.23;12.4;
33.4450668227765;-118.485260180352;16:48:11.94;7/13/2016;7;2.065;111.82;12.0453350093692;1.38;111.1;121.95;-0.72;6.31;27.5;.00;16.97;16.97;94;57;565.3;16.2;-3.5;D;659.2;14;97.062;2;2.04;186;124.35;-118.4843965;33.4445743;0;0;1;N;0.4393806;53;53;11;125;125;121.455;0;9999.99;16.98;17.10698;2;9;23.5;0;23.5;33.84;1529.40593;07/13/16;16:45:13;22.21;51.42;33.84;-0.114;8.37;-79.9;1.1;-2.7;-844;114.9;8.23;12.4;
33.4450584950074;-118.485250848717;16:48:12.95;7/13/2016;7;2.28;121.26;12.0453350093692;1.38;117.5;127.91;-0.41;13.2;27.4;.00;16.84;16.84;94;57;565.3;16.2;-3.5;D;659.2;14;95.825;2;2.08;186;124.18;-118.4843965;33.4445743;0;0;1;N;0.6986132;57;57;11;96;96;119.6079;0;9999.99;16.84;16.967;2;9;23.5;0;23.5;33.84;1529.40593;07/13/16;16:45:13;22.21;51.42;33.84;-0.114;8.37;-79.9;1.1;-2.7;-844;114.9;8.23;12.4;
33.4450536044305;-118.485239913705;16:48:13.97;7/13/2016;7;2.147;120.74;12.0453350093692;1.38;116.9;127.35;-1.72;3.71;27.4;.00;16.79;16.79;94;57;565.3;16.2;-3.5;D;659.2;14;94.680;2;2.12;186;124.26;-118.4843965;33.4445743;0;0;1;N;0.5671839;47;47;11;100;100;120.5433;0;9999.99;16.78;16.90851;2;9;23.5;0;23.5;33.84;1529.40593;07/13/16;16:45:14;22.20;51.43;33.84;-0.080;8.38;-80.5;1.3;-4.4;670;114.9;8.22;12.5;
33.4450475053243;-118.485230901346;16:48:14.97;7/13/2016;7;2.129;123.31;12.0453350093692;1.38;120.8;131;3.09;12.3;27.4;.00;16.71;16.71;94;54;565.2;16.2;-3.3;D;706.6;14;93.607;2;2.1;186;124.2;-118.4843965;33.4445743;0;0;1;N;0.6424674;76;76;11;83;83;120.0072;0;9999.99;16.71;16.837;2;9;23.5;0;23.5;33.84;1529.40597;07/13/16;16:45:16;22.18;51.43;33.84;-0.192;8.37;-80.3;1.2;-4.0;-2397;114.9;8.23;12.4;
33.4450412980073;-118.485222052747;16:48:15.97;7/13/2016;7;2.002;127.05;12.0453350093692;1.38;116.7;127.17;-5.29;3.95;27.5;.01;16.19;16.20;94;55;565.2;16.2;-3.4;D;687.3;14;92.540;2;2.1;186;124.13;-118.4843965;33.4445743;0;0;1;N;0.752726;43;43;11;95;95;119.2235;0;9999.99;16.21;16.33583;2;9;23.5;0;23.5;33.84;1529.40597;07/13/16;16:45:16;22.18;51.43;33.84;-0.192;8.37;-80.3;1.2;-4.0;-2397;114.9;8.23;12.4;
33.4450347820283;-118.485213485135;16:48:16.97;7/13/2016;7;2.23;128.82;12.0453350093692;1.38;120.9;131.09;-2.16;5.72;27.5;.03;16.52;16.55;94;55;565.2;16.2;-3.4;D;687.3;14;91.476;2;2.04;186;124.04;-118.4843965;33.4445743;0;0;1;N;0.8889539;43;43;11;81;81;118.2581;0;9999.99;16.47;16.597;2;9;23.5;0;23.5;33.85;1529.41914;07/13/16;16:45:18;22.19;51.44;33.85;0.414;8.37;-80.1;0.7;1.4;-2182;114.8;8.22;12.3;
33.4450276758841;-118.485203660954;16:48:17.98;7/13/2016;7;2.243;129.5;12.0453350093692;2.09;121.2;131.37;4.8;10.4;27.5;.05;16.22;16.28;94;55;565.2;16.2;-3.4;D;687.3;14;90.279;2;2.18;186;123.95;-118.4843965;33.4445743;0;0;1;N;1.024227;86;86;11;71;71;117.303;0;9999.99;16.23;16.357;2;9;23.5;0;23.5;33.85;1529.41914;07/13/16;16:45:18;22.19;51.44;33.85;0.414;8.37;-80.1;0.7;1.4;-2182;114.8;8.22;12.3;
33.4450225400502;-118.485193259374;16:48:18.98;7/13/2016;7;2.084;129.5;12.0453350093692;2.09;113;123.72;-0.79;11.8;27.5;.02;15.55;15.58;94;58;565.2;16.2;-3.5;D;653.4;14;89.159;2;2.13;186;123.99;-118.4843965;33.4445743;0;0;1;N;0.9555587;56;56;11;96;96;117.7873;0;9999.99;15.59;15.71703;2;9;23.5;0;23.5;33.81;1529.37575;07/13/16;16:45:20;22.20;51.39;33.81;-0.004;8.38;-80.4;1.0;-2.9;-3693;114.8;8.22;12.3;
33.4450201209027;-118.485184885682;16:48:19.98;7/13/2016;7;1.914;127.15;12.0453350093692;1.38;112.4;123.16;1.01;14.2;27.5;.00;15.90;15.90;94;58;565.2;16.2;-3.5;D;653.4;14;88.365;2;1.99;186;124.13;-118.4843965;33.4445743;0;0;1;N;0.7476376;60;60;11;114;114;119.2596;0;9999.99;15.89;16.01859;2;9;23.5;0;23.5;33.81;1529.37575;07/13/16;16:45:20;22.20;51.39;33.81;-0.004;8.38;-80.4;1.0;-2.9;-3693;114.8;8.22;12.3;
33.4450130954516;-118.485174739769;16:48:20.98;7/13/2016;7;2.152;124.34;12.0453350093692;1.38;114.8;125.39;1.98;11.2;27.4;.00;15.55;15.55;94;58;565.2;16.2;-3.5;D;653.4;14;87.147;2;2.08;186;124.05;-118.4843965;33.4445743;0;0;1;N;0.8428122;73;73;11;98;98;118.5847;0;9999.99;15.58;15.70263;2;9;23.5;0;23.5;33.83;1529.39502;07/13/16;16:45:21;22.18;51.42;33.83;-0.085;8.37;-80.1;1.1;-1.3;-222;114.8;8.22;12.4;
33.4450076117199;-118.485161609062;16:48:22.00;7/13/2016;7;2.158;120.76;12.0453350093692;1.38;115.5;126.05;-1.16;4.77;27.4;.00;15.61;15.61;94;58;565.2;16.2;-3.5;D;653.4;14;85.797;2;2.08;186;124.17;-118.4843965;33.4445743;0;0;1;N;0.6533414;50;50;11;103;103;119.9298;0;9999.99;15.61;15.73486;2;9;23.5;0;23.5;33.85;1529.41685;07/13/16;16:45:23;22.19;51.44;33.85;-0.002;8.37;-79.8;1.3;-0.7;-915;114.9;8.22;12.2;
33.4450014112734;-118.48515542382;16:48:23.00;7/13/2016;7;1.988;126.12;12.0453350093692;1.38;116.9;127.35;-0.15;10.3;27.4;.00;15.62;15.62;94;59;565.1;16.2;-3.6;D;641.3;14;84.935;2;2.05;186;124;-118.4843965;33.4445743;0;0;1;N;0.8962824;56;56;11;90;90;118.2062;0;9999.99;15.62;15.747;2;9;23.5;0;23.5;33.85;1529.41685;07/13/16;16:45:23;22.19;51.44;33.85;-0.002;8.37;-79.8;1.3;-0.7;-915;114.9;8.22;12.2;
33.4449940768718;-118.485148807058;16:48:24.02;7/13/2016;6;2.066;129.4;12.0453350093692;1.77;116.5;126.98;0.74;10.9;27.4;.00;15.62;15.62;94;59;565.1;16.2;-3.6;D;641.3;14;83.971;2;2.02;186;123.77;-118.4843965;33.4445743;0;0;1;N;1.219302;61;61;11;83;83;115.9329;0;9999.99;15.62;15.747;2;9;23.5;0;23.5;33.84;1529.40593;07/13/16;16:45:25;22.19;51.43;33.84;-0.042;8.38;-80.4;1.4;-6.0;-1003;114.9;8.22;12.5;
33.4449884066344;-118.485140669678;16:48:25.02;7/13/2016;6;2.183;128.11;12.0453350093692;1.77;118.6;128.94;-0.48;10.1;27.5;.00;15.18;15.18;94;59;565.1;16.2;-3.6;D;641.3;14;82.993;2;2.1;186;123.7;-118.4843965;33.4445743;0;0;1;N;1.30447;54;54;11;73;73;115.3377;0;9999.99;15.18;15.31092;2;9;23.5;0;23.5;33.84;1529.40593;07/13/16;16:45:25;22.19;51.43;33.84;-0.042;8.38;-80.4;1.4;-6.0;-1003;114.9;8.22;12.5;
33.4449824257191;-118.485131532505;16:48:26.02;7/13/2016;6;2.138;127.91;12.0453350093692;1.77;119.7;129.97;1.72;8.9;27.5;.00;15.07;15.07;93;57;565.1;16.2;-3.5;D;665.7;14;81.918;2;2.11;186;123.64;-118.4843965;33.4445743;0;0;1;N;1.364887;63;63;11;64;64;114.9168;0;9999.99;15.06;15.18551;2;9;23.5;0;23.5;33.84;1529.40593;07/13/16;16:45:27;22.17;51.43;33.84;-0.003;8.37;-80.1;0.7;-3.8;-2741;114.9;8.23;12.3;
33.4449768535528;-118.485125145622;16:48:27.02;7/13/2016;6;1.93;131.75;12.0453350093692;1.77;115.7;126.23;1.02;13;27.5;.00;14.99;14.99;93;57;565.1;16.2;-3.5;D;665.7;14;81.082;2;2.12;186;123.51;-118.4843965;33.4445743;0;0;1;N;1.550294;66;66;11;78;78;113.6317;0;9999.99;15.01;15.137;2;9;23.5;0;23.5;33.84;1529.40593;07/13/16;16:45:27;22.17;51.43;33.84;-0.003;8.37;-80.1;0.7;-3.8;-2741;114.9;8.23;12.3;
33.4449714370677;-118.485115681235;16:48:28.02;7/13/2016;6;1.925;127.43;12.0453350093692;1.77;112.2;122.98;-0.54;11.1;27.5;.00;14.73;14.73;93;57;565.1;16.2;-3.5;D;665.7;14;80.017;2;2.03;186;123.5;-118.4843965;33.4445743;0;0;1;N;1.55088;54;54;11;90;90;113.6276;0;9999.99;14.74;14.86253;2;9;23.5;0;23.5;33.85;1529.41705;07/13/16;16:45:28;22.17;51.44;33.85;-0.166;8.37;-79.9;1.4;-5.1;-1764;114.8;8.22;12.2;
33.4449648596484;-118.48510475299;16:48:29.02;7/13/2016;6;2.187;126.1;12.0453350093692;1.77;112.8;123.53;-0.83;8.6;27.5;.00;14.60;14.60;93;57;565.1;16.2;-3.5;D;665.7;14;78.768;2;2.09;186;123.46;-118.4843965;33.4445743;0;0;1;N;1.577408;52;52;11;87;87;113.4447;0;9999.99;14.59;14.72031;2;9;23.5;0;23.5;33.84;1529.40602;07/13/16;16:45:30;22.17;51.43;33.84;-0.007;8.38;-80.4;0.8;-1.4;-239;114.8;8.22;12.5;
33.4449576653747;-118.485094834083;16:48:30.03;7/13/2016;6;2.459;126.31;12.0453350093692;1.77;117.3;127.73;1.62;10;27.5;.00;14.45;14.45;93;54;565.0;16.2;-3.3;D;707.8;14;77.559;2;2.2;186;123.34;-118.4843965;33.4445743;0;0;1;N;1.70191;65;65;11;69;69;112.589;0;9999.99;14.44;14.57192;2;9;23.5;0;23.5;33.84;1529.40602;07/13/16;16:45:30;22.17;51.43;33.84;-0.007;8.38;-80.4;0.8;-1.4;-239;114.8;8.22;12.5;
33.4449519887561;-118.485086273937;16:48:31.05;7/13/2016;6;2.019;122.56;12.0453350093692;1.77;113.2;123.91;0.36;8.5;27.5;.00;14.26;14.27;93;54;565.0;16.2;-3.3;D;707.8;14;76.549;2;2.17;186;123.27;-118.4843965;33.4445743;0;0;1;N;1.77596;63;63;11;73;73;112.0826;0;9999.99;14.28;14.4061;2;9;23.5;0;23.5;33.85;1529.41703;07/13/16;16:45:32;22.17;51.45;33.85;-0.120;8.36;-79.6;1.2;-0.4;-1728;114.7;8.22;12.4;
33.4449484039618;-118.485077607257;16:48:32.06;7/13/2016;6;1.741;125.2;12.0453350093692;1.77;107.8;118.89;-0.95;10.5;27.4;.00;14.40;14.40;93;54;565.0;16.2;-3.3;D;707.8;14;75.658;2;2;186;123.35;-118.4843965;33.4445743;0;0;1;N;1.666217;51;51;11;103;103;112.8338;0;9999.99;14.40;14.527;2;9;23.5;0;23.5;33.85;1529.41703;07/13/16;16:45:32;22.17;51.45;33.85;-0.120;8.36;-79.6;1.2;-0.4;-1728;114.7;8.22;12.4;
33.4449409645557;-118.485068761271;16:48:33.09;7/13/2016;6;2.339;126.52;12.0453350093692;1.77;118.7;129.03;1.47;16.4;27.4;.00;14.38;14.38;93;56;564.9;16.2;-3.4;D;680.2;14;74.518;2;2.06;186;123.17;-118.4843965;33.4445743;0;0;1;N;1.855146;69;69;11;59;59;111.5434;0;9999.99;14.37;14.497;2;9;23.5;0;23.5;33.82;1529.38422;07/13/16;16:45:34;22.19;51.41;33.82;-0.160;8.38;-80.3;1.1;1.1;-2501;114.7;8.21;12.4;
33.4449363957553;-118.485058001589;16:48:34.09;7/13/2016;6;2.092;124.91;12.0453350093692;1.77;107.2;118.34;-6.66;7.15;27.4;.01;13.94;13.95;93;56;564.9;16.2;-3.4;D;680.2;14;73.404;2;2.12;186;123.27;-118.4843965;33.4445743;0;0;1;N;1.73387;43;43;11;103;103;112.3703;0;9999.99;13.94;14.071;2;9;23.5;0;23.5;33.82;1529.38422;07/13/16;16:45:34;22.19;51.41;33.82;-0.160;8.38;-80.3;1.1;1.1;-2501;114.7;8.21;12.4;
33.4449290019313;-118.48504689157;16:48:35.09;7/13/2016;6;2.393;124.22;12.0453350093692;1.77;117.8;128.19;2.64;11.5;27.4;.02;13.98;14.00;93;56;564.9;16.2;-3.4;D;680.2;14;72.092;2;2.15;186;123.17;-118.4843965;33.4445743;0;0;1;N;1.798793;73;73;11;62;62;111.927;0;9999.99;13.92;14.047;2;9;23.5;0;23.5;33.85;1529.41798;07/13/16;16:45:35;22.18;51.44;33.85;0.116;8.37;-80.3;0.8;-6.2;-909;114.7;8.21;12.4;
33.4449231447191;-118.485036085976;16:48:36.09;7/13/2016;5;2.404;124.38;12.0453350093692;3.14;106.2;117.41;1.67;11;27.4;.03;13.30;13.32;93;56;564.9;16.2;-3.4;D;680.2;14;70.896;2;2.2;185;123.17;-118.4843965;33.4445743;0;0;1;N;1.790729;67;67;11;105;105;111.9819;0;9999.99;13.34;13.46481;2;9;23.5;0;23.5;33.84;1529.40883;07/13/16;16:45:36;22.18;51.43;33.84;0.262;8.37;-79.7;1.9;-2.8;-89;114.6;8.21;12.4;
33.4449199296331;-118.485024154232;16:48:37.11;7/13/2016;6;2.384;122.05;12.0453350093692;1.77;107.8;118.89;-0.4;10.4;27.4;.01;13.41;13.41;93;57;564.9;16.2;-3.5;D;660.9;14;69.775;2;2.05;185;123.42;-118.4843965;33.4445743;0;0;1;N;1.457964;55;55;11;109;109;114.2706;0;9999.99;13.41;13.537;2;9;23.5;0;23.5;33.85;1529.41783;07/13/16;16:45:38;22.19;51.44;33.85;0.037;8.37;-80.1;1.1;-3.2;-2216;114.5;8.20;12.4;
33.4449148441799;-118.485012954015;16:48:38.11;7/13/2016;6;2.334;120.27;12.0453350093692;1.77;111.4;122.23;3.57;16.8;27.5;.01;13.23;13.24;93;57;564.9;16.2;-3.5;D;660.9;14;68.596;2;2.12;185;123.51;-118.4843965;33.4445743;0;0;1;N;1.319976;78;78;11;99;99;115.2299;0;9999.99;13.24;13.36808;2;9;23.5;0;23.5;33.85;1529.41783;07/13/16;16:45:38;22.19;51.44;33.85;0.037;8.37;-80.1;1.1;-3.2;-2216;114.5;8.20;12.4;
33.4449133373131;-118.485004824184;16:48:39.13;7/13/2016;6;1.743;116.62;12.0453350093692;1.77;105.9;117.13;-2.94;-1.89;27.4;.01;13.08;13.08;93;57;564.9;16.2;-3.5;D;660.9;14;67.875;2;2.04;185;123.74;-118.4843965;33.4445743;0;0;1;N;1.040934;43;43;11;128;128;117.1856;0;9999.99;13.10;13.22399;2;9;23.5;0;23.5;33.85;1529.41763;07/13/16;16:45:40;22.18;51.44;33.85;0.032;8.36;-79.7;6.8;-0.6;-3071;114.4;8.19;12.3;
33.4449085333027;-118.484996400368;16:48:40.13;7/13/2016;6;1.822;115.91;12.0453350093692;1.77;115.9;126.42;2.97;14;27.4;.00;13.33;13.33;93;51;564.8;16.2;-3.1;D;744.8;14;66.928;2;2.02;185;123.73;-118.4843965;33.4445743;0;0;1;N;1.018273;75;75;11;91;91;117.3453;0;9999.99;13.30;13.427;2;9;23.5;0;23.5;33.85;1529.41763;07/13/16;16:45:40;22.18;51.44;33.85;0.032;8.36;-79.7;6.8;-0.6;-3071;114.4;8.19;12.3;
33.4449021628662;-118.484987369705;16:48:41.13;7/13/2016;6;1.835;118.66;12.0453350093692;1.77;116.2;126.7;-0.69;11.4;27.4;.01;12.52;12.53;93;51;564.8;16.2;-3.1;D;744.8;14;65.838;2;2.16;185;123.62;-118.4843965;33.4445743;0;0;1;N;1.121326;53;53;11;87;87;116.6203;0;9999.99;12.56;12.68281;2;9;23.5;0;23.5;33.86;1529.42821;07/13/16;16:45:41;22.19;51.45;33.86;0.085;8.38;-80.4;1.4;-4.5;-709;114.4;8.19;12.4;
33.4449017003891;-118.484977172578;16:48:42.14;7/13/2016;6;1.817;112.45;12.0453350093692;1.77;118.8;129.13;0.98;1;27.4;.00;12.99;13.00;93;51;564.8;16.2;-3.1;D;744.8;14;65.024;2;2.04;185;124.05;-118.4843965;33.4445743;0;0;1;N;0.6212003;56;56;11;91;91;120.1591;0;9999.99;12.98;13.107;2;9;23.5;0;23.5;32.92;1528.40186;07/13/16;16:45:43;22.19;50.17;32.92;0.038;8.37;-80.0;0.9;-3.3;-4868;114.4;8.23;12.4;
33.4448945097765;-118.484968068992;16:48:43.16;7/13/2016;6;1.904;123.7;12.0453350093692;1.77;118.5;128.85;0.46;12.3;27.4;.01;12.51;12.52;93;51;564.8;16.2;-3.1;D;744.8;14;63.876;2;1.99;185;123.88;-118.4843965;33.4445743;0;0;1;N;0.8028844;60;60;11;87;87;118.8681;0;9999.99;12.52;12.647;2;9;23.5;0;23.5;32.92;1528.40186;07/13/16;16:45:43;22.19;50.17;32.92;0.038;8.37;-80.0;0.9;-3.3;-4868;114.4;8.23;12.4;
33.4448913434167;-118.484961097365;16:48:44.16;7/13/2016;6;1.915;125.26;12.0453350093692;1.77;121.9;132.03;0.35;5.48;27.4;.01;12.29;12.29;93;54;564.8;16.2;-3.3;D;694.9;14;63.143;2;1.98;185;123.94;-118.4843965;33.4445743;0;0;1;N;0.7190911;56;56;11;77;77;119.4629;0;9999.99;12.28;12.41059;2;9;23.5;0;23.5;33.82;1529.38466;07/13/16;16:45:45;22.19;51.40;33.82;-0.005;8.37;-80.2;1.6;0.0;-856;114.3;8.19;12.5;
33.4448842077329;-118.484950708338;16:48:45.19;7/13/2016;6;1.932;128.08;12.0453350093692;1.77;119.3;129.59;-0.74;10.9;27.4;.00;11.98;11.98;93;54;564.8;16.2;-3.3;D;694.9;14;61.901;2;2.02;185;123.83;-118.4843965;33.4445743;0;0;1;N;0.8303269;53;53;11;83;83;118.6737;0;9999.99;11.97;12.09608;2;9;23.5;0;23.5;33.82;1529.38466;07/13/16;16:45:45;22.19;51.40;33.82;-0.005;8.37;-80.2;1.6;0.0;-856;114.3;8.19;12.5;
33.44487600237;-118.484942134769;16:48:46.20;7/13/2016;6;2.099;128.01;12.0453350093692;1.77;122.1;132.22;1.09;1.5;27.4;.00;11.98;11.98;93;54;564.8;16.2;-3.3;D;694.9;14;60.733;2;2.06;185;123.53;-118.4843965;33.4445743;0;0;1;N;1.122401;64;64;11;65;65;116.6129;0;9999.99;11.97;12.09608;2;9;23.5;0;23.5;33.84;1529.406;07/13/16;16:45:47;22.21;51.44;33.84;0.052;8.37;-80.3;1.8;-2.0;-1892;114.3;8.18;12.4;
33.4448711073118;-118.484932724101;16:48:47.23;7/13/2016;6;1.919;126.19;12.0453350093692;1.77;118.2;128.57;0.08;18.2;27.4;.00;11.53;11.53;93;60;564.7;16.2;-3.7;D;632.9;14;59.704;2;2.12;185;123.56;-118.4843965;33.4445743;0;0;1;N;1.080644;57;57;11;82;82;116.9065;0;9999.99;11.53;11.65635;2;9;23.5;0;23.5;33.84;1529.406;07/13/16;16:45:47;22.21;51.44;33.84;0.052;8.37;-80.3;1.8;-2.0;-1892;114.3;8.18;12.4;
33.4448637706216;-118.484922255566;16:48:48.23;7/13/2016;6;2.289;130.39;12.0453350093692;1.77;121.1;131.28;1.43;10.6;27.4;.00;11.87;11.87;93;60;564.7;16.2;-3.7;D;632.9;14;58.444;2;2.12;185;123.42;-118.4843965;33.4445743;0;0;1;N;1.192885;66;66;11;66;66;116.1185;0;9999.99;11.88;12.007;2;9;23.5;0;23.5;33.86;1529.42786;07/13/16;16:45:48;22.21;51.45;33.86;-0.112;8.37;-80.1;1.9;-0.3;-3246;114.4;8.18;12.2;
33.4448585800198;-118.484914285921;16:48:49.27;7/13/2016;6;2.08;131.71;12.0453350093692;1.77;115.8;126.33;-2.08;2.61;27.4;.00;11.58;11.58;93;60;564.7;16.2;-3.7;D;632.9;14;57.509;2;2.12;185;123.34;-118.4843965;33.4445743;0;0;1;N;1.260251;45;45;11;84;84;115.6472;0;9999.99;11.56;11.687;2;9;23.5;0;23.5;33.85;1529.41699;07/13/16;16:45:50;22.21;51.45;33.85;-0.025;8.37;-80.3;2.3;-0.7;-2018;114.3;8.18;12.5;
33.4448548347306;-118.484905642841;16:48:50.28;7/13/2016;6;1.968;128.58;12.0453350093692;1.77;114.5;125.12;1.25;10.4;27.3;.01;11.14;11.15;93;60;564.7;16.2;-3.7;D;632.9;14;56.610;2;2.05;185;123.44;-118.4843965;33.4445743;0;0;1;N;1.153341;60;60;11;92;92;116.3959;0;9999.99;11.15;11.27211;2;9;23.5;0;23.5;33.85;1529.41699;07/13/16;16:45:50;22.21;51.45;33.85;-0.025;8.37;-80.3;2.3;-0.7;-2018;114.3;8.18;12.5;
33.4448496291589;-118.484895042012;16:48:51.28;7/13/2016;6;2.003;123.66;12.0453350093692;1.77;122.1;132.22;-0.91;11.1;27.4;.00;11.01;11.02;93;53;564.7;16.2;-3.3;D;709.3;14;55.470;2;2.14;185;123.5;-118.4843965;33.4445743;0;0;1;N;1.051967;52;52;11;67;67;117.1084;0;9999.99;11.01;11.13932;2;9;23.5;0;23.5;33.86;1529.42813;07/13/16;16:45:52;22.23;51.46;33.86;-0.184;8.37;-80.1;1.3;-1.1;-2632;114.3;8.18;12.3;
33.4448432046847;-118.484884228064;16:48:52.30;7/13/2016;6;2.267;124.07;12.0453350093692;1.77;117.3;127.73;-1.88;11.1;27.4;.01;10.79;10.79;93;53;564.7;16.2;-3.3;D;709.3;14;54.239;2;2.08;185;123.45;-118.4843965;33.4445743;0;0;1;N;1.080898;46;46;11;84;84;116.9048;0;9999.99;10.77;10.89579;2;9;23.5;0;23.5;33.86;1529.42813;07/13/16;16:45:52;22.23;51.46;33.86;-0.184;8.37;-80.1;1.3;-1.1;-2632;114.3;8.18;12.3;
33.4448382781749;-118.484874470234;16:48:53.30;7/13/2016;6;1.975;123.74;12.0453350093692;1.77;118.4;128.75;2.95;15;27.4;.01;10.48;10.49;93;58;564.7;16.2;-3.5;D;657.3;14;53.182;2;2.1;185;123.5;-118.4843965;33.4445743;0;0;1;N;1.018197;75;75;11;81;81;117.3464;0;9999.99;10.51;10.63807;2;9;23.5;0;23.5;33.84;1529.40713;07/13/16;16:45:54;22.25;51.42;33.84;0.076;8.37;-80.0;2.1;-4.0;-1398;114.3;8.17;12.4;
33.4448316666667;-118.484864666667;16:48:54.33;7/13/2016;6;2.137;126.99;12.0453350093692;1.77;115.9;126.42;-7.42;6.05;27.4;.01;10.87;10.88;93;58;564.7;16.2;-3.5;D;657.3;14;51.996;2;2.12;185;123.27;-118.4843965;33.4445743;0;0;1;N;1.210569;43;43;11;85;85;115.995;0;9999.99;10.81;10.937;2;9;23.5;0;23.5;33.84;1529.40713;07/13/16;16:45:54;22.25;51.42;33.84;0.076;8.37;-80.0;2.1;-4.0;-1398;114.3;8.17;12.4;
33.4448256666667;-118.484856666667;16:48:55.33;7/13/2016;6;2.053;129.47;12.0453350093692;1.77;119.3;129.59;-8.1;4.54;27.4;.05;10.53;10.58;93;58;564.7;16.2;-3.5;D;657.3;14;50.929;2;2.14;185;123.34;-118.4843965;33.4445743;0;0;1;N;1.109589;43;43;11;75;75;116.7033;0;9999.99;10.45;10.577;2;9;23.5;0;23.5;33.83;1529.39717;07/13/16;16:45:56;22.26;51.42;33.83;0.519;8.37;-80.2;1.6;-4.7;-3312;114.3;8.17;12.3;
33.4448203333333;-118.484848833333;16:48:56.34;7/13/2016;6;1.895;129.47;12.0453350093692;1.77;115.8;126.33;0.58;6.39;27.4;.13;10.12;10.25;93;52;564.6;16.2;-3.2;D;729.2;14;49.972;2;2.12;185;123.12;-118.4843965;33.4445743;0;0;1;N;1.29301;56;56;11;80;80;115.4188;0;.52;10.12;10.767;2;9;23.5;0;23.5;33.83;1529.39717;07/13/16;16:45:56;22.26;51.42;33.83;0.519;8.37;-80.2;1.6;-4.7;-3312;114.3;8.17;12.3;
33.4448133333333;-118.484842833333;16:48:57.34;7/13/2016;5;1.843;129.47;12.0453350093692;2.1;112;122.79;2.28;4.71;27.4;.13;9.85;9.98;93;52;564.6;16.2;-3.2;D;729.2;14;49.031;2;2.06;185;123.08;-118.4843965;33.4445743;0;0;1;N;1.310712;71;71;11;97;97;115.2953;0;.51;9.87;10.507;2;9;23.5;0;23.5;33.85;1529.42874;07/13/16;16:45:58;22.25;51.45;33.85;0.627;8.37;-80.2;2.1;0.6;-1953;114.3;8.18;12.4;
33.4447971666667;-118.484837666667;16:48:58.34;7/13/2016;4;2.505;129.47;12.0453350093692;2.58;111;121.86;6.92;10.6;27.4;.04;9.80;9.84;93;52;564.6;16.2;-3.2;D;729.2;14;48.183;2;2.07;185;122.74;-118.4843965;33.4445743;0;0;1;N;1.577567;95;95;11;96;96;113.4446;0;9999.99;9.86;9.987;2;9;23.5;0;23.5;33.85;1529.42874;07/13/16;16:45:58;22.25;51.45;33.85;0.627;8.37;-80.2;2.1;0.6;-1953;114.3;8.18;12.4;
33.4447947209631;-118.484827067178;16:48:59.38;7/13/2016;4;2.033;129.47;12.0453350093692;1.95;110.2;121.12;-1.22;10.5;27.3;.00;9.59;9.59;93;52;564.6;16.2;-3.2;D;729.2;14;46.869;2;2.11;185;121.53;-118.4843965;33.4445743;0;0;1;N;2.790134;50;50;11;71;71;107.1149;0;9999.99;9.59;9.716976;2;9;23.5;0;23.5;33.8;1529.36287;07/13/16;16:46:00;22.28;51.37;33.80;-0.236;8.37;-80.1;1.2;10.4;48155;114.3;8.18;12.3;
33.444790891704;-118.484817218923;16:49:00.39;7/13/2016;6;1.968;128.57;12.0453350093692;1.77;104.4;115.75;-6.34;5.99;27.3;.00;9.70;9.70;93;57;564.6;16.2;-3.5;D;669.5;14;45.868;2;2.04;185;121.67;-118.4843965;33.4445743;0;0;1;N;2.397096;43;43;11;97;97;108.1489;0;9999.99;9.65;9.776999;2;9;23.5;0;23.5;33.8;1529.36287;07/13/16;16:46:00;22.28;51.37;33.80;-0.236;8.37;-80.1;1.2;10.4;48155;114.3;8.18;12.3;
33.4447865;-118.484808666667;16:49:01.39;7/13/2016;6;2.004;126.45;12.0453350093692;1.77;109.4;120.38;0.05;10;27.3;.01;9.42;9.42;93;57;564.6;16.2;-3.5;D;669.5;14;44.917;2;2.08;185;121.76;-118.4843965;33.4445743;0;0;1;N;2.238217;57;57;11;81;81;108.97;0;9999.99;9.40;9.526999;2;9;23.5;0;23.5;33.83;1529.39512;07/13/16;16:46:02;22.28;51.42;33.83;0.483;8.37;-80.1;1.7;-6.5;-240;114.5;8.18;12.3;
33.4447783333333;-118.484798833333;16:49:02.39;7/13/2016;6;2.174;126.91;12.0453350093692;1.77;103.3;114.73;3.03;12.5;27.3;.01;9.07;9.09;93;57;564.6;16.2;-3.5;D;669.5;14;43.867;2;2.11;185;121.76;-118.4843965;33.4445743;0;0;1;N;2.204495;82;82;11;100;100;109.1942;0;9999.99;9.12;9.243793;2;9;23.5;0;23.5;33.83;1529.39512;07/13/16;16:46:02;22.28;51.42;33.83;0.483;8.37;-80.1;1.7;-6.5;-240;114.5;8.18;12.3;
33.4447735483231;-118.484788014505;16:49:03.41;7/13/2016;6;2.087;126.91;12.0453350093692;1.77;104.4;115.75;0.1;8.3;27.3;.00;9.32;9.33;93;58;564.5;16.2;-3.5;D;657.1;14;42.549;2;2.09;185;121.38;-118.4843965;33.4445743;0;0;1;N;2.294447;58;58;11;95;95;107.8107;0;9999.99;9.32;9.447;2;9;23.5;0;23.5;33.86;1529.42861;07/13/16;16:46:04;22.29;51.46;33.86;0.027;8.37;-80.3;1.8;-3.0;-2388;114.6;8.19;12.2;
33.4447694054108;-118.484777503893;16:49:04.42;7/13/2016;6;2.098;122.66;12.0453350093692;1.77;104.3;115.65;1.11;12.2;27.3;.00;8.59;8.59;93;58;564.5;16.2;-3.5;D;657.1;14;41.477;2;2.11;185;121.54;-118.4843965;33.4445743;0;0;1;N;2.260405;64;64;11;100;100;108.957;0;9999.99;8.60;8.727148;2;9;23.5;0;23.5;33.86;1529.42861;07/13/16;16:46:04;22.29;51.46;33.86;0.027;8.37;-80.3;1.8;-3.0;-2388;114.6;8.19;12.2;
33.4447643438789;-118.484765311775;16:49:05.42;7/13/2016;6;2.16;119.23;12.0453350093692;1.77;104.7;116.02;-3.8;6.91;27.4;.00;8.83;8.83;93;58;564.5;16.2;-3.5;D;657.1;14;40.219;2;2.13;185;121.7;-118.4843965;33.4445743;0;0;1;N;2.029047;43;43;11;106;106;110.1194;0;9999.99;8.81;8.937;2;9;23.5;0;23.5;33.84;1529.40593;07/13/16;16:46:06;22.30;51.44;33.84;-0.065;8.38;-80.4;1.2;-3.6;-4823;114.7;8.19;12.4;
33.4447612911781;-118.484754655586;16:49:06.42;7/13/2016;6;2.132;116.51;12.0453350093692;1.77;105.3;116.58;0.13;11;27.4;.00;8.70;8.71;93;58;564.5;16.2;-3.5;D;657.1;14;39.200;2;2.16;184;122.03;-118.4843965;33.4445743;0;0;1;N;1.86216;49;49;11;110;110;112.073;0;9999.99;8.68;8.805849;2;9;23.5;0;23.5;33.84;1529.40593;07/13/16;16:46:06;22.30;51.44;33.84;-0.065;8.38;-80.4;1.2;-3.6;-4823;114.7;8.19;12.4;
33.4447551077027;-118.484742522759;16:49:07.42;7/13/2016;6;2.279;117.45;12.0453350093692;1.77;109.9;120.84;2.42;16.5;27.3;.00;7.97;7.97;93;54;564.5;16.2;-3.3;D;705.8;14;37.881;2;2.2;184;122.06;-118.4843965;33.4445743;0;0;1;N;1.646119;72;72;11;94;94;112.6505;0;9.28;8.01;17.4236;2;9;23.5;0;23.5;33.83;1529.3954;07/13/16;16:46:08;22.29;51.42;33.83;0.014;8.38;-80.5;1.5;-4.7;-2026;114.7;8.20;12.2;
33.4447537720649;-118.484732018702;16:49:08.42;7/13/2016;6;2.13;115.9;12.0453350093692;1.77;106.8;117.97;-5.88;1.34;27.3;.00;8.38;8.38;93;54;564.5;16.2;-3.3;D;705.8;14;36.978;2;2.13;184;122.66;-118.4843965;33.4445743;0;0;1;N;1.569816;43;43;11;117;117;115.5876;0;42.24;8.33;50.697;2;9;23.5;0;23.5;33.83;1529.3954;07/13/16;16:46:08;22.29;51.42;33.83;0.014;8.38;-80.5;1.5;-4.7;-2026;114.7;8.20;12.2;
33.4447491754787;-118.484722941359;16:49:09.42;7/13/2016;6;2.036;118.7;12.0453350093692;1.77;113.1;123.81;2.94;15;27.3;.00;8.28;8.29;93;54;564.5;16.2;-3.3;D;705.8;14;35.993;2;2.1;184;122.7;-118.4843965;33.4445743;0;0;1;N;1.191208;69;69;11;95;95;116.0748;0;9999.99;8.29;8.417;2;9;23.5;0;23.5;33.86;1529.42786;07/13/16;16:46:10;22.30;51.46;33.86;0.319;8.38;-80.3;2.0;-5.2;731;114.7;8.20;12.5;
33.4447465020841;-118.484715450644;16:49:10.42;7/13/2016;6;1.656;119.29;12.0453350093692;1.77;110.6;121.49;-0.97;8.9;27.3;.00;7.91;7.91;93;54;564.4;16.2;-3.3;D;700.1;14;35.248;2;2;184;122.9;-118.4843965;33.4445743;0;0;1;N;1.117788;51;51;11;109;109;117.0924;0;9999.99;7.92;8.044266;2;9;23.5;0;23.5;33.86;1529.42786;07/13/16;16:46:10;22.30;51.46;33.86;0.319;8.38;-80.3;2.0;-5.2;731;114.7;8.20;12.5;
33.444739245289;-118.484704074014;16:49:11.42;7/13/2016;6;2.195;125.09;12.0453350093692;1.77;114.2;124.84;1.27;2.9;27.3;.00;7.96;7.97;93;54;564.4;16.2;-3.3;D;700.1;14;33.924;2;2.13;184;122.73;-118.4843965;33.4445743;0;0;1;N;0.9868049;65;65;11;94;94;116.6745;0;9999.99;7.96;8.087;2;9;23.5;0;23.5;33.84;1529.40625;07/13/16;16:46:12;22.29;51.43;33.84;-0.044;8.38;-80.4;1.3;-1.7;-2905;114.8;8.20;12.3;
33.4447361666667;-118.4846945;16:49:12.42;7/13/2016;6;2.089;120.9;12.0453350093692;1.77;116.3;126.79;-0.79;12.8;27.3;.00;7.45;7.45;93;54;564.4;16.2;-3.3;D;700.1;14;32.879;2;2.13;184;122.68;-118.4843965;33.4445743;0;0;1;N;1.100294;52;52;11;87;87;116.7698;0;9999.99;7.45;7.576777;2;9;23.5;0;23.5;33.84;1529.40625;07/13/16;16:46:12;22.29;51.43;33.84;-0.044;8.38;-80.4;1.3;-1.7;-2905;114.8;8.20;12.3;
33.4447303333333;-118.484685666667;16:49:13.42;7/13/2016;6;1.902;122.72;12.0453350093692;1.77;115.3;125.86;0.74;1.28;27.4;.00;7.65;7.65;93;54;564.4;16.2;-3.3;D;700.1;14;31.908;2;2.05;184;123.02;-118.4843965;33.4445743;0;0;1;N;0.8819165;55;55;11;97;97;118.3101;0;9999.99;7.64;7.767;2;9;23.5;0;23.5;33.88;1529.44961;07/13/16;16:46:14;22.31;51.49;33.88;0.006;8.37;-80.2;1.3;-5.1;2;114.9;8.20;12.4;
33.4447234180667;-118.484675141002;16:49:14.42;7/13/2016;6;1.992;124.98;12.0453350093692;1.77;115.2;125.77;-0.89;9.1;27.3;.00;7.59;7.59;93;51;564.4;16.2;-3.1;D;734.2;14;30.714;2;2.03;184;122.67;-118.4843965;33.4445743;0;0;1;N;0.9520947;52;52;11;93;93;117.2307;0;9999.99;7.59;7.717;2;9;23.5;0;23.5;33.88;1529.44961;07/13/16;16:46:14;22.31;51.49;33.88;0.006;8.37;-80.2;1.3;-5.1;2;114.9;8.20;12.4;
33.4447165591367;-118.484666050461;16:49:15.42;7/13/2016;6;2.106;127.09;12.0453350093692;1.77;120.4;130.62;2.45;8.9;27.3;.00;7.40;7.40;93;51;564.4;16.2;-3.1;D;734.2;14;29.593;2;2.09;184;122.31;-118.4843965;33.4445743;0;0;1;N;1.08496;72;72;11;70;70;116.2746;0;9999.99;7.41;7.537;2;9;23.5;0;23.5;33.85;1529.41685;07/13/16;16:46:16;22.35;51.45;33.85;-0.014;8.37;-80.1;1.4;-3.4;-2399;115.0;8.21;12.3;
33.4447122742075;-118.484657403648;16:49:16.42;7/13/2016;6;1.794;123.78;12.0453350093692;1.77;119.3;129.59;0.77;10;27.3;.00;7.05;7.05;93;51;564.4;16.2;-3.1;D;734.2;14;28.660;2;2.02;184;122.37;-118.4843965;33.4445743;0;0;1;N;1.285314;62;62;11;75;75;116.7051;0;9999.99;7.06;7.189985;2;9;23.5;0;23.5;33.85;1529.41685;07/13/16;16:46:16;22.35;51.45;33.85;-0.014;8.37;-80.1;1.4;-3.4;-2399;115.0;8.21;12.3;
33.444706143964;-118.484647654093;16:49:17.42;7/13/2016;6;2.184;124.91;12.0453350093692;1.77;114.2;124.84;-0.86;9.8;27.4;.00;7.21;7.21;93;56;564.3;16.2;-3.4;D;673.1;14;27.531;2;1.95;184;122.17;-118.4843965;33.4445743;0;0;1;N;1.068563;45;45;11;101;101;116.2634;0;9999.99;7.19;7.317;2;9;23.5;0;23.5;33.84;1529.4062;07/13/16;16:46:18;22.35;51.43;33.84;-0.038;8.37;-80.2;1.3;-1.6;-2156;115.0;8.21;12.4;
33.4446993946469;-118.484638864214;16:49:18.42;7/13/2016;6;2.095;126.48;12.0453350093692;1.77;118.6;128.94;2.31;18;27.3;.01;6.63;6.63;93;56;564.3;16.2;-3.4;D;673.1;14;26.442;2;2;184;121.74;-118.4843965;33.4445743;0;0;1;N;1.214262;71;71;11;72;72;115.2503;0;9999.99;6.67;6.797841;2;9;23.5;0;23.5;33.84;1529.4062;07/13/16;16:46:18;22.35;51.43;33.84;-0.038;8.37;-80.2;1.3;-1.6;-2156;115.0;8.21;12.4;
33.444694782194;-118.484630285335;16:49:19.42;7/13/2016;6;1.939;127;12.0453350093692;1.77;107;118.15;-3.22;2.12;27.3;.01;7.04;7.05;93;56;564.3;16.2;-3.4;D;673.1;14;25.495;2;1.97;184;121.7;-118.4843965;33.4445743;0;0;1;N;1.255378;43;43;11;115;115;115.2746;0;9999.99;7.01;7.137;2;9;23.5;0;23.5;33.09;1528.58786;07/13/16;16:46:20;22.36;50.42;33.09;-0.043;8.37;-80.3;2.8;-2.7;-2974;115.1;8.25;12.4;
33.444688459149;-118.484620374235;16:49:20.42;7/13/2016;6;2.149;126.05;12.0453350093692;1.77;116.6;127.07;3.95;19.7;27.3;.01;6.44;6.45;93;56;564.3;16.2;-3.4;D;673.1;14;24.344;2;2.03;184;121.43;-118.4843965;33.4445743;0;0;1;N;1.253816;83;83;11;78;78;115.0725;0;9999.99;6.48;6.602667;2;9;23.5;0;23.5;33.09;1528.58786;07/13/16;16:46:20;22.36;50.42;33.09;-0.043;8.37;-80.3;2.8;-2.7;-2974;115.1;8.25;12.4;
33.4446831811907;-118.484610626434;16:49:21.45;7/13/2016;6;2.068;124.48;12.0453350093692;1.77;110.8;121.68;-2.96;2.97;27.3;.01;6.74;6.75;93;51;564.3;16.2;-3.1;D;746.4;14;23.266;2;1.96;184;121.36;-118.4843965;33.4445743;0;0;1;N;1.343768;43;43;11;100;100;115.1811;0;35.27;6.72;42.117;2;9;23.5;0;23.5;33.84;1529.40666;07/13/16;16:46:22;22.37;51.44;33.84;-0.169;8.38;-80.5;375.3;237.5;175773;115.2;8.22;12.4;
33.4446782693774;-118.484600186713;16:49:22.45;7/13/2016;6;2.101;123.78;12.0453350093692;1.77;115.7;126.23;1.87;10.7;27.3;.00;6.55;6.55;93;51;564.3;16.2;-3.1;D;746.4;14;22.154;2;1.97;184;121.46;-118.4843965;33.4445743;0;0;1;N;1.261126;68;68;11;86;86;115.9572;0;9999.99;6.56;6.687;2;9;23.5;0;23.5;33.84;1529.40666;07/13/16;16:46:22;22.37;51.44;33.84;-0.169;8.38;-80.5;375.3;237.5;175773;115.2;8.22;12.4;
33.4446728345342;-118.484588872;16:49:23.48;7/13/2016;6;2.105;122.59;12.0453350093692;1.77;114.9;125.49;-4.3;7.36;27.3;.00;6.39;6.39;93;51;564.3;16.2;-3.1;D;746.4;14;20.944;2;2.02;184;121.54;-118.4843965;33.4445743;0;0;1;N;1.116569;43;43;11;92;92;116.6564;0;9999.99;6.37;6.492328;2;9;23.5;0;23.5;33.86;1529.42798;07/13/16;16:46:24;22.38;51.46;33.86;-0.142;8.38;-80.8;1.2;-2.8;-2861;115.3;8.22;12.2;
33.4446669201038;-118.484579602257;16:49:24.52;7/13/2016;6;2.065;124.83;12.0453350093692;1.77;117.3;127.73;-3.4;9.9;27.2;.03;6.35;6.38;93;53;564.2;16.2;-3.2;D;716.7;14;19.867;2;2.02;184;121.22;-118.4843965;33.4445743;0;0;1;N;1.163855;43;43;11;81;81;116.3246;0;9999.99;6.31;6.437;2;9;23.5;0;23.5;33.86;1529.42798;07/13/16;16:46:24;22.38;51.46;33.86;-0.142;8.38;-80.8;1.2;-2.8;-2861;115.3;8.22;12.2;
33.4446628886169;-118.484571683156;16:49:25.53;7/13/2016;6;1.796;124;12.0453350093692;1.77;115;125.58;5.26;12.5;27.2;.03;6.03;6.06;93;53;564.2;16.2;-3.2;D;716.7;14;19.006;2;1.98;184;121.22;-118.4843965;33.4445743;0;0;1;N;1.124722;91;91;11;89;89;116.5993;0;9999.99;6.06;6.191482;2;9;23.5;0;23.5;33.87;1529.44179;07/13/16;16:46:26;22.40;51.47;33.87;0.312;8.38;-80.6;1.1;-1.4;-2621;115.4;8.23;12.3;
33.4446586109489;-118.484561581039;16:49:26.53;7/13/2016;6;1.914;120.96;12.0453350093692;1.77;113.8;124.46;-3.1;7.75;27.3;.01;6.11;6.12;93;55;564.2;16.2;-3.3;D;690.5;14;17.958;2;1.94;184;121.47;-118.4843965;33.4445743;0;0;1;N;0.9854537;43;43;11;99;99;117.5798;0;9999.99;6.10;6.223197;2;9;23.5;0;23.5;33.87;1529.44179;07/13/16;16:46:26;22.40;51.47;33.87;0.312;8.38;-80.6;1.1;-1.4;-2621;115.4;8.23;12.3;
33.4446514034846;-118.484554238486;16:49:27.53;7/13/2016;6;2.034;128.02;12.0453350093692;1.77;115.4;125.95;3.06;14;27.3;.00;6.10;6.10;93;55;564.2;16.2;-3.3;D;690.5;14;16.962;2;1.96;184;120.36;-118.4843965;33.4445743;0;0;1;N;1.255698;75;75;11;86;86;115.6817;0;9999.99;6.12;6.247;2;9;23.5;0;23.5;33.86;1529.42822;07/13/16;16:46:28;22.42;51.46;33.86;0.033;8.38;-80.7;1.4;-6.8;-308;115.5;8.23;12.3;
33.4446470072666;-118.484545044253;16:49:28.53;7/13/2016;6;1.993;125.34;12.0453350093692;1.77;115.3;125.86;-5.63;9.8;27.3;.01;5.96;5.97;93;55;564.2;16.2;-3.3;D;690.5;14;15.979;2;1.99;184;120.4;-118.4843965;33.4445743;0;0;1;N;1.170366;43;43;11;89;89;116.2792;0;9999.99;5.95;6.078994;2;9;23.5;0;23.5;33.86;1529.42822;07/13/16;16:46:28;22.42;51.46;33.86;0.033;8.38;-80.7;1.4;-6.8;-308;115.5;8.23;12.3;
33.4446426068377;-118.484536358961;16:49:29.55;7/13/2016;5;2.051;125.54;12.0453350093692;2.76;118.6;128.94;-4.3;5.73;27.3;.04;5.99;6.03;93;55;564.2;16.2;-3.3;D;690.5;14;15.036;2;2.03;184;120.34;-118.4843965;33.4445743;0;0;1;N;1.112861;43;43;11;78;78;116.683;0;20.23;5.91;26.267;2;9;23.5;0;23.5;33.86;1529.43087;07/13/16;16:46:30;22.44;51.46;33.86;0.386;8.38;-80.6;1.5;-3.1;-273;115.6;8.24;12.4;
33.4446396057097;-118.484526141729;16:49:30.55;7/13/2016;6;1.968;125.54;12.0453350093692;2.75;117.1;127.54;3.31;12;27.3;.08;5.65;5.72;93;48;564.1;16.2;-2.9;D;784.2;14;14.051;2;1.99;184;121.12;-118.4843965;33.4445743;0;0;1;N;0.8477303;75;75;11;89;89;118.5536;0;6.18;5.67;11.9768;2;9;23.5;0;23.5;33.87;1529.44514;07/13/16;16:46:31;22.44;51.47;33.87;0.571;8.39;-81.1;0.6;-3.9;-777;115.7;8.25;12.5;
33.4446350379304;-118.484518082293;16:49:31.55;7/13/2016;6;1.866;125.54;12.0453350093692;1.77;113.4;124.09;3.1;11.5;27.3;.03;6.67;6.70;93;48;564.1;16.2;-2.9;D;784.2;14;13.148;2;1.97;184;120.91;-118.4843965;33.4445743;0;0;1;N;0.847229;73;73;11;104;104;118.5573;0;48.87;6.69;55.68396;2;9;23.5;0;23.5;33.81;1529.37923;07/13/16;16:46:32;22.45;51.39;33.81;0.254;8.38;-80.8;0.9;-1.5;-3648;115.7;8.25;12.3;
33.444628454197;-118.484507663837;16:49:32.55;7/13/2016;6;2.045;125.26;12.0453350093692;1.77;115.3;125.86;0.5;16.4;27.3;.00;5.64;5.64;93;48;564.1;16.2;-2.9;D;784.2;14;11.943;2;2.06;184;120.28;-118.4843965;33.4445743;0;0;1;N;0.8960253;60;60;11;96;96;118.2119;0;33.16;5.66;38.94033;2;9;23.5;0;23.5;33.86;1529.42797;07/13/16;16:46:33;22.44;51.46;33.86;-0.096;8.39;-81.0;1.4;-0.7;2273;115.9;8.26;12.4;
33.4446240461664;-118.484499820213;16:49:33.55;7/13/2016;6;1.983;124.07;12.0453350093692;1.77;109.6;120.56;-2.24;11.3;27.3;.00;5.76;5.76;93;55;564.1;16.2;-3.3;D;692.1;14;11.068;2;2.03;184;119.99;-118.4843965;33.4445743;0;0;1;N;0.8949876;44;44;11;116;116;118.2194;0;29.35;5.74;35.216;2;9;23.5;0;23.5;32.72;1528.18317;07/13/16;16:46:34;22.45;49.91;32.72;-0.038;8.38;-80.8;1123.9;0.1;-1129;115.9;8.31;12.5;
33.444618639985;-118.484490188142;16:49:34.55;7/13/2016;6;2.08;123.99;12.0453350093692;1.77;112.3;123.07;1.58;11.4;27.3;.00;5.71;5.71;93;55;564.1;16.2;-3.3;D;692.1;14;9.994;2;2.14;184;119.56;-118.4843965;33.4445743;0;0;1;N;0.8813307;64;64;11;112;112;118.3154;0;40.95;5.71;46.787;2;9;23.5;0;23.5;33.87;1529.4389;07/13/16;16:46:35;22.47;51.48;33.87;0.188;8.39;-81.2;1.0;-1.4;-744;115.9;8.26;12.5;
33.4446143632154;-118.484481269236;16:49:35.55;7/13/2016;6;1.913;123.71;12.0453350093692;1.77;112.7;123.44;2.26;13.9;27.3;.00;5.50;5.50;93;55;564.1;16.2;-3.3;D;692.1;14;9.039;2;2.06;184;119.53;-118.4843965;33.4445743;0;0;1;N;0.7971879;71;71;11;109;109;118.9115;0;27.15;5.53;32.81341;2;9;23.5;0;23.5;33.85;1529.4171;07/13/16;16:46:36;22.49;51.45;33.85;0.036;8.40;-81.6;0.6;-3.4;-2924;116.1;8.26;12.3;
33.444611965215;-118.484471313318;16:49:36.55;7/13/2016;6;1.998;119.44;12.0453350093692;1.77;112.9;123.63;-1.25;5.27;27.3;.00;5.69;5.69;93;55;564.1;16.2;-3.3;D;692.1;14;8.107;2;2.04;184;121.11;-118.4843965;33.4445743;0;0;1;N;0.4928651;49;49;11;117;117;121.0768;0;9999.99;5.68;5.807;2;9;23.5;0;23.5;33.89;1529.46053;07/13/16;16:46:37;22.51;51.51;33.89;-0.179;8.39;-81.1;-0.4;-4.0;372;116.2;8.27;12.5;
33.4446073470777;-118.484464767048;16:49:37.55;7/13/2016;6;1.834;123.68;12.0453350093692;1.77;116.7;127.17;-0.4;11.7;27.3;.00;5.42;5.42;93;52;564.0;16.2;-3.2;D;724.5;14;7.322;2;2.06;184;120.12;-118.4843965;33.4445743;0;0;1;N;0.5637105;55;55;11;101;101;120.5716;0;9999.99;5.41;5.541721;2;9;23.5;0;23.5;33.87;1529.43869;07/13/16;16:46:38;22.55;51.48;33.87;-0.012;8.39;-81.2;1.3;-2.8;24;116.3;8.27;12.4;
33.4446042702554;-118.484457863396;16:49:38.56;7/13/2016;6;1.529;125.89;12.0453350093692;1.77;115.5;126.05;0.63;8.4;27.3;.00;5.34;5.34;93;52;564.0;16.2;-3.2;D;724.5;14;6.598;2;1.94;184;120.34;-118.4843965;33.4445743;0;0;1;N;0.4863929;61;61;11;107;107;121.1231;0;9999.99;5.34;5.467639;2;9;23.5;0;23.5;33.87;1529.43869;07/13/16;16:46:39;22.57;51.48;33.87;-0.010;8.39;-81.4;0.6;-4.8;-1015;116.5;8.28;12.4;
33.4445980320094;-118.484446779748;16:49:39.58;7/13/2016;6;2.062;128.52;12.0453350093692;1.77;116.6;127.07;0.22;11.5;27.3;.00;5.42;5.42;93;52;564.0;16.2;-3.2;D;724.5;14;5.360;2;1.92;184;119.5;-118.4843965;33.4445743;0;0;1;N;0.4761415;57;57;11;110;110;121.1963;0;9999.99;5.42;5.547;2;9;23.6;0;23.6000003814697;33.86;1529.67849;07/13/16;16:46:40;22.59;51.46;33.86;-0.154;8.39;-81.2;0.6;-3.7;697;116.6;8.29;12.3;
33.4445917468528;-118.484436645803;16:49:40.58;7/13/2016;6;2.214;125.98;12.0453350093692;1.77;120.2;130.44;2.36;13.9;27.3;.00;5.20;5.20;93;55;564.0;16.2;-3.4;D;684.5;14;4.200;2;2.09;184;117.51;-118.4843965;33.4445743;0;0;1;N;0.5035244;71;71;11;89;89;121.0012;0;9999.99;5.21;5.33835;2;9;23.6;0;23.6000003814697;33.87;1529.6894;07/13/16;16:46:41;22.60;51.47;33.87;-0.102;8.39;-81.4;0.9;-3.8;-1484;116.8;8.30;12.4;
33.444587288876;-118.484427351174;16:49:41.58;7/13/2016;6;1.957;125.37;12.0453350093692;1.77;116.4;126.89;-1.66;10.5;27.4;.00;5.14;5.14;93;55;564.0;16.2;-3.4;D;684.5;14;3.207;2;2.05;184;116.77;-118.4843965;33.4445743;0;0;1;N;0.4339193;47;47;11;105;105;121.4978;0;9999.99;5.14;5.269211;2;9;23.6;0;23.6000003814697;33.87;1529.68949;07/13/16;16:46:42;22.61;51.48;33.87;-0.208;8.38;-80.7;1.0;-4.2;-4347;117.0;8.31;12.2;
33.4445805160956;-118.484418530352;16:49:42.59;7/13/2016;6;1.975;125.22;12.0453350093692;1.77;120.2;130.44;-1.74;3.65;27.3;.00;5.00;5.01;93;55;564.0;16.2;-3.4;D;684.5;15;176.226;2;2.02;184;308.31;-118.48590892;33.44556293;0;0;1;N;0.711538;47;47;11;5;5;313.1576;0;9999.99;4.97;5.097;2;9;23.6;0;23.6000003814697;33.86;1529.67857;07/13/16;16:46:43;22.63;51.46;33.86;0.047;8.39;-81.5;0.9;-4.7;-2409;117.1;8.32;12.3;
33.4445751768351;-118.484412207101;16:49:43.59;7/13/2016;6;1.896;127.74;12.0453350093692;1.77;112.8;123.53;3.24;11.4;27.3;.01;4.70;4.70;93;55;564.0;16.2;-3.4;D;684.5;15;177.055;2;1.98;184;308.34;-118.48590892;33.44556293;0;0;1;N;0.829116;83;83;11;5;5;313.9929;0;9999.99;4.73;4.857;2;9;23.6;0;23.6000003814697;33.86;1529.67888;07/13/16;16:46:44;22.64;51.46;33.86;0.112;8.39;-81.1;0.7;-3.8;-1851;117.2;8.33;12.2;
33.4445697694972;-118.484403844928;16:49:44.59;7/13/2016;6;1.872;130.12;12.0453350093692;1.77;101.2;112.78;-2.84;8.1;27.3;.01;4.58;4.58;93;56;563.9;16.2;-3.4;D;674.6;15;178.036;2;1.85;184;308.34;-118.48590892;33.44556293;0;0;1;N;0.8456398;43;43;11;5;5;314.1119;0;9999.99;4.57;4.69398;2;9;23.6;0;23.6000003814697;33.85;1529.66818;07/13/16;16:46:45;22.65;51.46;33.85;-0.233;8.39;-81.2;1.3;-5.6;-1169;117.3;8.33;12.5;
33.4445632142868;-118.484395502314;16:49:45.59;7/13/2016;6;2.015;130.82;12.0453350093692;1.77;97.7;109.55;3.2;6.85;27.3;.00;4.50;4.50;93;56;563.9;16.2;-3.4;D;674.6;15;179.095;2;1.93;184;308.37;-118.48590892;33.44556293;0;0;1;N;0.9503735;70;70;11;5;5;313.8723;0;9999.99;4.50;4.627;2;9;23.6;0;23.6000003814697;33.84;1529.65695;07/13/16;16:46:46;22.66;51.44;33.84;0.078;8.39;-81.5;0.8;-0.3;-2679;117.4;8.34;12.3;
33.4445621239021;-118.484387603985;16:49:46.61;7/13/2016;6;1.742;122.91;12.0453350093692;1.77;84.5;97.32;0.48;9.9;27.3;.01;4.16;4.17;93;56;563.9;16.2;-3.4;D;674.6;15;179.746;2;1.88;184;308.25;-118.48590892;33.44556293;0;0;1;N;0.6056519;64;64;11;5;5;311.3333;0;9999.99;4.18;4.31041;2;9;23.6;0;23.6000003814697;33.85;1529.66811;07/13/16;16:46:47;22.65;51.45;33.85;-0.132;8.40;-81.6;0.3;-0.2;-2322;117.6;8.35;12.4;
33.4445617147528;-118.484377208363;16:49:47.63;7/13/2016;6;1.976;112.35;12.0453350093692;1.77;76.4;89.76;3.16;14.2;27.3;.00;4.31;4.31;93;56;563.9;16.2;-3.4;D;674.6;15;180.532;2;1.9;184;308.07;-118.48590892;33.44556293;0;0;1;N;7.500582E-02;73;73;11;5;5;308.4299;0;9999.99;4.32;4.447;2;9;23.6;0;23.6000003814697;33.89;1529.71164;07/13/16;16:46:48;22.66;51.51;33.89;-0.107;8.40;-81.9;1.0;-1.2;-2628;117.7;8.35;12.3;
33.4445624616338;-118.484367756459;16:49:48.63;7/13/2016;6;1.726;100.95;12.0453350093692;1.77;63.4;77.49;2.01;8.5;27.3;.01;4.17;4.17;93;57;563.9;16.2;-3.5;D;666.7;15;181.172;2;1.91;184;307.88;-118.48590892;33.44556293;0;0;1;N;0.5123399;69;69;11;5;5;305.8755;0;9999.99;4.19;4.317601;2;9;23.6;0;23.6000003814697;33.89;1529.71159;07/13/16;16:46:49;22.70;51.51;33.89;-0.169;8.41;-82.7;0.8;-0.8;224;117.8;8.36;12.3;
33.4445637302464;-118.48435677326;16:49:49.64;7/13/2016;6;1.701;100.95;12.0453350093692;1.77;56.1;70.5;3.8;13.7;27.3;.01;4.02;4.02;93;57;563.9;16.2;-3.5;D;666.7;15;181.891;2;1.92;184;307.65;-118.48590892;33.44556293;0;0;1;N;1.256012;80;80;11;5;5;303.19;0;35.93;4.05;40.10514;2;9;23.6;0;23.6000003814697;33.87;1529.68983;07/13/16;16:46:50;22.74;51.48;33.87;-0.195;8.41;-82.4;0.8;-2.7;-3016;118.0;8.36;12.3;
33.4445649522944;-118.484348645789;16:49:50.64;7/13/2016;6;1.676;91.3;12.0453350093692;1.77;43.5;58.26;1.76;10.6;27.3;.01;3.99;4.00;93;57;563.9;16.2;-3.5;D;666.7;15;182.406;2;1.84;184;307.47;-118.48590892;33.44556293;0;0;1;N;1.820785;68;68;11;5;5;301.4503;0;48.53;4.02;52.67702;2;9;23.6;0;23.6000003814697;33.84;1529.65719;07/13/16;16:46:51;22.76;51.44;33.84;-0.188;8.42;-83.0;0.5;0.2;-3094;118.2;8.38;12.4;
33.4445672104984;-118.484339875509;16:49:51.64;7/13/2016;6;1.658;91.3;12.0453350093692;1.77;38.8;53.63;3.32;17.3;27.3;.01;3.94;3.95;93;58;563.8;16.2;-3.5;D;656;15;182.901;2;1.85;184;307.25;-118.48590892;33.44556293;0;0;1;N;2.503897;77;77;11;5;5;299.4812;0;20.76;3.98;24.86756;2;9;23.6;0;23.6000003814697;33.85;1529.66801;07/13/16;16:46:52;22.76;51.46;33.85;-0.160;8.42;-83.1;1.1;-2.4;-3727;118.5;8.40;12.3;
33.4445722571787;-118.484327880944;16:49:52.64;7/13/2016;6;2.067;82.29;12.0453350093692;1.77;32.5;47.38;3.06;17.5;27.2;.00;3.94;3.95;93;58;563.8;16.2;-3.5;D;656;15;183.450;2;1.81;184;306.9;-118.48590892;33.44556293;0;0;1;N;3.631718;75;75;11;5;5;296.3896;0;26.05;3.98;30.15265;2;9;23.6;0;23.6000003814697;33.85;1529.66803;07/13/16;16:46:53;22.76;51.46;33.85;-0.156;8.42;-82.9;1.0;-3.0;270;118.9;8.42;12.4;
33.4445785127581;-118.484322662154;16:49:53.64;7/13/2016;6;1.875;67.19;12.0453350093692;1.77;15.1;29.88;2.51;13;27.3;.00;4.32;4.32;93;58;563.8;16.2;-3.5;D;656;15;183.422;2;1.79;184;306.64;-118.48590892;33.44556293;0;0;1;N;4.493021;71;71;11;5;5;293.6939;0;9999.99;4.34;4.470715;2;9;23.6;0;23.6000003814697;33.87;1529.68958;07/13/16;16:46:54;22.77;51.47;33.87;-0.214;8.42;-83.2;0.0;-4.9;-3246;119.2;8.44;12.4;
33.4445842491888;-118.484317782608;16:49:54.64;7/13/2016;6;1.82;67.19;12.0453350093692;1.77;4.7;19.3;1.8;13.6;27.3;.00;3.98;3.98;93;58;563.8;16.2;-3.5;D;656;15;183.406;2;1.77;185;306.4;-118.48590892;33.44556293;0;0;1;N;5.266744;70;70;11;5;5;291.3236;0;42.66;4.00;46.7929;2;9;23.6;0;23.6000003814697;33.84;1529.65682;07/13/16;16:46:55;22.78;51.44;33.84;-0.102;8.42;-83.3;1.8;-1.2;-2298;119.5;8.47;12.4;
33.444592362693;-118.484312400403;16:49:55.64;7/13/2016;6;1.697;67.19;12.0453350093692;1.77;358.2;12.65;1.65;17;27.3;.00;3.98;3.98;93;57;563.8;16.2;-3.5;D;663.7;15;183.275;2;1.78;185;306.08;-118.48590892;33.44556293;0;0;1;N;6.291329;65;65;11;5;5;288.0171;0;9999.99;4.00;4.128332;2;9;23.6;0;23.6000003814697;33.85;1529.66763;07/13/16;16:46:56;22.77;51.45;33.85;-0.118;8.42;-83.1;1.0;-1.8;-617;119.8;8.49;12.3;
33.4446024748645;-118.484308696444;16:49:56.64;7/13/2016;6;1.565;67.19;12.0453350093692;1.77;348.4;2.62;1.48;16;27.3;.00;4.46;4.46;93;57;563.8;16.2;-3.5;D;663.7;15;182.894;2;1.76;185;305.73;-118.48590892;33.44556293;0;0;1;N;7.409865;66;66;11;5;5;283.8539;0;9999.99;4.47;4.597;2;9;23.7;0;23.6000003814697;33.86;1529.67851;07/13/16;16:46:57;22.78;51.47;33.86;-0.098;8.43;-83.6;1.0;-3.1;-2907;120.1;8.51;12.4;
33.4446108118212;-118.484309857228;16:49:57.64;7/13/2016;6;1.582;32.78;12.0453350093692;1.77;335.6;349.53;2.01;10.7;27.2;.00;4.42;4.42;93;57;563.8;16.2;-3.5;D;663.7;15;182.267;2;1.75;185;305.51;-118.48590892;33.44556293;0;0;1;N;8.084363;67;67;11;5;5;280.2135;0;29.48;4.44;34.04066;2;9;23.7;0;23.7000007629395;33.86;1529.92853;07/13/16;16:46:58;22.79;51.47;33.86;-0.074;8.43;-83.6;1.0;-1.0;-179;120.5;8.53;12.4;
33.4446202945353;-118.484311639108;16:49:58.66;7/13/2016;6;1.716;15.89;12.0453350093692;1.77;322.5;336.18;1.35;13.8;27.2;.00;4.37;4.37;93;59;563.7;16.2;-3.6;D;642.6;15;181.522;2;1.79;186;305.27;-118.48590892;33.44556293;0;0;1;N;8.820124;68;68;11;5;5;275.684;0;46.12;4.38;50.62644;2;9;23.7;0;23.7000007629395;33.85;1529.91759;07/13/16;16:46:59;22.80;51.45;33.85;-0.154;8.43;-83.7;1.6;-1.6;-128;120.8;8.56;12.4;
33.4446289752396;-118.484315175842;16:49:59.67;7/13/2016;7;1.714;356.92;12.0453350093692;1.77;315.9;329.48;1.55;10.9;27.2;.00;4.37;4.37;93;59;563.7;16.2;-3.6;D;642.6;15;180.697;2;1.78;186;305.08;-118.48590892;33.44556293;0;0;1;N;9.389081;66;66;11;5;5;270.8487;0;38.30;4.38;42.81136;2;9;23.7;0;23.7000007629395;33.83;1529.89578;07/13/16;16:47:00;22.80;51.43;33.83;-0.159;8.43;-83.9;1.6;-1.9;-557;121.1;8.58;12.3;
33.4446387292137;-118.484319791512;16:50:00.67;7/13/2016;7;1.996;349.58;12.0453350093692;1.77;304.9;318.33;3.05;10.9;27.2;.00;4.62;4.63;93;59;563.7;16.2;-3.6;D;642.6;15;179.725;2;1.82;186;304.88;-118.48590892;33.44556293;0;0;1;N;10.00331;73;73;11;5;5;264.2907;0;50.87;4.64;55.63051;2;9;23.7;0;23.7000007629395;33.84;1529.9069;07/13/16;16:47:01;22.79;51.43;33.84;-0.196;8.42;-83.0;1.7;-2.2;-535;121.5;8.61;12.5;
33.4446473486366;-118.484324734786;16:50:01.67;7/13/2016;7;1.905;343.42;12.0453350093692;1.77;301.5;314.9;1.9;16.8;27.2;.00;4.66;4.66;93;59;563.7;16.2;-3.6;D;642.6;15;178.801;2;1.78;186;304.71;-118.48590892;33.44556293;0;0;1;N;10.48324;68;68;11;5;5;257.6387;0;32.80;4.68;37.60612;2;9;23.7;0;23.7000007629395;33.84;1529.90699;07/13/16;16:47:02;22.77;51.43;33.84;-0.135;8.42;-83.4;1.2;-5.0;-2418;121.8;8.63;12.4;
33.4446544271525;-118.484331587735;16:50:02.67;7/13/2016;7;1.921;330.11;12.0453350093692;1.77;291.7;304.99;1.41;11.3;27.2;.00;4.72;4.72;93;61;563.7;16.2;-3.7;D;622.2;15;177.830;2;1.79;186;304.62;-118.48590892;33.44556293;0;0;1;N;10.73035;65;65;11;5;5;254.7955;0;9999.99;4.74;4.865816;2;9;23.7;0;23.7000007629395;33.83;1529.89602;07/13/16;16:47:03;22.76;51.43;33.83;-0.193;8.42;-83.3;1.2;-4.4;956;122.2;8.66;12.4;
33.4446599581215;-118.484339692715;16:50:03.67;7/13/2016;7;1.937;322.98;12.0453350093692;1.77;278.7;291.83;0.46;12.6;27.2;.00;4.63;4.63;93;61;563.7;16.2;-3.7;D;622.2;15;176.862;2;1.79;187;304.59;-118.48590892;33.44556293;0;0;1;N;10.77563;60;60;11;5;5;254.6705;0;9999.99;4.65;4.778243;2;9;23.7;0;23.7000007629395;33.84;1529.90671;07/13/16;16:47:04;22.75;51.44;33.84;-0.143;8.42;-83.0;0.9;-2.6;-3881;122.4;8.68;12.2;
33.4446658743764;-118.484349459809;16:50:04.67;7/13/2016;7;2.151;314.53;12.0453350093692;1.77;270.1;283.09;1.35;12.6;27.2;.00;4.53;4.53;93;61;563.7;16.2;-3.7;D;622.2;15;175.743;2;1.78;187;304.58;-118.48590892;33.44556293;0;0;1;N;10.748;63;63;11;14;14;254.739;0;9999.99;4.54;4.664915;2;9;23.7;0;23.7000007629395;33.84;1529.90671;07/13/16;16:47:05;22.74;51.43;33.84;-0.032;8.42;-83.2;1.1;0.8;-4479;122.7;8.70;12.4;
33.4446689923232;-118.484358412975;16:50:05.67;7/13/2016;7;2.002;306.83;12.0453350093692;1.77;260.4;273.17;2.08;13.9;27.2;.00;4.91;4.91;93;61;563.6;16.2;-3.8;D;615.6;15;174.862;2;1.75;187;304.64;-118.48590892;33.44556293;0;0;1;N;10.53161;66;66;11;57;57;255.2938;0;9999.99;4.93;5.05218;2;9;23.7;0;23.7000007629395;33.83;1529.89578;07/13/16;16:47:06;22.73;51.43;33.83;-0.066;8.42;-83.3;1.3;0.0;-4084;122.9;8.72;12.3;
33.4446736464106;-118.4843699777;16:50:06.67;7/13/2016;7;2.115;299.84;12.0453350093692;1.77;261.6;274.4;0.68;14.4;27.2;.00;5.11;5.11;93;61;563.6;16.2;-3.8;D;615.6;15;173.685;2;1.68;188;304.7;-118.48590892;33.44556293;0;0;1;N;10.27946;61;61;11;61;61;255.9688;0;9999.99;5.12;5.243517;2;9;23.7;0;23.7000007629395;33.83;1529.89581;07/13/16;16:47:07;22.72;51.42;33.83;-0.151;8.42;-83.0;1.1;-3.9;-1125;123.2;8.74;12.4;
33.4446744314417;-118.484380845458;16:50:07.67;7/13/2016;7;2.092;292.82;12.0453350093692;1.77;256.7;269.37;0.08;3.85;27.2;.00;5.31;5.31;93;61;563.6;16.2;-3.8;D;615.6;15;172.807;2;1.75;188;304.87;-118.48590892;33.44556293;0;0;1;N;9.723156;57;57;11;80;80;257.5236;0;9999.99;5.29;5.417;2;9;23.7;0;23.7000007629395;33.83;1529.89579;07/13/16;16:47:08;22.70;51.43;33.83;-0.106;8.41;-82.7;2.0;-5.1;-950;123.3;8.75;12.3;
33.4446737753562;-118.484391779057;16:50:08.67;7/13/2016;7;2.101;284.92;12.0453350093692;1.77;253.8;266.39;-1.45;12.4;27.2;.00;5.19;5.20;93;61;563.6;16.2;-3.8;D;615.6;15;172.018;2;1.81;188;305.08;-118.48590892;33.44556293;0;0;1;N;9.052205;56;56;11;93;93;259.5446;0;9999.99;5.21;5.335327;2;9;23.7;0;23.7000007629395;33.83;1529.89579;07/13/16;16:47:09;22.69;51.42;33.83;-0.055;8.40;-82.0;0.6;-2.4;-1898;123.4;8.75;12.4;
33.4446734806965;-118.484401797384;16:50:09.67;7/13/2016;7;1.978;284.92;12.0453350093692;1.77;260.8;273.58;-1.34;6.9;27.2;.00;5.40;5.40;93;60;563.6;16.2;-3.7;D;629.4;15;171.277;2;1.83;188;305.27;-118.48590892;33.44556293;0;0;1;N;8.445662;46;46;11;84;84;261.5228;0;9999.99;5.38;5.507;2;9;23.7;0;23.7000007629395;33.83;1529.89614;07/13/16;16:47:10;22.68;51.43;33.83;-0.038;8.41;-82.3;1.3;1.6;-2802;123.5;8.77;12.5;
33.4446730460969;-118.48441125955;16:50:10.67;7/13/2016;7;1.873;284.92;12.0453350093692;1.77;261;273.79;-0.03;8.3;27.2;.00;5.34;5.34;93;60;563.6;16.2;-3.7;D;629.4;15;170.589;2;1.89;188;305.45;-118.48590892;33.44556293;0;0;1;N;7.860111;57;57;11;86;86;263.5809;0;9999.99;5.33;5.455418;2;9;23.7;0;23.7000007629395;33.84;1529.90706;07/13/16;16:47:11;22.67;51.44;33.84;0.061;8.41;-82.2;2.0;-3.9;-532;123.6;8.78;12.3;
33.4446696048931;-118.484419203088;16:50:11.67;7/13/2016;7;1.982;275.91;12.0453350093692;1.77;263;275.84;0.3;6;27.2;.00;5.48;5.48;93;60;563.6;16.2;-3.7;D;629.4;15;170.212;2;1.87;188;305.7;-118.48590892;33.44556293;0;0;1;N;7.098147;59;59;11;90;90;266.493;0;9999.99;5.47;5.599985;2;9;23.7;0;23.7000007629395;33.83;1529.89592;07/13/16;16:47:12;22.66;51.43;33.83;-0.048;8.40;-82.1;1.1;-1.7;-2618;123.5;8.77;12.3;
33.4446722649863;-118.484428871261;16:50:12.67;7/13/2016;7;1.767;277.54;12.0453350093692;1.77;261.7;274.5;0.49;14.5;27.2;.00;5.45;5.45;93;58;563.5;16.2;-3.5;D;654.1;15;169.311;2;1.88;188;305.8;-118.48590892;33.44556293;0;0;1;N;6.787173;60;60;11;100;100;267.7655;0;9999.99;5.45;5.58098;2;9;23.7;0;23.7000007629395;33.82;1529.88495;07/13/16;16:47:13;22.65;51.41;33.82;-0.112;8.40;-82.1;1.7;-6.7;-1728;123.5;8.77;12.4;
33.4446739703378;-118.484440390797;16:50:13.67;7/13/2016;7;1.942;277.73;12.0453350093692;1.77;264.6;277.47;-0.74;12.9;27.1;.00;5.69;5.69;93;58;563.5;16.2;-3.5;D;654.1;15;168.334;2;1.9;188;305.96;-118.48590892;33.44556293;0;0;1;N;6.274509;53;53;11;97;97;269.9674;0;9999.99;5.70;5.827;2;9;23.7;0;23.7000007629395;33.83;1529.89583;07/13/16;16:47:14;22.63;51.42;33.83;-0.091;8.41;-82.3;1.4;-1.9;-1403;123.4;8.77;12.4;
33.4446734113599;-118.484449233376;16:50:14.67;7/13/2016;7;1.861;275.32;12.0453350093692;1.76;266.5;279.41;0.37;12.6;27.1;.00;5.72;5.72;93;58;563.5;16.2;-3.5;D;654.1;15;167.707;2;1.82;188;306.14;-118.48590892;33.44556293;0;0;1;N;5.705585;59;59;11;100;100;272.5794;0;9999.99;5.72;5.847;2;9;23.7;0;23.7000007629395;33.82;1529.88497;07/13/16;16:47:15;22.61;51.41;33.82;-0.069;8.41;-82.4;1.6;-3.8;-1461;123.4;8.77;12.3;
33.444674499366;-118.484457491033;16:50:15.67;7/13/2016;7;1.855;275.34;12.0453350093692;1.76;268;280.95;-0.84;14.5;27.2;.00;5.71;5.71;93;58;563.5;16.2;-3.5;D;654.1;15;167.018;2;1.86;188;306.26;-118.48590892;33.44556293;0;0;1;N;5.329006;52;52;11;101;101;274.4074;0;38.45;5.72;44.302;2;9;23.7;0;23.7000007629395;33.82;1529.88514;07/13/16;16:47:16;22.58;51.41;33.82;-0.041;8.41;-82.3;1.4;-5.5;-3103;123.3;8.77;12.4;
33.4446772680732;-118.484467541347;16:50:16.67;7/13/2016;7;1.902;281.94;12.0453350093692;1.76;270.6;283.6;-2.48;7.33;27.2;.01;5.78;5.80;93;62;563.5;16.2;-3.8;D;612.9;15;166.084;2;1.92;188;306.37;-118.48590892;33.44556293;0;0;1;N;4.999641;43;43;11;104;104;276.0715;0;43.84;5.76;49.727;2;9;23.7;0;23.7000007629395;33.79;1529.85239;07/13/16;16:47:17;22.56;51.37;33.79;-0.064;8.40;-81.6;1.1;-4.0;-1309;123.3;8.77;12.4;
33.4446801253321;-118.484474314861;16:50:17.67;7/13/2016;7;1.53;281.94;12.0453350093692;1.76;272;285.02;0.57;18.5;27.2;.03;5.60;5.63;93;62;563.5;16.2;-3.8;D;612.9;15;165.390;2;1.91;188;306.41;-118.48590892;33.44556293;0;0;1;N;4.861271;59;59;11;92;92;276.79;0;9999.99;5.60;5.722133;2;9;23.7;0;23.7000007629395;33.81;1529.87639;07/13/16;16:47:18;22.52;51.39;33.81;0.313;8.40;-82.1;1.5;-2.7;-1435;123.2;8.77;12.4;
33.444682298199;-118.484482055199;16:50:18.67;7/13/2016;7;1.687;281.94;12.0453350093692;1.76;272.2;285.22;2.34;13.6;27.2;.01;5.78;5.80;93;62;563.5;16.2;-3.8;D;612.9;15;164.668;2;1.94;188;306.49;-118.48590892;33.44556293;0;0;1;N;4.598786;71;71;11;99;99;278.1836;0;6.21;5.80;12.13477;2;9;23.7;0;23.7000007629395;33.8;1529.8654;07/13/16;16:47:19;22.48;51.38;33.80;0.133;8.39;-81.4;0.9;-1.7;-1948;123.0;8.76;12.4;
33.4446843303112;-118.484493843937;16:50:19.67;7/13/2016;7;1.975;281.94;12.0453350093692;1.76;269.8;282.78;0.14;2.23;27.2;.00;5.88;5.88;93;62;563.5;16.2;-3.8;D;612.9;15;163.655;2;2;188;306.65;-118.48590892;33.44556293;0;0;1;N;4.111971;58;58;11;119;119;280.8726;0;24.41;5.88;30.42001;2;9;23.7;0;23.7000007629395;33.81;1529.87425;07/13/16;16:47:20;22.44;51.39;33.81;-0.194;8.39;-81.3;1.7;11.0;-2562;122.9;8.76;12.4;
33.4446866933891;-118.48450104539;16:50:20.67;7/13/2016;7;1.664;283.31;12.0453350093692;1.76;275.1;288.17;-0.03;10.1;27.2;.00;5.90;5.90;93;61;563.4;16.2;-3.7;D;620.3;15;162.962;2;1.99;188;306.72;-118.48590892;33.44556293;0;0;1;N;3.896232;57;57;11;103;103;282.1084;0;9999.99;5.90;6.026068;2;9;23.7;0;23.7000007629395;33.85;1529.91773;07/13/16;16:47:21;22.42;51.45;33.85;-0.098;8.39;-81.2;1.4;2.5;-2947;122.8;8.76;12.3;
33.4446887074093;-118.484512475308;16:50:21.67;7/13/2016;7;1.797;281.26;12.0453350093692;1.76;277.5;290.61;-0.15;13;27.2;.00;6.12;6.12;93;61;563.4;16.2;-3.7;D;620.3;15;161.979;2;1.99;188;306.88;-118.48590892;33.44556293;0;0;1;N;3.405982;58;58;11;105;105;285.0149;0;9999.99;6.12;6.247;2;9;23.7;0;23.7000007629395;33.85;1529.91763;07/13/16;16:47:22;22.42;51.44;33.85;-0.136;8.38;-80.9;1.3;-3.5;-2649;122.6;8.74;12.3;
33.4446894033411;-118.484521175008;16:50:22.67;7/13/2016;7;1.635;281.26;12.0453350093692;1.76;281.1;294.26;-0.08;9.3;27.1;.00;6.12;6.12;93;61;563.4;16.2;-3.7;D;620.3;15;161.288;2;1.93;188;307.03;-118.48590892;33.44556293;0;0;1;N;2.965376;57;57;11;101;101;287.7381;0;9999.99;6.11;6.240711;2;9;23.7;0;23.7000007629395;33.83;1529.89584;07/13/16;16:47:23;22.41;51.43;33.83;-0.114;8.39;-81.1;1.2;2.5;352;122.4;8.73;12.3;
33.4446943618036;-118.484531064346;16:50:23.69;7/13/2016;7;1.841;287.4;12.0453350093692;1.76;279.4;292.54;-0.87;11.3;27.2;.00;6.19;6.19;93;57;563.4;16.2;-3.5;D;667.2;15;160.223;2;1.89;188;307.07;-118.48590892;33.44556293;0;0;1;N;2.839118;52;52;11;111;111;288.5373;0;54.39;6.19;60.707;2;9;23.6;0;23.7000007629395;33.82;1529.8849;07/13/16;16:47:24;22.40;51.41;33.82;-0.025;8.38;-80.9;0.9;-1.3;-890;122.2;8.72;12.4;
33.4446983119432;-118.484538138015;16:50:24.73;7/13/2016;7;1.575;287.4;12.0453350093692;1.76;284.7;297.91;0.12;9.5;27.2;.00;6.01;6.01;93;57;563.4;16.2;-3.5;D;667.2;15;159.435;2;1.91;188;307.09;-118.48590892;33.44556293;0;0;1;N;2.769329;58;58;11;91;91;288.9831;0;52.50;6.00;58.62629;2;9;23.6;0;23.6000003814697;33.83;1529.64576;07/13/16;16:47:25;22.39;51.42;33.83;0.079;8.38;-80.8;1.8;-1.7;-1502;122.0;8.70;12.3;
33.4447005721306;-118.484546388524;16:50:25.73;7/13/2016;7;1.744;291.81;12.0453350093692;1.76;287.5;300.74;0.41;10.6;27.2;.00;6.42;6.42;93;58;563.4;16.2;-3.5;D;655.4;15;158.673;2;1.85;188;307.18;-118.48590892;33.44556293;0;0;1;N;2.485601;59;59;11;87;87;290.8163;0;57.78;6.42;64.327;2;9;23.6;0;23.6000003814697;33.84;1529.65688;07/13/16;16:47:26;22.38;51.43;33.84;-0.062;8.39;-81.2;1.5;-5.7;-1869;121.7;8.68;12.4;
33.4447034731288;-118.48455469183;16:50:26.73;7/13/2016;7;1.695;294.7;12.0453350093692;1.76;289.9;303.17;-0.21;11.5;27.2;.00;6.46;6.46;93;58;563.4;16.2;-3.5;D;655.4;15;157.864;2;1.82;189;307.26;-118.48590892;33.44556293;0;0;1;N;2.258817;56;56;11;84;84;292.31;0;9999.99;6.47;6.597;2;9;23.6;0;23.6000003814697;33.85;1529.66766;07/13/16;16:47:27;22.37;51.44;33.85;-0.155;8.38;-80.6;1.7;-1.8;-4034;121.5;8.67;12.4;
33.4447077568003;-118.484563254345;16:50:27.73;7/13/2016;7;1.808;298.14;12.0453350093692;1.76;287.9;301.15;0.72;12.5;27.2;.00;6.32;6.32;93;58;563.4;16.2;-3.5;D;655.4;15;156.943;2;1.76;189;307.29;-118.48590892;33.44556293;0;0;1;N;2.146021;61;61;11;95;95;293.0606;0;6.89;6.31;13.32977;2;9;23.6;0;23.6000003814697;33.85;1529.66772;07/13/16;16:47:28;22.38;51.44;33.85;-0.018;8.38;-80.9;1.5;-6.1;-778;121.2;8.65;12.3;
33.4447096020648;-118.484569779604;16:50:28.75;7/13/2016;7;1.745;302.61;12.0453350093692;1.76;286.9;300.13;-1.31;10.8;27.1;.00;6.32;6.32;93;58;563.3;16.2;-3.6;D;648.6;15;156.337;2;1.82;189;307.37;-118.48590892;33.44556293;0;0;1;N;1.937375;49;49;11;104;104;294.4635;0;48.84;6.31;55.2771;2;9;23.6;0;23.6000003814697;33.84;1529.65674;07/13/16;16:47:29;22.38;51.43;33.84;-0.100;8.38;-80.6;1.2;-3.7;-2324;121.0;8.63;12.4;
33.4447152581082;-118.484579132057;16:50:29.75;7/13/2016;7;1.916;302.71;12.0453350093692;3.26;289.9;303.17;0.95;8;27.2;.00;6.45;6.45;93;58;563.3;16.2;-3.6;D;648.6;15;155.266;2;1.88;189;307.38;-118.48590892;33.44556293;0;0;1;N;1.898248;60;60;11;108;108;294.7289;0;33.16;6.45;39.73131;2;9;23.6;0;23.6000003814697;33.83;1529.64593;07/13/16;16:47:30;22.37;51.42;33.83;0.034;8.38;-80.9;1.7;-0.8;-65;120.8;8.62;12.3;
33.444719821154;-118.484587259179;16:50:30.78;7/13/2016;7;1.774;303.78;12.0453350093692;1.76;293.4;306.71;0.34;12.4;27.2;.00;6.69;6.69;93;58;563.3;16.2;-3.6;D;648.6;15;154.359;2;1.88;189;307.4;-118.48590892;33.44556293;0;0;1;N;1.823099;59;59;11;81;81;295.2396;0;9999.99;6.68;6.804087;2;9;23.6;0;23.6000003814697;33.83;1529.64596;07/13/16;16:47:31;22.36;51.42;33.83;-0.074;8.38;-80.7;1.2;-1.5;-362;120.6;8.61;12.5;
33.4447239737878;-118.484594522677;16:50:31.80;7/13/2016;8;1.768;297.5;12.0453350093692;1.38;294.2;307.52;-1.42;8.6;27.1;.00;6.89;6.89;93;58;563.3;16.2;-3.6;D;648.6;15;153.543;2;1.85;189;307.41;-118.48590892;33.44556293;0;0;1;N;1.769093;48;48;11;81;81;295.6073;0;9999.99;6.89;7.017;2;9;23.6;0;23.6000003814697;33.83;1529.64588;07/13/16;16:47:32;22.35;51.42;33.83;-0.108;8.38;-80.6;1.2;-3.1;-2476;120.4;8.60;12.2;
33.4447284420747;-118.484602103677;16:50:32.80;7/13/2016;8;1.859;303.74;12.0453350093692;1.38;289.6;302.87;0.35;13.4;27;.00;6.92;6.92;93;58;563.3;16.2;-3.6;D;645.7;15;152.682;2;1.91;189;307.43;-118.48590892;33.44556293;0;0;1;N;1.73538;59;59;11;99;99;295.8382;0;9999.99;6.92;7.047;2;9;23.6;0;23.6000003814697;33.83;1529.64586;07/13/16;16:47:33;22.34;51.42;33.83;-0.047;8.38;-80.8;1.5;-1.9;-1670;120.2;8.58;12.5;
33.4447324770126;-118.48460794003;16:50:33.80;7/13/2016;8;1.956;306.85;12.0453350093692;1.38;296.5;309.84;-0.28;9.6;27.1;.00;6.97;6.98;93;58;563.3;16.2;-3.6;D;645.7;15;151.980;2;1.94;189;307.42;-118.48590892;33.44556293;0;0;1;N;1.744761;55;55;11;80;80;295.774;0;9999.99;6.98;7.109639;2;9;23.6;0;23.6000003814697;33.79;1529.60221;07/13/16;16:47:34;22.32;51.37;33.79;-0.034;8.38;-80.4;1.1;-1.4;-1663;120.0;8.57;12.4;
33.4447361394812;-118.484613178738;16:50:34.80;7/13/2016;8;1.872;311.1;12.0453350093692;1.38;296.3;309.64;0.44;13.9;27.1;.00;7.08;7.09;93;58;563.3;16.2;-3.6;D;645.7;15;151.346;2;1.96;189;307.41;-118.48590892;33.44556293;0;0;1;N;1.76513;57;57;11;80;80;295.6351;0;9999.99;7.08;7.207;2;9;23.6;0;23.6000003814697;33.86;1529.67866;07/13/16;16:47:35;22.30;51.46;33.86;-0.025;8.38;-80.7;1.4;1.1;-2240;119.8;8.56;12.5;
33.444739817433;-118.484621607278;16:50:35.80;7/13/2016;8;1.828;308.31;12.0453350093692;1.38;294.7;308.02;-0.6;5.72;27.1;.00;16.72;16.72;93;62;563.2;16.2;-3.8;D;608.5;15;150.477;2;1.93;189;307.46;-118.48590892;33.44556293;0;0;1;N;1.605913;52;52;11;84;84;296.7268;0;28.63;16.72;45.47954;2;9;23.6;0;23.6000003814697;33.84;1529.65678;07/13/16;16:47:36;22.31;51.43;33.84;-0.062;8.38;-80.4;1.3;-0.1;-2039;119.7;8.55;12.3;
33.4447462469156;-118.48462957479;16:50:36.80;7/13/2016;8;1.922;312.7;12.0453350093692;1.38;292.6;305.9;-0.21;11.5;27.1;.00;7.23;7.24;93;61;563.2;16.2;-3.7;D;616.8;15;149.455;2;1.94;189;307.42;-118.48590892;33.44556293;0;0;1;N;1.715381;56;56;11;87;87;295.9752;0;57.62;7.24;64.987;2;9;23.6;0;23.6000003814697;33.83;1529.64605;07/13/16;16:47:37;22.31;51.42;33.83;-0.043;8.38;-80.5;1.2;-6.8;-2989;119.5;8.53;12.4;
33.444751333349;-118.484638070002;16:50:37.80;7/13/2016;8;2.098;311.16;12.0453350093692;1.38;293.3;306.61;-0.11;10.5;27.1;.00;7.35;7.35;93;61;563.2;16.2;-3.7;D;616.8;15;148.485;2;1.96;189;307.43;-118.48590892;33.44556293;0;0;1;N;1.673113;56;56;11;86;86;296.265;0;45.94;7.35;53.41307;2;9;23.6;0;23.6000003814697;33.81;1529.62432;07/13/16;16:47:38;22.30;51.39;33.81;-0.014;8.38;-80.5;1.6;-3.6;-2211;119.2;8.52;12.5;
33.4447552866761;-118.484647647608;16:50:38.80;7/13/2016;8;1.727;311.85;12.0453350093692;1.38;292.8;306.1;0.45;9.6;27.1;.00;22.86;22.86;93;61;563.2;16.2;-3.7;D;616.8;15;147.513;2;2.06;189;307.5;-118.48590892;33.44556293;0;0;1;N;1.473901;60;60;11;93;93;297.6385;0;56.33;22.86;79.30935;2;9;23.6;0;23.6000003814697;33.84;1529.65693;07/13/16;16:47:39;22.28;51.43;33.84;-0.102;8.38;-80.5;0.7;-2.9;-1411;119.0;8.51;12.4;
33.4447603878746;-118.484655290527;16:50:39.80;7/13/2016;7;1.831;314.68;12.0453350093692;1.38;294.3;307.62;0.12;10.1;27.1;.00;7.13;7.14;93;60;563.1;16.2;-3.7;D;626.1;15;146.605;2;1.99;189;307.5;-118.48590892;33.44556293;0;0;1;N;1.477521;60;60;11;84;84;297.6138;0;45.81;7.13;53.06921;2;9;23.6;0;23.6000003814697;33.85;1529.66791;07/13/16;16:47:40;22.28;51.44;33.85;0.029;8.38;-80.3;1.6;-1.0;-2318;118.8;8.49;12.4;
33.4447636617276;-118.484662976953;16:50:40.80;7/13/2016;8;1.86;308.15;12.0453350093692;1.38;295.9;309.23;-0.42;6.4;27.1;.00;7.86;7.86;93;60;563.1;16.2;-3.7;D;626.1;15;145.817;2;1.9;189;307.55;-118.48590892;33.44556293;0;0;1;N;1.322325;54;54;11;85;85;298.6924;0;37.62;7.86;45.60822;2;9;23.6;0;23.6000003814697;33.85;1529.66762;07/13/16;16:47:41;22.28;51.44;33.85;-0.080;8.38;-80.9;0.9;-4.7;-508;118.6;8.48;12.3;
33.4447683655466;-118.48467392255;16:50:41.80;7/13/2016;8;1.984;310.97;12.0453350093692;1.38;295.4;308.73;-0.79;15.1;27.1;.00;8.12;8.12;93;60;563.1;16.2;-3.7;D;626.1;15;144.694;2;1.97;189;307.63;-118.48590892;33.44556293;0;0;1;N;1.10894;52;52;11;93;93;300.186;0;43.92;8.11;52.157;2;9;23.5;0;23.5;33.84;1529.40604;07/13/16;16:47:42;22.28;51.43;33.84;-0.140;8.38;-80.4;2.0;1.5;-251;118.5;8.47;12.4;
33.4447733245591;-118.484682557185;16:50:42.83;7/13/2016;8;1.981;310.48;12.0453350093692;1.38;294.8;308.12;0.05;7.22;27.1;.00;7.85;7.86;93;60;563.1;16.2;-3.7;D;626.1;15;143.723;2;2.08;189;307.66;-118.48590892;33.44556293;0;0;1;N;1.047184;59;59;11;97;97;300.6205;0;26.53;7.85;34.50948;2;9;23.6;0;23.5;33.85;1529.41703;07/13/16;16:47:43;22.28;51.44;33.85;0.063;8.38;-80.8;1.4;-1.9;-1583;118.3;8.46;12.4;
33.4447804978282;-118.484690823179;16:50:43.84;7/13/2016;8;2.298;313.01;12.0453350093692;1.38;294.7;308.02;-0.46;12.1;27.1;.00;8.20;8.21;93;62;563.1;16.2;-3.8;D;607.4;15;142.628;2;2.05;189;307.59;-118.48590892;33.44556293;0;0;1;N;1.206855;52;52;11;103;103;299.4994;0;9999.99;8.20;8.330594;2;9;23.5;0;23.5;33.84;1529.40617;07/13/16;16:47:45;22.28;51.43;33.84;0.055;8.38;-80.9;1.8;1.1;-1904;118.2;8.45;12.4;
33.4447869602247;-118.484699352572;16:50:44.84;7/13/2016;8;1.834;310.89;12.0453350093692;1.38;299.3;312.67;-0.15;12.1;27.1;.00;8.36;8.36;93;60;563.1;16.2;-3.7;D;629.5;15;141.563;2;1.99;189;307.55;-118.48590892;33.44556293;0;0;1;N;1.267667;56;56;11;73;73;299.0741;0;40.12;8.36;48.6105;2;9;23.5;0;23.5;33.84;1529.40617;07/13/16;16:47:45;22.28;51.43;33.84;0.055;8.38;-80.9;1.8;1.1;-1904;118.2;8.45;12.4;
33.4447930356854;-118.484708915654;16:50:45.88;7/13/2016;8;2.073;313.26;12.0453350093692;1.38;297.1;310.45;0.88;12.5;27.1;.00;8.70;8.70;93;60;563.1;16.2;-3.7;D;629.5;15;140.448;2;2.02;189;307.56;-118.48590892;33.44556293;0;0;1;N;1.257789;59;59;11;83;83;299.1428;0;30.34;8.69;39.157;2;9;23.5;0;23.5;33.84;1529.40609;07/13/16;16:47:47;22.26;51.43;33.84;-0.094;8.38;-80.7;1.4;-1.4;-1283;117.9;8.43;12.4;
33.4447986647292;-118.484716875184;16:50:46.88;7/13/2016;8;1.914;313.72;12.0453350093692;1.38;294.4;307.72;-0.66;16.3;27.1;.01;8.75;8.75;93;60;563.1;16.2;-3.7;D;629.5;15;139.481;2;2.04;189;307.54;-118.48590892;33.44556293;0;0;1;N;1.301121;53;53;11;91;91;298.8404;0;49.36;8.76;58.24295;2;9;23.5;0;23.5;33.84;1529.40609;07/13/16;16:47:47;22.26;51.43;33.84;-0.094;8.38;-80.7;1.4;-1.4;-1283;117.9;8.43;12.4;
33.4448035094503;-118.48472389941;16:50:47.89;7/13/2016;8;1.978;304.92;12.0453350093692;1.38;298.9;312.27;0.11;12.6;27.1;.00;9.36;9.36;93;60;563.1;16.2;-3.7;D;629.5;15;138.636;2;2.04;189;307.53;-118.48590892;33.44556293;0;0;1;N;1.31638;58;58;11;73;73;298.7342;0;9999.99;9.35;9.477;2;9;23.5;0;23.5;33.82;1529.38459;07/13/16;16:47:48;22.25;51.41;33.82;-0.192;8.37;-80.1;2.0;-1.0;211;117.8;8.42;12.3;
33.4448102387696;-118.484731704571;16:50:48.89;7/13/2016;8;2.043;309.81;12.0453350093692;1.38;295.8;309.13;0.95;13.7;27.1;.00;8.70;8.70;93;60;563.0;16.2;-3.7;D;632.2;15;137.606;2;2.02;189;307.46;-118.48590892;33.44556293;0;0;1;N;1.463073;65;65;11;78;78;297.7145;0;9999.99;8.70;8.822098;2;9;23.5;0;23.5;33.83;1529.39529;07/13/16;16:47:50;22.24;51.41;33.83;-0.100;8.38;-80.4;0.7;-3.1;-1957;117.6;8.41;12.3;
33.4448160737862;-118.484741228325;16:50:49.92;7/13/2016;8;1.95;312.2;12.0453350093692;1.38;294.3;307.62;-1.78;6.29;27.1;.01;8.66;8.66;93;60;563.0;16.2;-3.7;D;632.2;15;136.509;2;2.01;189;307.47;-118.48590892;33.44556293;0;0;1;N;1.436192;46;46;11;88;88;297.9007;0;9999.99;8.65;8.781582;2;9;23.5;0;23.5;33.83;1529.39529;07/13/16;16:47:50;22.24;51.41;33.83;-0.100;8.38;-80.4;0.7;-3.1;-1957;117.6;8.41;12.3;
33.444820945188;-118.484749155402;16:50:50.92;7/13/2016;8;1.964;309.93;12.0453350093692;1.38;299.9;313.28;1.78;8.8;27.1;.00;8.86;8.86;93;60;563.0;16.2;-3.7;D;632.2;15;135.596;2;1.98;189;307.48;-118.48590892;33.44556293;0;0;1;N;1.396636;68;68;11;67;67;298.1754;0;9999.99;8.85;8.977;2;9;23.5;0;23.5;33.86;1529.42805;07/13/16;16:47:52;22.22;51.45;33.86;-0.063;8.37;-80.3;1.2;0.3;-1816;117.3;8.39;12.2;
33.4448278968427;-118.484759206393;16:50:51.94;7/13/2016;8;2.122;312.57;12.0453350093692;1.38;296.9;310.25;-0.53;16.2;27;.01;9.48;9.49;93;65;563.0;16.2;-4;D;578.3;15;134.386;2;1.98;189;307.46;-118.48590892;33.44556293;0;0;1;N;1.434793;54;54;11;78;78;297.9106;0;48.57;9.50;58.19573;2;9;23.5;0;23.5;33.83;1529.39547;07/13/16;16:47:53;22.22;51.42;33.83;-0.042;8.38;-80.3;1.9;-1.2;34;117.2;8.38;12.5;
33.4448343986333;-118.484771485226;16:50:52.94;7/13/2016;8;2.709;309.24;12.0453350093692;1.92;294.5;307.82;-0.07;9.5;27.1;.00;9.45;9.45;93;65;563.0;16.2;-4;D;578.3;15;133.042;2;2.01;189;307.51;-118.48590892;33.44556293;0;0;1;N;1.306353;57;57;11;91;91;298.8041;0;9999.99;9.44;9.570563;2;9;23.5;0;23.5;33.82;1529.38424;07/13/16;16:47:54;22.21;51.40;33.82;-0.095;8.38;-80.4;1.8;-0.6;-2917;117.1;8.38;12.5;
33.4448407352728;-118.484779861788;16:50:53.94;7/13/2016;8;1.703;312.22;12.0453350093692;1.38;295.1;308.43;0.2;12.6;27;.00;9.47;9.47;93;65;563.0;16.2;-4;D;578.3;15;131.996;2;1.93;189;307.47;-118.48590892;33.44556293;0;0;1;N;1.385179;54;54;11;94;94;298.2555;0;9999.99;9.47;9.595811;2;9;23.5;0;23.5;33.82;1529.38424;07/13/16;16:47:54;22.21;51.40;33.82;-0.095;8.38;-80.4;1.8;-0.6;-2917;117.1;8.38;12.5;
33.4448464561051;-118.484787998437;16:50:54.94;7/13/2016;7;1.912;313.91;12.0453350093692;1.38;298.3;311.66;-0.65;16.5;27.1;.00;10.00;10.01;93;65;563.0;16.2;-4;D;578.3;15;131.010;2;1.91;189;307.45;-118.48590892;33.44556293;0;0;1;N;1.410325;53;53;11;73;73;298.0804;0;9999.99;10.00;10.12708;2;9;23.5;0;23.5;33.83;1529.39523;07/13/16;16:47:55;22.20;51.42;33.83;-0.058;8.37;-80.2;0.7;-3.5;-766;116.9;8.37;12.4;
33.4448486096081;-118.484801618197;16:50:55.94;7/13/2016;7;2.972;289.3;12.0453350093692;1.38;292.3;305.6;-0.89;14;27.1;.01;9.92;9.93;93;60;562.9;16.2;-3.7;D;626.2;15;129.863;2;1.97;189;307.71;-118.48590892;33.44556293;0;0;1;N;0.8245007;53;53;11;100;100;302.1942;0;9999.99;9.91;10.03468;2;9;23.5;0;23.5;33.83;1529.39559;07/13/16;16:47:57;22.19;51.42;33.83;-0.069;8.37;-80.1;1.8;-0.5;-3242;116.8;8.37;12.4;
33.4448532063654;-118.484811980251;16:50:56.94;7/13/2016;8;1.947;292.09;12.0453350093692;1.38;295.8;309.13;-0.17;8.7;27.1;.00;10.05;10.05;93;60;562.9;16.2;-3.7;D;626.2;15;128.789;2;1.95;189;307.79;-118.48590892;33.44556293;0;0;1;N;0.6277491;56;56;11;91;91;303.5922;0;9999.99;10.04;10.16458;2;9;23.5;0;23.5;33.83;1529.39559;07/13/16;16:47:57;22.19;51.42;33.83;-0.069;8.37;-80.1;1.8;-0.5;-3242;116.8;8.37;12.4;
33.4448595710111;-118.484821105718;16:50:57.94;7/13/2016;8;1.817;299.01;12.0453350093692;1.38;296;309.34;-0.98;16.4;27.1;.01;10.39;10.40;93;60;562.9;16.2;-3.7;D;626.2;15;127.687;2;1.95;189;307.77;-118.48590892;33.44556293;0;0;1;N;0.6692133;51;51;11;103;103;303.2971;0;9999.99;10.40;10.527;2;9;23.5;0;23.5;33.85;1529.41734;07/13/16;16:47:59;22.18;51.45;33.85;-0.157;8.38;-80.4;1.4;-5.7;-1558;116.7;8.35;12.4;
33.4448663545939;-118.484827689586;16:50:58.97;7/13/2016;8;2.088;308.53;12.0453350093692;1.38;300.1;313.48;0.93;7.31;27.1;.00;10.48;10.49;93;58;562.6;16.2;-3.5;D;641.9;15;126.742;2;1.97;189;307.67;-118.48590892;33.44556293;0;0;1;N;0.8848466;61;61;11;93;93;301.7673;0;9999.99;10.49;10.61347;2;9;23.5;0;23.5;33.85;1529.41734;07/13/16;16:47:59;22.18;51.45;33.85;-0.157;8.38;-80.4;1.4;-5.7;-1558;116.7;8.35;12.4;
33.4448735429513;-118.484832962587;16:50:59.97;7/13/2016;8;1.861;316.95;12.0453350093692;1.38;302;315.4;-0.51;14.4;27.1;.00;10.78;10.78;93;59;562.6;16.2;-3.6;D;636.1;15;125.867;2;1.93;189;307.52;-118.48590892;33.44556293;0;0;1;N;1.199466;55;55;11;60;60;299.5518;0;9999.99;10.79;10.917;2;9;23.5;0;23.5;33.84;1529.40598;07/13/16;16:48:01;22.18;51.43;33.84;-0.081;8.38;-80.4;1.5;-1.2;-1110;116.5;8.34;12.4;
33.4448803943828;-118.484841234271;16:51:00.97;7/13/2016;8;2.075;309.78;12.0453350093692;1.38;299.8;313.18;0;15.8;27.1;.00;10.93;10.93;93;59;562.6;16.2;-3.6;D;636.1;15;124.794;2;1.97;189;307.46;-118.48590892;33.44556293;0;0;1;N;1.331827;57;57;11;69;69;298.6271;0;9999.99;10.92;11.047;2;9;23.5;0;23.5;33.84;1529.40598;07/13/16;16:48:01;22.18;51.43;33.84;-0.081;8.38;-80.4;1.5;-1.2;-1110;116.5;8.34;12.4;
33.4448874330384;-118.484851437945;16:51:01.97;7/13/2016;8;2.095;312.26;12.0453350093692;1.38;297;310.35;0.94;10.8;27.1;.00;10.66;10.67;93;59;562.6;16.2;-3.6;D;636.1;15;123.567;2;1.98;189;307.44;-118.48590892;33.44556293;0;0;1;N;1.366818;63;63;11;79;79;298.3833;0;9999.99;10.67;10.79211;2;9;23.5;0;23.5;33.84;1529.40633;07/13/16;16:48:03;22.18;51.43;33.84;0.035;8.38;-80.4;0.6;-5.2;-2823;116.3;8.33;12.4;
33.4448972344647;-118.484864950129;16:51:02.97;7/13/2016;8;3.309;311.22;12.0453350093692;1.38;297.6;310.95;-1.23;14.4;27.1;.00;11.26;11.27;93;64;562.6;16.2;-4;D;585.3;15;121.909;2;2.01;189;307.39;-118.48590892;33.44556293;0;0;1;N;1.451403;50;50;11;74;74;297.7957;0;9999.99;11.27;11.397;2;9;23.5;0;23.5;33.84;1529.40633;07/13/16;16:48:03;22.18;51.43;33.84;0.035;8.38;-80.4;0.6;-5.2;-2823;116.3;8.33;12.4;
33.4449009574995;-118.484870894796;16:51:03.97;7/13/2016;8;2.036;307.2;12.0453350093692;1.38;299.4;312.77;-1.18;8.9;27.1;.01;11.31;11.32;93;64;562.6;16.2;-4;D;585.3;15;121.219;2;2;189;307.39;-118.48590892;33.44556293;0;0;1;N;1.435435;50;50;11;68;68;297.9067;0;9999.99;11.30;11.42604;2;9;23.5;0;23.5;33.81;1529.37383;07/13/16;16:48:04;22.18;51.39;33.81;-0.007;8.37;-80.3;1.3;-2.8;-958;116.2;8.32;12.4;
33.4449059892034;-118.484880093019;16:51:04.98;7/13/2016;8;2.119;308.18;12.0453350093692;1.38;297.1;310.45;1.85;15.3;27.1;.01;11.65;11.65;93;64;562.6;16.2;-4;D;585.3;15;120.201;2;1.99;189;307.43;-118.48590892;33.44556293;0;0;1;N;1.354768;68;68;11;79;79;298.4674;0;9999.99;11.64;11.767;2;9;23.5;0;23.5;33.84;1529.40672;07/13/16;16:48:06;22.14;51.43;33.84;-0.020;8.38;-80.6;0.8;0.6;-2155;116.0;8.31;12.2;
33.4449137208335;-118.48488998565;16:51:06.00;7/13/2016;8;2.236;310.83;12.0453350093692;1.38;296.9;310.25;-3.22;13.1;27.1;.01;11.06;11.07;93;64;562.6;16.2;-4;D;585.3;15;118.950;2;2.07;189;307.37;-118.48590892;33.44556293;0;0;1;N;1.463455;43;43;11;77;77;297.7122;0;9999.99;11.06;11.18979;2;9;23.5;0;23.5;33.84;1529.40672;07/13/16;16:48:06;22.14;51.43;33.84;-0.020;8.38;-80.6;0.8;0.6;-2155;116.0;8.31;12.2;
33.4449199463654;-118.484898801621;16:51:07.00;7/13/2016;8;2.046;312.03;12.0453350093692;1.59;294.5;307.82;-3.92;11.3;27.1;.04;11.77;11.81;93;61;562.5;16.2;-3.7;D;617.1;15;117.880;2;2.05;189;307.34;-118.48590892;33.44556293;0;0;1;N;1.507417;43;43;11;85;85;297.4082;0;9999.99;11.74;11.86984;2;9;23.5;0;23.5;33.85;1529.41908;07/13/16;16:48:07;22.14;51.44;33.85;0.096;8.37;-80.2;1.6;-4.5;-1462;115.9;8.30;12.3;
33.4449254816688;-118.484905902575;16:51:08.02;7/13/2016;7;1.944;312.03;12.0453350093692;2.15;292.3;305.6;2.23;13;27.1;.06;12.04;12.10;93;61;562.5;16.2;-3.7;D;617.1;15;116.983;2;1.98;189;307.29;-118.48590892;33.44556293;0;0;1;N;1.592048;70;70;11;92;92;296.8239;0;12.50;12.01;24.64141;2;9;23.5;0;23.5;33.85;1529.42219;07/13/16;16:48:09;22.14;51.44;33.85;0.366;8.38;-80.5;0.9;-2.2;-1412;115.8;8.29;12.4;
33.4449326718779;-118.484913879401;16:51:09.05;7/13/2016;7;1.866;312.03;12.0453350093692;2.15;287.3;300.54;1.85;19.5;27.1;.02;12.24;12.26;93;61;562.5;16.2;-3.7;D;617.1;15;115.909;2;2.04;189;307.2;-118.48590892;33.44556293;0;0;1;N;1.777592;68;68;11;107;107;295.5514;0;53.56;12.27;65.95731;2;9;23.5;0;23.5;33.85;1529.42219;07/13/16;16:48:09;22.14;51.44;33.85;0.366;8.38;-80.5;0.9;-2.2;-1412;115.8;8.29;12.4;
33.4449247825836;-118.484921029591;16:51:10.05;7/13/2016;8;1.712;312.03;12.0453350093692;1.38;286.4;299.63;-2.72;7.98;27.1;.00;12.15;12.16;93;63;562.5;16.2;-3.9;D;600.1;15;115.917;2;2.08;189;307.75;-118.48590892;33.44556293;0;0;1;N;0.6809493;43;43;11;141;141;303.2138;0;43.03;12.16;55.31622;2;9;23.5;0;23.5;33.84;1529.40618;07/13/16;16:48:11;22.14;51.43;33.84;-0.011;8.37;-80.0;1.4;-5.6;-1712;115.7;8.29;12.4;
33.4449272711313;-118.484926986723;16:51:11.05;7/13/2016;8;1.25;312.03;12.0453350093692;1.38;291.1;304.38;0.33;22.4;27.1;.00;12.74;12.74;93;63;562.5;16.2;-3.9;D;600.1;15;115.310;2;2.08;189;307.81;-118.48590892;33.44556293;0;0;1;N;0.5461585;59;59;11;126;126;304.1736;0;45.03;12.72;57.877;2;9;23.4;0;23.3999996185303;33.84;1529.15473;07/13/16;16:48:12;22.15;51.42;33.84;0.178;8.38;-80.6;1.1;-4.7;-3344;115.7;8.29;12.3;
33.4449346033448;-118.484936131429;16:51:12.05;7/13/2016;8;1.877;308.89;12.0453350093692;1.38;297.1;310.45;0.42;14.8;27.1;.00;12.55;12.55;93;63;562.5;16.2;-3.9;D;600.1;15;114.140;2;2.06;189;307.74;-118.48590892;33.44556293;0;0;1;N;0.6592323;61;61;11;108;108;303.3685;0;45.67;12.56;58.35645;2;9;23.4;0;23.3999996185303;33.84;1529.15473;07/13/16;16:48:12;22.15;51.42;33.84;0.178;8.38;-80.6;1.1;-4.7;-3344;115.7;8.29;12.3;
33.4449378406382;-118.484941958414;16:51:13.05;7/13/2016;8;1.922;304.86;12.0453350093692;1.38;302.3;315.71;-1.01;9;27.1;.01;12.86;12.87;93;63;562.5;16.2;-3.9;D;600.1;15;113.492;2;1.97;189;307.77;-118.48590892;33.44556293;0;0;1;N;0.597695;48;48;11;87;87;303.8065;0;9999.99;12.86;12.98952;2;9;23.4;0;23.3999996185303;33.84;1529.15472;07/13/16;16:48:14;22.14;51.43;33.84;0.033;8.37;-80.0;0.8;-4.4;-1823;115.6;8.28;12.5;
33.4449442221991;-118.48494919918;16:51:14.05;7/13/2016;8;2.25;308.21;12.0453350093692;1.38;294.9;308.22;4.15;17.9;27;.01;13.28;13.29;93;57;562.5;16.2;-3.5;D;664.8;15;112.527;2;1.98;189;307.69;-118.48590892;33.44556293;0;0;1;N;0.7483852;80;80;11;100;100;302.735;0;9999.99;13.28;13.407;2;9;23.4;0;23.3999996185303;33.84;1529.15472;07/13/16;16:48:14;22.14;51.43;33.84;0.033;8.37;-80.0;0.8;-4.4;-1823;115.6;8.28;12.5;
33.4449530543423;-118.484958403417;16:51:15.05;7/13/2016;8;1.943;312.55;12.0453350093692;1.38;300.3;313.68;-0.31;15.8;27.1;.00;13.19;13.19;93;57;562.5;16.2;-3.5;D;664.8;15;111.251;2;2.07;189;307.56;-118.48590892;33.44556293;0;0;1;N;0.9856367;55;55;11;76;76;301.0557;0;9999.99;13.22;13.34927;2;9;23.4;0;23.3999996185303;33.83;1529.14396;07/13/16;16:48:16;22.13;51.41;33.83;-0.080;8.38;-80.6;1.3;-3.9;-2352;115.5;8.28;12.3;
33.4449617206578;-118.484965526317;16:51:16.05;7/13/2016;8;2.102;314.55;12.0453350093692;1.38;293.8;307.11;-0.45;14;27.1;.00;13.71;13.71;93;57;562.5;16.2;-3.5;D;664.8;15;110.140;2;2.01;189;307.37;-118.48590892;33.44556293;0;0;1;N;1.338155;54;54;11;74;74;298.5833;0;52.43;13.69;66.247;2;9;23.4;0;23.3999996185303;33.83;1529.14396;07/13/16;16:48:16;22.13;51.41;33.83;-0.080;8.38;-80.6;1.3;-3.9;-2352;115.5;8.28;12.3;
33.4449677733397;-118.484974775363;16:51:17.05;7/13/2016;8;1.831;314.32;12.0453350093692;1.38;292.2;305.49;0.98;7.29;27.1;.00;13.30;13.30;93;62;562.4;16.2;-3.8;D;606.8;15;109.050;2;1.95;189;307.36;-118.48590892;33.44556293;0;0;1;N;1.35472;63;63;11;98;98;298.468;0;5.95;13.30;19.37056;2;9;23.4;0;23.3999996185303;33.84;1529.15479;07/13/16;16:48:18;22.13;51.42;33.84;-0.080;8.37;-80.2;0.6;-4.1;1171;115.5;8.28;12.4;
33.4449752650164;-118.484983341567;16:51:18.05;7/13/2016;8;2.138;309.81;12.0453350093692;1.38;292.5;305.8;-1.29;12.1;27;.00;14.02;14.02;93;62;562.4;16.2;-3.8;D;606.8;15;107.912;2;1.99;189;307.27;-118.48590892;33.44556293;0;0;1;N;1.519552;49;49;11;93;93;297.3244;0;9999.99;14.03;14.157;2;9;23.4;0;23.3999996185303;33.84;1529.15479;07/13/16;16:48:18;22.13;51.42;33.84;-0.080;8.37;-80.2;0.6;-4.1;1171;115.5;8.28;12.4;
33.4449823293502;-118.48499264235;16:51:19.05;7/13/2016;8;2.107;312.84;12.0453350093692;1.38;296.2;309.54;-1.28;8.4;27;.01;13.85;13.86;93;62;562.4;16.2;-3.8;D;606.8;15;106.750;2;2.01;189;307.21;-118.48590892;33.44556293;0;0;1;N;1.599154;49;49;11;76;76;296.7752;0;9999.99;13.84;13.96828;2;9;23.4;0;23.3999996185303;33.83;1529.14394;07/13/16;16:48:20;22.12;51.42;33.83;0.110;8.38;-80.6;1.1;2.2;-3435;115.4;8.27;12.3;
33.4449896398611;-118.485006142275;16:51:20.05;7/13/2016;8;2.584;311.38;12.0453350093692;1.38;293.8;307.11;0.96;15.2;27;.01;14.28;14.29;93;62;562.4;16.2;-3.8;D;606.8;15;105.261;2;1.96;189;307.27;-118.48590892;33.44556293;0;0;1;N;1.471107;63;63;11;89;89;297.6598;0;9999.99;14.28;14.407;2;9;23.4;0;23.3999996185303;33.83;1529.14394;07/13/16;16:48:20;22.12;51.42;33.83;0.110;8.38;-80.6;1.1;2.2;-3435;115.4;8.27;12.3;
33.4449950305022;-118.485018551959;16:51:21.05;7/13/2016;8;2.14;313.95;12.0453350093692;1.38;292.4;305.7;-0.2;7.44;27;.00;13.91;13.92;93;65;562.4;16.2;-4;D;583.9;15;103.982;2;2.02;189;307.39;-118.48590892;33.44556293;0;0;1;N;1.235942;56;56;11;101;101;299.2971;0;9999.99;13.93;14.05414;2;9;23.4;0;23.3999996185303;33.84;1529.15478;07/13/16;16:48:22;22.12;51.43;33.84;-0.132;8.37;-80.2;0.9;-0.6;-2339;115.3;8.27;12.4;
33.4450022789695;-118.48502638254;16:51:22.05;7/13/2016;8;2.044;313.54;12.0453350093692;1.38;293.6;306.91;0.17;11.4;27;.00;14.82;14.82;93;65;562.4;16.2;-4;D;583.9;15;102.915;2;2.05;189;307.28;-118.48590892;33.44556293;0;0;1;N;1.417845;58;58;11;91;91;298.0291;0;9999.99;14.82;14.947;2;9;23.4;0;23.3999996185303;33.84;1529.15478;07/13/16;16:48:22;22.12;51.43;33.84;-0.132;8.37;-80.2;0.9;-0.6;-2339;115.3;8.27;12.4;
33.4450075676187;-118.485032900514;16:51:23.05;7/13/2016;8;2.132;310.11;12.0453350093692;1.38;293.7;307.01;-1.3;8.1;27;.00;14.48;14.48;93;65;562.4;16.2;-4;D;583.9;15;102.078;2;2;189;307.23;-118.48590892;33.44556293;0;0;1;N;1.507244;49;49;11;89;89;297.4094;0;9999.99;14.48;14.60965;2;9;23.4;0;23.3999996185303;33.84;1529.15449;07/13/16;16:48:24;22.13;51.43;33.84;-0.142;8.38;-80.5;0.8;-1.3;-2653;115.3;8.27;12.4;
33.4450151629439;-118.485043265808;16:51:24.05;7/13/2016;7;2.216;310.14;12.0453350093692;1.38;296;309.34;1.72;14.1;27;.00;14.38;14.38;93;58;562.3;16.2;-3.5;D;652.9;15;100.801;2;1.96;189;307.18;-118.48590892;33.44556293;0;0;1;N;1.58177;64;64;11;87;87;296.895;0;9999.99;14.37;14.49549;2;9;23.4;0;23.3999996185303;33.84;1529.15449;07/13/16;16:48:24;22.13;51.43;33.84;-0.142;8.38;-80.5;0.8;-1.3;-2653;115.3;8.27;12.4;
33.4450204234091;-118.485052873531;16:51:25.05;7/13/2016;7;1.902;308.41;12.0453350093692;1.38;295.2;308.53;-0.75;18.2;27;.00;14.70;14.70;93;58;562.3;16.2;-3.5;D;652.9;15;99.738;2;2.05;189;307.22;-118.48590892;33.44556293;0;0;1;N;1.494644;55;55;11;93;93;297.4967;0;9999.99;14.72;14.84293;2;9;23.4;0;23.3999996185303;33.84;1529.1547;07/13/16;16:48:26;22.13;51.42;33.84;-0.077;8.37;-80.1;-0.1;-4.4;-707;115.3;8.26;12.3;
33.44502462307;-118.485060217892;16:51:26.05;7/13/2016;7;1.956;308.5;12.0453350093692;1.47;295.3;308.63;-0.08;8.4;27;.00;14.50;14.50;93;58;562.3;16.2;-3.5;D;652.9;15;98.913;2;2.01;189;307.24;-118.48590892;33.44556293;0;0;1;N;1.436934;57;57;11;84;84;297.8966;0;9999.99;14.49;14.6172;2;9;23.4;0;23.3999996185303;33.84;1529.1547;07/13/16;16:48:26;22.13;51.42;33.84;-0.077;8.37;-80.1;-0.1;-4.4;-707;115.3;8.26;12.3;
33.4450298721681;-118.485066751059;16:51:27.05;7/13/2016;7;2.017;308.62;12.0453350093692;1.47;294.3;307.62;0.28;11.9;27;.00;15.29;15.29;93;58;562.3;16.2;-3.5;D;652.9;15;98.077;2;2.01;189;307.18;-118.48590892;33.44556293;0;0;1;N;1.524061;59;59;11;86;86;297.2931;0;9999.99;15.29;15.417;2;9;23.4;0;23.3999996185303;33.84;1529.1545;07/13/16;16:48:28;22.14;51.43;33.84;-0.152;8.38;-80.5;0.9;-3.2;710;115.3;8.26;12.2;
33.4450362152827;-118.485074716424;16:51:28.05;7/13/2016;7;1.972;307.44;12.0453350093692;1.38;298.5;311.86;-0.19;18.2;27;.00;15.52;15.52;93;58;562.3;16.2;-3.6;D;646.7;15;97.062;2;1.99;189;307.11;-118.48590892;33.44556293;0;0;1;N;1.610231;56;56;11;62;62;296.6989;0;9999.99;15.53;15.657;2;9;23.4;0;23.3999996185303;33.84;1529.1545;07/13/16;16:48:28;22.14;51.43;33.84;-0.152;8.38;-80.5;0.9;-3.2;710;115.3;8.26;12.2;
33.445041311114;-118.485081503656;16:51:29.05;7/13/2016;7;1.877;310.32;12.0453350093692;1.38;296.7;310.04;-0.48;8.5;27;.00;15.13;15.13;93;58;562.3;16.2;-3.6;D;646.7;15;96.218;2;1.97;189;307.07;-118.48590892;33.44556293;0;0;1;N;1.675533;53;53;11;71;71;296.25;0;9999.99;15.13;15.25547;2;9;23.4;0;23.3999996185303;33.85;1529.1654;07/13/16;16:48:30;22.13;51.44;33.85;0.010;8.37;-80.1;0.8;-3.2;-2185;115.3;8.26;12.4;
33.4450455495203;-118.48508774802;16:51:30.05;7/13/2016;7;2.005;307.06;12.0453350093692;1.38;292.7;306;0.61;12.1;27;.01;15.46;15.47;93;58;562.3;16.2;-3.6;D;646.7;15;95.471;2;2;189;307.06;-118.48590892;33.44556293;0;0;1;N;1.697169;61;61;11;87;87;296.1018;0;32.79;15.46;48.377;2;9;23.4;0;23.3999996185303;33.85;1529.1654;07/13/16;16:48:30;22.13;51.44;33.85;0.010;8.37;-80.1;0.8;-3.2;-2185;115.3;8.26;12.4;
33.4450505303478;-118.485098085857;16:51:31.06;7/13/2016;7;2.041;305.92;12.0453350093692;1.38;288.7;301.96;-0.79;15.7;27;.00;15.79;15.80;93;63;562.2;16.2;-3.8;D;601;15;94.372;2;2;189;307.14;-118.48590892;33.44556293;0;0;1;N;1.553367;52;52;11;108;108;297.0909;0;22.75;15.79;38.667;2;9;23.4;0;23.3999996185303;33.81;1529.12199;07/13/16;16:48:32;22.13;51.39;33.81;-0.105;8.38;-80.7;1.2;-3.9;-3568;115.2;8.26;12.2;
33.4450556274658;-118.48510759277;16:51:32.08;7/13/2016;7;1.792;305.92;12.0453350093692;1.38;291;304.28;0.55;10.6;27;.00;13.89;13.89;93;63;562.2;16.2;-3.8;D;601;15;93.327;2;1.98;189;307.19;-118.48590892;33.44556293;0;0;1;N;1.452058;60;60;11;101;101;297.7916;0;52.25;13.88;66.25764;2;9;23.4;0;23.3999996185303;33.82;1529.13294;07/13/16;16:48:33;22.11;51.40;33.82;0.043;8.38;-80.4;0.5;-3.1;-212;115.1;8.26;12.4;
33.4450603377063;-118.485116397403;16:51:33.09;7/13/2016;7;1.925;306.45;12.0453350093692;1.38;295;308.33;0.4;13.8;26.9;.00;16.27;16.28;93;63;562.2;16.2;-3.8;D;601;15;92.360;2;1.92;189;307.24;-118.48590892;33.44556293;0;0;1;N;1.351769;59;59;11;88;88;298.4886;0;53.84;16.28;70.24419;2;9;23.4;0;23.3999996185303;33.82;1529.13294;07/13/16;16:48:33;22.11;51.40;33.82;0.043;8.38;-80.4;0.5;-3.1;-212;115.1;8.26;12.4;
33.4450657071799;-118.485126782413;16:51:34.11;7/13/2016;7;2.198;303.09;12.0453350093692;1.38;293.5;306.81;-1.14;8.8;27;.00;15.77;15.78;93;63;562.2;16.2;-3.8;D;601;15;91.231;2;1.93;189;307.3;-118.48590892;33.44556293;0;0;1;N;1.231252;50;50;11;97;97;299.33;0;33.78;15.77;49.68103;2;9;23.4;0;23.3999996185303;33.8;1529.11096;07/13/16;16:48:34;22.10;51.37;33.80;-0.019;8.38;-80.3;1.1;-3.4;-778;115.1;8.26;12.5;
33.4450730690799;-118.485136246179;16:51:35.11;7/13/2016;7;1.956;305.32;12.0453350093692;1.38;295;308.33;1.44;9.3;27;.00;16.56;16.56;93;58;562.2;16.2;-3.6;D;648.4;15;90.037;2;2;189;307.23;-118.48590892;33.44556293;0;0;1;N;1.327485;66;66;11;88;88;298.6577;0;26.16;16.55;42.837;2;9;23.4;0;23.3999996185303;33.75;1529.05629;07/13/16;16:48:35;22.06;51.31;33.75;0.012;8.37;-80.1;0.5;-0.7;-580;115.1;8.26;12.4;
33.4450778049672;-118.485143618766;16:51:36.14;7/13/2016;7;1.961;305;12.0453350093692;1.38;297.1;310.45;-0.93;8.6;27;.00;16.62;16.62;93;58;562.2;16.2;-3.6;D;648.4;15;89.173;2;1.97;189;307.22;-118.48590892;33.44556293;0;0;1;N;1.316735;51;51;11;80;80;298.7329;0;9999.99;16.63;16.757;2;9;23.4;0;23.3999996185303;33.79;1529.1002;07/13/16;16:48:37;22.01;51.36;33.79;-0.156;8.38;-80.5;1.0;-5.2;324;115.0;8.26;12.4;
33.445084498962;-118.485149411899;16:51:37.14;7/13/2016;7;2.027;305.29;12.0453350093692;1.38;296.2;309.54;0.27;14.1;27;.00;16.72;16.72;93;58;562.2;16.2;-3.6;D;648.4;15;88.296;2;1.95;189;307.05;-118.48590892;33.44556293;0;0;1;N;1.564353;61;61;11;62;62;297.015;0;9999.99;16.71;16.837;2;9;23.4;0;23.3999996185303;33.79;1529.1002;07/13/16;16:48:37;22.01;51.36;33.79;-0.156;8.38;-80.5;1.0;-5.2;324;115.0;8.26;12.4;
33.4450906223876;-118.485159909264;16:51:38.16;7/13/2016;7;2.27;308.15;12.0453350093692;1.38;289.7;302.97;-0.97;15.2;27;.01;16.43;16.44;93;58;562.2;16.2;-3.6;D;648.4;15;87.108;2;1.96;189;307.08;-118.48590892;33.44556293;0;0;1;N;1.523632;51;51;11;104;104;297.2963;0;9999.99;16.43;16.55645;2;9;23.4;0;23.3999996185303;33.83;1529.14405;07/13/16;16:48:39;21.97;51.41;33.83;-0.168;8.38;-80.3;1.1;0.6;-1183;114.9;8.26;12.3;
33.4450965676621;-118.485170363769;16:51:39.17;7/13/2016;7;2.112;308.15;12.0453350093692;1.66;295.7;309.03;-0.3;14.9;27;.01;16.18;16.19;93;63;562.2;16.2;-3.9;D;593.5;15;85.936;2;2.03;189;307.12;-118.48590892;33.44556293;0;0;1;N;1.445555;53;53;11;101;101;297.8369;0;30.30;16.18;46.60195;2;9;23.4;0;23.3999996185303;33.83;1529.14405;07/13/16;16:48:39;21.97;51.41;33.83;-0.168;8.38;-80.3;1.1;0.6;-1183;114.9;8.26;12.3;
33.4451023106188;-118.48517643668;16:51:40.20;7/13/2016;7;1.89;307.69;12.0453350093692;1.38;297.4;310.75;1.16;11.3;26.9;.00;16.88;16.88;93;63;562.2;16.2;-3.9;D;593.5;15;85.101;2;1.97;189;307;-118.48590892;33.44556293;0;0;1;N;1.584837;64;64;11;71;71;296.874;0;44.95;16.89;61.9715;2;9;23.4;0;23.3999996185303;33.84;1529.15468;07/13/16;16:48:40;21.97;51.42;33.84;0.102;8.38;-80.3;1.2;0.4;102;114.9;8.26;12.3;
33.4451112920453;-118.485185343434;16:51:41.20;7/13/2016;7;2.416;315.74;12.0453350093692;1.38;292.4;305.7;-0.26;14.1;26.9;.00;29.07;29.07;93;63;562.2;16.2;-3.9;D;593.5;15;83.841;2;1.97;189;306.8;-118.48590892;33.44556293;0;0;1;N;1.871731;55;55;11;84;84;294.9109;0;38.78;29.07;67.97855;2;9;23.4;0;23.3999996185303;33.91;1529.23118;07/13/16;16:48:42;22.02;51.52;33.91;0.003;8.37;-80.0;0.9;-1.9;-3271;114.8;8.24;12.4;
33.4451186269335;-118.485193225529;16:51:42.20;7/13/2016;8;2.131;310.63;12.0453350093692;1.38;292.8;306.1;0.43;10.6;26.9;.00;17.12;17.12;93;62;562.1;16.2;-3.8;D;611.9;15;82.767;2;1.9;189;306.65;-118.48590892;33.44556293;0;0;1;N;2.061932;60;60;11;77;77;293.6262;0;31.05;17.12;48.2993;2;9;23.4;0;23.3999996185303;33.91;1529.23118;07/13/16;16:48:42;22.02;51.52;33.91;0.003;8.37;-80.0;0.9;-1.9;-3271;114.8;8.24;12.4;
33.4451227194088;-118.485202083758;16:51:43.20;7/13/2016;8;1.809;311.31;12.0453350093692;1.38;293;306.3;0.31;14.6;26.9;.00;17.08;17.08;93;62;562.1;16.2;-3.8;D;611.9;15;81.836;2;1.9;189;306.74;-118.48590892;33.44556293;0;0;1;N;1.914755;57;57;11;85;85;294.619;0;13.93;17.08;31.13354;2;9;23.3;0;23.3999996185303;33.88;1529.19848;07/13/16;16:48:44;22.11;51.48;33.88;-0.096;8.38;-80.6;1.2;-6.0;1933;114.9;8.23;12.3;
33.4451297251399;-118.485210576018;16:51:44.22;7/13/2016;8;2.067;308.55;12.0453350093692;1.38;289.1;302.36;-0.1;17.2;26.9;.00;17.08;17.08;93;62;562.1;16.2;-3.8;D;611.9;15;80.739;2;1.95;189;306.63;-118.48590892;33.44556293;0;0;1;N;2.044569;56;56;11;93;93;293.743;0;13.93;17.08;31.13354;2;9;23.3;0;23.3999996185303;33.88;1529.19848;07/13/16;16:48:44;22.11;51.48;33.88;-0.096;8.38;-80.6;1.2;-6.0;1933;114.9;8.23;12.3;
33.4451368980276;-118.485220197045;16:51:45.25;7/13/2016;8;2.089;309.82;12.0453350093692;1.38;289.6;302.87;-0.78;7.96;27;.00;17.93;17.93;93;62;562.1;16.2;-3.8;D;611.9;15;79.546;2;1.92;189;306.55;-118.48590892;33.44556293;0;0;1;N;2.120829;52;52;11;90;90;293.2314;0;53.01;17.92;71.057;2;9;23.3;0;23.2999992370605;33.85;1528.91342;07/13/16;16:48:46;22.16;51.44;33.85;-0.001;8.37;-80.1;1.4;-6.4;-371;114.9;8.23;12.2;
33.4451416887034;-118.485228632192;16:51:46.27;7/13/2016;8;2.022;301.92;12.0453350093692;1.38;285.4;298.62;-1.11;17.3;26.9;.00;17.48;17.48;93;63;562.1;16.2;-3.9;D;595.9;15;78.600;2;1.9;189;306.58;-118.48590892;33.44556293;0;0;1;N;2.07129;50;50;11;107;107;293.5633;0;27.80;17.47;45.39326;2;9;23.3;0;23.2999992370605;33.85;1528.91342;07/13/16;16:48:46;22.16;51.44;33.85;-0.001;8.37;-80.1;1.4;-6.4;-371;114.9;8.23;12.2;
33.4451465220959;-118.485237105537;16:51:47.28;7/13/2016;8;1.758;303.74;12.0453350093692;1.38;291.1;304.38;-0.45;9.6;26.9;.00;18.43;18.44;93;63;562.1;16.2;-3.9;D;595.9;15;77.649;2;1.92;189;306.61;-118.48590892;33.44556293;0;0;1;N;1.99332;54;54;11;86;86;294.0879;0;9999.99;18.43;18.557;2;9;23.4;0;23.2999992370605;33.82;1528.88062;07/13/16;16:48:48;22.16;51.40;33.82;-0.138;8.37;-80.2;1.5;-0.2;-2892;114.9;8.23;12.2;
33.4451536517277;-118.485244133827;16:51:48.30;7/13/2016;8;1.746;303.74;12.0453350093692;1.38;291.1;304.38;0.37;10.8;26.9;.01;18.16;18.16;93;63;562.1;16.2;-3.9;D;595.9;15;76.653;2;1.94;189;306.42;-118.48590892;33.44556293;0;0;1;N;2.216764;59;59;11;80;80;292.5913;0;9999.99;18.16;18.287;2;9;23.4;0;23.2999992370605;33.82;1528.88062;07/13/16;16:48:48;22.16;51.40;33.82;-0.138;8.37;-80.2;1.5;-0.2;-2892;114.9;8.23;12.2;
33.4451589385364;-118.485251697594;16:51:49.30;7/13/2016;8;2.051;306.01;12.0453350093692;1.38;291.5;304.79;0.08;14.2;27;.00;17.75;17.75;93;60;562.0;16.2;-3.7;D;629.6;15;75.739;2;1.95;189;306.38;-118.48590892;33.44556293;0;0;1;N;2.243015;57;57;11;78;78;292.4167;0;9999.99;17.74;17.86873;2;9;23.4;0;23.3999996185303;33.85;1529.16583;07/13/16;16:48:50;22.16;51.44;33.85;-0.108;8.37;-80.0;0.9;-5.6;-648;114.8;8.23;12.5;
33.4451650313191;-118.485257973429;16:51:50.31;7/13/2016;8;2.119;308.65;12.0453350093692;1.38;290.8;304.08;-0.01;17.1;27;.00;18.00;18.00;93;60;562.0;16.2;-3.7;D;629.6;15;74.869;2;1.97;189;306.23;-118.48590892;33.44556293;0;0;1;N;2.417465;57;57;11;76;76;291.2649;0;9999.99;18.00;18.12778;2;9;23.4;0;23.3999996185303;33.85;1529.16556;07/13/16;16:48:51;22.17;51.44;33.85;-0.085;8.38;-80.6;1.4;-2.6;-1400;114.9;8.23;12.4;
33.4451721666667;-118.485259833333;16:51:51.33;7/13/2016;8;1.624;314.01;12.0453350093692;1.38;290.7;303.98;-0.45;10.9;27;.00;18.27;18.27;93;60;562.0;16.2;-3.7;D;629.6;15;73.840;2;1.93;189;305.9;-118.48590892;33.44556293;0;0;1;N;2.803061;54;54;11;66;66;288.7691;0;9999.99;18.27;18.39364;2;9;23.4;0;23.3999996185303;33.85;1529.16556;07/13/16;16:48:51;22.17;51.44;33.85;-0.085;8.38;-80.6;1.4;-2.6;-1400;114.9;8.23;12.4;
33.4451789071956;-118.485268831442;16:51:52.34;7/13/2016;8;1.965;313.5;12.0453350093692;1.38;284.6;297.81;0.48;17.5;26.9;.01;17.89;17.90;93;60;562.0;16.2;-3.7;D;629.6;15;73.147;2;1.95;189;305.72;-118.48590892;33.44556293;0;0;1;N;2.887101;60;60;11;85;85;287.3509;0;9999.99;17.89;18.01633;2;9;23.4;0;23.3999996185303;33.83;1529.14397;07/13/16;16:48:53;22.17;51.42;33.83;0.090;8.38;-80.5;0.9;-3.7;-1348;114.9;8.23;12.4;
33.4451854518805;-118.485277171534;16:51:53.36;7/13/2016;8;1.776;309.7;12.0453350093692;1.38;282.6;295.78;0.79;17.6;26.9;.01;18.40;18.40;93;58;562.0;16.2;-3.6;D;645.2;15;72.094;2;1.96;189;305.61;-118.48590892;33.44556293;0;0;1;N;2.862762;62;62;11;90;90;286.7109;0;9999.99;18.40;18.53077;2;9;23.4;0;23.3999996185303;33.82;1529.13372;07/13/16;16:48:54;22.17;51.41;33.82;0.070;8.37;-80.1;1.6;-4.2;-1658;114.9;8.23;12.3;
33.4451892856687;-118.485284045948;16:51:54.39;7/13/2016;8;2.059;306.52;12.0453350093692;1.38;283.1;296.29;-1.83;10.4;26.9;.00;19.00;19.00;93;58;562.0;16.2;-3.6;D;645.2;15;71.327;2;1.95;189;305.63;-118.48590892;33.44556293;0;0;1;N;2.975343;46;46;11;90;90;287.091;0;9999.99;18.99;19.117;2;9;23.4;0;23.3999996185303;33.82;1529.13372;07/13/16;16:48:54;22.17;51.41;33.82;0.070;8.37;-80.1;1.6;-4.2;-1658;114.9;8.23;12.3;
33.4451941840647;-118.485293893004;16:51:55.39;7/13/2016;8;2.015;306.29;12.0453350093692;1.38;281.1;294.26;-1.55;16;26.9;.03;18.48;18.50;93;58;562.0;16.2;-3.6;D;645.2;15;70.268;2;1.99;189;305.7;-118.48590892;33.44556293;0;0;1;N;2.884564;48;48;11;102;102;287.9089;0;54.60;18.46;73.18959;2;9;23.4;0;23.3999996185303;33.85;1529.16625;07/13/16;16:48:56;22.16;51.44;33.85;0.138;8.38;-80.3;1.2;-3.1;-1872;114.9;8.23;12.4;
33.4451989947038;-118.485303401939;16:51:56.39;7/13/2016;8;1.869;306.29;12.0453350093692;1.38;280.5;293.65;-0.22;14.1;27;.04;18.67;18.71;93;60;561.9;16.2;-3.7;D;627.1;15;69.239;2;1.98;189;305.77;-118.48590892;33.44556293;0;0;1;N;2.752989;56;56;11;107;107;288.6726;0;35.42;18.67;54.21502;2;9;23.4;0;23.3999996185303;33.85;1529.16625;07/13/16;16:48:56;22.16;51.44;33.85;0.138;8.38;-80.3;1.2;-3.1;-1872;114.9;8.23;12.4;
33.4452007380114;-118.485317268154;16:51:57.41;7/13/2016;8;2.151;300.59;12.0453350093692;1.38;280.4;293.55;1.74;18.2;27;.02;18.76;18.78;93;60;561.9;16.2;-3.7;D;627.1;15;68.084;2;1.99;189;306.27;-118.48590892;33.44556293;0;0;1;N;2.640617;73;73;11;130;130;292.8678;0;9999.99;18.79;18.91274;2;9;23.4;0;23.3999996185303;33.84;1529.15755;07/13/16;16:48:58;22.16;51.43;33.84;0.097;8.37;-80.1;1.6;-0.6;-1951;114.9;8.23;12.5;
33.4452029928511;-118.485325890881;16:51:58.41;7/13/2016;8;1.84;300.59;12.0453350093692;1.38;284.5;297.71;-3.96;9.7;26.9;.01;18.75;18.76;93;60;561.9;16.2;-3.7;D;627.1;15;67.292;2;1.99;189;306.5;-118.48590892;33.44556293;0;0;1;N;1.925382;43;43;11;116;116;294.9167;0;9999.99;18.71;18.83288;2;9;23.4;0;23.3999996185303;33.84;1529.15755;07/13/16;16:48:58;22.16;51.43;33.84;0.097;8.37;-80.1;1.6;-0.6;-1951;114.9;8.23;12.5;
33.4452075567144;-118.485329854156;16:51:59.44;7/13/2016;8;1.487;300.59;12.0453350093692;1.38;285.5;298.72;0.16;17.1;27;.06;18.72;18.78;93;60;561.9;16.2;-3.7;D;627.1;15;66.694;2;1.97;189;306.33;-118.48590892;33.44556293;0;0;1;N;1.698099;54;54;11;113;113;293.7281;0;9999.99;18.71;18.83914;2;9;23.4;0;23.3999996185303;33.45;1528.7304;07/13/16;16:49:00;22.14;50.90;33.45;0.465;8.38;-80.4;0.9;-1.9;-3485;114.9;8.25;12.3;
33.4452156889788;-118.485338973444;16:52:00.45;7/13/2016;7;2.111;300.59;12.0453350093692;1.76;286.8;300.03;0.72;15.5;27;.05;18.84;18.89;93;61;561.9;16.2;-3.7;D;616.2;15;65.477;2;1.98;189;306.14;-118.48590892;33.44556293;0;0;1;N;1.930777;61;61;11;97;97;292.4887;0;9999.99;18.85;18.97546;2;9;23.4;0;23.3999996185303;33.85;1529.17109;07/13/16;16:49:01;22.12;51.44;33.85;0.316;8.38;-80.5;1.2;-3.4;-1721;114.9;8.24;12.4;
33.4452215917339;-118.485349427392;16:52:01.47;7/13/2016;8;2.102;300.59;12.0453350093692;1.76;286.7;299.93;2;18.8;26.9;.02;19.24;19.25;93;61;561.9;16.2;-3.7;D;616.2;15;64.307;2;2.04;189;306.17;-118.48590892;33.44556293;0;0;1;N;2.147002;69;69;11;99;99;293.0561;0;9999.99;19.25;19.37997;2;9;23.4;0;23.3999996185303;33.85;1529.17109;07/13/16;16:49:01;22.12;51.44;33.85;0.316;8.38;-80.5;1.2;-3.4;-1721;114.9;8.24;12.4;
33.4452227305591;-118.485355611368;16:52:02.48;7/13/2016;8;1.345;300.59;12.0453350093692;1.38;286;299.22;-3.2;8;27;.01;19.45;19.45;93;61;561.9;16.2;-3.7;D;616.2;15;63.770;2;2.06;189;306.39;-118.48590892;33.44556293;0;0;1;N;1.897549;43;43;11;109;109;294.7352;0;9999.99;19.40;19.52999;2;9;23.4;0;23.3999996185303;33.84;1529.15501;07/13/16;16:49:03;22.14;51.43;33.84;-0.187;8.38;-80.5;1.3;-5.3;36173;114.9;8.23;12.4;
33.4452268059716;-118.48536359414;16:52:03.52;7/13/2016;7;1.68;300.59;12.0453350093692;1.76;289.1;302.36;-1.97;8.8;26.9;.05;19.20;19.25;93;57;561.8;16.2;-3.5;D;659.4;15;62.904;2;1.99;189;306.45;-118.48590892;33.44556293;0;0;1;N;1.790049;45;45;11;99;99;295.4662;0;9999.99;19.18;19.30295;2;9;23.4;0;23.3999996185303;33.84;1529.15501;07/13/16;16:49:03;22.14;51.43;33.84;-0.187;8.38;-80.5;1.3;-5.3;36173;114.9;8.23;12.4;
33.4452325918465;-118.485372992149;16:52:04.53;7/13/2016;7;1.863;300.59;12.0453350093692;1.76;287.3;300.54;3.77;12.1;27;.06;19.30;19.36;93;57;561.8;16.2;-3.5;D;659.4;15;61.821;2;2.03;189;306.45;-118.48590892;33.44556293;0;0;1;N;1.761447;80;80;11;107;107;295.6613;0;9999.99;19.32;19.44295;2;9;23.4;0;23.3999996185303;33.79;1529.10521;07/13/16;16:49:05;22.12;51.36;33.79;0.521;8.38;-80.3;1.5;-2.3;-4653;114.9;8.24;12.4;
33.4452354920115;-118.485378788901;16:52:05.55;7/13/2016;7;1.363;300.59;12.0453350093692;1.76;289;302.26;2.45;15;27;.02;19.47;19.48;93;57;561.8;16.2;-3.5;D;659.4;15;61.197;2;2.04;189;306.51;-118.48590892;33.44556293;0;0;1;N;1.67892;72;72;11;103;103;296.2263;0;9999.99;19.50;19.6221;2;9;23.4;0;23.3999996185303;33.85;1529.16937;07/13/16;16:49:06;22.10;51.44;33.85;0.185;8.37;-80.2;1.3;-0.2;-3655;115.0;8.24;12.4;
33.4452397905552;-118.485393315015;16:52:06.58;7/13/2016;8;2.197;300.59;12.0453350093692;1.38;293.2;306.51;-1.19;5.71;27;.00;20.42;20.43;93;57;561.8;16.2;-3.5;D;659.4;15;59.830;2;2.09;189;306.91;-118.48590892;33.44556293;0;0;1;N;1.216342;50;50;11;99;99;299.4336;0;9999.99;20.40;20.527;2;9;23.4;0;23.3999996185303;33.86;1529.17708;07/13/16;16:49:07;22.10;51.45;33.86;-0.165;8.38;-80.4;0.9;-2.9;-2194;115.0;8.24;12.4;
33.4452427809212;-118.485406750785;16:52:07.59;7/13/2016;8;2.524;301.66;12.0453350093692;1.38;290.4;303.67;-0.11;17.4;26.9;.00;19.56;19.56;93;55;561.8;16.2;-3.4;D;679.5;15;58.636;2;2.05;189;307.38;-118.48590892;33.44556293;0;0;1;N;0.7107664;57;57;11;118;118;303.0017;0;9999.99;19.55;19.68014;2;9;23.4;0;23.3999996185303;33.86;1529.17632;07/13/16;16:49:08;22.11;51.45;33.86;0.024;8.37;-80.2;1.1;-0.5;1421;114.9;8.24;12.3;
33.4452390391746;-118.48542122167;16:52:08.59;7/13/2016;8;2.159;295.88;12.0453350093692;1.38;293.4;306.71;0;14.5;27;.00;19.74;19.74;93;55;561.8;16.2;-3.4;D;679.5;15;57.833;2;1.96;189;308.52;-118.48590892;33.44556293;0;0;1;N;0.4445565;57;57;11;150;150;311.2594;0;9999.99;19.75;19.87325;2;9;23.4;0;23.3999996185303;33.85;1529.16539;07/13/16;16:49:09;22.12;51.45;33.85;0.146;8.37;-80.1;2.3;-0.9;-1889;114.9;8.23;12.5;
33.4452430840596;-118.485431530826;16:52:09.59;7/13/2016;8;2.073;303.73;12.0453350093692;1.38;298.8;312.17;-0.42;7.2;27;.00;20.53;20.53;93;55;561.8;16.2;-3.4;D;679.5;15;56.805;2;1.92;189;308.76;-118.48590892;33.44556293;0;0;1;N;0.6958773;54;54;11;131;131;313.0502;0;9999.99;20.52;20.647;2;9;23.4;0;23.3999996185303;33.85;1529.16539;07/13/16;16:49:10;22.13;51.44;33.85;-0.105;8.37;-79.8;1.7;-1.7;-2212;114.9;8.23;12.4;
33.4452518344232;-118.485439254476;16:52:10.61;7/13/2016;8;2.09;311.89;12.0453350093692;1.38;299.7;313.08;0.99;6.29;27;.00;19.73;19.73;93;54;561.7;16.2;-3.3;D;691.5;15;55.638;2;2;189;308.44;-118.48590892;33.44556293;0;0;1;N;0.3747371;63;63;11;122;122;310.7606;0;9999.99;19.74;19.86867;2;9;23.3;0;23.3999996185303;33.84;1529.15446;07/13/16;16:49:11;22.13;51.43;33.84;-0.039;8.37;-80.1;1.5;-1.1;-3135;114.9;8.23;12.4;
33.4452562550587;-118.485452596252;16:52:11.61;7/13/2016;8;2.083;314.27;12.0453350093692;1.38;300.5;313.89;-1.98;6.64;27;.00;19.83;19.83;93;54;561.7;16.2;-3.3;D;691.5;15;54.364;2;2.02;189;308.85;-118.48590892;33.44556293;0;0;1;N;0.7552083;45;45;11;125;125;313.4715;0;9999.99;19.83;19.95776;2;9;23.4;0;23.3999996185303;33.83;1529.14353;07/13/16;16:49:12;22.12;51.41;33.83;-0.070;8.37;-80.1;0.9;0.9;-1534;114.8;8.23;12.3;
33.4452637031278;-118.485461731897;16:52:12.63;7/13/2016;7;2.248;314.27;12.0453350093692;1.76;302;315.4;-1.95;14.6;27;.01;19.82;19.83;93;54;561.7;16.2;-3.3;D;691.5;15;53.185;2;1.99;189;308.73;-118.48590892;33.44556293;0;0;1;N;0.6257458;45;45;11;116;116;312.5511;0;9999.99;19.80;19.92992;2;9;23.4;0;23.3999996185303;33.81;1529.1222;07/13/16;16:49:13;22.11;51.39;33.81;-0.066;8.37;-80.1;1.3;-1.2;-516;114.8;8.23;12.4;
33.445267969657;-118.485466393719;16:52:13.64;7/13/2016;8;1.656;321.29;12.0453350093692;1.38;306.1;319.55;-0.56;6.97;27;.01;20.46;20.47;93;54;561.7;16.2;-3.3;D;691.5;15;52.550;2;1.99;189;308.62;-118.48590892;33.44556293;0;0;1;N;0.5294868;52;52;11;95;95;311.8651;0;9999.99;20.46;20.58447;2;9;23.3;0;23.3999996185303;33.83;1529.14419;07/13/16;16:49:14;22.10;51.42;33.83;0.188;8.37;-80.1;1.2;1.2;-2042;114.8;8.23;12.3;
33.4452827309483;-118.48547285447;16:52:14.64;7/13/2016;8;2.059;331.44;12.0453350093692;1.38;312.4;325.93;0.79;11.1;27;.00;20.95;20.95;93;60;561.7;16.2;-3.7;D;629.9;15;51.066;2;1.97;189;307.6;-118.48590892;33.44556293;0;0;1;N;0.3713181;62;62;11;41;41;305.4211;0;9999.99;20.94;21.067;2;9;23.3;0;23.2999992370605;33.85;1528.9137;07/13/16;16:49:15;22.10;51.44;33.85;-0.061;8.38;-80.3;0.8;-2.5;-1691;114.8;8.23;12.3;
33.4452933147676;-118.485478509241;16:52:15.66;7/13/2016;8;2.503;321.85;12.0453350093692;1.38;307.8;321.27;0.37;14.8;27;.00;20.74;20.74;93;63;561.7;16.2;-3.8;D;599.6;15;49.936;2;1.97;189;306.9;-118.48590892;33.44556293;0;0;1;N;0.9992402;59;59;11;46;46;300.9588;0;9999.99;20.76;20.88525;2;9;23.3;0;23.2999992370605;33.86;1528.92414;07/13/16;16:49:16;22.10;51.45;33.86;-0.129;8.38;-80.3;1.6;-2.9;-1700;114.8;8.23;12.3;
33.4452997209234;-118.485486934698;16:52:16.66;7/13/2016;8;2.263;322.33;12.0453350093692;1.38;301.1;314.49;-1.32;12.7;27;.00;21.13;21.13;93;63;561.7;16.2;-3.8;D;599.6;15;48.883;2;2.06;189;306.78;-118.48590892;33.44556293;0;0;1;N;1.081248;50;50;11;59;59;300.3811;0;9999.99;21.12;21.247;2;9;23.3;0;23.2999992370605;33.85;1528.91321;07/13/16;16:49:17;22.11;51.44;33.85;-0.071;8.38;-80.4;1.0;-3.1;-1697;114.8;8.23;12.3;
33.4453046807344;-118.485498178432;16:52:17.66;7/13/2016;6;1.66;322.36;12.0453350093692;1.49;299.8;313.18;0.91;16.5;27;.00;20.54;20.54;93;63;561.7;16.2;-3.8;D;599.6;15;47.718;2;2.05;189;307;-118.48590892;33.44556293;0;0;1;N;0.879208;62;62;11;82;82;301.8065;0;9999.99;20.54;20.67071;2;9;23.3;0;23.2999992370605;33.85;1528.91325;07/13/16;16:49:18;22.12;51.44;33.85;0.076;8.38;-80.4;1.5;-2.9;-1304;114.8;8.23;12.4;
33.4453106967284;-118.485505468837;16:52:18.67;7/13/2016;7;1.999;323.15;12.0453350093692;1.38;301.5;314.9;-0.84;10.8;27;.00;21.06;21.06;93;63;561.7;16.2;-3.8;D;599.6;15;46.775;2;1.98;189;306.84;-118.48590892;33.44556293;0;0;1;N;0.9880151;52;52;11;72;72;301.0378;0;9999.99;21.06;21.19123;2;9;23.3;0;23.2999992370605;33.83;1528.89137;07/13/16;16:49:19;22.12;51.42;33.83;-0.087;8.38;-80.5;1.4;-7.5;759;114.7;8.23;12.4;
33.4453177106717;-118.485509201596;16:52:19.67;7/13/2016;7;2.174;328.42;12.0453350093692;1.38;300.5;313.89;0.73;10.3;27;.00;21.38;21.38;93;59;561.6;16.2;-3.6;D;638.6;15;46.032;2;1.95;189;306.32;-118.48590892;33.44556293;0;0;1;N;1.390143;61;61;11;64;64;298.2204;0;9999.99;21.38;21.507;2;9;23.3;0;23.2999992370605;33.81;1528.86946;07/13/16;16:49:20;22.11;51.38;33.81;-0.054;8.37;-80.1;1.6;-2.6;-3653;114.7;8.23;12.3;
33.4453275626184;-118.485515051428;16:52:20.67;7/13/2016;7;2.053;328.42;12.0453350093692;1.38;292.2;305.49;-0.17;11;27;.00;20.72;20.72;93;59;561.6;16.2;-3.6;D;638.6;15;44.949;2;1.98;189;305.61;-118.48590892;33.44556293;0;0;1;N;1.923773;59;59;11;71;71;294.5568;0;9999.99;20.73;20.85406;2;9;23.3;0;23.2999992370605;33.83;1528.89133;07/13/16;16:49:21;22.08;51.42;33.83;-0.104;8.37;-79.8;1.7;-4.1;-3221;114.8;8.24;12.5;
33.4453357886076;-118.485522231105;16:52:21.67;7/13/2016;7;2.106;329.55;12.0453350093692;1.38;291.7;304.99;-1.54;10.1;27;.00;21.16;21.16;93;59;561.6;16.2;-3.6;D;638.6;15;43.877;2;1.98;189;305.14;-118.48590892;33.44556293;0;0;1;N;2.240814;50;50;11;69;69;292.4303;0;9999.99;21.15;21.28073;2;9;23.4;0;23.3999996185303;33.85;1529.16564;07/13/16;16:49:22;22.07;51.45;33.85;-0.080;8.37;-80.2;1.1;-5.1;-1185;114.8;8.24;12.4;
33.4453431487748;-118.485530411992;16:52:22.67;7/13/2016;7;2.063;323.75;12.0453350093692;1.38;292.6;305.9;0.59;13.3;27;.00;21.61;21.62;93;59;561.6;16.2;-3.6;D;638.6;15;42.785;2;2;189;304.83;-118.48590892;33.44556293;0;0;1;N;2.417988;61;61;11;68;68;291.2605;0;9999.99;21.62;21.747;2;9;23.3;0;23.3999996185303;33.84;1529.15469;07/13/16;16:49:23;22.08;51.43;33.84;-0.085;8.37;-80.0;1.6;-3.3;-2587;114.8;8.23;12.4;
33.4453499638919;-118.485541022222;16:52:23.67;7/13/2016;7;2.208;311.12;12.0453350093692;1.38;291.6;304.89;-0.43;17.2;27;.01;20.23;20.24;93;60;561.6;16.2;-3.7;D;630.9;15;41.545;2;2.03;189;304.75;-118.48590892;33.44556293;0;0;1;N;2.40752;54;54;11;73;73;291.3292;0;9999.99;20.23;20.35995;2;9;23.4;0;23.3999996185303;33.85;1529.16586;07/13/16;16:49:24;22.09;51.44;33.85;-0.074;8.37;-80.2;1.5;-4.6;-1855;114.8;8.23;12.4;
33.445354345347;-118.485549936526;16:52:24.67;7/13/2016;7;2.009;308.85;12.0453350093692;1.38;292.6;305.9;0.5;18.2;27;.00;20.88;20.88;93;60;561.6;16.2;-3.7;D;630.9;15;40.587;2;2.02;189;304.85;-118.48590892;33.44556293;0;0;1;N;2.281571;59;59;11;74;74;292.1599;0;9999.99;20.87;20.99266;2;9;23.3;0;23.3999996185303;33.84;1529.1548;07/13/16;16:49:25;22.09;51.43;33.84;-0.020;8.37;-80.0;1.9;-1.2;-1147;114.7;8.23;12.3;
33.4453601831761;-118.485556771543;16:52:25.67;7/13/2016;7;1.71;306.66;12.0453350093692;1.38;293.9;307.21;0.03;9.8;26.9;.00;21.48;21.48;93;60;561.6;16.2;-3.7;D;630.9;15;39.696;2;2.02;189;304.61;-118.48590892;33.44556293;0;0;1;N;2.394542;57;57;11;62;62;291.4142;0;9999.99;21.47;21.59852;2;9;23.3;0;23.2999992370605;33.85;1528.91341;07/13/16;16:49:26;22.08;51.44;33.85;-0.088;8.38;-80.6;1.5;-4.3;-2281;114.7;8.23;12.3;
33.4453670897518;-118.485566453265;16:52:26.67;7/13/2016;7;2.3;312.63;12.0453350093692;1.38;289.6;302.87;1.22;8.9;26.9;.00;21.92;21.92;93;59;561.5;16.2;-3.6;D;635;15;38.521;2;2.06;189;304.42;-118.48590892;33.44556293;0;0;1;N;2.457741;64;64;11;80;80;290.9996;0;9999.99;21.92;22.047;2;9;23.3;0;23.2999992370605;33.86;1528.92442;07/13/16;16:49:27;22.09;51.46;33.86;-0.083;8.38;-80.3;1.4;-5.1;703;114.7;8.22;12.2;
33.4453729076627;-118.48557668122;16:52:27.67;7/13/2016;7;2.098;312.81;12.0453350093692;1.38;285.4;298.62;-1.71;14.8;26.9;.00;21.15;21.15;93;59;561.5;16.2;-3.6;D;635;15;37.373;2;2.09;189;304.43;-118.48590892;33.44556293;0;0;1;N;2.392483;51;51;11;95;95;291.4277;0;9999.99;21.16;21.28419;2;9;23.3;0;23.2999992370605;33.86;1528.92442;07/13/16;16:49:28;22.10;51.45;33.86;-0.083;8.38;-80.3;1.2;-1.6;-3019;114.7;8.22;12.3;
33.4453782021648;-118.485584535114;16:52:28.70;7/13/2016;7;2.013;308.97;12.0453350093692;1.38;286.2;299.43;0.05;11.2;26.9;.00;22.46;22.46;93;59;561.5;16.2;-3.6;D;635;15;36.439;2;2.01;189;304.31;-118.48590892;33.44556293;0;0;1;N;2.405067;57;57;11;95;95;291.3448;0;9999.99;22.45;22.577;2;9;23.3;0;23.2999992370605;33.84;1528.90254;07/13/16;16:49:29;22.11;51.43;33.84;-0.042;8.37;-80.2;1.2;0.2;-2870;114.7;8.22;12.4;
33.4453846260429;-118.485595369135;16:52:29.72;7/13/2016;7;1.994;306.27;12.0453350093692;1.38;286.4;299.63;0.57;8.6;27;.00;20.88;20.88;93;59;561.5;16.2;-3.6;D;635;15;35.206;2;2.02;189;304.27;-118.48590892;33.44556293;0;0;1;N;2.341968;60;60;11;96;96;291.7603;0;9999.99;20.89;21.01393;2;9;23.3;0;23.2999992370605;33.86;1528.92441;07/13/16;16:49:30;22.12;51.45;33.86;0.002;8.38;-80.7;1.7;-1.5;-1408;114.6;8.22;12.3;
33.4453899143165;-118.485604316644;16:52:30.72;7/13/2016;7;1.941;308.44;12.0453350093692;1.38;289.1;302.36;0.6;17;27;.00;21.85;21.85;93;61;561.5;16.2;-3.7;D;621.1;15;34.189;2;2.01;189;304.24;-118.48590892;33.44556293;0;0;1;N;2.298364;56;56;11;99;99;292.0482;0;9999.99;21.84;21.96626;2;9;23.3;0;23.2999992370605;33.83;1528.8914;07/13/16;16:49:31;22.13;51.42;33.83;-0.028;8.38;-80.5;1.7;-2.0;-767;114.6;8.21;12.4;
33.4453954126593;-118.485612601318;16:52:31.72;7/13/2016;7;1.839;305.1;12.0453350093692;1.38;287.8;301.05;-0.07;9.4;26.9;.00;22.15;22.15;93;61;561.5;16.2;-3.7;D;621.1;15;33.209;2;2;189;304.12;-118.48590892;33.44556293;0;0;1;N;2.299123;57;57;11;91;91;292.0432;0;9999.99;22.15;22.27353;2;9;23.3;0;23.2999992370605;33.85;1528.91332;07/13/16;16:49:32;22.12;51.44;33.85;0.013;8.38;-80.5;1.4;-3.7;-1024;114.5;8.21;12.2;
33.4454004515138;-118.485622504057;16:52:32.72;7/13/2016;7;2.138;304.71;12.0453350093692;1.38;286.6;299.83;0.62;5.78;26.9;.00;21.60;21.60;93;61;561.5;16.2;-3.7;D;621.1;15;32.134;2;2.07;189;304.21;-118.48590892;33.44556293;0;0;1;N;2.17374;61;61;11;99;99;292.876;0;9999.99;21.60;21.72352;2;9;23.3;0;23.2999992370605;33.85;1528.91343;07/13/16;16:49:33;22.13;51.45;33.85;-0.036;8.38;-80.3;1.5;-5.0;-1080;114.6;8.21;12.3;
33.4454055532663;-118.485631240655;16:52:33.73;7/13/2016;7;2.332;304.86;12.0453350093692;1.38;285;298.21;-1.25;8.9;26.9;.00;22.03;22.03;93;60;561.4;16.2;-3.7;D;622.2;15;31.145;2;2.03;189;304.19;-118.48590892;33.44556293;0;0;1;N;2.125192;49;49;11;107;107;293.2001;0;9999.99;22.03;22.16076;2;9;23.3;0;23.2999992370605;33.85;1528.91358;07/13/16;16:49:34;22.13;51.45;33.85;0.027;8.38;-80.6;1.3;-3.5;-1668;114.6;8.21;12.4;
33.4454117432894;-118.485642443956;16:52:34.77;7/13/2016;7;2.175;305.22;12.0453350093692;1.38;290.2;303.47;-0.85;14;26.9;.02;21.78;21.81;93;60;561.4;16.2;-3.7;D;622.2;15;29.898;2;2.06;189;304.21;-118.48590892;33.44556293;0;0;1;N;2.01782;52;52;11;89;89;293.9207;0;9999.99;21.76;21.8907;2;9;23.3;0;23.2999992370605;33.84;1528.90265;07/13/16;16:49:35;22.14;51.42;33.84;0.063;8.38;-80.5;1.2;1.0;-1621;114.5;8.21;12.5;
33.4454163927797;-118.485652293802;16:52:35.77;7/13/2016;8;1.804;306.34;12.0453350093692;1.38;287;300.24;1.47;18.6;26.9;.02;22.14;22.16;93;60;561.4;16.2;-3.7;D;622.2;15;28.852;2;2.05;189;304.39;-118.48590892;33.44556293;0;0;1;N;1.870706;66;66;11;106;106;294.9156;0;9999.99;22.14;22.26477;2;9;23.3;0;23.2999992370605;33.81;1528.87198;07/13/16;16:49:36;22.14;51.39;33.81;0.144;8.38;-80.5;1.3;-0.8;-2631;114.5;8.21;12.3;
33.4454198021442;-118.485661920359;16:52:36.77;7/13/2016;8;2.018;301.28;12.0453350093692;1.38;289.3;302.56;-1.36;13.1;26.9;.00;22.83;22.83;93;60;561.4;16.2;-3.7;D;622.2;15;27.901;2;2.04;189;304.78;-118.48590892;33.44556293;0;0;1;N;1.610153;49;49;11;104;104;296.6972;0;9999.99;22.83;22.95571;2;9;23.3;0;23.2999992370605;33.82;1528.88198;07/13/16;16:49:37;22.12;51.40;33.82;-0.005;8.38;-80.3;1.3;-1.3;-1667;114.5;8.21;12.5;
33.4454237130293;-118.485670677323;16:52:37.77;7/13/2016;8;1.71;301.28;12.0453350093692;1.38;289.2;302.46;2.03;16.5;26.9;.00;23.06;23.06;93;59;561.4;16.2;-3.6;D;635;15;26.986;2;1.99;189;305;-118.48590892;33.44556293;0;0;1;N;1.44816;68;68;11;101;101;297.8164;0;9999.99;23.05;23.177;2;9;23.3;0;23.2999992370605;33.87;1528.93536;07/13/16;16:49:38;22.12;51.47;33.87;-0.056;8.38;-80.6;0.6;-2.2;-4250;114.5;8.21;12.5;
33.4454280141668;-118.485677741504;16:52:38.77;7/13/2016;8;2.029;304.09;12.0453350093692;1.38;292.7;306;-0.94;7.62;26.8;.00;22.79;22.79;93;59;561.4;16.2;-3.6;D;635;15;26.175;2;1.94;189;304.97;-118.48590892;33.44556293;0;0;1;N;1.419988;49;49;11;104;104;298.0119;0;9999.99;22.79;22.91767;2;9;23.3;0;23.2999992370605;33.85;1528.91352;07/13/16;16:49:39;22.13;51.44;33.85;-0.136;8.38;-80.4;1.1;-3.7;-2691;114.5;8.21;12.4;
33.4454347323374;-118.485686675005;16:52:39.77;7/13/2016;7;2.118;307.36;12.0453350093692;1.38;292.9;306.2;0.55;16.9;26.9;.00;22.58;22.58;93;62;561.3;16.2;-3.8;D;608;15;25.068;2;1.94;189;304.66;-118.48590892;33.44556293;0;0;1;N;1.493999;60;60;11;92;92;297.4987;0;9999.99;22.58;22.70487;2;9;23.3;0;23.2999992370605;33.85;1528.91333;07/13/16;16:49:40;22.13;51.44;33.85;0.028;8.38;-80.3;1.3;-1.5;-3240;114.5;8.21;12.3;
33.4454417052216;-118.485696714343;16:52:40.77;7/13/2016;8;1.953;306.19;12.0453350093692;1.38;291.8;305.09;-0.95;15;26.8;.00;23.56;23.56;93;62;561.3;16.2;-3.8;D;608;15;23.861;2;1.93;189;304.4;-118.48590892;33.44556293;0;0;1;N;1.534351;53;53;11;103;103;297.2195;0;9999.99;23.57;23.697;2;9;23.3;0;23.2999992370605;33.84;1528.90239;07/13/16;16:49:41;22.14;51.42;33.84;-0.084;8.38;-80.3;0.2;-6.2;-338;114.5;8.21;12.4;
33.4454477468519;-118.485702581421;16:52:41.77;7/13/2016;8;2.032;299.08;12.0453350093692;1.38;299.7;313.08;1.25;11.5;26.9;.00;23.57;23.57;93;62;561.3;16.2;-3.8;D;608;15;23.034;2;1.9;189;303.78;-118.48590892;33.44556293;0;0;1;N;1.708469;65;65;11;59;59;296.0217;0;9999.99;23.55;23.677;2;9;23.3;0;23.2999992370605;33.84;1528.90227;07/13/16;16:49:42;22.13;51.42;33.84;-0.101;8.38;-80.3;1.8;2.2;-2756;114.5;8.21;12.4;
33.4454535992958;-118.485715041414;16:52:42.77;7/13/2016;8;2.257;302.57;12.0453350093692;1.38;295.1;308.43;0.46;20.4;26.8;.01;23.38;23.38;93;57;561.3;16.2;-3.5;D;654.7;15;21.711;2;1.98;189;304.05;-118.48590892;33.44556293;0;0;1;N;1.515204;60;60;11;83;83;297.3517;0;9999.99;23.38;23.507;2;9;23.3;0;23.2999992370605;33.84;1528.90228;07/13/16;16:49:43;22.13;51.43;33.84;-0.071;8.37;-80.2;1.6;-2.6;-1397;114.5;8.21;12.4;
33.4454590532284;-118.485728410407;16:52:43.77;7/13/2016;8;3.018;299.57;12.0453350093692;1.38;297.5;310.85;0.03;12.4;26.9;.00;22.32;22.32;93;57;561.3;16.2;-3.5;D;654.7;15;20.345;2;2;189;304.59;-118.48590892;33.44556293;0;0;1;N;1.222127;57;57;11;81;81;299.3909;0;9999.99;22.31;22.43523;2;9;23.3;0;23.2999992370605;33.84;1528.90265;07/13/16;16:49:44;22.14;51.43;33.84;-0.102;8.37;-80.2;0.8;-1.8;-948;114.5;8.21;12.3;
33.4454652955782;-118.485738969042;16:52:44.80;7/13/2016;8;2.112;302.77;12.0453350093692;1.38;288.1;301.35;-0.83;15.1;26.9;.00;23.28;23.28;93;57;561.3;16.2;-3.5;D;654.7;15;19.144;2;2.02;189;304.55;-118.48590892;33.44556293;0;0;1;N;1.184057;52;52;11;120;120;299.6572;0;9999.99;23.27;23.39695;2;9;23.3;0;23.2999992370605;33.84;1528.90254;07/13/16;16:49:45;22.14;51.43;33.84;-0.022;8.37;-80.1;1.2;-1.7;-1428;114.5;8.21;12.4;
33.4454709237443;-118.485748472344;16:52:45.80;7/13/2016;8;2.419;303.2;12.0453350093692;1.39;292.7;306;-0.3;12.7;26.9;.00;23.21;23.21;93;57;561.3;16.2;-3.5;D;654.7;15;18.063;2;2;189;304.5;-118.48590892;33.44556293;0;0;1;N;1.123354;55;55;11;103;103;300.083;0;9999.99;23.21;23.33843;2;9;23.3;0;23.2999992370605;33.82;1528.88047;07/13/16;16:49:46;22.14;51.40;33.82;-0.119;8.37;-80.1;1.5;-1.1;-815;114.5;8.20;12.4;
33.4454764997071;-118.485752684324;16:52:46.80;7/13/2016;8;2.217;311.28;12.0453350093692;1.39;292.4;305.7;-1.85;8.1;26.8;.01;23.76;23.77;93;60;561.2;16.2;-3.6;D;631.1;15;17.392;2;1.96;189;303.54;-118.48590892;33.44556293;0;0;1;N;1.373746;46;46;11;98;98;298.3326;0;9999.99;23.76;23.887;2;9;23.3;0;23.2999992370605;33.83;1528.89203;07/13/16;16:49:47;22.13;51.42;33.83;-0.045;8.37;-80.1;0.4;-3.4;-246;114.5;8.20;12.4;
33.4454844266683;-118.48576164693;16:52:47.80;7/13/2016;8;2.176;314.86;12.0453350093692;1.39;296.8;310.14;0.57;17.1;26.9;.00;23.35;23.35;93;60;561.2;16.2;-3.6;D;631.1;15;16.215;2;2.05;189;302.57;-118.48590892;33.44556293;0;0;1;N;1.546435;61;61;11;80;80;297.1355;0;9999.99;23.34;23.47141;2;9;23.3;0;23.2999992370605;33.86;1528.92502;07/13/16;16:49:48;22.13;51.45;33.86;0.069;8.37;-80.1;1.0;-7.4;-3758;114.4;8.20;12.3;
33.445489088124;-118.485771106347;16:52:48.80;7/13/2016;8;1.677;313.06;12.0453350093692;1.39;292.9;306.2;0.45;19.2;26.9;.00;23.27;23.27;93;60;561.2;16.2;-3.6;D;631.1;15;15.196;2;2.04;189;302.71;-118.48590892;33.44556293;0;0;1;N;1.416939;60;60;11;90;90;298.0322;0;9999.99;23.27;23.39671;2;9;23.3;0;23.2999992370605;33.85;1528.9134;07/13/16;16:49:49;22.13;51.44;33.85;-0.086;8.37;-80.0;0.7;-4.0;-2361;114.5;8.20;12.4;
33.4454933963626;-118.485777394733;16:52:49.81;7/13/2016;8;1.722;308.52;12.0453350093692;1.39;298.5;311.86;0.71;11.2;26.9;.00;24.11;24.11;93;59;561.2;16.2;-3.6;D;635.6;15;14.446;2;1.94;189;302.36;-118.48590892;33.44556293;0;0;1;N;1.415793;62;62;11;56;56;298.04;0;9999.99;24.11;24.23746;2;9;23.3;0;23.2999992370605;33.85;1528.91323;07/13/16;16:49:51;22.12;51.44;33.85;-0.102;8.37;-80.2;1.5;0.5;1106;114.5;8.20;12.4;
33.4454989080956;-118.485785363371;16:52:50.84;7/13/2016;8;2.101;309.87;12.0453350093692;1.47;286.6;299.83;-1.06;13.1;26.9;.01;23.17;23.18;93;59;561.2;16.2;-3.6;D;635.6;15;13.494;2;1.94;189;301.84;-118.48590892;33.44556293;0;0;1;N;1.470954;52;52;11;112;112;297.6572;0;9999.99;23.16;23.28703;2;9;23.3;0;23.2999992370605;33.85;1528.91323;07/13/16;16:49:51;22.12;51.44;33.85;-0.102;8.37;-80.2;1.5;0.5;1106;114.5;8.20;12.4;
33.4455047654806;-118.485792687955;16:52:51.84;7/13/2016;8;1.777;313.92;12.0453350093692;1.39;291.1;304.38;-1.36;17.1;27;.01;22.46;22.46;93;59;561.2;16.2;-3.6;D;635.6;15;12.575;2;1.97;189;300.95;-118.48590892;33.44556293;0;0;1;N;1.569822;44;44;11;111;111;296.9738;0;9999.99;22.46;22.58418;2;9;23.3;0;23.2999992370605;33.84;1528.90272;07/13/16;16:49:53;22.12;51.43;33.84;0.060;8.38;-80.4;1.3;-2.6;-847;114.5;8.21;12.3;
33.4455093188665;-118.485799303704;16:52:52.84;7/13/2016;8;1.653;311.64;12.0453350093692;1.39;294.1;307.42;1.04;17.9;26.9;.00;24.40;24.41;93;59;561.2;16.2;-3.6;D;635.6;15;11.789;2;2.03;189;300.38;-118.48590892;33.44556293;0;0;1;N;1.585881;60;60;11;103;103;296.8631;0;9999.99;24.41;24.53324;2;9;23.3;0;23.2999992370605;33.84;1528.90272;07/13/16;16:49:53;22.12;51.43;33.84;0.060;8.38;-80.4;1.3;-2.6;-847;114.5;8.21;12.3;
33.4455132770315;-118.485807946793;16:52:53.84;7/13/2016;8;1.744;306.53;12.0453350093692;1.39;295.4;308.73;-0.03;13.4;26.9;.00;22.86;22.86;93;57;561.1;16.2;-3.5;D;653.2;15;10.874;2;2.01;189;300.51;-118.48590892;33.44556293;0;0;1;N;1.425505;57;57;11;84;84;297.973;0;9999.99;22.86;22.99072;2;9;23.3;0;23.2999992370605;33.83;1528.89157;07/13/16;16:49:55;22.13;51.42;33.83;-0.068;8.38;-80.5;0.0;-1.5;-4866;114.5;8.21;12.4;
33.4455171635993;-118.485813783581;16:52:54.84;7/13/2016;8;1.759;305.93;12.0453350093692;1.39;292.8;306.1;0.03;8.2;26.9;.00;24.53;24.54;93;57;561.1;16.2;-3.5;D;653.2;15;10.189;2;1.94;189;299.96;-118.48590892;33.44556293;0;0;1;N;1.431906;56;56;11;88;88;297.9286;0;9999.99;24.53;24.657;2;9;23.3;0;23.2999992370605;33.83;1528.89157;07/13/16;16:49:55;22.13;51.42;33.83;-0.068;8.38;-80.5;0.0;-1.5;-4866;114.5;8.21;12.4;
33.4455237622981;-118.48582116567;16:52:55.84;7/13/2016;8;2.095;312.35;12.0453350093692;1.39;293.4;306.71;-1.24;11.1;26.9;.00;23.80;23.80;93;59;561.1;16.2;-3.6;D;634;15;9.234;2;1.92;189;298.14;-118.48590892;33.44556293;0;0;1;N;1.588733;50;50;11;88;88;296.8438;0;9999.99;23.81;23.93747;2;9;23.3;0;23.2999992370605;33.84;1528.90244;07/13/16;16:49:57;22.12;51.43;33.84;-0.135;8.35;-78.6;0.6;-2.5;-2025;114.5;8.21;12.4;
33.4455307518282;-118.485828773817;16:52:56.84;7/13/2016;7;1.903;312.35;12.0453350093692;1.94;291.5;304.79;-0.63;13.1;27;.01;24.70;24.72;93;59;561.1;16.2;-3.6;D;634;15;8.252;2;2;189;295.7;-118.48590892;33.44556293;0;0;1;N;1.766587;53;53;11;90;90;295.624;0;9999.99;24.70;24.827;2;9;23.3;0;23.2999992370605;33.84;1528.90244;07/13/16;16:49:57;22.12;51.43;33.84;-0.135;8.35;-78.6;0.6;-2.5;-2025;114.5;8.21;12.4;
33.4455390500478;-118.485839015626;16:52:57.86;7/13/2016;8;2.185;312.35;12.0453350093692;1.39;290.7;303.98;-0.09;22.5;26.9;.01;37.58;37.59;93;59;561.1;16.2;-3.6;D;634;15;7.009;2;2.07;189;292.26;-118.48590892;33.44556293;0;0;1;N;1.911992;56;56;11;90;90;294.6349;0;9999.99;37.58;37.70849;2;9;23.3;0;23.2999992370605;33.82;1528.88164;07/13/16;16:49:59;22.12;51.41;33.82;0.042;8.38;-80.4;1.4;-5.8;21;114.5;8.21;12.4;
33.4455445845917;-118.485845624636;16:52:58.89;7/13/2016;8;2.111;312.76;12.0453350093692;1.39;293.6;306.91;1.77;10.4;26.9;.01;37.58;37.58;93;63;561.1;16.2;-3.8;D;598.5;15;6.217;2;2.03;189;289.16;-118.48590892;33.44556293;0;0;1;N;2.011668;68;68;11;75;75;293.9621;0;9999.99;37.58;37.70849;2;9;23.3;0;23.2999992370605;33.82;1528.88164;07/13/16;16:49:59;22.12;51.41;33.82;0.042;8.38;-80.4;1.4;-5.8;21;114.5;8.21;12.4;
33.445550867286;-118.485850803167;16:52:59.89;7/13/2016;8;2.043;312.14;12.0453350093692;1.39;295.4;308.73;-0.5;8.7;26.9;.00;37.58;37.58;93;63;561.1;16.2;-3.8;D;598.5;15;5.557;2;1.96;189;283.97;-118.48590892;33.44556293;0;0;1;N;2.259808;54;54;11;61;61;292.3025;0;9999.99;37.58;37.70849;2;9;23.3;0;23.2999992370605;33.84;1528.90252;07/13/16;16:50:00;22.11;51.42;33.84;-0.005;8.38;-80.3;1.9;-3.2;328;114.5;8.21;12.4;
33.4455591668728;-118.48585994205;16:53:00.89;7/13/2016;8;2.109;316.27;12.0453350093692;1.39;294.8;308.12;0.73;15.6;26.9;.01;24.24;24.24;93;63;561.1;16.2;-3.8;D;598.5;15;4.564;2;1.95;189;275.26;-118.48590892;33.44556293;0;0;1;N;2.47006;59;59;11;69;69;290.9169;0;9999.99;24.23;24.35594;2;9;23.3;0;23.2999992370605;33.84;1528.90281;07/13/16;16:50:02;22.10;51.43;33.84;-0.097;8.38;-80.5;-0.4;-5.9;-1163;114.5;8.21;12.4;
33.4455647927165;-118.485864290328;16:53:01.91;7/13/2016;8;2.226;318.45;12.0453350093692;1.39;289.8;303.07;-1.06;24.2;26.9;.00;24.09;24.09;93;63;561.1;16.2;-3.8;D;598.5;15;4.146;2;2.06;189;267.14;-118.48590892;33.44556293;0;0;1;N;2.719623;52;52;11;73;73;289.3028;0;9999.99;24.10;24.22544;2;9;23.3;0;23.2999992370605;33.84;1528.90281;07/13/16;16:50:02;22.10;51.43;33.84;-0.097;8.38;-80.5;-0.4;-5.9;-1163;114.5;8.21;12.4;
33.445570210257;-118.485873961631;16:53:02.91;7/13/2016;8;1.762;305.61;12.0453350093692;1.39;289.5;302.76;2.17;17.9;26.9;.01;24.64;24.65;93;62;561.0;16.2;-3.8;D;601.5;15;3.343;2;2.08;189;255.99;-118.48590892;33.44556293;0;0;1;N;2.637034;70;70;11;75;75;289.8239;0;9999.99;24.63;24.75868;2;9;23.3;0;23.2999992370605;33.84;1528.90276;07/13/16;16:50:04;22.11;51.42;33.84;-0.048;8.37;-80.1;-0.3;-3.2;-1340;114.4;8.20;12.4;
33.4455727519894;-118.485884788685;16:53:03.92;7/13/2016;8;2.199;297.12;12.0453350093692;1.39;284.5;297.71;-1.53;11;26.8;.01;24.48;24.49;93;62;561.0;16.2;-3.8;D;601.5;15;2.492;2;2.05;189;244;-118.48590892;33.44556293;0;0;1;N;2.248186;53;53;11;99;99;292.3773;0;9999.99;24.49;24.62093;2;9;23.3;0;23.2999992370605;33.84;1528.90276;07/13/16;16:50:04;22.11;51.42;33.84;-0.048;8.37;-80.1;-0.3;-3.2;-1340;114.4;8.20;12.4;
33.4455769333841;-118.485893756011;16:53:04.92;7/13/2016;8;1.878;297.88;12.0453350093692;1.39;287.5;300.74;-2.79;3.96;26.8;.02;25.64;25.66;93;62;561.0;16.2;-3.8;D;601.5;16;178.935;2;1.99;189;126.23;-118.48433821;33.44462574;0;0;1;N;2.082003;43;43;11;5;5;140.1455;0;9999.99;25.62;25.747;2;9;23.3;0;23.2999992370605;33.84;1528.90369;07/13/16;16:50:06;22.10;51.43;33.84;0.233;8.38;-80.6;0.4;3.0;-1994;114.5;8.21;12.4;
33.445580582429;-118.485903383799;16:53:05.92;7/13/2016;8;1.819;303.77;12.0453350093692;1.39;278.8;291.93;0.69;7.26;26.8;.02;25.13;25.15;93;59;561.0;16.2;-3.6;D;639.4;16;179.895;2;2;189;126.17;-118.48433821;33.44462574;0;0;1;N;1.915248;61;61;11;5;5;137.3637;0;9999.99;25.12;25.247;2;9;23.3;0;23.2999992370605;33.84;1528.90369;07/13/16;16:50:06;22.10;51.43;33.84;0.233;8.38;-80.6;0.4;3.0;-1994;114.5;8.21;12.4;
33.4455874695024;-118.485912845576;16:53:06.92;7/13/2016;8;2.127;307.67;12.0453350093692;1.39;267.9;280.84;-1.94;24.3;26.8;.01;24.85;24.86;93;59;561.0;16.2;-3.6;D;639.4;16;181.056;2;2.01;189;126.2;-118.48433821;33.44462574;0;0;1;N;2.051979;45;45;11;5;5;135.8287;0;9999.99;24.86;24.99151;2;9;23.3;0;23.2999992370605;33.84;1528.90343;07/13/16;16:50:07;22.10;51.43;33.84;-0.054;8.38;-80.3;0.7;-5.3;-3534;114.5;8.21;12.4;
33.4455910012728;-118.485923270839;16:53:07.92;7/13/2016;8;2.114;307.67;12.0453350093692;1.39;264.8;277.68;1.24;9.4;26.8;.02;25.21;25.23;93;59;561.0;16.2;-3.6;D;639.4;16;182.069;2;1.99;189;126.12;-118.48433821;33.44462574;0;0;1;N;1.821106;62;62;11;5;5;133.4175;0;9999.99;25.21;25.33373;2;9;23.3;0;23.2999992370605;33.83;1528.89222;07/13/16;16:50:08;22.11;51.41;33.83;-0.151;8.37;-80.2;0.5;110.8;42045;114.5;8.21;12.2;
33.4455980132569;-118.485926278542;16:53:08.92;7/13/2016;8;2.205;307.67;12.0453350093692;1.76;255.7;268.34;1.77;17.2;26.8;.01;25.00;25.01;93;59;561.0;16.2;-3.6;D;639.4;16;182.754;2;2.02;189;126.27;-118.48433821;33.44462574;0;0;1;N;2.299146;74;74;11;5;5;134.5527;0;9999.99;25.01;25.13737;2;9;23.3;0;23.2999992370605;33.84;1528.90358;07/13/16;16:50:10;22.10;51.43;33.84;-0.145;8.38;-80.6;1.1;6.0;-871;114.5;8.21;12.4;
33.4455996024202;-118.485932924753;16:53:09.92;7/13/2016;8;1.522;307.67;12.0453350093692;1.39;251.4;263.91;-2;4.56;26.8;.00;24.14;24.15;93;66;560.9;16.2;-4;D;572;16;183.356;2;1.81;189;126.2;-118.48433821;33.44462574;0;0;1;N;2.093416;45;45;11;5;5;133.1827;0;9999.99;24.14;24.2665;2;9;23.3;0;23.2999992370605;33.84;1528.90358;07/13/16;16:50:10;22.10;51.43;33.84;-0.145;8.38;-80.6;1.1;6.0;-871;114.5;8.21;12.4;
33.4456009137242;-118.485940956978;16:53:10.92;7/13/2016;8;1.657;307.67;12.0453350093692;1.39;243.6;255.83;1.44;12.8;26.9;.01;25.02;25.03;93;66;560.9;16.2;-4;D;572;16;184.044;2;1.81;190;126.1;-118.48433821;33.44462574;0;0;1;N;1.791493;66;66;11;5;5;131.6042;0;31.67;25.01;56.807;2;9;23.3;0;23.2999992370605;33.84;1528.90278;07/13/16;16:50:12;22.10;51.43;33.84;0.087;8.38;-80.4;0.1;-2.4;-1872;114.5;8.21;12.3;
33.4455993279717;-118.485951769297;16:53:11.92;7/13/2016;8;1.946;286.97;12.0453350093692;1.39;234.5;246.35;1.49;9.9;26.8;.00;24.46;24.46;93;66;560.9;16.2;-4;D;572;16;184.752;2;1.84;190;125.87;-118.48433821;33.44462574;0;0;1;N;1.064017;66;66;11;5;5;128.9006;0;9999.99;24.47;24.59567;2;9;23.3;0;23.2999992370605;33.84;1528.90278;07/13/16;16:50:12;22.10;51.43;33.84;0.087;8.38;-80.4;0.1;-2.4;-1872;114.5;8.21;12.3;
33.4455980729427;-118.485962810776;16:53:12.92;7/13/2016;8;1.727;272.02;12.0453350093692;1.39;226.2;237.65;1.47;12.8;26.8;.00;25.87;25.87;93;64;560.8;16.2;-3.9;D;588.9;16;185.502;2;1.79;190;125.65;-118.48433821;33.44462574;0;0;1;N;0.3602506;66;66;11;5;5;126.6174;0;9999.99;25.88;26.007;2;9;23.3;0;23.2999992370605;33.83;1528.89135;07/13/16;16:50:14;22.10;51.42;33.83;-0.174;8.38;-80.6;0.8;-8.8;-1043;114.5;8.21;12.5;
33.4455926716238;-118.485972593268;16:53:13.92;7/13/2016;8;1.867;259.5;12.0453350093692;1.39;218.8;229.86;-1.77;11.8;26.8;.00;25.10;25.10;93;64;560.8;16.2;-3.9;D;588.9;16;185.892;2;1.83;190;125.34;-118.48433821;33.44462574;0;0;1;N;0.6330952;46;46;11;5;5;123.7872;0;9999.99;25.11;25.23936;2;9;23.3;0;23.2999992370605;33.83;1528.89135;07/13/16;16:50:14;22.10;51.42;33.83;-0.174;8.38;-80.6;0.8;-8.8;-1043;114.5;8.21;12.5;
33.4455840280413;-118.485978221696;16:53:14.95;7/13/2016;8;1.681;259.5;12.0453350093692;1.39;214.2;225.02;1.35;8.6;26.8;.00;25.51;25.51;93;64;560.8;16.2;-3.9;D;588.9;16;185.766;2;1.83;190;125;-118.48433821;33.44462574;0;0;1;N;1.699417;61;61;11;5;5;120.7535;0;9999.99;25.49;25.617;2;9;23.3;0;23.2999992370605;33.83;1528.89146;07/13/16;16:50:15;22.09;51.42;33.83;-0.026;8.38;-80.5;1.0;-0.4;-1132;114.4;8.21;12.4;
33.445572131752;-118.485983314922;16:53:15.95;7/13/2016;8;1.748;242.6;12.0453350093692;1.39;211.6;222.28;-2.91;2.28;26.9;.01;25.73;25.74;93;64;560.8;16.2;-3.9;D;588.9;16;185.399;2;1.75;190;124.58;-118.48433821;33.44462574;0;0;1;N;3.084972;43;43;11;5;5;116.5677;0;9999.99;25.74;25.867;2;9;23.3;0;23.2999992370605;33.84;1528.90294;07/13/16;16:50:17;22.08;51.42;33.84;0.096;8.38;-80.5;1.5;2.1;-2595;114.4;8.20;12.6;
33.4455658049484;-118.485995457809;16:53:16.98;7/13/2016;8;1.797;238.11;12.0453350093692;1.62;199;209.01;-0.25;14.3;26.9;.03;25.72;25.76;93;65;560.8;16.2;-4;D;581.2;16;185.931;2;1.7;191;124.21;-118.48433821;33.44462574;0;0;1;N;4.30099;55;55;11;5;5;113.6755;0;9999.99;25.70;25.827;2;9;23.3;0;23.2999992370605;33.84;1528.90294;07/13/16;16:50:17;22.08;51.42;33.84;0.096;8.38;-80.5;1.5;2.1;-2595;114.4;8.20;12.6;
33.4455595616142;-118.486000823107;16:53:17.98;7/13/2016;8;1.592;238.11;12.0453350093692;1.62;183.2;192.51;1.88;15.9;26.9;.02;25.20;25.22;93;65;560.8;16.2;-4;D;581.2;16;185.954;2;1.72;191;123.94;-118.48433821;33.44462574;0;0;1;N;5.161286;68;68;11;5;5;111.4226;0;9999.99;25.21;25.33574;2;9;23.3;0;23.2999992370605;33.84;1528.90464;07/13/16;16:50:19;22.07;51.42;33.84;0.000;8.38;-80.5;1.2;-3.0;1459;114.4;8.21;12.4;
33.4455527791138;-118.486002377602;16:53:19.00;7/13/2016;8;1.55;238.11;12.0453350093692;1.39;176.2;185.29;-0.45;17.4;26.9;.00;24.73;24.74;93;65;560.8;16.2;-4;D;581.2;16;185.654;2;1.77;191;123.73;-118.48433821;33.44462574;0;0;1;N;5.873773;54;54;11;5;5;109.1362;0;9999.99;24.75;24.87851;2;9;23.3;0;23.2999992370605;33.84;1528.90464;07/13/16;16:50:19;22.07;51.42;33.84;0.000;8.38;-80.5;1.2;-3.0;1459;114.4;8.21;12.4;
33.4455428628566;-118.486003610781;16:53:20.00;7/13/2016;8;2.013;214;12.0453350093692;1.39;169.3;178.24;1.24;13.9;26.8;.01;25.42;25.43;93;63;560.7;16.2;-3.8;D;598.3;16;185.140;2;1.81;191;123.42;-118.48433821;33.44462574;0;0;1;N;6.843717;64;64;11;5;5;105.7206;0;9999.99;25.42;25.55055;2;9;23.3;0;23.2999992370605;33.83;1528.89174;07/13/16;16:50:21;22.07;51.42;33.83;0.028;8.38;-80.6;1.0;-1.1;-3345;114.5;8.21;12.4;
33.4455338276896;-118.48600456407;16:53:21.02;7/13/2016;8;1.985;195.02;12.0453350093692;1.39;160.7;169.57;0.52;11.7;26.8;.00;24.85;24.85;93;63;560.7;16.2;-3.8;D;598.3;16;184.662;2;1.79;191;123.15;-118.48433821;33.44462574;0;0;1;N;7.712236;57;57;11;5;5;102.4536;0;9999.99;24.86;24.98445;2;9;23.3;0;23.2999992370605;33.83;1528.89174;07/13/16;16:50:21;22.07;51.42;33.83;0.028;8.38;-80.6;1.0;-1.1;-3345;114.5;8.21;12.4;
33.4455231924874;-118.486004401263;16:53:22.02;7/13/2016;8;2.227;174.68;12.0453350093692;1.39;157.1;165.97;1.86;13.9;26.8;.00;25.19;25.19;93;63;560.7;16.2;-3.8;D;598.3;16;184.006;2;1.85;192;122.84;-118.48433821;33.44462574;0;0;1;N;8.671455;68;68;11;5;5;98.29094;0;9999.99;25.19;25.32183;2;9;23.3;0;23.2999992370605;33.85;1528.91325;07/13/16;16:50:23;22.07;51.45;33.85;-0.200;8.38;-80.6;1.2;-4.4;-554;114.5;8.21;12.4;
33.445515860179;-118.486003831502;16:53:23.03;7/13/2016;8;1.84;172.43;12.0453350093692;1.39;152.3;161.22;-0.08;10.8;26.9;.00;24.85;24.85;93;63;560.7;16.2;-3.8;D;598.3;16;183.520;2;1.81;192;122.64;-118.48433821;33.44462574;0;0;1;N;9.32226;57;57;11;5;5;95.12196;0;9999.99;24.87;24.99335;2;9;23.3;0;23.2999992370605;33.85;1528.91325;07/13/16;16:50:23;22.07;51.45;33.85;-0.200;8.38;-80.6;1.2;-4.4;-554;114.5;8.21;12.4;
33.4455050868344;-118.486002917694;16:53:24.05;7/13/2016;7;2.036;172.99;12.0453350093692;1.39;142.9;152.03;1.23;15.4;26.9;.00;25.49;25.49;93;72;560.7;16.1;-4.4;D;520.4;16;182.805;2;1.87;192;122.34;-118.48433821;33.44462574;0;0;1;N;10.25673;65;65;11;5;5;90.29368;0;9999.99;25.50;25.627;2;9;23.3;0;23.2999992370605;33.82;1528.88062;07/13/16;16:50:25;22.07;51.40;33.82;-0.156;8.38;-80.6;1.0;-2.1;-3291;114.5;8.22;12.4;
33.4454977525272;-118.48599997495;16:53:25.05;7/13/2016;7;2.196;159.96;12.0453350093692;1.39;136.4;145.77;1.19;9.1;26.9;.00;24.56;24.56;93;72;560.7;16.1;-4.4;D;520.4;16;182.139;2;1.98;192;122.16;-118.48433821;33.44462574;0;0;1;N;10.77189;64;64;11;5;5;86.41795;0;9999.99;24.57;24.69449;2;9;23.3;0;23.2999992370605;33.82;1528.88062;07/13/16;16:50:25;22.07;51.40;33.82;-0.156;8.38;-80.6;1.0;-2.1;-3291;114.5;8.22;12.4;
33.4454921270747;-118.485994730807;16:53:26.05;7/13/2016;7;2.115;155.67;12.0453350093692;1.39;127.9;137.68;-0.38;11.2;26.9;.00;25.35;25.35;93;72;560.7;16.1;-4.4;D;520.4;16;181.395;2;1.99;192;122.08;-118.48433821;33.44462574;0;0;1;N;11.01505;55;55;11;5;5;82.52499;0;9999.99;25.36;25.487;2;9;23.3;0;23.2999992370605;33.83;1528.8914;07/13/16;16:50:27;22.05;51.42;33.83;-0.102;8.38;-80.5;1.4;-1.6;-505;114.6;8.22;12.4;
33.4454854977568;-118.485987899353;16:53:27.05;7/13/2016;7;2.145;155.1;12.0453350093692;1.39;121.7;131.84;1.18;10.4;26.9;.00;24.50;24.50;93;70;560.6;16.2;-4.3;D;538.5;16;180.466;2;2.04;192;121.99;-118.48433821;33.44462574;0;0;1;N;11.26091;64;64;11;5;5;77.25018;0;9999.99;24.49;24.61492;2;9;23.3;0;23.2999992370605;33.83;1528.8914;07/13/16;16:50:27;22.05;51.42;33.83;-0.102;8.38;-80.5;1.4;-1.6;-505;114.6;8.22;12.4;
33.4454791695247;-118.485981450039;16:53:28.05;7/13/2016;7;2.324;142.65;12.0453350093692;1.39;110.4;121.3;-0.44;14.3;26.9;.00;25.45;25.46;93;70;560.6;16.2;-4.3;D;538.5;16;179.586;2;2.17;192;121.9;-118.48433821;33.44462574;0;0;1;N;11.50606;56;56;11;5;5;71.59103;0;9999.99;25.47;25.597;2;9;23.3;0;23.2999992370605;33.85;1528.91321;07/13/16;16:50:28;22.04;51.45;33.85;-0.031;8.38;-80.6;1.2;-2.6;103;114.6;8.22;12.4;
33.445476771765;-118.485973283634;16:53:29.05;7/13/2016;7;1.981;131.59;12.0453350093692;1.39;107;118.15;1.92;8.1;26.9;.00;24.67;24.68;93;70;560.6;16.2;-4.3;D;538.5;16;178.802;2;2.09;192;121.95;-118.48433821;33.44462574;0;0;1;N;11.29269;71;71;11;5;5;70.85706;0;9999.99;24.67;24.79516;2;9;23.3;0;23.2999992370605;33.81;1528.86971;07/13/16;16:50:30;22.06;51.39;33.81;-0.069;8.38;-80.6;1.5;-0.9;-2624;114.5;8.22;12.4;
33.4454727249268;-118.485963045931;16:53:30.05;7/13/2016;7;2.224;126.73;12.0453350093692;1.39;99.3;111.03;-2.91;10;26.8;.01;24.98;24.98;93;70;560.6;16.2;-4.3;D;538.5;16;177.758;2;2.12;192;121.99;-118.48433821;33.44462574;0;0;1;N;11.11714;43;43;11;5;5;71.30818;0;9999.99;24.99;25.117;2;9;23.3;0;23.2999992370605;33.81;1528.86971;07/13/16;16:50:30;22.06;51.39;33.81;-0.069;8.38;-80.6;1.5;-0.9;-2624;114.5;8.22;12.4;
33.4454706144763;-118.485952671992;16:53:31.05;7/13/2016;7;2.131;119.6;12.0453350093692;1.39;92.9;105.11;-1.18;8.1;26.8;.03;25.00;25.03;93;68;560.6;16.2;-4.2;D;549.6;16;176.818;2;2.15;192;122.09;-118.48433821;33.44462574;0;0;1;N;10.76739;50;50;11;5;5;72.1796;0;9999.99;24.97;25.097;2;9;23.3;0;23.2999992370605;33.84;1528.9048;07/13/16;16:50:32;22.05;51.43;33.84;0.332;8.36;-79.3;0.9;-3.9;-2126;114.6;8.22;12.3;
33.4454684977688;-118.485941906816;16:53:32.05;7/13/2016;7;1.927;119.6;12.0453350093692;1.39;77.2;90.51;4.04;11.3;26.9;.04;24.67;24.70;93;68;560.6;16.2;-4.2;D;549.6;16;175.847;2;2.16;191;122.2;-118.48433821;33.44462574;0;0;1;N;10.40423;83;83;11;52;52;73.1223;0;9999.99;24.67;24.797;2;9;23.3;0;23.2999992370605;33.84;1528.9048;07/13/16;16:50:32;22.05;51.43;33.84;0.332;8.36;-79.3;0.9;-3.9;-2126;114.6;8.22;12.3;
33.4454716184797;-118.485934047949;16:53:33.05;7/13/2016;6;1.513;119.6;12.0453350093692;1.95;73.3;86.85;-1.66;15.7;26.9;.01;23.79;23.80;93;68;560.6;16.2;-4.2;D;549.6;16;175.416;2;2.14;191;122.42;-118.48433821;33.44462574;0;0;1;N;9.694468;52;52;11;84;84;75.09561;0;9999.99;23.82;23.9519;2;9;23.3;0;23.2999992370605;33.84;1528.90331;07/13/16;16:50:34;22.05;51.43;33.84;-0.137;8.38;-80.6;1.6;-0.4;-4085;114.6;8.23;12.4;
33.4454712854377;-118.48592371589;16:53:34.05;7/13/2016;7;2.296;112.43;12.0453350093692;1.39;68.9;82.71;1.91;14.3;26.8;.00;24.75;24.75;93;68;560.6;16.2;-4.2;D;549.6;16;174.588;2;2.16;191;122.58;-118.48433821;33.44462574;0;0;1;N;9.172315;68;68;11;103;103;76.6601;0;9999.99;24.73;24.8578;2;9;23.3;0;23.2999992370605;33.84;1528.90331;07/13/16;16:50:34;22.05;51.43;33.84;-0.137;8.38;-80.6;1.6;-0.4;-4085;114.6;8.23;12.4;
33.4454725669241;-118.485911528581;16:53:35.05;7/13/2016;7;2.177;99.81;12.0453350093692;1.39;66.2;80.15;-1.83;16.1;26.8;.01;24.40;24.41;93;63;560.5;16.2;-3.8;D;597.9;16;173.713;2;2.13;191;122.82;-118.48433821;33.44462574;0;0;1;N;8.414251;46;46;11;123;123;79.12253;0;9999.99;24.42;24.54987;2;9;23.3;0;23.2999992370605;33.81;1528.86997;07/13/16;16:50:35;22.05;51.39;33.81;0.036;8.38;-80.4;1.3;-1.4;280;114.6;8.23;12.4;
33.4454746632834;-118.485899807361;16:53:36.05;7/13/2016;7;2.298;82.16;12.0453350093692;1.39;69.1;82.9;-4.54;6.92;26.8;.02;24.58;24.60;93;63;560.5;16.2;-3.8;D;597.9;16;172.927;2;2.15;191;123.08;-118.48433821;33.44462574;0;0;1;N;7.585797;43;43;11;124;124;82.0886;0;9999.99;24.56;24.68324;2;9;23.3;0;23.2999992370605;33.84;1528.90257;07/13/16;16:50:36;22.04;51.43;33.84;-0.160;8.38;-80.6;1.6;-2.6;-28;114.6;8.23;12.3;
33.4454767635351;-118.485889703613;16:53:37.05;7/13/2016;7;2.113;83.6;12.0453350093692;1.39;73.4;86.95;5.91;22.9;26.8;.05;24.61;24.65;93;63;560.5;16.2;-3.8;D;597.9;16;172.271;2;2.12;191;123.32;-118.48433821;33.44462574;0;0;1;N;6.836728;79;79;11;124;124;85.04802;0;9999.99;24.57;24.697;2;9;23.3;0;23.2999992370605;33.83;1528.89436;07/13/16;16:50:37;22.04;51.41;33.83;0.301;8.37;-80.0;0.9;-3.3;-1325;114.6;8.23;12.4;
33.4454738219258;-118.485881958258;16:53:38.05;7/13/2016;6;1.076;83.6;12.0453350093692;1.76;79.5;92.66;-2.2;25.4;26.8;.01;22.77;22.79;93;65;560.5;16.2;-4;D;577.8;16;171.491;2;2.29;191;123.36;-118.48433821;33.44462574;0;0;1;N;6.686108;44;44;11;99;99;85.67956;0;9999.99;22.82;22.95176;2;9;23.3;0;23.2999992370605;33.82;1528.88249;07/13/16;16:50:39;22.05;51.40;33.82;-0.130;8.38;-80.4;1.6;-7.2;33462;114.6;8.22;12.4;
33.4454729667252;-118.485869427845;16:53:39.05;7/13/2016;7;2.305;83.6;12.0453350093692;1.39;78.6;91.82;-14.4;-4.21;26.8;.03;24.46;24.49;93;65;560.5;16.2;-4;D;577.8;16;170.468;2;2.35;190;123.55;-118.48433821;33.44462574;0;0;1;N;6.090666;43;43;11;113;113;88.28348;0;9999.99;24.42;24.54627;2;9;23.3;0;23.2999992370605;33.82;1528.88249;07/13/16;16:50:39;22.05;51.40;33.82;-0.130;8.38;-80.4;1.6;-7.2;33462;114.6;8.22;12.4;
33.4454718085271;-118.485857676512;16:53:40.05;7/13/2016;7;2.38;83.6;12.0453350093692;1.39;87.9;100.48;-6.96;12.1;26.8;.15;12.07;12.22;93;65;560.5;16.2;-4;D;577.8;16;169.489;2;2.23;190;123.72;-118.48433821;33.44462574;0;0;1;N;5.53265;43;43;11;90;90;90.89896;0;9999.99;11.93;12.05823;2;9;23.3;0;23.2999992370605;33.68;1528.73457;07/13/16;16:50:40;22.05;51.21;33.68;0.637;8.38;-80.8;1.9;-3.8;-1781;114.6;8.23;12.3;
33.4454721835924;-118.485845868186;16:53:41.05;7/13/2016;6;2.08;83.6;12.0453350093692;1.76;84.8;97.6;-0.46;10.8;26.8;.24;.45;.69;93;65;560.5;16.2;-4;D;577.8;16;168.602;2;2.17;190;123.93;-118.48433821;33.44462574;0;0;1;N;4.8677;54;54;11;114;114;94.2486;0;.41;.41;0.9406118;2;9;23.3;0;23.2999992370605;33.84;1528.9211;07/13/16;16:50:42;22.06;51.43;33.84;1.364;8.38;-80.5;2.0;-6.4;-1842;114.6;8.23;12.4;
33.4454750186951;-118.485833606433;16:53:42.08;7/13/2016;6;2.374;83.6;12.0453350093692;1.76;85.5;98.25;1.78;12.2;26.8;.23;.44;.67;93;62;560.4;16.2;-3.8;D;602.5;16;167.837;2;2.11;190;124.24;-118.48433821;33.44462574;0;0;1;N;3.956511;68;68;11;131;131;99.25074;0;.45;.44;1.020873;2;9;23.3;0;23.2999992370605;33.84;1528.9211;07/13/16;16:50:42;22.06;51.43;33.84;1.364;8.38;-80.5;2.0;-6.4;-1842;114.6;8.23;12.4;
33.4454781116848;-118.485819304272;16:53:43.08;7/13/2016;5;2.593;83.6;12.0453350093692;2.41;91;103.35;9.6;22.1;26.8;.11;.37;.48;93;62;560.4;16.2;-3.8;D;602.5;16;166.936;2;2.2;190;124.59;-118.48433821;33.44462574;0;0;1;N;2.895431;113;113;11;140;140;105.6695;0;.39;.40;0.9136793;2;9;23.3;0;23.2999992370605;33.85;1528.92516;07/13/16;16:50:44;22.06;51.43;33.85;0.741;8.38;-80.8;2.2;-0.7;-1717;114.6;8.23;12.4;
33.4454750758634;-118.485806468886;16:53:44.09;7/13/2016;0;2.593;83.6;12.0453350093692;99.99;98.4;110.2;-0.95;25.3;26.8;.01;.33;.34;93;62;560.4;16.2;-3.8;D;602.5;16;165.765;2;2.32;189;124.73;-118.48433821;33.44462574;0;0;1;N;2.4547;51;51;11;120;120;108.5086;0;9999.99;.41;0.5380991;2;9;23.3;0;23.2999992370605;33.85;1528.92516;07/13/16;16:50:44;22.06;51.43;33.85;0.741;8.38;-80.8;2.2;-0.7;-1717;114.6;8.23;12.4;
33.445472205514;-118.485794651043;16:53:45.09;7/13/2016;5;2.593;83.6;12.0453350093692;1.66;96.1;108.07;-4.43;-6.23;26.8;.00;.33;.33;93;62;560.4;16.2;-3.8;D;601.2;16;164.682;2;2.17;189;124.86;-118.48433821;33.44462574;0;0;1;N;2.084984;43;43;11;139;139;110.9583;0;9999.99;.41;0.5380991;2;9;23.3;0;23.2999992370605;33.85;1528.91347;07/13/16;16:50:45;22.06;51.44;33.85;-0.001;8.38;-80.6;1.4;-3.7;439;114.6;8.22;12.3;
33.4454680561271;-118.485783766917;16:53:46.09;7/13/2016;7;2.593;83.6;12.0453350093692;1.97;110.3;121.21;6.8;26;26.7;.00;.33;.33;93;62;560.4;16.2;-3.8;D;601.2;16;163.590;2;2.16;189;124.93;-118.48433821;33.44462574;0;0;1;N;1.84689;96;96;11;96;96;112.5659;0;9999.99;.41;0.5380991;2;9;23.3;0;23.2999992370605;33.84;1528.90227;07/13/16;16:50:47;22.08;51.43;33.84;0.059;8.37;-80.1;1.1;-6.1;-1001;114.6;8.22;12.4;
33.4454635349907;-118.485773068888;16:53:47.09;7/13/2016;6;2.593;83.6;12.0453350093692;2.41;102.8;114.26;-2.48;6.33;26.8;.00;23.07;23.07;93;62;560.4;16.2;-3.8;D;601.2;16;162.488;2;2.21;189;124.98;-118.48433821;33.44462574;0;0;1;N;1.687279;43;43;11;125;125;113.6559;0;9999.99;23.13;23.257;2;9;23.3;0;23.2999992370605;33.84;1528.90227;07/13/16;16:50:47;22.08;51.43;33.84;0.059;8.37;-80.1;1.1;-6.1;-1001;114.6;8.22;12.4;
33.4454596949829;-118.485762804942;16:53:48.11;7/13/2016;7;2.593;83.6;12.0453350093692;1.39;110.4;121.3;0.21;11.2;26.8;.00;23.56;23.56;93;62;560.4;16.2;-3.8;D;601.2;16;161.463;2;2.05;189;125.05;-118.48433821;33.44462574;0;0;1;N;1.464984;58;58;11;103;103;115.1885;0;9999.99;23.54;23.667;2;9;23.3;0;23.2999992370605;33.83;1528.89133;07/13/16;16:50:49;22.07;51.42;33.83;0.102;8.37;-80.2;2.1;-2.3;284;114.6;8.22;12.3;
33.4454546858298;-118.485751920213;16:53:49.13;7/13/2016;7;2.593;83.6;12.0453350093692;1.39;107;118.15;2.82;14.2;26.8;.00;22.97;22.97;93;56;560.3;16.2;-3.4;D;674.8;16;160.317;2;2.08;189;125.1;-118.48433821;33.44462574;0;0;1;N;1.337102;78;78;11;115;115;116.0769;0;9999.99;22.98;23.10501;2;9;23.3;0;23.2999992370605;33.83;1528.89133;07/13/16;16:50:49;22.07;51.42;33.83;0.102;8.37;-80.2;2.1;-2.3;284;114.6;8.22;12.3;
33.4454504432731;-118.485741829871;16:53:50.13;7/13/2016;7;2.593;83.6;12.0453350093692;1.76;111.6;122.42;-2.91;3.5;26.8;.00;23.19;23.19;93;63;560.3;16.2;-3.9;D;593.9;16;159.280;2;2.04;189;125.15;-118.48433821;33.44462574;0;0;1;N;1.17175;43;43;11;106;106;117.2325;0;9999.99;23.22;23.34615;2;9;23.3;0;23.2999992370605;33.84;1528.90227;07/13/16;16:50:51;22.07;51.43;33.84;-0.078;8.37;-79.9;2.0;-8.3;-1863;114.6;8.22;12.4;
33.4454626286333;-118.485708389124;16:53:51.14;7/13/2016;6;2.261;107.6;12.0453350093692;1.76;115.2;125.77;-0.9;17.6;26.8;.00;23.69;23.69;93;63;560.3;16.2;-3.9;D;593.9;16;157.549;2;2.05;189;126.2;-118.48433821;33.44462574;0;0;1;N;1.74469;52;52;11;175;175;137.8678;0;9999.99;23.66;23.787;2;9;23.3;0;23.2999992370605;33.84;1528.90227;07/13/16;16:50:51;22.07;51.43;33.84;-0.078;8.37;-79.9;2.0;-8.3;-1863;114.6;8.22;12.4;
33.4454561398688;-118.485699076931;16:53:52.17;7/13/2016;6;2.294;117.41;12.0453350093692;1.76;131.5;141.09;-0.15;9.5;26.8;.00;21.86;21.86;93;63;560.3;16.2;-3.9;D;593.9;16;156.426;2;2.17;189;126.18;-118.48433821;33.44462574;0;0;1;N;1.698493;56;56;11;113;113;137.5516;0;9999.99;21.86;21.98289;2;9;23.3;0;23.2999992370605;33.85;1528.91321;07/13/16;16:50:53;22.07;51.43;33.85;0.025;8.37;-80.1;1.6;-5.5;-2994;114.6;8.22;12.4;
33.4454524708429;-118.485694247794;16:53:53.17;7/13/2016;7;2.049;120.03;12.0453350093692;1.39;128.2;137.96;0.58;1.44;26.8;.00;23.38;23.38;93;63;560.3;16.2;-3.9;D;593.9;16;155.824;2;2.15;189;126.15;-118.48433821;33.44462574;0;0;1;N;1.61855;60;60;11;123;123;137.0028;0;9999.99;23.38;23.507;2;9;23.3;0;23.2999992370605;33.85;1528.91321;07/13/16;16:50:53;22.07;51.43;33.85;0.025;8.37;-80.1;1.6;-5.5;-2994;114.6;8.22;12.4;
33.4454395187995;-118.485685156063;16:53:54.17;7/13/2016;7;2.169;129.11;12.0453350093692;1.39;134.5;143.95;1.23;12.9;26.8;.00;23.07;23.07;93;63;560.2;16.2;-3.9;D;593.9;16;154.294;2;2.01;189;125.91;-118.48433821;33.44462574;0;0;1;N;0.943948;64;64;11;80;80;132.2944;0;9999.99;23.08;23.207;2;9;23.3;0;23.2999992370605;33.85;1528.91321;07/13/16;16:50:54;22.07;51.44;33.85;0.033;8.37;-80.1;1.5;-0.8;-861;114.5;8.22;12.4;
33.4454279395017;-118.48568197975;16:53:55.17;7/13/2016;7;2.167;137.41;12.0453350093692;1.39;136.2;145.58;-0.41;12.6;26.8;.00;22.59;22.59;93;63;560.2;16.2;-3.9;D;593.9;16;153.303;2;2.09;189;125.58;-118.48433821;33.44462574;0;0;1;N;0.0718647;55;55;11;49;49;126.0794;0;9999.99;22.60;22.72769;2;9;23.3;0;23.2999992370605;33.84;1528.90227;07/13/16;16:50:56;22.08;51.42;33.84;-0.053;8.38;-80.3;1.8;-4.5;-1664;114.6;8.22;12.2;
33.4454187816675;-118.485676078557;16:53:56.17;7/13/2016;7;2.29;137.12;12.0453350093692;1.39;128;137.77;-1.2;13.5;26.8;.00;22.55;22.55;93;63;560.2;16.2;-3.9;D;593.9;16;152.266;2;2.08;189;125.39;-118.48433821;33.44462574;0;0;1;N;0.4441518;50;50;11;53;53;122.387;0;9999.99;22.54;22.66987;2;9;23.3;0;23.2999992370605;33.84;1528.90227;07/13/16;16:50:56;22.08;51.42;33.84;-0.053;8.38;-80.3;1.8;-4.5;-1664;114.6;8.22;12.2;
33.4454094726824;-118.485668760466;16:53:57.17;7/13/2016;7;2.256;147.38;12.0453350093692;1.39;132.4;141.95;1.57;7.55;26.8;.00;22.37;22.37;93;63;560.2;16.2;-3.9;D;593.9;16;151.114;2;2.07;189;125.22;-118.48433821;33.44462574;0;0;1;N;0.8867242;63;63;11;33;33;119.2398;0;9999.99;22.36;22.4866;2;9;23.3;0;23.2999992370605;33.85;1528.91321;07/13/16;16:50:58;22.08;51.44;33.85;-0.077;8.38;-80.3;0.8;-1.3;-201;114.5;8.21;12.3;
33.4454017029324;-118.485664066209;16:53:58.17;7/13/2016;7;2.235;148.23;12.0453350093692;1.39;124.8;134.75;-0.21;13.8;26.8;.00;22.83;22.83;93;59;560.2;16.2;-3.6;D;635.6;16;150.260;2;2.16;189;125.05;-118.48433821;33.44462574;0;0;1;N;1.355705;56;56;11;52;52;115.9466;0;9999.99;22.84;22.967;2;9;23.3;0;23.2999992370605;33.85;1528.91321;07/13/16;16:50:58;22.08;51.44;33.85;-0.077;8.38;-80.3;0.8;-1.3;-201;114.5;8.21;12.3;
33.4453987740408;-118.485657923945;16:53:59.17;7/13/2016;7;1.668;142.1;12.0453350093692;1.76;119.5;129.78;0.33;6.19;26.8;.01;22.59;22.59;93;59;560.2;16.2;-3.6;D;635.6;16;149.607;2;1.99;189;125.07;-118.48433821;33.44462574;0;0;1;N;1.300009;52;52;11;76;76;116.3349;0;9999.99;22.58;22.707;2;9;23.3;0;23.2999992370605;33.84;1528.90264;07/13/16;16:51:00;22.06;51.42;33.84;0.058;8.38;-80.5;2.1;-6.4;-304;114.5;8.21;12.4;
33.4453920672945;-118.485651252506;16:54:00.17;7/13/2016;6;2.195;138.88;12.0453350093692;1.76;119.6;129.87;1.77;18.8;26.8;.00;22.59;22.59;93;59;560.2;16.2;-3.6;D;635.6;16;148.672;2;2.09;189;124.97;-118.48433821;33.44462574;0;0;1;N;1.546235;68;68;11;66;66;114.6255;0;9999.99;22.58;22.707;2;9;23.3;0;23.2999992370605;33.84;1528.90264;07/13/16;16:51:00;22.06;51.42;33.84;0.058;8.38;-80.5;2.1;-6.4;-304;114.5;8.21;12.4;
33.4453861856945;-118.485642999361;16:54:01.17;7/13/2016;7;1.874;134.83;12.0453350093692;1.39;119.2;129.5;-0.03;4.34;26.8;.00;22.37;22.37;93;63;560.1;16.2;-3.9;D;595.6;16;147.669;2;2.09;189;124.93;-118.48433821;33.44462574;0;0;1;N;1.63438;57;57;11;65;65;114.0182;0;9999.99;22.37;22.497;2;9;23.3;0;23.2999992370605;33.84;1528.90232;07/13/16;16:51:02;22.06;51.43;33.84;-0.081;8.38;-80.4;2.0;-0.3;-2505;114.5;8.22;12.4;
33.4453819988018;-118.48563341036;16:54:02.17;7/13/2016;7;2.13;129.7;12.0453350093692;1.39;112.8;123.53;0.75;11.8;26.8;.00;22.37;22.37;93;63;560.1;16.2;-3.9;D;595.6;16;146.674;2;2.09;189;124.98;-118.48433821;33.44462574;0;0;1;N;1.507798;61;61;11;92;92;114.891;0;9999.99;22.37;22.497;2;9;23.3;0;23.2999992370605;33.84;1528.90232;07/13/16;16:51:02;22.06;51.43;33.84;-0.081;8.38;-80.4;2.0;-0.3;-2505;114.5;8.22;12.4;
33.4453744161995;-118.485624401168;16:54:03.17;7/13/2016;7;2.211;128.95;12.0453350093692;1.39;122.2;132.31;0.41;10.6;26.8;.00;21.75;21.75;93;63;560.1;16.2;-3.9;D;595.6;16;145.505;2;2.15;189;124.9;-118.48433821;33.44462574;0;0;1;N;1.686394;62;62;11;56;56;113.6609;0;9999.99;21.76;21.88751;2;9;23.3;0;23.2999992370605;33.83;1528.89146;07/13/16;16:51:04;22.05;51.41;33.83;-0.141;8.38;-80.3;1.2;-2.8;-1202;114.4;8.21;12.4;
33.4453676676244;-118.485616001774;16:54:04.17;7/13/2016;7;2.069;127.06;12.0453350093692;1.39;113.8;124.46;1.42;5.43;26.8;.00;21.94;21.94;93;63;560.1;16.2;-3.9;D;595.6;16;144.437;2;2.18;189;124.83;-118.48433821;33.44462574;0;0;1;N;1.864596;58;58;11;77;77;112.4445;0;9999.99;21.95;22.07538;2;9;23.2;0;23.2999992370605;33.83;1528.89146;07/13/16;16:51:04;22.05;51.41;33.83;-0.141;8.38;-80.3;1.2;-2.8;-1202;114.4;8.21;12.4;
33.4453601986296;-118.485606384496;16:54:05.17;7/13/2016;7;2.168;126.78;12.0453350093692;1.39;115.1;125.67;-0.97;14.5;26.8;.00;22.14;22.14;93;64;560.1;16.2;-3.9;D;585.8;16;143.230;2;2.2;189;124.76;-118.48433821;33.44462574;0;0;1;N;2.017282;51;51;11;70;70;111.4118;0;9999.99;22.15;22.277;2;9;23.3;0;23.2999992370605;33.83;1528.89138;07/13/16;16:51:06;22.03;51.42;33.83;-0.189;8.37;-79.9;1.3;-1.6;-1056;114.3;8.21;12.2;
33.445353910663;-118.485596283946;16:54:06.17;7/13/2016;7;2.025;125.14;12.0453350093692;1.39;108.4;119.45;-3.06;6.79;26.7;.02;21.38;21.40;93;64;560.1;16.2;-3.9;D;585.8;16;142.062;2;2.21;188;124.75;-118.48433821;33.44462574;0;0;1;N;2.05236;43;43;11;94;94;111.1758;0;9999.99;21.37;21.50064;2;9;23.3;0;23.2999992370605;33.83;1528.89138;07/13/16;16:51:06;22.03;51.42;33.83;-0.189;8.37;-79.9;1.3;-1.6;-1056;114.3;8.21;12.2;
33.4453494263961;-118.485587351566;16:54:07.17;7/13/2016;7;2.038;125.78;12.0453350093692;1.39;112.9;123.63;1.75;14.2;26.8;.03;21.90;21.93;93;64;560.1;16.2;-3.9;D;585.8;16;141.097;2;2.09;188;124.77;-118.48433821;33.44462574;0;0;1;N;1.968868;60;60;11;81;81;111.7382;0;9999.99;21.87;21.997;2;9;23.2;0;23.2000007629395;33.85;1528.66273;07/13/16;16:51:08;22.02;51.43;33.85;0.242;8.37;-80.0;1.5;-0.9;-3408;114.3;8.21;12.3;
33.445342359178;-118.485576690438;16:54:08.17;7/13/2016;7;2.444;126.23;12.0453350093692;1.39;108.7;119.73;2.21;17.3;26.8;.02;21.07;21.09;93;60;560.0;16.2;-3.7;D;619.2;16;139.836;2;2.21;188;124.74;-118.48433821;33.44462574;0;0;1;N;2.045444;70;70;11;93;93;111.2222;0;9999.99;21.09;21.21229;2;9;23.2;0;23.2000007629395;33.85;1528.66273;07/13/16;16:51:08;22.02;51.43;33.85;0.242;8.37;-80.0;1.5;-0.9;-3408;114.3;8.21;12.3;
33.445336012762;-118.485564722906;16:54:09.17;7/13/2016;7;2.479;124.05;12.0453350093692;1.39;108.2;119.26;-0.1;8.2;26.8;.00;20.65;20.65;93;60;560.0;16.2;-3.7;D;619.2;16;138.521;2;2.21;188;124.76;-118.48433821;33.44462574;0;0;1;N;1.963756;56;56;11;97;97;111.7724;0;9999.99;20.66;20.79174;2;9;23.3;0;23.2999992370605;33.85;1528.9142;07/13/16;16:51:09;22.03;51.44;33.85;-0.079;8.37;-79.9;1.2;-1.3;-458;114.3;8.20;12.4;
33.4453293659593;-118.485552546116;16:54:10.19;7/13/2016;7;2.17;122.32;12.0453350093692;1.39;108.6;119.64;1.14;14.7;26.8;.00;21.67;21.67;93;60;560.0;16.2;-3.7;D;619.2;16;137.172;2;2.26;188;124.78;-118.48433821;33.44462574;0;0;1;N;1.914604;64;64;11;97;97;112.1049;0;9999.99;21.67;21.797;2;9;23.3;0;23.2000007629395;33.83;1528.63869;07/13/16;16:51:11;22.04;51.41;33.83;-0.024;8.37;-80.0;1.6;-2.0;-1479;114.2;8.20;12.4;
33.4453239443279;-118.485544073737;16:54:11.19;7/13/2016;7;2.275;122.41;12.0453350093692;1.39;110.4;121.3;-0.69;3.46;26.8;.00;20.71;20.71;93;60;560.0;16.2;-3.7;D;619.2;16;136.182;2;2.25;187;124.76;-118.48433821;33.44462574;0;0;1;N;1.942423;53;53;11;89;89;111.9167;0;9999.99;20.72;20.84439;2;9;23.2;0;23.2000007629395;33.83;1528.63869;07/13/16;16:51:11;22.04;51.41;33.83;-0.024;8.37;-80.0;1.6;-2.0;-1479;114.2;8.20;12.4;
33.4453187166982;-118.485533796607;16:54:12.20;7/13/2016;7;1.787;119.68;12.0453350093692;1.39;107.9;118.99;-3.61;5.87;26.8;.01;21.27;21.28;93;60;560.0;16.2;-3.7;D;623;16;135.067;2;2.1;187;124.78;-118.48433821;33.44462574;0;0;1;N;1.864195;43;43;11;101;101;112.4468;0;9999.99;21.24;21.367;2;9;23.3;0;23.2000007629395;33.83;1528.63852;07/13/16;16:51:12;22.03;51.41;33.83;-0.185;8.37;-80.0;1.8;-1.4;-1106;114.2;8.20;12.3;
33.4453139988122;-118.485524740374;16:54:13.22;7/13/2016;7;2.049;119.68;12.0453350093692;1.39;114.5;125.12;5.63;17.1;26.8;.02;20.34;20.37;93;60;560.0;16.2;-3.7;D;623;16;134.078;2;2.06;187;124.81;-118.48433821;33.44462574;0;0;1;N;1.790536;91;91;11;78;78;112.9482;0;9999.99;20.39;20.52035;2;9;23.2;0;23.2999992370605;33.85;1528.91502;07/13/16;16:51:14;22.03;51.44;33.85;0.116;8.37;-79.8;1.4;-5.5;-2013;114.1;8.19;12.4;
33.4453077814436;-118.485512737796;16:54:14.25;7/13/2016;6;2.26;119.68;12.0453350093692;1.75;106.3;117.5;-4.61;6.69;26.8;.01;21.50;21.51;93;60;560.0;16.2;-3.7;D;623;16;132.769;2;2;187;124.83;-118.48433821;33.44462574;0;0;1;N;1.721815;43;43;11;111;111;113.4175;0;9999.99;21.46;21.587;2;9;23.2;0;23.2999992370605;33.85;1528.91502;07/13/16;16:51:14;22.03;51.44;33.85;0.116;8.37;-79.8;1.4;-5.5;-2013;114.1;8.19;12.4;
33.4453039076762;-118.485503210096;16:54:15.27;7/13/2016;7;1.963;118.63;12.0453350093692;1.39;115.9;126.42;-3.96;8.3;26.8;.02;21.16;21.17;93;57;559.9;16.2;-3.5;D;652.8;16;131.797;2;2.18;187;124.9;-118.48433821;33.44462574;0;0;1;N;1.53219;43;43;11;80;80;114.7216;0;9999.99;21.12;21.247;2;9;23.2;0;23.2000007629395;33.84;1528.65036;07/13/16;16:51:16;22.03;51.43;33.84;0.381;8.37;-80.1;2.0;-3.0;-3071;114.1;8.19;12.2;
33.4452958975692;-118.485494572566;16:54:16.27;7/13/2016;6;2.538;125.36;12.0453350093692;1.75;111.8;122.6;5.51;10.4;26.8;.06;14.92;14.98;93;57;559.9;16.2;-3.5;D;652.8;16;130.631;2;2.06;187;124.78;-118.48433821;33.44462574;0;0;1;N;1.795533;95;95;11;76;76;112.9138;0;9999.99;14.98;15.10451;2;9;23.2;0;23.2000007629395;33.84;1528.65036;07/13/16;16:51:16;22.03;51.43;33.84;0.381;8.37;-80.1;2.0;-3.0;-3071;114.1;8.19;12.2;
33.4452892145157;-118.48549119471;16:54:17.27;7/13/2016;6;2.26;125.36;12.0453350093692;1.75;107.7;118.8;-1.84;8;26.8;.03;20.96;20.99;93;57;559.9;16.2;-3.5;D;652.8;16;129.950;2;2.06;187;124.59;-118.48433821;33.44462574;0;0;1;N;2.243603;45;45;11;108;108;109.8976;0;9999.99;20.94;21.067;2;9;23.2;0;23.2000007629395;33.85;1528.66506;07/13/16;16:51:18;22.03;51.43;33.85;0.050;8.37;-80.0;1.5;-7.4;-2426;114.0;8.19;12.3;
33.445287471541;-118.485480882579;16:54:18.27;7/13/2016;7;2.039;125.36;12.0453350093692;1.39;114.5;125.12;3.84;11.1;26.8;.01;20.22;20.22;93;57;559.9;16.2;-3.5;D;652.8;16;129.053;2;1.99;187;124.76;-118.48433821;33.44462574;0;0;1;N;1.819173;82;82;11;77;77;112.7527;0;9999.99;20.25;20.38116;2;9;23.2;0;23.2000007629395;33.85;1528.66506;07/13/16;16:51:18;22.03;51.43;33.85;0.050;8.37;-80.0;1.5;-7.4;-2426;114.0;8.19;12.3;
33.445284966143;-118.485469639733;16:54:19.27;7/13/2016;7;1.773;125.36;12.0453350093692;1.39;103.6;115;0.51;10;26.8;.02;20.80;20.81;93;52;559.8;16.2;-3.2;D;719;16;128.038;2;2.02;187;124.93;-118.48433821;33.44462574;0;0;1;N;1.456967;60;60;11;128;128;115.242;0;9999.99;20.80;20.927;2;9;23.2;0;23.2000007629395;33.83;1528.63966;07/13/16;16:51:20;22.03;51.42;33.83;0.051;8.38;-80.3;8.1;59.8;122237;114.1;8.19;12.3;
33.4452818259035;-118.485460474327;16:54:20.27;7/13/2016;7;1.808;118.53;12.0453350093692;1.39;112;122.79;1.95;14.4;26.7;.00;20.10;20.11;93;52;559.8;16.2;-3.2;D;719;16;127.141;2;2.15;187;125.02;-118.48433821;33.44462574;0;0;1;N;1.232876;71;71;11;101;101;116.8026;0;9999.99;20.12;20.24856;2;9;23.2;0;23.2000007629395;33.83;1528.63966;07/13/16;16:51:20;22.03;51.42;33.83;0.051;8.38;-80.3;8.1;59.8;122237;114.1;8.19;12.3;
33.4452761500911;-118.485448590212;16:54:21.27;7/13/2016;7;2.422;122.58;12.0453350093692;1.39;112.7;123.44;-2.26;9.7;26.7;.00;20.39;20.39;93;52;559.8;16.2;-3.2;D;719;16;125.876;2;2.12;187;125.07;-118.48433821;33.44462574;0;0;1;N;1.099484;45;45;11;98;98;117.738;0;9999.99;20.37;20.49534;2;9;23.2;0;23.2000007629395;33.59;1528.37587;07/13/16;16:51:22;22.04;51.09;33.59;-0.115;8.38;-80.4;0.6;97.8;-1048;114.0;8.20;12.4;
33.4452728105087;-118.485438086196;16:54:22.27;7/13/2016;7;1.886;117.01;12.0453350093692;1.39;112.1;122.88;-2.51;4.93;26.7;.00;20.43;20.43;93;56;559.8;16.2;-3.4;D;672.4;16;124.865;2;2.03;187;125.19;-118.48433821;33.44462574;0;0;1;N;0.8395256;43;43;11;114;114;119.5726;0;9999.99;20.40;20.527;2;9;23.2;0;23.2000007629395;33.59;1528.37587;07/13/16;16:51:22;22.04;51.09;33.59;-0.115;8.38;-80.4;0.6;97.8;-1048;114.0;8.20;12.4;
33.4452677705409;-118.485428425048;16:54:23.27;7/13/2016;7;2.076;120.19;12.0453350093692;1.39;117.3;127.73;4.24;19.1;26.7;.01;19.34;19.34;93;56;559.8;16.2;-3.4;D;672.4;16;123.809;2;2.19;187;125.21;-118.48433821;33.44462574;0;0;1;N;0.7610436;82;82;11;97;97;120.1291;0;9999.99;19.37;19.50198;2;9;23.2;0;23.2000007629395;33.84;1528.64996;07/13/16;16:51:24;22.05;51.42;33.84;0.099;8.38;-80.4;1.2;-1.6;-2668;114.0;8.18;12.4;
33.4452597851047;-118.485419520952;16:54:24.27;7/13/2016;7;2.118;120.19;12.0453350093692;1.39;121.5;131.65;-3.49;5.71;26.7;.00;20.12;20.12;93;56;559.8;16.2;-3.4;D;672.4;16;122.623;2;2.12;187;125.1;-118.48433821;33.44462574;0;0;1;N;0.9941519;43;43;11;74;74;118.4795;0;9999.99;20.09;20.21767;2;9;23.2;0;23.2000007629395;33.84;1528.64996;07/13/16;16:51:24;22.05;51.42;33.84;0.099;8.38;-80.4;1.2;-1.6;-2668;114.0;8.18;12.4;
33.4452551767351;-118.485407065243;16:54:25.30;7/13/2016;7;1.972;113.04;12.0453350093692;1.39;113.2;123.91;-2.73;9;26.7;.01;20.08;20.09;93;56;559.8;16.2;-3.4;D;672.4;16;121.383;2;1.96;187;125.21;-118.48433821;33.44462574;0;0;1;N;0.7598324;43;43;11;112;112;120.1376;0;9999.99;20.06;20.187;2;9;23.2;0;23.2000007629395;33.85;1528.66054;07/13/16;16:51:26;22.05;51.44;33.85;0.182;8.37;-80.2;0.7;-4.4;-4666;114.0;8.18;12.4;
33.4452504256377;-118.485400049359;16:54:26.30;7/13/2016;7;1.776;124.65;12.0453350093692;1.39;124.1;134.1;4.06;10.5;26.8;.01;19.73;19.73;93;59;559.8;16.2;-3.6;D;632.1;16;120.546;2;2.01;187;125.19;-118.48433821;33.44462574;0;0;1;N;0.7929482;81;81;11;70;70;119.9025;0;9999.99;19.76;19.88987;2;9;23.2;0;23.2000007629395;33.85;1528.66054;07/13/16;16:51:26;22.05;51.44;33.85;0.182;8.37;-80.2;0.7;-4.4;-4666;114.0;8.18;12.4;
33.4452429319879;-118.485392582965;16:54:27.30;7/13/2016;7;2.264;129.87;12.0453350093692;1.39;113.4;124.09;-4.89;3.59;26.8;.01;20.24;20.25;93;59;559.8;16.2;-3.6;D;632.1;16;119.500;2;1.97;187;125.05;-118.48433821;33.44462574;0;0;1;N;1.0869;43;43;11;104;104;117.8263;0;9999.99;20.20;20.327;2;9;23.2;0;23.2000007629395;33.84;1528.64987;07/13/16;16:51:27;22.05;51.43;33.84;0.082;8.38;-80.5;1.3;-0.6;-1504;114.1;8.19;12.4;
33.4452333333333;-118.485381166667;16:54:28.31;7/13/2016;7;2.568;129.39;12.0453350093692;1.39;126.7;136.54;3.04;10;26.8;.01;19.93;19.94;93;59;559.7;16.2;-3.6;D;632.7;16;118.195;2;2.13;187;125.02;-118.48433821;33.44462574;0;0;1;N;1.112429;75;75;11;51;51;117.6468;0;9999.99;19.95;20.077;2;9;23.2;0;23.2000007629395;33.83;1528.63891;07/13/16;16:51:28;22.05;51.41;33.83;-0.071;8.38;-80.4;0.2;174.3;109485;114.1;8.19;12.4;
33.4452261666667;-118.485371833333;16:54:29.34;7/13/2016;7;1.996;129.84;12.0453350093692;1.39;115.8;126.33;-2.85;8.5;26.8;.00;19.67;19.67;93;59;559.7;16.2;-3.6;D;632.7;16;116.937;2;2.11;187;124.86;-118.48433821;33.44462574;0;0;1;N;1.44753;45;45;11;75;75;115.307;0;9999.99;19.66;19.79055;2;9;23.2;0;23.2000007629395;33.83;1528.63895;07/13/16;16:51:29;22.05;51.42;33.83;0.160;8.37;-80.2;0.6;-1.6;-471;114.1;8.19;12.4;
33.4452190499915;-118.485361298712;16:54:30.34;7/13/2016;7;2.126;129.5;12.0453350093692;1.39;117.3;127.73;0.01;4.58;26.7;.00;19.67;19.68;93;59;559.7;16.2;-3.6;D;632.7;16;115.600;2;2.09;187;124.8;-118.48433821;33.44462574;0;0;1;N;1.397836;57;57;11;75;75;114.6031;0;9999.99;19.67;19.797;2;9;23.2;0;23.2000007629395;33.85;1528.66036;07/13/16;16:51:31;22.05;51.43;33.85;0.083;8.37;-80.2;2.2;-2.0;-980;114.1;8.19;12.4;
33.4452138039013;-118.485352568931;16:54:31.36;7/13/2016;7;1.893;122.03;12.0453350093692;1.39;118.6;128.94;-0.08;12.3;26.8;.00;19.13;19.13;93;55;559.7;16.2;-3.3;D;684.9;16;114.602;2;1.99;187;124.79;-118.48433821;33.44462574;0;0;1;N;1.573321;57;57;11;70;70;114.6038;0;9999.99;19.14;19.27028;2;9;23.2;0;23.2000007629395;33.85;1528.66036;07/13/16;16:51:31;22.05;51.43;33.85;0.083;8.37;-80.2;2.2;-2.0;-980;114.1;8.19;12.4;
33.4452105559068;-118.485340363552;16:54:32.36;7/13/2016;7;2.026;124.95;12.0453350093692;1.39;115.5;126.05;-1.45;10.2;26.7;.00;19.46;19.47;93;55;559.7;16.2;-3.3;D;684.9;16;113.467;2;1.95;187;124.97;-118.48433821;33.44462574;0;0;1;N;1.519028;48;48;11;91;91;117.0718;0;9999.99;19.45;19.577;2;9;23.2;0;23.2000007629395;33.85;1528.66047;07/13/16;16:51:33;22.06;51.44;33.85;-0.070;8.37;-80.2;6.0;0.1;-1205;114.2;8.19;12.4;
33.4452053922013;-118.485331734677;16:54:33.36;7/13/2016;7;1.892;124.75;12.0453350093692;1.39;118.8;129.13;-0.15;2.76;26.8;.01;19.29;19.30;93;55;559.7;16.2;-3.3;D;684.9;16;112.481;2;1.94;187;124.96;-118.48433821;33.44462574;0;0;1;N;1.191908;50;50;11;76;76;117.1401;0;9999.99;19.28;19.407;2;9;23.2;0;23.2000007629395;33.85;1528.66047;07/13/16;16:51:33;22.06;51.44;33.85;-0.070;8.37;-80.2;6.0;0.1;-1205;114.2;8.19;12.4;
33.4451983333333;-118.485324;16:54:34.38;7/13/2016;7;2.2;129.63;12.0453350093692;1.39;115.3;125.86;1.46;8.1;26.7;.01;18.86;18.87;93;55;559.7;16.2;-3.3;D;684.9;16;111.491;2;2.02;187;124.96;-118.48433821;33.44462574;0;0;1;N;1.189588;66;66;11;92;92;117.1052;0;9999.99;18.89;19.01619;2;9;23.2;0;23.2000007629395;33.85;1528.66099;07/13/16;16:51:35;22.07;51.44;33.85;-0.021;8.38;-80.7;0.5;2.2;-2441;114.2;8.19;12.4;
33.4451913595705;-118.485315218145;16:54:35.41;7/13/2016;7;2.368;120.43;12.0453350093692;1.39;121.7;131.84;-3.69;3.81;26.7;.02;18.92;18.94;93;61;559.6;16.2;-3.8;D;611;16;110.332;2;2.13;186;124.75;-118.48433821;33.44462574;0;0;1;N;1.415356;43;43;11;56;56;114.5692;0;9999.99;18.88;19.00989;2;9;23.2;0;23.2000007629395;33.85;1528.66099;07/13/16;16:51:35;22.07;51.44;33.85;-0.021;8.38;-80.7;0.5;2.2;-2441;114.2;8.19;12.4;
33.4451858193022;-118.485306153527;16:54:36.41;7/13/2016;7;1.909;120.43;12.0453350093692;1.39;115.6;126.14;-3.13;16.3;26.7;.05;19.07;19.12;93;61;559.6;16.2;-3.8;D;611;16;109.290;2;2.07;186;124.74;-118.48433821;33.44462574;0;0;1;N;1.605456;43;43;11;80;80;114.3826;0;9999.99;19.04;19.167;2;9;23.2;0;23.2000007629395;33.86;1528.6734;07/13/16;16:51:37;22.08;51.45;33.86;0.282;8.38;-80.4;0.9;-3.7;-3087;114.2;8.19;12.5;
33.4451772774946;-118.485297123282;16:54:37.41;7/13/2016;7;2.552;122.87;12.0453350093692;1.39;113.6;124.28;4.96;11.4;26.8;.04;18.62;18.66;93;61;559.6;16.2;-3.8;D;611;16;108.061;2;2.05;186;124.58;-118.48433821;33.44462574;0;0;1;N;1.572372;83;83;11;74;74;112.407;0;9999.99;18.66;18.78831;2;9;23.2;0;23.2000007629395;33.86;1528.6734;07/13/16;16:51:37;22.08;51.45;33.86;0.282;8.38;-80.4;0.9;-3.7;-3087;114.2;8.19;12.5;
33.4451738333333;-118.485288;16:54:38.41;7/13/2016;6;1.983;116.08;12.0453350093692;1.41;113.6;124.28;-4.09;10.7;26.8;.01;18.46;18.47;93;57;559.5;16.2;-3.5;D;652.6;16;106.992;2;2.06;186;124.62;-118.48433821;33.44462574;0;0;1;N;1.78135;43;43;11;82;82;113.0098;0;9999.99;18.44;18.56495;2;9;23.2;0;23.2000007629395;33.84;1528.65099;07/13/16;16:51:39;22.10;51.42;33.84;-0.190;8.38;-80.3;1.4;0.0;-4749;114.3;8.20;12.4;
33.4451685;-118.485279166667;16:54:39.41;7/13/2016;7;2.102;125.19;12.0453350093692;1.41;112.5;123.26;-0.62;4.51;26.7;.00;18.69;18.69;93;57;559.5;16.2;-3.5;D;652.6;16;106.097;2;2.02;186;124.72;-118.48433821;33.44462574;0;0;1;N;1.574557;44;44;11;99;99;114.4284;0;9999.99;18.66;18.787;2;9;23.2;0;23.2000007629395;33.84;1528.65099;07/13/16;16:51:39;22.10;51.42;33.84;-0.190;8.38;-80.3;1.4;0.0;-4749;114.3;8.20;12.4;
33.4451616917683;-118.485268598888;16:54:40.42;7/13/2016;7;2.239;125.53;12.0453350093692;1.39;118.4;128.75;2.6;15.7;26.7;.01;17.96;17.97;93;57;559.5;16.2;-3.5;D;652.6;16;104.898;2;2.18;186;124.62;-118.48433821;33.44462574;0;0;1;N;1.667523;73;73;11;65;65;113.3323;0;9999.99;18.01;18.13485;2;9;23.2;0;23.2000007629395;33.84;1528.6496;07/13/16;16:51:41;22.09;51.42;33.84;-0.038;8.37;-79.9;1.4;-5.9;554;114.3;8.20;12.4;
33.4451578679388;-118.485257563271;16:54:41.42;7/13/2016;6;2.193;117;12.0453350093692;1.75;106.9;118.06;-11.7;-2.26;26.7;.02;18.98;18.99;93;57;559.5;16.2;-3.5;D;652.6;16;103.814;2;2.03;186;124.75;-118.48433821;33.44462574;0;0;1;N;1.636302;43;43;11;114;114;114.9261;0;9999.99;18.90;19.027;2;9;23.2;0;23.2000007629395;33.84;1528.6496;07/13/16;16:51:41;22.09;51.42;33.84;-0.038;8.37;-79.9;1.4;-5.9;554;114.3;8.20;12.4;
33.4451530449993;-118.485247738768;16:54:42.42;7/13/2016;7;2.141;117;12.0453350093692;1.39;122.7;132.78;-2.61;9.7;26.6;.07;.51;.59;93;55;559.5;16.2;-3.4;D;676.6;16;102.759;2;2.09;186;124.79;-118.48433821;33.44462574;0;0;1;N;1.460278;43;43;11;59;59;115.7844;0;.48;.47;1.077;2;9;23.2;0;23.2000007629395;33.83;1528.64143;07/13/16;16:51:43;22.08;51.42;33.83;0.719;8.38;-80.4;1.6;-3.5;-3491;114.3;8.20;12.3;
33.4451459828112;-118.485235982925;16:54:43.42;7/13/2016;6;2.662;117;12.0453350093692;1.75;108.4;119.45;-2.65;1.72;26.6;.13;.51;.65;93;55;559.5;16.2;-3.4;D;676.6;16;101.416;2;1.93;186;124.78;-118.48433821;33.44462574;0;0;1;N;1.386944;44;44;11;109;109;115.5508;0;9999.99;.47;0.597;2;9;23.2;0;23.2000007629395;33.83;1528.64143;07/13/16;16:51:43;22.08;51.42;33.83;0.719;8.38;-80.4;1.6;-3.5;-3491;114.3;8.20;12.3;
33.4451349596101;-118.485223004075;16:54:44.42;7/13/2016;6;3.034;117;12.0453350093692;1.75;115.9;126.42;6.51;11.8;26.6;.09;.44;.53;93;55;559.5;16.2;-3.4;D;676.6;16;99.728;2;2.03;186;124.6;-118.48433821;33.44462574;0;0;1;N;1.691504;96;96;11;76;76;113.6243;0;.45;.45;1.027;2;9;23.2;0;23.2000007629395;33.85;1528.67152;07/13/16;16:51:44;22.08;51.44;33.85;0.669;8.38;-80.5;0.3;-1.2;-945;114.3;8.20;12.3;
33.4451319383314;-118.485218748388;16:54:45.42;7/13/2016;7;1.885;117;12.0453350093692;1.75;109.3;120.28;3.22;11.4;26.7;.02;.44;.46;93;57;559.4;16.2;-3.5;D;660.4;16;99.212;2;2.05;186;124.56;-118.48433821;33.44462574;0;0;1;N;1.663564;76;76;11;99;99;113.2091;0;9999.99;.45;0.577;2;9;23.2;0;23.2000007629395;33.85;1528.66524;07/13/16;16:51:46;22.09;51.44;33.85;0.076;8.38;-80.5;1.0;-2.5;-3021;114.2;8.19;12.4;
33.4451242643798;-118.485206491903;16:54:46.42;7/13/2016;7;2.314;117;12.0453350093692;1.39;111.5;122.33;-2.43;6.78;26.7;.00;17.83;17.83;93;57;559.4;16.2;-3.5;D;660.4;16;97.791;2;1.96;186;124.53;-118.48433821;33.44462574;0;0;1;N;1.599684;43;43;11;90;90;113.0191;0;9999.99;17.80;17.927;2;9;23.2;0;23.2000007629395;33.85;1528.66524;07/13/16;16:51:46;22.09;51.44;33.85;0.076;8.38;-80.5;1.0;-2.5;-3021;114.2;8.19;12.4;
33.4451150095257;-118.485197915276;16:54:47.42;7/13/2016;7;2.084;121.64;12.0453350093692;1.39;110.1;121.03;5.67;20.8;26.7;.00;17.17;17.17;93;52;559.4;16.2;-3.2;D;715;16;96.553;2;2.03;186;124.3;-118.48433821;33.44462574;0;0;1;N;1.711644;91;91;11;85;85;110.4778;0;9999.99;17.22;17.3473;2;9;23.2;0;23.2000007629395;33.84;1528.64938;07/13/16;16:51:48;22.09;51.43;33.84;0.051;8.37;-80.1;1.5;-6.8;-3351;114.2;8.19;12.5;
33.4451173926077;-118.485195200998;16:54:48.42;7/13/2016;7;1.741;121.64;12.0453350093692;1.39;107.8;118.89;-1.1;13.4;26.7;.00;17.99;17.99;93;52;559.4;16.2;-3.2;D;715;16;96.495;2;2.07;186;124.51;-118.48433821;33.44462574;0;0;1;N;2.01904;50;50;11;103;103;112.8715;0;9999.99;17.99;18.117;2;9;23.2;0;23.2000007629395;33.84;1528.64938;07/13/16;16:51:48;22.09;51.43;33.84;0.051;8.37;-80.1;1.5;-6.8;-3351;114.2;8.19;12.5;
33.4451165293499;-118.485183614083;16:54:49.42;7/13/2016;7;1.906;114.92;12.0453350093692;1.39;113.1;123.81;-1.77;2.87;26.7;.00;17.71;17.71;93;52;559.4;16.2;-3.2;D;715;16;95.556;2;2.08;186;124.83;-118.48433821;33.44462574;0;0;1;N;1.674248;46;46;11;99;99;116.7432;0;9999.99;17.69;17.817;2;9;23.2;0;23.2000007629395;33.83;1528.63841;07/13/16;16:51:50;22.09;51.42;33.83;0.082;8.38;-80.5;0.6;-4.1;-1435;114.2;8.19;12.3;
33.4451133333201;-118.485174589325;16:54:50.42;7/13/2016;7;1.851;117.6;12.0453350093692;1.39;108.2;119.26;0.37;16.2;26.7;.00;16.89;16.89;93;52;559.4;16.2;-3.2;D;715;16;94.666;2;1.99;186;124.94;-118.48433821;33.44462574;0;0;1;N;1.117045;59;59;11;122;122;118.0362;0;9999.99;16.90;17.02248;2;9;23.2;0;23.2000007629395;33.83;1528.63841;07/13/16;16:51:50;22.09;51.42;33.83;0.082;8.38;-80.5;0.6;-4.1;-1435;114.2;8.19;12.3;
33.4451079250974;-118.48516735806;16:54:51.44;7/13/2016;7;1.84;114.09;12.0453350093692;1.39;117.6;128.01;0.32;1.85;26.7;.00;17.44;17.44;93;58;559.4;16.2;-3.6;D;642.3;16;93.772;2;1.98;186;124.87;-118.48433821;33.44462574;0;0;1;N;0.9803483;57;57;11;83;83;117.4904;0;9999.99;17.44;17.567;2;9;23.2;0;23.2000007629395;33.82;1528.62774;07/13/16;16:51:51;22.08;51.40;33.82;0.108;8.38;-80.5;0.9;-3.9;-3153;114.2;8.19;12.3;
33.4451013592926;-118.48515935555;16:54:52.45;7/13/2016;7;2.196;130.68;12.0453350093692;1.39;115.6;126.14;0.23;8.8;26.7;.00;17.13;17.13;93;58;559.4;16.2;-3.6;D;642.3;16;92.746;2;1.99;186;124.77;-118.48433821;33.44462574;0;0;1;N;1.113911;58;58;11;88;88;116.3342;0;9999.99;17.13;17.257;2;9;23.2;0;23.2000007629395;33.84;1528.64936;07/13/16;16:51:53;22.06;51.43;33.84;-0.066;8.38;-80.3;0.6;-4.4;-1433;114.3;8.20;12.4;
33.4450956068612;-118.485151362463;16:54:53.47;7/13/2016;8;2.072;130.19;12.0453350093692;1.39;119.7;129.97;1.95;14;26.7;.00;16.88;16.88;93;55;559.3;16.2;-3.4;D;682.7;16;91.772;2;2.07;186;124.7;-118.48433821;33.44462574;0;0;1;N;1.281073;69;69;11;72;72;115.7713;0;9999.99;16.89;17.0208;2;9;23.2;0;23.2000007629395;33.84;1528.64936;07/13/16;16:51:53;22.06;51.43;33.84;-0.066;8.38;-80.3;0.6;-4.4;-1433;114.3;8.20;12.4;
33.4450920366348;-118.485138170526;16:54:54.47;7/13/2016;8;2.038;124.31;12.0453350093692;1.39;116.8;127.26;-0.22;3.18;26.7;.00;16.77;16.77;93;55;559.3;16.2;-3.4;D;682.7;16;90.540;2;2.07;186;124.94;-118.48433821;33.44462574;0;0;1;N;1.420824;55;55;11;87;87;118.4897;0;9999.99;16.76;16.89104;2;9;23.2;0;23.2000007629395;33.86;1528.67128;07/13/16;16:51:55;22.08;51.45;33.86;-0.153;8.37;-80.0;1.0;-3.8;-2327;114.2;8.19;12.3;
33.4450866939031;-118.485128997949;16:54:55.47;7/13/2016;8;2.01;128.67;12.0453350093692;1.39;116.9;127.35;0.35;13.1;26.8;.00;15.32;15.32;93;55;559.3;16.2;-3.4;D;682.7;16;89.502;2;2.07;186;124.94;-118.48433821;33.44462574;0;0;1;N;1.004446;58;58;11;91;91;118.5762;0;9999.99;15.32;15.44309;2;9;23.2;0;23.2000007629395;33.86;1528.67128;07/13/16;16:51:55;22.08;51.45;33.86;-0.153;8.37;-80.0;1.0;-3.8;-2327;114.2;8.19;12.3;
33.4450829376401;-118.485118743544;16:54:56.47;7/13/2016;8;2.016;123.71;12.0453350093692;1.39;117.9;128.29;-0.45;10.9;26.7;.00;15.34;15.34;93;53;559.3;16.2;-3.2;D;706.6;16;88.483;2;2.02;186;125.07;-118.48433821;33.44462574;0;0;1;N;1.015893;54;54;11;94;94;120.1124;0;9999.99;15.32;15.45126;2;9;23.2;0;23.2000007629395;33.86;1528.67134;07/13/16;16:51:57;22.08;51.46;33.86;-0.118;8.37;-80.1;1.0;-1.2;-2425;114.2;8.19;12.5;
33.4450766201054;-118.48510871753;16:54:57.47;7/13/2016;8;2.245;131.47;12.0453350093692;1.39;119.4;129.69;-0.58;12.1;26.7;.00;15.70;15.70;93;53;559.3;16.2;-3.2;D;706.6;16;87.318;2;2.03;186;125.04;-118.48433821;33.44462574;0;0;1;N;0.8398963;51;51;11;92;92;119.877;0;9999.99;15.69;15.817;2;9;23.2;0;23.2000007629395;33.86;1528.67134;07/13/16;16:51:57;22.08;51.46;33.86;-0.118;8.37;-80.1;1.0;-1.2;-2425;114.2;8.19;12.5;
33.4450705282714;-118.485099870703;16:54:58.47;7/13/2016;8;1.907;130.62;12.0453350093692;1.39;119.7;129.97;0.9;10.4;26.7;.00;15.39;15.39;93;53;559.3;16.2;-3.2;D;706.6;16;86.257;2;2.02;186;124.99;-118.48433821;33.44462574;0;0;1;N;0.8616098;67;67;11;86;86;119.3664;0;9999.99;15.41;15.5322;2;9;23.2;0;23.2000007629395;33.83;1528.63843;07/13/16;16:51:59;22.10;51.42;33.83;-0.079;8.38;-80.4;0.8;-4.6;-2896;114.2;8.19;12.5;
33.4450653353473;-118.485088887704;16:54:59.48;7/13/2016;8;1.906;125.51;12.0453350093692;1.39;120.5;130.72;-3.33;7.45;26.7;.01;15.69;15.70;93;53;559.3;16.2;-3.2;D;706.6;16;85.091;2;1.94;186;125.06;-118.48433821;33.44462574;0;0;1;N;0.7432768;43;43;11;85;85;120.2547;0;9999.99;15.67;15.797;2;9;23.2;0;23.2000007629395;33.83;1528.63843;07/13/16;16:51:59;22.10;51.42;33.83;-0.079;8.38;-80.4;0.8;-4.6;-2896;114.2;8.19;12.5;
33.4450578735271;-118.485078129095;16:55:00.52;7/13/2016;8;2.405;130.53;12.0453350093692;1.39;120.6;130.81;2.09;10.2;26.7;.01;15.76;15.77;93;57;559.2;16.2;-3.5;D;655.2;16;83.798;2;2.03;186;124.99;-118.48433821;33.44462574;0;0;1;N;0.8390702;63;63;11;87;87;119.5752;0;9999.99;15.75;15.877;2;9;23.2;0;23.2000007629395;33.82;1528.62843;07/13/16;16:52:00;22.09;51.40;33.82;-0.113;8.37;-80.2;1.2;-3.7;-352;114.2;8.19;12.3;
33.4450503776861;-118.485069583;16:55:01.52;7/13/2016;8;2.301;134.34;12.0453350093692;1.39;122.5;132.59;-0.32;16.5;26.7;.00;15.21;15.21;93;57;559.2;16.2;-3.5;D;655.2;16;82.670;2;2.15;186;124.83;-118.48433821;33.44462574;0;0;1;N;1.051812;55;55;11;69;69;118.0728;0;9999.99;15.23;15.35627;2;9;23.2;0;23.2000007629395;33.85;1528.66154;07/13/16;16:52:01;22.09;51.44;33.85;0.129;8.37;-80.1;1.2;-5.3;-326;114.2;8.19;12.3;
33.4450447217684;-118.485060852055;16:55:02.52;7/13/2016;8;1.902;131.66;12.0453350093692;1.39;117.4;127.82;-1.14;1.09;26.7;.00;15.78;15.79;93;57;559.2;16.2;-3.5;D;655.2;16;81.646;2;2.07;186;124.79;-118.48433821;33.44462574;0;0;1;N;1.09948;50;50;11;87;87;117.7375;0;9999.99;15.77;15.897;2;9;23.2;0;23.2000007629395;33.84;1528.64941;07/13/16;16:52:03;22.10;51.43;33.84;-0.064;8.38;-80.5;1.4;-3.9;-3353;114.3;8.20;12.3;
33.4450389217395;-118.485051857911;16:55:03.53;7/13/2016;8;2.048;129.34;12.0453350093692;1.39;123.8;133.81;0.81;4.94;26.7;.01;15.43;15.44;93;53;559.2;16.2;-3.2;D;706.2;16;80.593;2;2.06;186;124.76;-118.48433821;33.44462574;0;0;1;N;1.12841;53;53;11;65;65;117.5341;0;9999.99;15.41;15.537;2;9;23.2;0;23.2000007629395;33.83;1528.639;07/13/16;16:52:04;22.10;51.41;33.83;0.066;8.38;-80.5;0.2;-6.1;-870;114.2;8.19;12.4;
33.4450335318868;-118.485043076649;16:55:04.55;7/13/2016;8;1.85;131.25;12.0453350093692;1.39;118.3;128.66;-1.36;11.5;26.7;.00;14.99;14.99;93;53;559.2;16.2;-3.2;D;706.2;16;79.582;2;2.07;186;124.74;-118.48433821;33.44462574;0;0;1;N;1.151608;49;49;11;82;82;117.3714;0;9999.99;15.01;15.13358;2;9;23.2;0;23.2000007629395;33.8;1528.60616;07/13/16;16:52:05;22.09;51.38;33.80;-0.120;8.37;-80.1;0.9;-2.2;-3071;114.2;8.19;12.4;
33.4450271853264;-118.485034497208;16:55:05.55;7/13/2016;8;2.143;131.33;12.0453350093692;1.39;121.9;132.03;-4.17;4.14;26.6;.02;15.28;15.31;93;53;559.2;16.2;-3.2;D;706.2;16;78.526;2;1.99;186;124.64;-118.48433821;33.44462574;0;0;1;N;1.254929;43;43;11;65;65;116.6478;0;9999.99;15.23;15.357;2;9;23.2;0;23.2000007629395;33.81;1528.61852;07/13/16;16:52:06;22.06;51.39;33.81;0.066;8.37;-80.2;2.6;-4.0;-1540;114.2;8.20;12.4;
33.4450182002257;-118.485023875312;16:55:06.56;7/13/2016;7;2.59;131.33;12.0453350093692;1.73;117.7;128.1;3.41;10.6;26.6;.05;14.57;14.62;93;53;559.2;16.2;-3.2;D;706.2;16;77.148;2;2.05;186;124.45;-118.48433821;33.44462574;0;0;1;N;1.503412;76;76;11;71;71;114.9198;0;9999.99;14.59;14.71928;2;9;23.2;0;23.2000007629395;33.85;1528.66308;07/13/16;16:52:07;22.05;51.44;33.85;0.308;8.38;-80.5;0.5;-3.8;-2455;114.2;8.20;12.4;
33.4450201803393;-118.485021310202;16:55:07.59;7/13/2016;8;0.862;131.33;12.0453350093692;1.39;114.6;125.21;1.77;13.9;26.7;.02;14.62;14.64;93;55;559.1;16.2;-3.4;D;677.2;16;77.076;2;2.05;186;124.68;-118.48433821;33.44462574;0;0;1;N;1.193194;68;68;11;94;94;117.0799;0;9999.99;14.66;14.78292;2;9;23.2;0;23.2000007629395;33.85;1528.66187;07/13/16;16:52:08;22.05;51.44;33.85;0.044;8.38;-80.5;0.5;0.8;-1707;114.2;8.19;12.4;
33.4450169155352;-118.485012155532;16:55:08.59;7/13/2016;8;1.856;127.42;12.0453350093692;1.39;113.9;124.56;-1.72;11.8;26.7;.00;14.40;14.40;93;55;559.1;16.2;-3.4;D;677.2;16;76.172;2;2.01;186;124.82;-118.48433821;33.44462574;0;0;1;N;0.9958071;47;47;11;103;103;118.4675;0;9999.99;14.39;14.51432;2;9;23.2;0;23.2000007629395;33.85;1528.66113;07/13/16;16:52:09;22.06;51.44;33.85;-0.183;8.38;-80.3;0.8;-4.1;-2497;114.2;8.20;12.4;
33.4450122313957;-118.485002158831;16:55:09.59;7/13/2016;8;2.005;122.02;12.0453350093692;1.39;114.4;125.02;0.08;6.13;26.6;.00;14.65;14.65;93;55;559.1;16.2;-3.4;D;677.2;16;75.113;2;1.96;186;124.9;-118.48433821;33.44462574;0;0;1;N;0.8787911;55;55;11;106;106;119.2942;0;9999.99;14.64;14.767;2;9;23.2;0;23.2000007629395;33.85;1528.66038;07/13/16;16:52:10;22.07;51.45;33.85;0.007;8.38;-80.3;0.5;-1.8;1226;114.2;8.20;12.3;
33.4450048974382;-118.48499080752;16:55:10.61;7/13/2016;8;1.998;122.03;12.0453350093692;1.39;117.7;128.1;1.94;14;26.6;.00;14.44;14.44;92;56;559.1;16.2;-3.4;D;673.1;16;73.782;2;2.02;186;124.85;-118.48433821;33.44462574;0;0;1;N;0.9222926;69;69;11;91;91;118.9865;0;9999.99;14.45;14.577;2;9;23.2;0;23.2000007629395;33.85;1528.66039;07/13/16;16:52:11;22.08;51.44;33.85;-0.048;8.38;-80.4;1.4;-2.5;-2537;114.3;8.20;12.4;
33.4449989682843;-118.484982861869;16:55:11.61;7/13/2016;8;1.972;128.41;12.0453350093692;1.39;114.7;125.3;-1.16;8;26.6;.00;14.00;14.00;92;56;559.1;16.2;-3.4;D;673.1;16;72.801;2;1.98;186;124.75;-118.48433821;33.44462574;0;0;1;N;1.03216;50;50;11;99;99;118.2113;0;9999.99;14.00;14.12793;2;9;23.2;0;23.2000007629395;33.86;1528.67131;07/13/16;16:52:12;22.09;51.45;33.86;-0.160;8.38;-80.4;1.0;-4.9;-781;114.3;8.20;12.3;
33.4449933834369;-118.484973593058;16:55:12.64;7/13/2016;8;2.162;130.46;12.0453350093692;1.39;119.8;130.06;-1.09;7.19;26.6;.00;13.92;13.92;92;56;559.1;16.2;-3.4;D;673.1;16;71.740;2;1.98;186;124.74;-118.48433821;33.44462574;0;0;1;N;1.027458;45;45;11;85;85;118.2445;0;9999.99;13.89;14.02118;2;9;23.2;0;23.2000007629395;33.86;1528.67154;07/13/16;16:52:13;22.10;51.45;33.86;-0.036;8.38;-80.3;1.2;1.0;-1958;114.3;8.20;12.4;
33.4449853413325;-118.484964546139;16:55:13.66;7/13/2016;8;2.03;134.72;12.0453350093692;1.39;114.6;125.21;2.23;13.8;26.6;.00;13.60;13.60;92;56;559.1;16.2;-3.4;D;673.1;16;70.541;2;2;186;124.53;-118.48433821;33.44462574;0;0;1;N;1.280189;70;70;11;92;92;116.4715;0;9999.99;13.62;13.74683;2;9;23.2;0;23.2000007629395;33.85;1528.66074;07/13/16;16:52:14;22.11;51.44;33.85;0.069;8.37;-80.1;2.5;-4.2;-802;114.3;8.20;12.4;
33.4449783877794;-118.484955535481;16:55:14.67;7/13/2016;8;2.328;127.84;12.0453350093692;1.39;117.9;128.29;-1.9;7.92;26.6;.00;13.59;13.59;92;55;559.0;16.2;-3.4;D;677.9;16;69.415;2;2.06;186;124.4;-118.48433821;33.44462574;0;0;1;N;1.416114;46;46;11;76;76;115.525;0;9999.99;13.58;13.70353;2;9;23.2;0;23.2000007629395;33.84;1528.6494;07/13/16;16:52:15;22.11;51.43;33.84;-0.164;8.38;-80.4;0.9;1.9;-679;114.3;8.20;12.4;
33.4449709267744;-118.484945437349;16:55:15.67;7/13/2016;7;2.362;129.65;12.0453350093692;1.75;118.1;128.47;2.46;14.7;26.6;.01;13.33;13.34;92;55;559.0;16.2;-3.4;D;677.9;16;68.173;2;2.15;186;124.27;-118.48433821;33.44462574;0;0;1;N;1.546737;72;72;11;72;72;114.6205;0;9999.99;13.35;13.48046;2;9;23.2;0;23.2000007629395;33.83;1528.63855;07/13/16;16:52:16;22.10;51.41;33.83;0.051;8.38;-80.3;1.6;-4.5;-1001;114.3;8.20;12.3;
33.4449683364918;-118.48493685345;16:55:16.67;7/13/2016;8;1.859;120.93;12.0453350093692;1.39;114.3;124.93;-0.82;5.52;26.6;.00;13.12;13.13;92;55;559.0;16.2;-3.4;D;677.9;16;67.353;2;2.05;186;124.44;-118.48433821;33.44462574;0;0;1;N;1.325503;52;52;11;92;92;116.1554;0;9999.99;13.12;13.25177;2;9;23.2;0;23.2000007629395;33.85;1528.66044;07/13/16;16:52:17;22.10;51.44;33.85;-0.157;8.38;-80.5;1.6;-1.6;-2539;114.3;8.20;12.5;
33.4449625616175;-118.484927669473;16:55:17.67;7/13/2016;7;2.169;125.09;12.0453350093692;1.41;113.8;124.46;-0.79;12.3;26.6;.00;13.23;13.23;92;52;559.0;16.2;-3.2;D;719.9;16;66.287;2;2.02;186;124.4;-118.48433821;33.44462574;0;0;1;N;1.351614;55;55;11;91;91;115.9736;0;9999.99;13.23;13.357;2;9;23.2;0;23.2000007629395;33.86;1528.67134;07/13/16;16:52:18;22.10;51.45;33.86;-0.067;8.38;-80.3;1.0;-2.0;-1104;114.3;8.20;12.4;
33.4449576586433;-118.484918387154;16:55:18.67;7/13/2016;7;2.162;120.27;12.0453350093692;1.39;116.5;126.98;1.03;6.29;26.7;.00;12.80;12.81;92;52;559.0;16.2;-3.2;D;719.9;16;65.268;2;2.01;186;124.44;-118.48433821;33.44462574;0;0;1;N;1.289251;63;63;11;85;85;116.4083;0;9999.99;12.79;12.91986;2;9;23.2;0;23.2000007629395;33.85;1528.6607;07/13/16;16:52:19;22.11;51.45;33.85;-0.006;8.38;-80.6;1.0;-3.3;-3504;114.4;8.20;12.3;
33.4449500000943;-118.48490739203;16:55:19.67;7/13/2016;7;2.431;124.74;12.0453350093692;1.39;117.7;128.1;-1.35;11.7;26.6;.01;12.85;12.85;92;52;559.0;16.2;-3.2;D;719.9;16;63.945;2;2.16;186;124.32;-118.48433821;33.44462574;0;0;1;N;1.385371;49;49;11;78;78;115.7388;0;9999.99;12.85;12.977;2;9;23.2;0;23.2000007629395;33.84;1528.64976;07/13/16;16:52:20;22.12;51.43;33.84;-0.152;8.37;-80.1;1.5;-4.4;-2381;114.4;8.20;12.3;
33.4449431603391;-118.48489597737;16:55:20.67;7/13/2016;6;2.499;124.69;12.0453350093692;1.75;117.8;128.19;-0.17;13.1;26.6;.03;12.42;12.45;92;52;559.0;16.2;-3.2;D;719.9;16;62.642;2;2.19;186;124.29;-118.48433821;33.44462574;0;0;1;N;1.387594;56;56;11;77;77;115.7234;0;9999.99;12.40;12.52232;2;9;23.2;0;23.2000007629395;33.87;1528.68445;07/13/16;16:52:21;22.12;51.47;33.87;0.056;8.37;-80.1;1.5;-1.4;-2977;114.5;8.20;12.5;
33.4449389663071;-118.484887275479;16:55:21.67;7/13/2016;7;1.675;124.76;12.0453350093692;1.39;110.5;121.4;3.36;9.3;26.6;.04;12.09;12.13;92;58;558.9;16.2;-3.6;D;638.6;16;61.712;2;2.09;186;124.36;-118.48433821;33.44462574;0;0;1;N;1.310698;77;77;11;106;106;116.2589;0;13.00;12.11;25.23064;2;9;23.2;0;23.2000007629395;33.85;1528.66343;07/13/16;16:52:22;22.14;51.44;33.85;0.204;8.38;-80.4;1.6;-4.0;-2494;114.4;8.20;12.4;
33.4449330096533;-118.484876293227;16:55:22.67;7/13/2016;7;2.47;122;12.0453350093692;1.39;114.9;125.49;-1.38;10.3;26.6;.00;11.67;11.67;92;58;558.9;16.2;-3.6;D;638.6;16;60.497;2;2.16;186;124.39;-118.48433821;33.44462574;0;0;1;N;1.248492;47;47;11;93;93;116.6933;0;9999.99;11.68;11.80214;2;9;23.2;0;23.2000007629395;33.83;1528.639;07/13/16;16:52:23;22.13;51.42;33.83;-0.056;8.38;-80.4;1.2;-4.5;-1905;114.5;8.20;12.4;
33.4449267519511;-118.484866321788;16:55:23.67;7/13/2016;7;2.021;122.7;12.0453350093692;1.39;114;124.65;-1.22;16.1;26.6;.01;11.87;11.88;92;58;558.9;16.2;-3.6;D;638.6;16;59.341;2;2.23;186;124.34;-118.48433821;33.44462574;0;0;1;N;1.277118;51;51;11;91;91;116.4933;0;9999.99;11.87;11.99492;2;9;23.2;0;23.2000007629395;33.82;1528.62774;07/13/16;16:52:24;22.12;51.41;33.82;-0.105;8.37;-79.8;1.4;-0.9;-1047;114.5;8.20;12.4;
33.4449201547978;-118.484854892287;16:55:24.67;7/13/2016;7;2.193;121.48;12.0453350093692;1.39;113.3;124;-0.05;9.4;26.6;.01;11.82;11.83;92;58;558.9;16.2;-3.6;D;641.7;16;58.051;2;2.16;186;124.33;-118.48433821;33.44462574;0;0;1;N;1.259243;57;57;11;97;97;116.6183;0;12.24;11.81;24.177;2;9;23.2;0;23.2000007629395;33.84;1528.65049;07/13/16;16:52:25;22.11;51.43;33.84;0.125;8.38;-80.7;1.6;-4.3;-1517;114.4;8.20;12.4;
33.4449155813586;-118.484845744072;16:55:25.67;7/13/2016;7;1.867;121.3;12.0453350093692;1.39;114;124.65;2.48;16.4;26.7;.00;11.17;11.17;92;58;558.9;16.2;-3.6;D;641.7;16;57.064;2;2.17;186;124.39;-118.48433821;33.44462574;0;0;1;N;1.179951;72;72;11;97;97;117.1733;0;12.25;11.19;23.57048;2;9;23.2;0;23.2000007629395;33.84;1528.65048;07/13/16;16:52:26;22.12;51.42;33.84;0.017;8.38;-80.4;1.4;-4.4;-643;114.4;8.20;12.4;
33.4449118199613;-118.484836848103;16:55:26.67;7/13/2016;7;1.919;114.76;12.0453350093692;1.39;111.4;122.23;-1.51;6.67;26.7;.00;11.13;11.14;92;58;558.9;16.2;-3.6;D;641.7;16;56.146;2;2.05;186;124.51;-118.48433821;33.44462574;0;0;1;N;1.04219;50;50;11;111;111;118.1412;0;36.81;11.13;48.06923;2;9;23.2;0;23.2000007629395;33.85;1528.66048;07/13/16;16:52:27;22.12;51.44;33.85;-0.171;8.37;-80.1;1.9;-1.5;-1005;114.5;8.20;12.3;
33.4449050991739;-118.48482666386;16:55:27.67;7/13/2016;7;2.256;124.6;12.0453350093692;1.39;115.9;126.42;-2.56;15.2;26.6;.01;11.17;11.18;92;58;558.9;16.2;-3.6;D;641.7;16;54.944;2;2.09;186;124.43;-118.48433821;33.44462574;0;0;1;N;1.096663;43;43;11;97;97;117.758;0;9999.99;11.15;11.277;2;9;23.2;0;23.2000007629395;33.85;1528.66093;07/13/16;16:52:28;22.13;51.45;33.85;-0.025;8.37;-80.2;1.7;-6.2;-731;114.5;8.20;12.4;
33.4448984153089;-118.484816696809;16:55:28.67;7/13/2016;7;2.233;123.94;12.0453350093692;1.39;118;128.38;3.38;9.5;26.6;.01;10.72;10.73;92;53;558.8;16.2;-3.3;D;699.8;16;53.761;2;2.11;186;124.33;-118.48433821;33.44462574;0;0;1;N;1.153791;74;74;11;85;85;117.3569;0;9999.99;10.73;10.85437;2;9;23.2;0;23.2000007629395;33.86;1528.67205;07/13/16;16:52:29;22.14;51.45;33.86;0.150;8.38;-80.4;2.1;-5.7;-3823;114.4;8.20;12.4;
33.4448933622767;-118.484806667821;16:55:29.67;7/13/2016;7;2.081;124.51;12.0453350093692;1.75;113.2;123.91;-1.38;10;26.6;.00;10.35;10.35;92;53;558.8;16.2;-3.3;D;699.8;16;52.676;2;2.1;186;124.4;-118.48433821;33.44462574;0;0;1;N;1.083679;49;49;11;103;103;117.8494;0;9999.99;10.37;10.49274;2;9;23.2;0;23.2000007629395;33.84;1528.64974;07/13/16;16:52:30;22.14;51.43;33.84;-0.107;8.37;-80.2;1.9;-1.7;-1862;114.5;8.20;12.4;
33.4448880842688;-118.484798325975;16:55:30.67;7/13/2016;7;1.993;123.32;12.0453350093692;1.39;115.3;125.86;-1.5;9;26.6;.01;10.56;10.56;92;53;558.8;16.2;-3.3;D;699.8;16;51.706;2;2.08;186;124.35;-118.48433821;33.44462574;0;0;1;N;1.099909;47;47;11;89;89;117.7353;0;9999.99;10.54;10.667;2;9;23.2;0;23.2000007629395;33.85;1528.66069;07/13/16;16:52:31;22.15;51.45;33.85;-0.030;8.37;-80.2;1.6;-0.9;-456;114.5;8.20;12.4;
33.4448827964507;-118.484789096981;16:55:31.67;7/13/2016;7;2.131;126.43;12.0453350093692;1.39;114.7;125.3;0.38;11.5;26.7;.01;10.33;10.33;92;53;558.8;16.2;-3.3;D;699.8;16;50.667;2;2.03;186;124.34;-118.48433821;33.44462574;0;0;1;N;1.090087;57;57;11;98;98;117.8045;0;9999.99;10.32;10.447;2;9;23.2;0;23.2000007629395;33.85;1528.66078;07/13/16;16:52:32;22.15;51.44;33.85;0.088;8.37;-79.9;1.1;-2.9;-2096;114.5;8.20;12.3;
33.444875710625;-118.484777551375;16:55:32.67;7/13/2016;7;2.321;122.14;12.0453350093692;1.39;121.3;131.47;1.51;15.6;26.7;.00;9.79;9.79;92;58;558.8;16.2;-3.5;D;646.6;16;49.338;2;2.18;186;124.29;-118.48433821;33.44462574;0;0;1;N;1.088178;66;66;11;72;72;117.818;0;9999.99;9.80;9.9289;2;9;23.2;0;23.2000007629395;33.85;1528.66038;07/13/16;16:52:33;22.16;51.44;33.85;-0.043;8.38;-80.7;2.0;-2.1;-2538;114.5;8.20;12.4;
33.4448718203807;-118.484770035113;16:55:33.67;7/13/2016;7;1.409;121.74;12.0453350093692;1.39;114.8;125.39;-0.27;3.92;26.7;.00;9.92;9.92;92;58;558.8;16.2;-3.5;D;646.6;16;48.519;2;2.11;186;124.33;-118.48433821;33.44462574;0;0;1;N;1.050484;55;55;11;98;98;118.0832;0;9999.99;9.93;10.057;2;9;23.2;0;23.2000007629395;33.83;1528.63844;07/13/16;16:52:34;22.16;51.41;33.83;-0.179;8.38;-80.4;1.1;-2.3;-3687;114.5;8.20;12.3;
33.4448641703643;-118.48475963531;16:55:34.67;7/13/2016;7;2.219;121.41;12.0453350093692;1.39;122.9;132.97;0.36;11.7;26.7;.00;9.70;9.71;92;58;558.8;16.2;-3.5;D;646.6;16;47.242;2;2.05;185;124.14;-118.48433821;33.44462574;0;0;1;N;1.167351;54;54;11;66;66;117.2621;0;9999.99;9.69;9.816999;2;9;23.2;0;23.2000007629395;33.84;1528.6495;07/13/16;16:52:35;22.15;51.43;33.84;-0.098;8.37;-80.2;1.7;-0.3;-3445;114.5;8.20;12.6;
33.4448573090269;-118.484751122891;16:55:35.67;7/13/2016;7;2.113;129.47;12.0453350093692;1.39;117.8;128.19;0.97;12.2;26.6;.00;9.28;9.29;92;53;558.7;16.2;-3.3;D;701.4;16;46.161;2;2.06;185;123.91;-118.48433821;33.44462574;0;0;1;N;1.335696;70;70;11;75;75;116.0853;0;9999.99;9.31;9.438197;2;9;23.2;0;23.2000007629395;33.84;1528.64955;07/13/16;16:52:36;22.15;51.42;33.84;0.006;8.37;-80.2;2.2;-2.2;-1903;114.4;8.19;12.4;
33.4448513180726;-118.484743642414;16:55:36.67;7/13/2016;7;2.154;126.43;12.0453350093692;1.39;116.7;127.17;-2.89;5.13;26.6;.00;9.46;9.47;92;53;558.7;16.2;-3.3;D;701.4;16;45.213;2;1.97;185;123.7;-118.48433821;33.44462574;0;0;1;N;1.475826;43;43;11;81;81;115.1118;0;9999.99;9.43;9.557;2;9;23.2;0;23.2000007629395;33.85;1528.6606;07/13/16;16:52:37;22.15;51.44;33.85;-0.146;8.38;-80.4;2.3;-5.0;-1264;114.4;8.20;12.3;
33.4448453219253;-118.484734806756;16:55:37.67;7/13/2016;6;1.856;126.43;12.0453350093692;1.63;117.4;127.82;5.11;14.9;26.6;.01;8.84;8.85;92;53;558.7;16.2;-3.3;D;701.4;16;44.162;2;2.06;185;123.57;-118.48433821;33.44462574;0;0;1;N;1.541709;88;88;11;74;74;114.6563;0;9999.99;8.86;8.984962;2;9;23.2;0;23.2000007629395;33.81;1528.61697;07/13/16;16:52:38;22.15;51.38;33.81;0.152;8.38;-80.3;1.3;-3.9;-3670;114.4;8.20;12.4;
33.4448402527636;-118.484724335488;16:55:38.67;7/13/2016;7;2.105;123.22;12.0453350093692;1.48;118.2;128.57;-2.91;8.6;26.6;.01;8.81;8.81;92;53;558.7;16.2;-3.3;D;701.4;16;43.040;2;2.09;185;123.66;-118.48433821;33.44462574;0;0;1;N;1.432347;43;43;11;74;74;115.4134;0;9999.99;8.82;8.944576;2;9;23.2;0;23.2000007629395;33.84;1528.6502;07/13/16;16:52:39;22.14;51.43;33.84;-0.208;8.37;-80.1;1.8;-5.2;-1525;114.4;8.20;12.4;
33.4448339675437;-118.484715762383;16:55:39.67;7/13/2016;7;1.982;129.46;12.0453350093692;1.39;114.7;125.3;-0.06;8.7;26.6;.00;8.66;8.67;92;56;558.7;16.2;-3.4;D;672.3;16;41.991;2;2.08;185;123.46;-118.48433821;33.44462574;0;0;1;N;1.544337;50;50;11;83;83;114.6383;0;9999.99;8.64;8.767;2;9;23.2;0;23.2000007629395;33.85;1528.66098;07/13/16;16:52:40;22.14;51.44;33.85;-0.025;8.37;-80.2;1.9;-4.2;-389;114.4;8.20;12.3;
33.444828784315;-118.484708971443;16:55:40.67;7/13/2016;7;1.908;129.02;12.0453350093692;1.39;114.9;125.49;1.32;16.1;26.7;.00;8.33;8.33;92;56;558.7;16.2;-3.4;D;672.3;16;41.148;2;2.04;185;123.28;-118.48433821;33.44462574;0;0;1;N;1.646811;65;65;11;81;81;113.9325;0;9999.99;8.35;8.476722;2;9;23.2;0;23.2000007629395;33.86;1528.67155;07/13/16;16:52:41;22.15;51.45;33.86;0.080;8.38;-80.5;0.8;-4.0;-957;114.5;8.20;12.4;
33.4448238429679;-118.484699172074;16:55:41.67;7/13/2016;7;2.111;127.32;12.0453350093692;1.41;112.6;123.35;-3.46;7.67;26.6;.00;8.63;8.64;92;56;558.7;16.2;-3.4;D;672.3;16;40.086;2;2.05;185;123.33;-118.48433821;33.44462574;0;0;1;N;1.569709;43;43;11;91;91;114.4633;0;9999.99;8.61;8.737;2;9;23.2;0;23.2000007629395;33.85;1528.66047;07/13/16;16:52:42;22.16;51.45;33.85;-0.218;8.38;-80.4;1.7;-2.6;-621;114.5;8.20;12.4;
33.4448184546276;-118.484691597936;16:55:42.67;7/13/2016;7;2.251;131.71;12.0453350093692;1.39;112.2;122.98;2.28;12.2;26.6;.01;8.34;8.35;92;51;558.6;16.2;-3.1;D;732.4;16;39.170;2;2.1;185;123.17;-118.48433821;33.44462574;0;0;1;N;1.651036;71;71;11;91;91;113.9036;0;9999.99;8.34;8.467;2;9;23.2;0;23.2000007629395;33.87;1528.6825;07/13/16;16:52:43;22.17;51.46;33.87;0.146;8.38;-80.4;2.2;-3.1;-1962;114.5;8.20;12.4;
33.4448129481082;-118.4846801334;16:55:43.67;7/13/2016;7;2.113;120.64;12.0453350093692;1.41;114.4;125.02;-2.86;1.87;26.6;.01;8.01;8.01;92;51;558.6;16.2;-3.1;D;732.4;16;37.945;2;2.07;185;123.27;-118.48433821;33.44462574;0;0;1;N;1.522601;43;43;11;86;86;114.7887;0;9.52;7.99;17.63357;2;9;23.2;0;23.2000007629395;33.84;1528.65006;07/13/16;16:52:44;22.18;51.43;33.84;-0.073;8.37;-80.1;1.1;-1.2;-1863;114.5;8.20;12.4;
33.4448035898028;-118.484671901532;16:55:44.67;7/13/2016;7;2.19;131.34;12.0453350093692;1.39;115;125.58;1.98;9.7;26.6;.00;7.98;7.98;92;51;558.6;16.2;-3.1;D;732.4;16;36.738;2;2.06;185;122.57;-118.48433821;33.44462574;0;0;1;N;1.925546;63;63;11;73;73;112.0316;0;9999.99;7.97;8.097;2;9;23.2;0;23.2000007629395;33.85;1528.66064;07/13/16;16:52:45;22.19;51.44;33.85;0.038;8.38;-80.5;1.2;-3.4;-469;114.6;8.20;12.4;
33.4447964153681;-118.484661588015;16:55:45.67;7/13/2016;7;2.143;127.89;12.0453350093692;1.39;119.3;129.59;-0.01;16.5;26.6;.01;7.61;7.62;92;51;558.6;16.2;-3.1;D;732.4;16;35.503;2;2.08;185;122.31;-118.48433821;33.44462574;0;0;1;N;2.006219;57;57;11;55;55;111.4867;0;9999.99;7.63;7.757926;2;9;23.2;0;23.2000007629395;33.85;1528.66084;07/13/16;16:52:46;22.19;51.44;33.85;-0.204;8.38;-80.5;1.7;-0.1;-362;114.6;8.20;12.5;
33.4447904853945;-118.484652253229;16:55:46.67;7/13/2016;7;1.988;128.66;12.0453350093692;1.39;111.3;122.14;-2.84;12.6;26.6;.01;7.50;7.51;92;57;558.6;16.2;-3.5;D;656.5;16;34.418;2;2.02;185;122.16;-118.48433821;33.44462574;0;0;1;N;2.059614;43;43;11;85;85;111.1277;0;9999.99;7.48;7.607;2;9;23.2;0;23.2000007629395;33.86;1528.67188;07/13/16;16:52:47;22.19;51.46;33.86;-0.039;8.38;-80.5;1.8;-3.5;-1269;114.6;8.21;12.4;
33.4447840482117;-118.484642433605;16:55:47.67;7/13/2016;7;1.951;122.72;12.0453350093692;1.39;114.2;124.84;-0.65;5.42;26.6;.01;7.44;7.45;92;57;558.6;16.2;-3.5;D;656.5;16;33.266;2;1.96;185;121.95;-118.48433821;33.44462574;0;0;1;N;2.101265;49;49;11;73;73;110.8482;0;9999.99;7.42;7.547;2;9;23.2;0;23.2000007629395;33.84;1528.65022;07/13/16;16:52:48;22.20;51.43;33.84;0.135;8.38;-80.6;1.5;-3.7;-1917;114.7;8.21;12.4;
33.4447783179468;-118.484632448511;16:55:48.67;7/13/2016;7;2.163;126.04;12.0453350093692;1.39;114.6;125.21;1.57;9.4;26.6;.00;7.24;7.24;92;57;558.6;16.2;-3.5;D;656.5;16;32.143;2;2.04;185;121.86;-118.48433821;33.44462574;0;0;1;N;2.080397;66;66;11;70;70;110.9883;0;9999.99;7.25;7.376534;2;9;23.2;0;23.2000007629395;33.85;1528.66113;07/13/16;16:52:49;22.20;51.45;33.85;0.031;8.38;-80.4;1.1;-1.3;-2785;114.7;8.21;12.4;
33.4447733548897;-118.484622601531;16:55:49.67;7/13/2016;7;1.986;124.13;12.0453350093692;1.39;109.7;120.66;-3.22;6.92;26.6;.00;7.38;7.38;92;56;558.5;16.2;-3.4;D;666.2;16;31.076;2;2.08;185;121.88;-118.48433821;33.44462574;0;0;1;N;2.008725;43;43;11;90;90;111.4701;0;9999.99;7.38;7.507;2;9;23.2;0;23.2000007629395;33.84;1528.64945;07/13/16;16:52:50;22.21;51.43;33.84;-0.173;8.38;-80.7;2.0;-1.4;-2134;114.8;8.21;12.4;
33.4447675553152;-118.484612001508;16:55:50.67;7/13/2016;7;2.047;122.08;12.0453350093692;1.39;112.8;123.53;-0.98;8;26.6;.02;7.22;7.23;92;56;558.5;16.2;-3.4;D;666.2;16;29.900;2;2.09;185;121.83;-118.48433821;33.44462574;0;0;1;N;1.954424;44;44;11;81;81;111.8366;0;9999.99;7.18;7.307;2;9;23.2;0;23.2000007629395;33.85;1528.66042;07/13/16;16:52:51;22.21;51.44;33.85;0.099;8.37;-80.1;1.0;-3.5;-64;114.8;8.21;12.4;
33.4447626015053;-118.484602962024;16:55:51.70;7/13/2016;7;1.773;122.08;12.0453350093692;1.75;107.4;118.52;2.63;15;26.6;.02;6.83;6.86;92;56;558.5;16.2;-3.4;D;666.2;16;28.897;2;2.08;185;121.78;-118.48433821;33.44462574;0;0;1;N;1.92508;73;73;11;101;101;112.0351;0;9999.99;6.86;6.983825;2;9;23.2;0;23.2000007629395;33.84;1528.65134;07/13/16;16:52:52;22.21;51.43;33.84;0.167;8.38;-80.8;1.3;-3.6;-2061;114.8;8.22;12.4;
33.4447576597519;-118.484591797997;16:55:52.72;7/13/2016;6;2.142;121.13;12.0453350093692;1.75;109.9;120.84;-2.03;11.6;26.6;.00;6.84;6.85;92;56;558.5;16.2;-3.4;D;666.2;16;27.727;2;2.01;185;121.94;-118.48433821;33.44462574;0;0;1;N;1.772077;43;43;11;103;103;113.0754;0;9999.99;6.84;6.96886;2;9;23.2;0;23.2000007629395;33.84;1528.65094;07/13/16;16:52:53;22.21;51.43;33.84;-0.134;8.38;-80.5;0.9;-4.9;-1594;114.8;8.22;12.4;
33.4447548320801;-118.484582918477;16:55:53.73;7/13/2016;7;1.827;121.13;12.0453350093692;1.39;114.1;124.74;3.8;11.4;26.6;.00;6.87;6.88;92;52;558.5;16.2;-3.2;D;710.5;16;26.862;2;2.13;185;122.3;-118.48433821;33.44462574;0;0;1;N;1.529122;79;79;11;87;87;114.7444;0;9999.99;6.88;7.007;2;9;23.3;0;23.2999992370605;33.85;1528.91346;07/13/16;16:52:54;22.21;51.45;33.85;0.022;8.38;-80.7;2.0;1.6;-2056;114.9;8.22;12.3;
33.4447523832041;-118.484573350668;16:55:54.75;7/13/2016;7;1.53;114.88;12.0453350093692;1.39;106.4;117.6;-3.02;9.8;26.6;.00;6.54;6.54;92;52;558.5;16.2;-3.2;D;710.5;16;25.967;2;2.06;185;122.84;-118.48433821;33.44462574;0;0;1;N;1.253833;43;43;11;123;123;116.6581;0;9999.99;6.55;6.675912;2;9;23.2;0;23.2999992370605;33.84;1528.90255;07/13/16;16:52:55;22.22;51.43;33.84;-0.188;8.37;-80.2;1.4;-2.6;603;114.9;8.22;12.4;
33.4447482589343;-118.484562424941;16:55:55.75;7/13/2016;7;2.112;116.31;12.0453350093692;1.39;117.9;128.29;-0.24;10.1;26.5;.01;6.69;6.70;92;52;558.5;16.2;-3.2;D;710.5;16;24.867;2;2.06;185;123.22;-118.48433821;33.44462574;0;0;1;N;1.014357;52;52;11;91;91;118.3393;0;9999.99;6.66;6.787;2;9;23.3;0;23.2999992370605;33.85;1528.91373;07/13/16;16:52:56;22.22;51.44;33.85;0.016;8.38;-80.7;1.7;-2.6;-252;115.0;8.23;12.3;
33.444744277022;-118.484552996681;16:55:56.77;7/13/2016;7;1.863;119.57;12.0453350093692;1.39;111.3;122.14;0.72;10.1;26.6;.01;6.30;6.30;92;52;558.4;16.2;-3.2;D;721;16;23.893;2;2.02;185;123.48;-118.48433821;33.44462574;0;0;1;N;0.8770844;65;65;11;112;112;119.309;0;9999.99;6.31;6.437411;2;9;23.3;0;23.2999992370605;33.86;1528.92477;07/13/16;16:52:57;22.22;51.45;33.86;0.033;8.38;-80.7;1.7;-2.8;-2329;115.0;8.23;12.4;
33.444739392005;-118.484544382042;16:55:57.78;7/13/2016;7;2.063;122.7;12.0453350093692;1.39;113.9;124.56;0.08;9.3;26.6;.00;6.35;6.35;92;52;558.4;16.2;-3.2;D;721;16;22.927;2;1.97;185;123.45;-118.48433821;33.44462574;0;0;1;N;0.8514439;57;57;11;107;107;119.4906;0;9999.99;6.34;6.471846;2;9;23.2;0;23.2000007629395;33.84;1528.64951;07/13/16;16:52:58;22.22;51.43;33.84;-0.084;8.38;-80.4;1.2;-2.7;-831;115.0;8.23;12.4;
33.4447337157556;-118.484536281281;16:55:58.78;7/13/2016;7;2.157;123.47;12.0453350093692;1.39;115.9;126.42;0.61;14.4;26.6;.00;6.34;6.34;92;52;558.4;16.2;-3.2;D;721;16;21.952;2;2.06;185;123.16;-118.48433821;33.44462574;0;0;1;N;0.9184451;68;68;11;90;90;119.0165;0;9999.99;6.36;6.488213;2;9;23.3;0;23.2000007629395;33.87;1528.68224;07/13/16;16:52:59;22.23;51.48;33.87;-0.079;8.38;-80.6;1.8;-4.8;-2076;115.1;8.23;12.2;
33.4447281915082;-118.484526316066;16:55:59.78;7/13/2016;7;2.066;122.67;12.0453350093692;1.39;116.4;126.89;-1.3;6.43;26.6;.00;6.48;6.49;92;52;558.4;16.2;-3.2;D;721;16;20.842;2;2.05;185;123.13;-118.48433821;33.44462574;0;0;1;N;0.8894938;43;43;11;102;102;119.2213;0;9999.99;6.47;6.597;2;9;23.3;0;23.2999992370605;33.86;1528.92439;07/13/16;16:53:00;22.25;51.46;33.86;-0.181;8.38;-80.6;2.0;-6.0;-645;115.2;8.24;12.3;
33.4447216944803;-118.484516872151;16:56:00.78;7/13/2016;7;2.161;126.11;12.0453350093692;1.39;119.9;130.15;3.14;14.1;26.6;.01;6.18;6.19;92;51;558.4;16.2;-3.1;D;726.9;16;19.714;2;2.11;185;122.77;-118.48433821;33.44462574;0;0;1;N;0.9547189;76;76;11;81;81;118.7604;0;9999.99;6.20;6.330677;2;9;23.3;0;23.2999992370605;33.85;1528.91359;07/13/16;16:53:01;22.26;51.45;33.85;0.074;8.38;-80.7;1.4;-3.2;-1192;115.2;8.24;12.4;
33.4447167044806;-118.484508180858;16:56:01.80;7/13/2016;7;1.934;124.01;12.0453350093692;1.39;117.2;127.63;-3.97;4.63;26.6;.01;6.25;6.25;92;51;558.4;16.2;-3.1;D;726.9;16;18.736;2;2.03;185;122.68;-118.48433821;33.44462574;0;0;1;N;0.9449042;43;43;11;92;92;118.8298;0;9999.99;6.24;6.365122;2;9;23.3;0;23.2999992370605;33.85;1528.91387;07/13/16;16:53:03;22.28;51.44;33.85;0.115;8.38;-80.4;1.4;-1.5;-2447;115.3;8.24;12.5;
33.444710696534;-118.48450065216;16:56:02.80;7/13/2016;6;1.989;125.2;12.0453350093692;1.75;119.4;129.69;3.42;15.7;26.6;.01;6.21;6.22;92;54;558.3;16.2;-3.3;D;693;16;17.788;2;2.05;185;122.08;-118.48433821;33.44462574;0;0;1;N;1.075015;80;80;11;80;80;117.9128;0;40.52;6.21;46.857;2;9;23.3;0;23.2999992370605;33.85;1528.91387;07/13/16;16:53:03;22.28;51.44;33.85;0.115;8.38;-80.4;1.4;-1.5;-2447;115.3;8.24;12.5;
33.4447051844092;-118.484490830749;16:56:03.80;7/13/2016;7;1.795;120.27;12.0453350093692;1.48;117;127.45;-4.38;5.73;26.6;.01;6.12;6.13;92;54;558.3;16.2;-3.3;D;693;16;16.690;2;2.08;185;121.96;-118.48433821;33.44462574;0;0;1;N;1.049024;43;43;11;90;90;118.0958;0;40.51;6.11;46.74503;2;9;23.3;0;23.2999992370605;33.81;1528.86992;07/13/16;16:53:05;22.28;51.39;33.81;0.106;8.38;-80.4;3.9;-3.0;-2006;115.4;8.25;12.4;
33.4446995218746;-118.484482254223;16:56:04.80;7/13/2016;7;2.174;126.46;12.0453350093692;1.39;121.2;131.37;3.35;11.8;26.6;.01;6.12;6.13;92;54;558.3;16.2;-3.3;D;693;16;15.682;2;2.09;185;121.54;-118.48433821;33.44462574;0;0;1;N;1.088944;77;77;11;73;73;117.8151;0;9999.99;6.10;6.227;2;9;23.3;0;23.2999992370605;33.83;1528.89202;07/13/16;16:53:06;22.28;51.42;33.83;-0.053;8.39;-80.9;1.0;-6.6;-456;115.4;8.25;12.4;
33.4446947012339;-118.484475073761;16:56:05.80;7/13/2016;7;1.755;127.38;12.0453350093692;1.39;117.3;127.73;-2.02;12.4;26.6;.01;5.87;5.88;92;54;558.3;16.2;-3.3;D;695.2;16;14.835;2;2.08;185;121.13;-118.48433821;33.44462574;0;0;1;N;1.148004;45;45;11;86;86;117.4002;0;9999.99;5.90;6.025678;2;9;23.3;0;23.2999992370605;33.83;1528.89202;07/13/16;16:53:06;22.28;51.42;33.83;-0.053;8.39;-80.9;1.0;-6.6;-456;115.4;8.25;12.4;
33.4446897465569;-118.48446594286;16:56:06.80;7/13/2016;7;2.006;122.84;12.0453350093692;1.39;120.8;131;1.48;5.42;26.6;.01;6.03;6.03;92;54;558.3;16.2;-3.3;D;695.2;16;13.825;2;2.05;185;120.99;-118.48433821;33.44462574;0;0;1;N;1.092904;61;61;11;71;71;117.7873;0;9999.99;6.01;6.137;2;9;23.3;0;23.2999992370605;32.79;1527.7547;07/13/16;16:53:07;22.28;50.00;32.79;-0.076;8.38;-80.5;1.0;-0.3;305;115.4;8.30;12.4;
33.4446835031746;-118.484457426682;16:56:07.80;7/13/2016;7;1.967;132.2;12.0453350093692;1.39;114.1;124.74;0.52;11.9;26.6;.00;5.91;5.91;92;54;558.3;16.2;-3.3;D;695.2;16;12.791;2;2.01;185;120.14;-118.48433821;33.44462574;0;0;1;N;1.212994;62;62;11;95;95;116.9449;0;9999.99;5.93;6.057;2;9;23.3;0;23.2999992370605;33.87;1528.9352;07/13/16;16:53:09;22.31;51.47;33.87;-0.159;8.38;-80.7;1.1;-0.7;-2546;115.5;8.25;12.4;
33.4446761912686;-118.484447946956;16:56:08.80;7/13/2016;7;2.325;130.52;12.0453350093692;1.39;117.7;128.1;-1.01;11.9;26.6;.00;5.83;5.83;92;54;558.3;16.2;-3.3;D;695.2;16;11.625;2;2.11;185;118.85;-118.48433821;33.44462574;0;0;1;N;1.352553;51;51;11;78;78;115.9705;0;49.70;5.83;55.6588;2;9;23.3;0;23.2999992370605;33.87;1528.9352;07/13/16;16:53:09;22.31;51.47;33.87;-0.159;8.38;-80.7;1.1;-0.7;-2546;115.5;8.25;12.4;
33.4446711860487;-118.484439457603;16:56:09.80;7/13/2016;7;2.208;126.59;12.0453350093692;1.39;119.1;129.41;2.86;11.3;26.6;.00;5.79;5.79;92;57;558.2;16.2;-3.5;D;659.6;16;10.667;2;2.17;185;118.28;-118.48433821;33.44462574;0;0;1;N;1.342222;74;74;11;70;70;116.0416;0;9999.99;5.80;5.922184;2;9;23.3;0;23.2999992370605;33.86;1528.92434;07/13/16;16:53:11;22.33;51.46;33.86;-0.182;8.38;-80.9;0.8;-2.5;-2790;115.6;8.25;12.4;
33.4446665065927;-118.484428980053;16:56:10.80;7/13/2016;7;1.832;125.28;12.0453350093692;1.39;112;122.79;-3.06;8.3;26.6;.00;5.66;5.67;92;57;558.2;16.2;-3.5;D;659.6;16;9.564;2;2.08;185;118.29;-118.48433821;33.44462574;0;0;1;N;1.220526;43;43;11;103;103;116.8919;0;9999.99;5.68;5.804537;2;9;23.3;0;23.2999992370605;33.86;1528.92434;07/13/16;16:53:11;22.33;51.46;33.86;-0.182;8.38;-80.9;0.8;-2.5;-2790;115.6;8.25;12.4;
33.4446605207044;-118.484420391384;16:56:11.80;7/13/2016;7;2.045;126.45;12.0453350093692;1.39;115.7;126.23;1.02;12.1;26.6;.01;5.71;5.71;92;57;558.2;16.2;-3.5;D;659.6;16;8.550;2;2.02;185;116.89;-118.48433821;33.44462574;0;0;1;N;1.289207;63;63;11;88;88;116.4122;0;40.65;5.68;46.457;2;9;23.3;0;23.2999992370605;33.85;1528.91364;07/13/16;16:53:13;22.34;51.44;33.85;0.015;8.39;-81.0;1.4;-2.6;-1288;115.8;8.27;12.4;
33.4446542637872;-118.484411941091;16:56:12.80;7/13/2016;7;2.114;128.52;12.0453350093692;1.39;114.8;125.39;0.33;13.7;26.6;.00;5.49;5.49;92;53;558.2;16.2;-3.3;D;697.2;16;7.540;2;2.1;185;114.87;-118.48433821;33.44462574;0;0;1;N;1.400226;59;59;11;88;88;115.6385;0;6.28;5.51;11.91438;2;9;23.3;0;23.2999992370605;33.85;1528.91364;07/13/16;16:53:13;22.34;51.44;33.85;0.015;8.39;-81.0;1.4;-2.6;-1288;115.8;8.27;12.4;
33.4446495197063;-118.484401575789;16:56:13.80;7/13/2016;7;2.061;121.2;12.0453350093692;1.39;116.4;126.89;-0.53;8;26.6;.01;5.67;5.67;92;53;558.2;16.2;-3.3;D;697.2;16;6.446;2;2.14;185;114.22;-118.48433821;33.44462574;0;0;1;N;1.268456;48;48;11;89;89;116.5563;0;9999.99;5.65;5.777;2;9;23.3;0;23.2999992370605;33.87;1528.93552;07/13/16;16:53:15;22.35;51.47;33.87;0.016;8.38;-80.9;1.1;-2.8;-475;116.0;8.28;12.4;
33.4446439152344;-118.484391581162;16:56:14.81;7/13/2016;7;2.013;124.74;12.0453350093692;1.39;115;125.58;1.02;9.7;26.6;.00;5.38;5.38;92;53;558.2;16.2;-3.3;D;697.2;16;5.349;2;2.08;185;112.2;-118.48433821;33.44462574;0;0;1;N;1.236616;63;63;11;92;92;116.7799;0;9999.99;5.39;5.520154;2;9;23.3;0;23.2999992370605;33.87;1528.93552;07/13/16;16:53:15;22.35;51.47;33.87;0.016;8.38;-80.9;1.1;-2.8;-475;116.0;8.28;12.4;
33.4446386067809;-118.484382230728;16:56:15.86;7/13/2016;7;2.015;125.95;12.0453350093692;1.39;118.5;128.85;-5.74;6.95;26.6;.02;5.44;5.46;92;53;558.2;16.2;-3.3;D;697.2;16;4.328;2;2.02;185;109.3;-118.48433821;33.44462574;0;0;1;N;1.210364;43;43;11;84;84;116.9632;0;54.30;5.42;59.847;2;9;23.3;0;23.2999992370605;33.89;1528.9581;07/13/16;16:53:17;22.39;51.50;33.89;0.226;8.38;-80.8;1.3;-1.2;-3045;116.1;8.28;12.4;
33.4446328266151;-118.484373314867;16:56:16.86;7/13/2016;7;1.93;125.95;12.0453350093692;1.39;119.9;130.15;2.5;12.6;26.6;.04;5.37;5.41;92;52;558.1;16.2;-3.2;D;715.4;16;3.351;2;2.08;185;103.6;-118.48433821;33.44462574;0;0;1;N;1.241666;65;65;11;68;68;116.7439;0;5.80;5.33;11.257;2;9;23.3;0;23.2999992370605;33.89;1528.9581;07/13/16;16:53:17;22.39;51.50;33.89;0.226;8.38;-80.8;1.3;-1.2;-3045;116.1;8.28;12.4;
33.4446306422109;-118.484366819348;16:56:17.86;7/13/2016;6;1.028;125.95;12.0453350093692;1.63;113.3;124;2.76;11.6;26.6;.03;5.10;5.13;92;52;558.1;16.2;-3.2;D;715.4;16;2.710;2;2.04;185;101.6;-118.48433821;33.44462574;0;0;1;N;1.109619;74;74;11;102;102;117.6714;0;5.71;5.13;10.97351;2;9;23.3;0;23.2999992370605;33.89;1528.95941;07/13/16;16:53:19;22.46;51.50;33.89;-0.046;8.39;-81.5;1.3;-3.9;-1379;116.3;8.28;12.6;
33.4446239277027;-118.484356270291;16:56:18.86;7/13/2016;7;2.328;123.28;12.0453350093692;1.39;119.7;129.97;-0.54;8.8;26.5;.00;4.99;5.00;92;52;558.1;16.2;-3.2;D;715.4;16;1.688;2;2.06;185;83.14;-118.48433821;33.44462574;0;0;1;N;1.128905;54;54;11;77;77;117.5324;0;9999.99;5.00;5.130329;2;9;23.3;0;23.2999992370605;33.89;1528.95941;07/13/16;16:53:19;22.46;51.50;33.89;-0.046;8.39;-81.5;1.3;-3.9;-1379;116.3;8.28;12.6;
33.4446189547704;-118.484348464451;16:56:19.86;7/13/2016;7;1.833;126.28;12.0453350093692;1.39;112.9;123.63;0.41;8.9;26.5;.01;4.82;4.82;92;57;558.1;16.1;-3.5;D;652.1;17;179.525;2;2.01;185;310.64;-118.48581676;33.44567042;0;0;1;N;1.206359;58;58;11;5;5;318.8353;0;43.42;4.81;48.35375;2;9;23.3;0;23.2999992370605;33.85;1528.91365;07/13/16;16:53:21;22.52;51.45;33.85;0.032;8.41;-82.2;0.8;-1.6;-1634;116.7;8.31;12.5;
33.4446148278781;-118.484339618662;16:56:20.88;7/13/2016;7;1.894;124.41;12.0453350093692;1.39;108.6;119.64;0.99;6.76;26.6;.01;4.87;4.88;92;55;558.1;16.2;-3.4;D;680.7;17;180.447;2;1.94;185;310.58;-118.48581676;33.44567042;0;0;1;N;1.030673;64;64;11;5;5;316.7234;0;5.54;4.88;10.547;2;9;23.3;0;23.2999992370605;33.85;1528.91365;07/13/16;16:53:21;22.52;51.45;33.85;0.032;8.41;-82.2;0.8;-1.6;-1634;116.7;8.31;12.5;
33.4446108318402;-118.484329797404;16:56:21.89;7/13/2016;7;2.149;127.22;12.0453350093692;1.39;101.6;113.15;0.25;14.1;26.6;.00;4.83;4.83;92;55;558.1;16.2;-3.4;D;680.7;17;181.428;2;1.99;185;310.5;-118.48581676;33.44567042;0;0;1;N;0.7997013;59;59;11;5;5;314.4421;0;41.19;4.83;46.14804;2;9;23.3;0;23.2999992370605;33.89;1528.95699;07/13/16;16:53:23;22.54;51.50;33.89;-0.068;8.40;-81.9;0.4;-2.5;-1160;117.2;8.33;12.5;
33.4446067778494;-118.48431773392;16:56:22.89;7/13/2016;7;2.045;119.85;12.0453350093692;1.39;91.2;103.53;2.1;9.7;26.6;.00;4.85;4.85;92;55;558.1;16.2;-3.4;D;680.7;17;182.573;2;2.05;185;310.38;-118.48581676;33.44567042;0;0;1;N;0.4391678;72;72;11;5;5;312.181;0;20.03;4.86;25.017;2;9;23.3;0;23.2999992370605;33.89;1528.95699;07/13/16;16:53:23;22.54;51.50;33.89;-0.068;8.40;-81.9;0.4;-2.5;-1160;117.2;8.33;12.5;
33.4446040660825;-118.484308184568;16:56:23.89;7/13/2016;7;1.987;115.78;12.0453350093692;1.39;86.7;99.36;0.39;10.8;26.6;.00;4.52;4.53;92;58;558.1;16.1;-3.6;D;641;17;183.443;2;2.01;185;310.27;-118.48581676;33.44567042;0;0;1;N;9.658863E-02;62;62;11;5;5;310.6329;0;37.02;4.54;41.6798;2;9;23.3;0;23.2999992370605;33.89;1528.9571;07/13/16;16:53:25;22.59;51.51;33.89;-0.108;8.40;-81.9;1.2;-2.7;-4893;117.7;8.37;12.4;
33.444602162706;-118.484298931885;16:56:24.89;7/13/2016;7;1.785;111.53;12.0453350093692;1.39;75.4;88.83;1.26;12.3;26.7;.00;4.42;4.42;92;58;558.1;16.1;-3.6;D;641;17;184.236;2;1.95;185;310.15;-118.48581676;33.44567042;0;0;1;N;0.2717715;65;65;11;5;5;309.2954;0;31.60;4.42;36.147;2;9;23.3;0;23.2999992370605;33.89;1528.9571;07/13/16;16:53:25;22.59;51.51;33.89;-0.108;8.40;-81.9;1.2;-2.7;-4893;117.7;8.37;12.4;
33.4446020742018;-118.484289344172;16:56:25.89;7/13/2016;7;1.847;103.61;12.0453350093692;1.39;68.8;82.61;1.67;11.2;26.6;.00;4.13;4.13;92;58;558.1;16.1;-3.6;D;641;17;184.923;2;1.89;185;309.97;-118.48581676;33.44567042;0;0;1;N;0.8306352;67;67;11;5;5;307.5333;0;40.52;4.15;44.79071;2;9;23.3;0;23.2999992370605;33.89;1528.95724;07/13/16;16:53:26;22.62;51.51;33.89;-0.052;8.41;-82.4;0.8;-7.1;-3866;117.9;8.37;12.4;
33.4446025437399;-118.484280219854;16:56:26.89;7/13/2016;7;2.002;97.99;12.0453350093692;1.39;58.3;72.62;1.16;13.9;26.6;.01;4.09;4.10;92;58;558.1;16.1;-3.6;D;641;17;185.539;2;1.88;185;309.79;-118.48581676;33.44567042;0;0;1;N;1.419838;62;62;11;5;5;305.8946;0;9999.99;4.10;4.227;2;9;23.4;0;23.3999996185303;33.88;1529.19876;07/13/16;16:53:28;22.68;51.49;33.88;-0.034;8.42;-82.9;0.4;-3.7;-3821;118.4;8.40;12.3;
33.4446043060814;-118.484269168529;16:56:27.89;7/13/2016;7;2.089;97.99;12.0453350093692;1.39;47;61.68;2.11;10.5;26.5;.00;3.93;3.93;92;58;558.0;16.1;-3.5;D;645.6;17;186.203;2;1.9;185;309.54;-118.48581676;33.44567042;0;0;1;N;2.223561;73;73;11;5;5;303.8546;0;4.46;3.94;8.530369;2;9;23.4;0;23.3999996185303;33.88;1529.19876;07/13/16;16:53:28;22.68;51.49;33.88;-0.034;8.42;-82.9;0.4;-3.7;-3821;118.4;8.40;12.3;
33.4446081638698;-118.484258145404;16:56:28.89;7/13/2016;7;2.155;77.52;12.0453350093692;1.39;39.7;54.52;2.33;8.6;26.5;.01;3.87;3.87;92;58;558.0;16.1;-3.5;D;645.6;17;186.721;2;1.87;185;309.24;-118.48581676;33.44567042;0;0;1;N;3.192354;71;71;11;5;5;301.507;0;24.87;3.89;28.884;2;9;23.4;0;23.3999996185303;33.88;1529.1986;07/13/16;16:53:30;22.72;51.49;33.88;-0.108;8.41;-82.7;0.9;1.5;-416;118.9;8.43;12.4;
33.444614410979;-118.484248492665;16:56:29.89;7/13/2016;8;2.023;67.04;12.0453350093692;1.39;30.6;45.49;2.47;14.6;26.6;.00;3.60;3.60;92;58;558.0;16.1;-3.5;D;645.6;17;186.979;2;1.8;185;308.9;-118.48581676;33.44567042;0;0;1;N;4.302289;72;72;11;5;5;298.7849;0;35.34;3.62;39.087;2;9;23.4;0;23.3999996185303;33.88;1529.1986;07/13/16;16:53:30;22.72;51.49;33.88;-0.108;8.41;-82.7;0.9;1.5;-416;118.9;8.43;12.4;
33.4446214054727;-118.48424077031;16:56:30.91;7/13/2016;8;1.757;56.79;12.0453350093692;1.39;13.3;28.05;2.18;8.5;26.6;.00;3.44;3.44;92;58;558.0;16.1;-3.6;D;639.8;17;187.051;2;1.83;185;308.58;-118.48581676;33.44567042;0;0;1;N;5.372139;70;70;11;5;5;296.1145;0;9999.99;3.46;3.582733;2;9;23.4;0;23.3999996185303;33.86;1529.1764;07/13/16;16:53:32;22.75;51.47;33.86;-0.114;8.43;-83.6;1.3;-2.1;-1412;119.5;8.47;12.4;
33.4446272151006;-118.484234009561;16:56:31.94;7/13/2016;8;1.873;48.65;12.0453350093692;1.39;12.9;27.65;0.81;8.5;26.6;.00;3.31;3.31;92;58;558.0;16.1;-3.6;D;639.8;17;187.141;2;1.82;185;308.31;-118.48581676;33.44567042;0;0;1;N;6.25774;62;62;11;5;5;293.9853;0;9999.99;3.33;3.45749;2;9;23.4;0;23.3999996185303;33.86;1529.1764;07/13/16;16:53:32;22.75;51.47;33.86;-0.114;8.43;-83.6;1.3;-2.1;-1412;119.5;8.47;12.4;
33.4446344598866;-118.48422814408;16:56:32.94;7/13/2016;8;2.104;46.01;12.0453350093692;1.39;4.3;18.89;2.4;20.8;26.6;.01;3.31;3.32;92;58;558.0;16.1;-3.6;D;639.8;17;187.071;2;1.81;186;308.01;-118.48581676;33.44567042;0;0;1;N;7.230963;71;71;11;5;5;291.4977;0;29.31;3.33;32.76749;2;9;23.4;0;23.3999996185303;33.87;1529.18766;07/13/16;16:53:34;22.77;51.48;33.87;-0.219;8.43;-83.6;0.8;-3.4;-2265;120.3;8.52;12.2;
33.4446404443203;-118.484224298657;16:56:33.94;7/13/2016;8;1.276;46.01;12.0453350093692;1.39;345.5;359.66;2.07;8.8;26.6;.01;3.80;3.81;92;58;558.0;16.1;-3.6;D;639.8;17;186.944;2;1.83;186;307.78;-118.48581676;33.44567042;0;0;1;N;7.994206;67;67;11;5;5;289.4554;0;9999.99;3.82;3.947;2;9;23.4;0;23.3999996185303;33.87;1529.18766;07/13/16;16:53:34;22.77;51.48;33.87;-0.219;8.43;-83.6;0.8;-3.4;-2265;120.3;8.52;12.2;
33.4446504272968;-118.484223943412;16:56:34.95;7/13/2016;8;2.069;46.01;12.0453350093692;1.39;337.2;351.17;1.81;9.8;26.6;.00;4.02;4.02;92;61;557.9;16.1;-3.7;D;615.8;17;186.292;2;1.84;186;307.5;-118.48581676;33.44567042;0;0;1;N;8.875682;68;68;11;5;5;286.145;0;43.58;4.04;47.75349;2;9;23.4;0;23.3999996185303;33.86;1529.17647;07/13/16;16:53:35;22.79;51.47;33.86;-0.136;8.44;-84.1;-0.2;-1.0;-409;120.7;8.55;12.3;
33.4446598245703;-118.484223903266;16:56:35.98;7/13/2016;8;1.721;46.01;12.0453350093692;1.39;324.7;338.42;2.38;10.1;26.6;.00;4.02;4.02;92;61;557.9;16.1;-3.7;D;615.8;17;185.661;2;1.85;186;307.25;-118.48581676;33.44567042;0;0;1;N;9.674789;71;71;11;5;5;282.8473;0;9999.99;4.04;4.170758;2;9;23.4;0;23.3999996185303;33.85;1529.16547;07/13/16;16:53:37;22.81;51.46;33.85;-0.138;8.43;-84.0;0.3;-3.0;-3439;121.4;8.60;12.4;
33.4446660991686;-118.484225174722;16:56:36.98;7/13/2016;8;1.485;22.19;12.0453350093692;1.39;315.3;328.87;1.73;10.5;26.5;.00;4.02;4.02;92;61;557.9;16.1;-3.7;D;615.8;17;185.145;2;1.82;186;307.1;-118.48581676;33.44567042;0;0;1;N;10.16692;67;67;11;5;5;280.3922;0;46.81;4.04;50.98076;2;9;23.5;0;23.3999996185303;33.85;1529.16547;07/13/16;16:53:37;22.81;51.46;33.85;-0.138;8.43;-84.0;0.3;-3.0;-3439;121.4;8.60;12.4;
33.4446734022867;-118.484228015608;16:56:37.98;7/13/2016;8;1.997;0.7;12.0453350093692;1.39;310.1;323.6;1.37;14.6;26.6;.01;4.74;4.75;92;61;557.9;16.1;-3.7;D;613.5;17;184.445;2;1.77;186;306.95;-118.48581676;33.44567042;0;0;1;N;10.62826;65;65;11;5;5;277.2438;0;43.18;4.76;48.06831;2;9;23.5;0;23.5;33.83;1529.39544;07/13/16;16:53:39;22.79;51.43;33.83;-0.185;8.43;-83.8;0.7;-2.2;-1270;122.1;8.65;12.4;
33.4446795209724;-118.484239735194;16:56:39.00;7/13/2016;8;2.601;328.07;12.0453350093692;1.39;301.4;314.8;0.83;8.2;26.6;.00;4.70;4.70;92;61;557.9;16.1;-3.7;D;613.5;17;183.168;2;1.82;186;306.98;-118.48581676;33.44567042;0;0;1;N;10.46105;62;62;11;5;5;273.6121;0;9999.99;4.71;4.840061;2;9;23.5;0;23.5;33.83;1529.39544;07/13/16;16:53:39;22.79;51.43;33.83;-0.185;8.43;-83.8;0.7;-2.2;-1270;122.1;8.65;12.4;
33.4446872836994;-118.484248351555;16:56:40.03;7/13/2016;7;1.865;328.07;12.0453350093692;1.39;293.4;306.71;1.35;11.9;26.6;.00;4.72;4.72;92;61;557.9;16.1;-3.7;D;613.5;17;182.010;2;1.84;186;306.92;-118.48581676;33.44567042;0;0;1;N;10.6186;65;65;11;5;5;268.4957;0;9999.99;4.73;4.854095;2;9;23.5;0;23.5;33.83;1529.3952;07/13/16;16:53:40;22.78;51.43;33.83;-0.153;8.43;-83.9;1.1;1.0;-2011;122.4;8.67;12.3;
33.4446920555334;-118.484256438412;16:56:41.03;7/13/2016;8;2.123;320.3;12.0453350093692;1.39;286.8;300.03;2.06;10;26.6;.01;4.80;4.80;92;61;557.9;16.1;-3.7;D;613.5;17;181.091;2;1.84;186;306.92;-118.48581676;33.44567042;0;0;1;N;10.5476;69;69;11;5;5;264.1359;0;9999.99;4.81;4.934044;2;9;23.5;0;23.5;33.83;1529.39544;07/13/16;16:53:41;22.77;51.42;33.83;-0.153;8.42;-83.1;1.5;-1.6;-193;122.7;8.69;12.4;
33.4446977692394;-118.484263938943;16:56:42.03;7/13/2016;8;2.031;312.77;12.0453350093692;1.39;279.8;292.94;1.3;12.4;26.6;.00;4.81;4.82;92;60;557.8;16.1;-3.7;D;622.6;17;180.153;2;1.84;186;306.9;-118.48581676;33.44567042;0;0;1;N;10.59602;65;65;11;5;5;258.486;0;9999.99;4.83;4.959983;2;9;23.5;0;23.5;33.83;1529.3953;07/13/16;16:53:43;22.74;51.43;33.83;-0.059;8.43;-83.6;1.0;-1.9;-2024;123.2;8.74;12.4;
33.4447016151638;-118.484273917529;16:56:43.05;7/13/2016;8;1.855;307.36;12.0453350093692;1.39;269.1;282.07;0.23;17.3;26.6;.01;4.89;4.89;92;60;557.8;16.1;-3.7;D;622.6;17;179.156;2;1.88;186;306.96;-118.48581676;33.44567042;0;0;1;N;10.34683;62;62;11;21;21;257.9702;0;9999.99;4.90;5.022145;2;9;23.5;0;23.5;33.83;1529.3953;07/13/16;16:53:43;22.74;51.43;33.83;-0.059;8.43;-83.6;1.0;-1.9;-2024;123.2;8.74;12.4;
33.4447040131932;-118.484283574464;16:56:44.05;7/13/2016;8;1.767;300.79;12.0453350093692;1.39;263.5;276.35;1.34;11.6;26.6;.00;4.82;4.83;92;60;557.8;16.1;-3.7;D;622.6;17;178.280;2;1.89;186;307.07;-118.48581676;33.44567042;0;0;1;N;9.979527;65;65;11;46;46;258.9779;0;9999.99;4.82;4.948856;2;9;23.5;0;23.5;33.78;1529.34091;07/13/16;16:53:45;22.69;51.36;33.78;-0.030;8.42;-83.2;0.9;-6.7;829;123.6;8.77;12.4;
33.4447071411896;-118.484294718572;16:56:45.05;7/13/2016;8;2.23;288.19;12.0453350093692;1.39;260.3;273.07;-0.81;14.2;26.6;.00;4.93;4.93;92;61;557.7;16.1;-3.7;D;610.8;17;177.246;2;1.87;187;307.18;-118.48581676;33.44567042;0;0;1;N;9.578143;52;52;11;75;75;260.1287;0;9999.99;4.95;5.074438;2;9;23.5;0;23.5;33.78;1529.34091;07/13/16;16:53:45;22.69;51.36;33.78;-0.030;8.42;-83.2;0.9;-6.7;829;123.6;8.77;12.4;
33.4447071324498;-118.484303384232;16:56:46.05;7/13/2016;8;2.16;281.81;12.0453350093692;1.39;259.3;272.04;-1.17;6.76;26.6;.02;4.92;4.94;92;61;557.7;16.1;-3.7;D;610.8;17;176.606;2;1.85;187;307.34;-118.48581676;33.44567042;0;0;1;N;9.069241;47;47;11;88;88;261.6739;0;9999.99;4.90;5.028443;2;9;23.5;0;23.5;33.79;1529.35243;07/13/16;16:53:47;22.60;51.36;33.79;0.130;8.42;-82.8;1.1;-1.5;-1021;123.8;8.80;12.4;
33.444707528517;-118.484315266146;16:56:47.05;7/13/2016;8;1.943;281.47;12.0453350093692;1.39;259.6;272.35;0.68;8;26.6;.01;4.63;4.64;92;61;557.7;16.1;-3.7;D;610.8;17;175.704;2;1.87;187;307.54;-118.48581676;33.44567042;0;0;1;N;8.393213;58;58;11;101;101;263.8812;0;9999.99;4.62;4.747;2;9;23.5;0;23.5;33.79;1529.35243;07/13/16;16:53:47;22.60;51.36;33.79;0.130;8.42;-82.8;1.1;-1.5;-1021;123.8;8.80;12.4;
33.4447088864459;-118.484328057675;16:56:48.05;7/13/2016;8;2.015;275.51;12.0453350093692;1.39;259.4;272.15;-0.39;11.5;26.6;.00;4.63;4.64;92;61;557.7;16.1;-3.7;D;610.8;17;174.672;2;1.94;187;307.74;-118.48581676;33.44567042;0;0;1;N;7.729946;55;55;11;103;103;266.2404;0;9999.99;4.62;4.747;2;9;23.5;0;23.5;33.78;1529.34088;07/13/16;16:53:48;22.55;51.35;33.78;-0.095;8.41;-82.5;1.0;-3.9;185;123.9;8.81;12.3;
33.4447085863792;-118.484339386037;16:56:49.05;7/13/2016;8;1.901;273.46;12.0453350093692;1.39;260.5;273.27;0.37;12.8;26.5;.00;5.14;5.15;92;55;557.7;16.1;-3.4;D;675.8;17;173.863;2;1.91;187;307.96;-118.48581676;33.44567042;0;0;1;N;7.023144;59;59;11;110;110;268.9765;0;46.47;5.14;51.74187;2;9;23.5;0;23.5;33.79;1529.35177;07/13/16;16:53:50;22.46;51.37;33.79;-0.099;8.40;-81.8;0.2;-5.4;-3705;123.8;8.83;12.3;
33.444709434144;-118.484348110235;16:56:50.05;7/13/2016;8;1.79;272.63;12.0453350093692;1.39;263;275.84;-1.57;11.6;26.5;.00;5.32;5.33;92;55;557.7;16.1;-3.4;D;675.8;17;173.167;2;1.89;187;308.1;-118.48581676;33.44567042;0;0;1;N;6.576688;48;48;11;105;105;270.8341;0;27.28;5.32;32.72866;2;9;23.5;0;23.5;33.81;1529.37338;07/13/16;16:53:51;22.42;51.39;33.81;-0.090;8.40;-81.6;0.3;-3.1;-1677;123.8;8.83;12.3;
33.4447117377322;-118.484355650663;16:56:51.05;7/13/2016;8;1.769;276.13;12.0453350093692;1.39;263.7;276.55;1.46;11.5;26.5;.01;5.41;5.42;92;56;557.7;16.1;-3.4;D;670.9;17;172.459;2;1.9;187;308.18;-118.48581676;33.44567042;0;0;1;N;6.317699;66;66;11;109;109;271.9585;0;9999.99;5.40;5.527;2;9;23.5;0;23.5;33.8;1529.36291;07/13/16;16:53:52;22.39;51.38;33.80;-0.011;8.40;-81.7;1.0;-7.0;-1273;123.6;8.82;12.2;
33.4447122752819;-118.484366463545;16:56:52.06;7/13/2016;8;1.822;278.29;12.0453350093692;1.39;266;278.9;-1.31;9.6;26.5;.00;5.34;5.34;92;56;557.7;16.1;-3.4;D;670.9;17;171.634;2;1.94;187;308.37;-118.48581676;33.44567042;0;0;1;N;5.703951;49;49;11;110;110;274.7692;0;9999.99;5.35;5.481609;2;9;23.5;0;23.5;33.8;1529.36291;07/13/16;16:53:52;22.39;51.38;33.80;-0.011;8.40;-81.7;1.0;-7.0;-1273;123.6;8.82;12.2;
33.4447131682943;-118.484375805684;16:56:53.08;7/13/2016;8;1.875;279.89;12.0453350093692;1.39;269;281.97;0.62;13.1;26.6;.00;5.58;5.58;92;56;557.7;16.1;-3.4;D;670.9;17;170.894;2;1.93;187;308.53;-118.48581676;33.44567042;0;0;1;N;5.221599;61;61;11;109;109;277.1254;0;9999.99;5.57;5.697;2;9;23.5;0;23.5;33.81;1529.37329;07/13/16;16:53:53;22.36;51.40;33.81;-0.126;8.40;-81.8;0.3;-6.4;726;123.4;8.81;12.4;
33.4447144373496;-118.484383906741;16:56:54.08;7/13/2016;8;1.694;279.63;12.0453350093692;1.39;272.5;285.53;-0.96;10.2;26.5;.00;5.38;5.38;92;56;557.6;16.1;-3.5;D;660.5;17;170.218;2;1.93;187;308.65;-118.48581676;33.44567042;0;0;1;N;4.834911;51;51;11;101;101;279.1106;0;9999.99;5.39;5.512772;2;9;23.5;0;23.5;33.83;1529.39531;07/13/16;16:53:55;22.32;51.42;33.83;-0.049;8.40;-81.5;1.8;0.0;-3041;123.0;8.78;12.4;
33.4447162328344;-118.484394204674;16:56:55.09;7/13/2016;8;2.071;281.42;12.0453350093692;1.39;271.6;284.61;1.41;8.5;26.5;.00;5.68;5.68;92;56;557.6;16.1;-3.5;D;660.5;17;169.348;2;1.95;187;308.79;-118.48581676;33.44567042;0;0;1;N;4.365098;65;65;11;115;115;281.6382;0;9999.99;5.67;5.797;2;9;23.4;0;23.5;33.83;1529.39531;07/13/16;16:53:55;22.32;51.42;33.83;-0.049;8.40;-81.5;1.8;0.0;-3041;123.0;8.78;12.4;
33.4447190988022;-118.484404454654;16:56:56.11;7/13/2016;7;2.032;286.26;12.0453350093692;1.75;278.2;291.32;-1.68;8.1;26.6;.01;5.52;5.54;92;56;557.6;16.1;-3.5;D;660.5;17;168.407;2;1.97;187;308.91;-118.48581676;33.44567042;0;0;1;N;3.988854;44;44;11;107;107;283.7565;0;9999.99;5.54;5.667;2;9;23.4;0;23.3999996185303;33.83;1529.14423;07/13/16;16:53:57;22.30;51.42;33.83;-0.035;8.39;-81.0;1.2;-7.2;-742;122.6;8.76;12.5;
33.4447205099698;-118.484415487778;16:56:57.13;7/13/2016;7;1.529;286.26;12.0453350093692;1.75;278.3;291.42;-1.55;6.5;26.6;.02;5.85;5.87;92;56;557.6;16.1;-3.5;D;660.5;17;167.513;2;1.95;187;309.09;-118.48581676;33.44567042;0;0;1;N;3.445782;48;48;11;109;109;286.956;0;9999.99;5.84;5.967;2;9;23.4;0;23.3999996185303;33.83;1529.14423;07/13/16;16:53:57;22.30;51.42;33.83;-0.035;8.39;-81.0;1.2;-7.2;-742;122.6;8.76;12.5;
33.444725318373;-118.484426620193;16:56:58.13;7/13/2016;7;2.18;294.86;12.0453350093692;1.75;281;294.16;-0.13;9.9;26.6;.02;5.63;5.65;92;58;557.6;16.1;-3.5;D;647.2;17;166.374;2;1.93;187;309.17;-118.48581676;33.44567042;0;0;1;N;3.181646;56;56;11;105;105;288.5705;0;9999.99;5.62;5.747;2;9;23.4;0;23.3999996185303;33.83;1529.14532;07/13/16;16:53:59;22.27;51.41;33.83;0.127;8.39;-80.9;1.2;0.5;-1956;122.1;8.73;12.3;
33.444728581695;-118.484436365808;16:56:59.14;7/13/2016;7;1.897;294.86;12.0453350093692;1.75;281.8;294.97;-0.23;9.5;26.5;.01;5.63;5.64;92;58;557.6;16.1;-3.5;D;647.2;17;165.444;2;1.88;187;309.27;-118.48581676;33.44567042;0;0;1;N;2.87022;58;58;11;114;114;290.5216;0;23.10;5.62;28.847;2;9;23.4;0;23.3999996185303;33.83;1529.14532;07/13/16;16:53:59;22.27;51.41;33.83;0.127;8.39;-80.9;1.2;0.5;-1956;122.1;8.73;12.3;
33.4447316414698;-118.484450048429;16:57:00.14;7/13/2016;7;2.148;292.04;12.0453350093692;1.75;283.4;296.59;-1.13;3.65;26.5;.00;6.04;6.05;92;58;557.6;16.1;-3.5;D;647.2;17;164.247;2;1.9;187;309.46;-118.48581676;33.44567042;0;0;1;N;2.305648;49;49;11;113;113;294.1808;0;43.41;6.04;49.577;2;9;23.4;0;23.3999996185303;33.84;1529.15485;07/13/16;16:54:01;22.25;51.43;33.84;-0.029;8.39;-80.9;1.8;-6.0;-1569;121.5;8.69;12.4;
33.4447328003182;-118.484460220446;16:57:01.14;7/13/2016;7;2.057;296.23;12.0453350093692;1.75;283.9;297.1;0.88;8.1;26.5;.00;6.08;6.08;92;55;557.5;16.1;-3.4;D;671.9;17;163.437;2;1.94;187;309.64;-118.48581676;33.44567042;0;0;1;N;1.792654;62;62;11;128;128;297.6279;0;9999.99;6.07;6.197;2;9;23.4;0;23.3999996185303;33.83;1529.1437;07/13/16;16:54:02;22.24;51.41;33.83;-0.130;8.39;-80.9;0.7;-2.9;-694;121.3;8.67;12.5;
33.444737121331;-118.484470848998;16:57:02.16;7/13/2016;7;1.842;299.28;12.0453350093692;1.75;290.8;304.08;-1.17;7.22;26.5;.00;6.19;6.19;92;55;557.5;16.1;-3.4;D;671.9;17;162.371;2;1.95;187;309.73;-118.48581676;33.44567042;0;0;1;N;1.509449;50;50;11;109;109;299.5735;0;9999.99;6.20;6.327;2;9;23.4;0;23.3999996185303;33.85;1529.16559;07/13/16;16:54:03;22.23;51.44;33.85;-0.135;8.39;-81.2;1.3;-1.4;591;121.1;8.66;12.4;
33.4447434245972;-118.484480189257;16:57:03.17;7/13/2016;7;2.041;297.04;12.0453350093692;1.75;294.4;307.72;1.4;9.7;26.5;.00;6.30;6.30;92;55;557.5;16.1;-3.4;D;671.9;17;161.257;2;1.92;187;309.73;-118.48581676;33.44567042;0;0;1;N;1.475871;65;65;11;95;95;299.8061;0;9999.99;6.31;6.437;2;9;23.4;0;23.3999996185303;33.85;1529.16559;07/13/16;16:54:03;22.23;51.44;33.85;-0.135;8.39;-81.2;1.3;-1.4;591;121.1;8.66;12.4;
33.4447502012025;-118.484488491362;16:57:04.17;7/13/2016;7;1.982;303.01;12.0453350093692;1.75;295.7;309.03;-1.26;11.2;26.5;.00;6.30;6.30;92;55;557.5;16.1;-3.4;D;671.9;17;160.183;2;1.98;187;309.7;-118.48581676;33.44567042;0;0;1;N;1.554768;50;50;11;92;92;299.2607;0;9999.99;6.31;6.437;2;9;23.4;0;23.3999996185303;33.86;1529.17665;07/13/16;16:54:05;22.24;51.45;33.86;-0.037;8.38;-80.8;1.4;-3.3;-1767;120.7;8.63;12.4;
33.4447561307652;-118.484496621245;16:57:05.17;7/13/2016;7;1.953;307.51;12.0453350093692;1.75;297.5;310.85;1.36;7.87;26.5;.00;6.27;6.27;92;59;557.5;16.1;-3.7;D;626.1;17;159.181;2;1.97;187;309.69;-118.48581676;33.44567042;0;0;1;N;1.562102;65;65;11;80;80;299.21;0;9999.99;6.26;6.38398;2;9;23.4;0;23.3999996185303;33.86;1529.17665;07/13/16;16:54:05;22.24;51.45;33.86;-0.037;8.38;-80.8;1.4;-3.3;-1767;120.7;8.63;12.4;
33.444762175085;-118.484503296625;16:57:06.17;7/13/2016;7;1.517;307.51;12.0453350093692;1.75;296.3;309.64;-1.06;12.9;26.5;.01;6.37;6.38;92;59;557.5;16.1;-3.7;D;626.1;17;158.276;2;1.92;187;309.65;-118.48581676;33.44567042;0;0;1;N;1.682693;49;49;11;91;91;298.3804;0;9999.99;6.36;6.491102;2;9;23.4;0;23.3999996185303;33.85;1529.16569;07/13/16;16:54:06;22.25;51.44;33.85;-0.057;8.38;-80.7;1.8;-3.0;-1224;120.5;8.62;12.4;
33.4447680981496;-118.484508122202;16:57:07.17;7/13/2016;7;1.573;314.68;12.0453350093692;1.75;298.2;311.56;-0.67;12.3;26.5;.02;6.37;6.39;92;59;557.5;16.1;-3.7;D;626.1;17;157.511;2;1.93;187;309.57;-118.48581676;33.44567042;0;0;1;N;1.887062;53;53;11;69;69;296.9863;0;9999.99;6.36;6.491102;2;9;23.4;0;23.3999996185303;33.83;1529.1448;07/13/16;16:54:08;22.24;51.41;33.83;0.049;8.38;-80.7;1.4;-2.1;-2958;120.2;8.60;12.3;
33.4447722711302;-118.484515961186;16:57:08.17;7/13/2016;7;1.94;314.68;12.0453350093692;1.75;292;305.29;0.52;13.7;26.5;.01;6.45;6.45;92;60;557.4;16.1;-3.7;D;618.7;17;156.655;2;1.94;187;309.61;-118.48581676;33.44567042;0;0;1;N;1.783716;60;60;11;97;97;297.6896;0;9999.99;6.45;6.57782;2;9;23.4;0;23.3999996185303;33.83;1529.1448;07/13/16;16:54:08;22.24;51.41;33.83;0.049;8.38;-80.7;1.4;-2.1;-2958;120.2;8.60;12.3;
33.4447769609362;-118.484524692597;16:57:09.17;7/13/2016;7;1.916;312.7;12.0453350093692;1.75;295.3;308.63;0.4;17.1;26.5;.00;6.45;6.45;92;60;557.4;16.1;-3.7;D;618.7;17;155.698;2;2.02;187;309.65;-118.48581676;33.44567042;0;0;1;N;1.653125;59;59;11;87;87;298.584;0;9999.99;6.45;6.57782;2;9;23.4;0;23.3999996185303;33.83;1529.14386;07/13/16;16:54:09;22.23;51.41;33.83;-0.005;8.38;-80.5;1.5;-6.2;-872;120.0;8.58;12.4;
33.4447818048753;-118.484532166179;16:57:10.17;7/13/2016;7;1.998;308.81;12.0453350093692;1.75;295.7;309.03;0.18;12.4;26.5;.01;6.58;6.59;92;60;557.4;16.1;-3.7;D;618.7;17;154.820;2;2;187;309.66;-118.48581676;33.44567042;0;0;1;N;1.610476;56;56;11;86;86;298.877;0;35.70;6.58;42.41221;2;9;23.3;0;23.2999992370605;33.84;1528.90294;07/13/16;16:54:11;22.22;51.43;33.84;0.014;8.38;-80.5;1.3;-3.9;294;119.6;8.56;12.2;
33.4447866186401;-118.484542284927;16:57:11.19;7/13/2016;7;1.933;308.18;12.0453350093692;1.75;291.6;304.89;0.54;16.7;26.5;.00;6.51;6.51;92;60;557.4;16.1;-3.7;D;618.7;17;153.756;2;1.97;187;309.73;-118.48581676;33.44567042;0;0;1;N;1.42154;60;60;11;108;108;300.1832;0;24.28;6.51;30.91963;2;9;23.3;0;23.2999992370605;33.84;1528.90294;07/13/16;16:54:11;22.22;51.43;33.84;0.014;8.38;-80.5;1.3;-3.9;294;119.6;8.56;12.2;
33.4447920149364;-118.48454828621;16:57:12.19;7/13/2016;6;2.065;314.78;12.0453350093692;1.75;295.9;309.23;-0.5;6.18;26.5;.00;6.79;6.80;92;58;557.4;16.1;-3.6;D;637;17;152.944;2;1.94;187;309.69;-118.48581676;33.44567042;0;0;1;N;1.510386;54;54;11;88;88;299.5677;0;42.97;6.79;49.887;2;9;23.3;0;23.2999992370605;33.82;1528.88051;07/13/16;16:54:13;22.20;51.41;33.82;-0.036;8.38;-80.3;1.3;0.9;-3586;119.2;8.53;12.4;
33.444799966316;-118.484555918314;16:57:13.19;7/13/2016;6;1.906;313.69;12.0453350093692;1.75;293.7;307.01;0.51;8.9;26.5;.01;6.84;6.85;92;58;557.4;16.1;-3.6;D;637;17;151.835;2;1.94;187;309.6;-118.48581676;33.44567042;0;0;1;N;1.726451;63;63;11;79;79;298.0814;0;46.84;6.85;53.817;2;9;23.3;0;23.2999992370605;33.82;1528.88051;07/13/16;16:54:13;22.20;51.41;33.82;-0.036;8.38;-80.3;1.3;0.9;-3586;119.2;8.53;12.4;
33.4448053924802;-118.484563473075;16:57:14.19;7/13/2016;6;2.055;316.75;12.0453350093692;1.75;293.5;306.81;-1.87;12.8;26.5;.01;6.84;6.85;92;58;557.4;16.1;-3.6;D;637;17;150.910;2;1.96;187;309.6;-118.48581676;33.44567042;0;0;1;N;1.735893;46;46;11;83;83;298.0167;0;46.84;6.85;53.817;2;9;23.3;0;23.2999992370605;33.84;1528.903;07/13/16;16:54:15;22.19;51.42;33.84;-0.079;8.38;-80.7;1.4;-5.1;-1833;118.9;8.51;12.4;
33.4448092734694;-118.48457225113;16:57:15.20;7/13/2016;6;2.163;312.47;12.0453350093692;1.75;292.8;306.1;1.57;10.9;26.5;.00;6.95;6.95;92;58;557.3;16.1;-3.5;D;647.1;17;150.008;2;1.96;187;309.67;-118.48581676;33.44567042;0;0;1;N;1.538993;66;66;11;94;94;299.3705;0;9999.99;6.96;7.086474;2;9;23.3;0;23.2999992370605;33.84;1528.903;07/13/16;16:54:15;22.19;51.42;33.84;-0.079;8.38;-80.7;1.4;-5.1;-1833;118.9;8.51;12.4;
33.4448149965822;-118.484581948774;16:57:16.22;7/13/2016;6;1.928;310.95;12.0453350093692;1.75;297.2;310.55;-1.47;10.1;26.5;.00;6.86;6.86;92;58;557.3;16.1;-3.5;D;647.1;17;148.909;2;1.99;187;309.7;-118.48581676;33.44567042;0;0;1;N;1.429946;51;51;11;76;76;300.1254;0;9999.99;6.85;6.979596;2;9;23.3;0;23.2999992370605;33.86;1528.92427;07/13/16;16:54:17;22.19;51.45;33.86;-0.140;8.38;-80.6;2.4;-2.1;-1355;118.7;8.49;12.4;
33.4448225120686;-118.484591925338;16:57:17.22;7/13/2016;6;1.961;310.21;12.0453350093692;1.75;293.1;306.4;0.79;17;26.5;.01;6.92;6.93;92;58;557.3;16.1;-3.5;D;647.1;17;147.663;2;1.93;187;309.68;-118.48581676;33.44567042;0;0;1;N;1.487542;62;62;11;100;100;299.7263;0;9999.99;6.92;7.049195;2;9;23.3;0;23.2999992370605;33.86;1528.92427;07/13/16;16:54:17;22.19;51.45;33.86;-0.140;8.38;-80.6;2.4;-2.1;-1355;118.7;8.49;12.4;
33.4448270079402;-118.484600376991;16:57:18.23;7/13/2016;6;1.781;313.59;12.0453350093692;1.75;295.4;308.73;-0.84;11.5;26.5;.00;7.17;7.17;92;58;557.3;16.1;-3.5;D;647.1;17;146.740;2;1.93;187;309.73;-118.48581676;33.44567042;0;0;1;N;1.361474;54;54;11;102;102;300.6016;0;9999.99;7.16;7.28948;2;9;23.3;0;23.2999992370605;33.86;1528.92471;07/13/16;16:54:19;22.20;51.45;33.86;-0.192;8.38;-80.6;1.9;2.0;-2493;118.3;8.47;12.4;
33.4448319862435;-118.48460739712;16:57:19.25;7/13/2016;6;1.86;311.17;12.0453350093692;1.75;295.7;309.03;-0.47;6.57;26.4;.00;7.27;7.27;92;58;557.3;16.1;-3.6;D;641.5;17;145.886;2;1.92;187;309.72;-118.48581676;33.44567042;0;0;1;N;1.356107;51;51;11;88;88;300.6387;0;9999.99;7.26;7.387;2;9;23.3;0;23.2999992370605;33.86;1528.92471;07/13/16;16:54:19;22.20;51.45;33.86;-0.192;8.38;-80.6;1.9;2.0;-2493;118.3;8.47;12.4;
33.4448382089205;-118.484616768585;16:57:20.27;7/13/2016;6;2.002;311.84;12.0453350093692;1.75;299.4;312.77;0.78;18.3;26.5;.00;7.10;7.10;92;58;557.3;16.1;-3.6;D;641.5;17;144.775;2;1.92;187;309.73;-118.48581676;33.44567042;0;0;1;N;1.317242;62;62;11;80;80;300.9099;0;49.99;7.11;57.21881;2;9;23.3;0;23.2999992370605;33.84;1528.90252;07/13/16;16:54:21;22.20;51.43;33.84;-0.061;8.37;-80.2;1.0;-2.4;-4480;118.0;8.45;12.4;
33.4448452531649;-118.484625147629;16:57:21.27;7/13/2016;6;2.077;313.84;12.0453350093692;1.75;301.5;314.9;-0.77;7.37;26.5;.01;7.70;7.70;92;58;557.3;16.1;-3.6;D;641.5;17;143.676;2;1.9;187;309.69;-118.48581676;33.44567042;0;0;1;N;1.411324;52;52;11;68;68;300.2548;0;28.37;7.69;36.187;2;9;23.3;0;23.2999992370605;33.84;1528.90252;07/13/16;16:54:21;22.20;51.43;33.84;-0.061;8.37;-80.2;1.0;-2.4;-4480;118.0;8.45;12.4;
33.4448472515438;-118.484626913219;16:57:22.27;7/13/2016;6;0.679;313.84;12.0453350093692;1.75;298.9;312.27;0.46;19.2;26.4;.01;7.54;7.55;92;60;557.2;16.1;-3.7;D;624.7;17;143.408;2;1.9;187;309.66;-118.48581676;33.44567042;0;0;1;N;1.478941;60;60;11;77;77;299.7859;0;23.50;7.55;31.17709;2;9;23.3;0;23.2999992370605;33.82;1528.88111;07/13/16;16:54:23;22.18;51.40;33.82;-0.010;8.38;-80.4;1.1;-3.9;-221;117.7;8.43;12.5;
33.444853434769;-118.484632304963;16:57:23.27;7/13/2016;6;2.05;318.95;12.0453350093692;1.75;294.3;307.62;-0.4;12.1;26.5;.00;8.04;8.04;92;60;557.2;16.1;-3.7;D;624.7;17;142.584;2;1.96;187;309.58;-118.48581676;33.44567042;0;0;1;N;1.693531;54;54;11;95;95;298.3072;0;45.71;8.03;53.86826;2;9;23.3;0;23.2999992370605;33.83;1528.8915;07/13/16;16:54:24;22.17;51.42;33.83;-0.098;8.38;-80.4;1.3;-0.2;-1033;117.7;8.43;12.3;
33.4448610684707;-118.484641044171;16:57:24.27;7/13/2016;6;2.29;319.28;12.0453350093692;1.75;297.4;310.75;0.08;11.9;26.5;.00;8.17;8.17;92;60;557.2;16.1;-3.7;D;624.7;17;141.419;2;1.96;187;309.52;-118.48581676;33.44567042;0;0;1;N;1.810648;58;58;11;80;80;297.507;0;9999.99;8.17;8.297543;2;9;23.3;0;23.2999992370605;33.83;1528.8915;07/13/16;16:54:24;22.17;51.42;33.83;-0.098;8.38;-80.4;1.3;-0.2;-1033;117.7;8.43;12.3;
33.4448645764765;-118.484648069047;16:57:25.27;7/13/2016;6;1.727;313.92;12.0453350093692;1.75;294.2;307.52;0.56;10.4;26.5;.00;8.40;8.40;92;60;557.2;16.1;-3.7;D;624.7;17;140.668;2;1.89;187;309.57;-118.48581676;33.44567042;0;0;1;N;1.689301;60;60;11;90;90;298.3366;0;9999.99;8.41;8.536135;2;9;23.3;0;23.2999992370605;33.85;1528.91344;07/13/16;16:54:26;22.16;51.44;33.85;-0.103;8.38;-80.5;1.7;-4.8;-2241;117.4;8.41;12.5;
33.4448714893365;-118.484657134086;16:57:26.27;7/13/2016;6;1.691;310.69;12.0453350093692;1.75;296.1;309.44;0.32;7.77;26.5;.00;8.64;8.64;92;56;557.2;16.1;-3.4;D;662.8;17;139.530;2;1.87;187;309.55;-118.48581676;33.44567042;0;0;1;N;1.73015;59;59;11;81;81;298.0569;0;9999.99;8.64;8.767;2;9;23.3;0;23.2999992370605;33.85;1528.91344;07/13/16;16:54:26;22.16;51.44;33.85;-0.103;8.38;-80.5;1.7;-4.8;-2241;117.4;8.41;12.5;
33.4448786763016;-118.484665687513;16:57:27.27;7/13/2016;7;1.936;312.37;12.0453350093692;1.75;295.9;309.23;-0.14;12.8;26.5;.01;8.68;8.68;92;56;557.2;16.1;-3.4;D;662.8;17;138.409;2;1.87;187;309.5;-118.48581676;33.44567042;0;0;1;N;1.824082;57;57;11;71;71;297.4155;0;49.14;8.68;57.94895;2;9;23.3;0;23.2999992370605;33.84;1528.90281;07/13/16;16:54:28;22.15;51.43;33.84;0.039;8.38;-80.5;1.5;-3.0;-2918;117.2;8.40;12.3;
33.4448774453454;-118.484670147968;16:57:28.27;7/13/2016;7;1.808;312.37;12.0453350093692;1.75;295;308.33;-0.49;13.9;26.5;.00;8.65;8.66;92;56;557.2;16.1;-3.4;D;662.8;17;138.177;2;1.87;187;309.65;-118.48581676;33.44567042;0;0;1;N;1.45462;60;60;11;87;87;299.9547;0;43.58;8.65;52.35934;2;9;23.3;0;23.2999992370605;33.84;1528.90281;07/13/16;16:54:28;22.15;51.43;33.84;0.039;8.38;-80.5;1.5;-3.0;-2918;117.2;8.40;12.3;
33.444881;-118.4846745;16:57:29.30;7/13/2016;7;1.45;313.33;12.0453350093692;1.75;294.2;307.52;-1.35;14.2;26.5;.01;9.26;9.27;92;56;557.2;16.1;-3.4;D;662.8;17;136.979;2;1.92;187;309.6;-118.48581676;33.44567042;0;0;1;N;1.56029;49;49;11;94;94;299.2239;0;47.56;9.25;56.93042;2;9;23.3;0;23.2999992370605;33.83;1528.89204;07/13/16;16:54:30;22.16;51.41;33.83;0.173;8.38;-80.6;1.9;-0.9;-2138;117.0;8.38;12.4;
33.4448861666667;-118.4846835;16:57:30.31;7/13/2016;7;1.843;313.33;12.0453350093692;1.75;292.4;305.7;0.21;14.8;26.5;.01;9.23;9.24;92;57;557.1;16.1;-3.5;D;649.2;17;136.617;2;1.89;187;309.62;-118.48581676;33.44567042;0;0;1;N;1.525946;58;58;11;102;102;299.4612;0;45.96;9.24;55.32049;2;9;23.3;0;23.2999992370605;33.82;1528.88138;07/13/16;16:54:31;22.15;51.40;33.82;0.099;8.38;-80.4;1.1;-5.6;-1221;116.9;8.37;12.4;
33.4448925;-118.484693166667;16:57:31.34;7/13/2016;7;2.192;310.63;12.0453350093692;1.75;295.3;308.63;-1.31;11.8;26.6;.00;9.06;9.06;92;57;557.1;16.1;-3.5;D;649.2;17;135.647;2;1.91;187;309.67;-118.48581676;33.44567042;0;0;1;N;1.384575;49;49;11;94;94;300.4413;0;45.02;9.05;54.1963;2;9;23.3;0;23.2999992370605;33.82;1528.88138;07/13/16;16:54:31;22.15;51.40;33.82;0.099;8.38;-80.4;1.1;-5.6;-1221;116.9;8.37;12.4;
33.4448992593425;-118.484702611921;16:57:32.34;7/13/2016;7;1.973;314.52;12.0453350093692;1.75;295.3;308.63;0.77;14.7;26.5;.00;9.20;9.20;92;57;557.1;16.1;-3.5;D;649.2;17;134.310;2;1.89;187;309.68;-118.48581676;33.44567042;0;0;1;N;1.400947;60;60;11;89;89;300.6515;0;41.24;9.20;50.5629;2;9;23.3;0;23.2999992370605;33.83;1528.89139;07/13/16;16:54:33;22.12;51.42;33.83;0.032;8.37;-80.3;1.5;-5.0;-2262;116.6;8.36;12.4;
33.444907751334;-118.484711393098;16:57:33.34;7/13/2016;7;2.036;314.97;12.0453350093692;1.75;298.3;311.66;-1.31;7.88;26.5;.00;9.75;9.75;92;56;557.1;16.1;-3.4;D;665.2;17;133.080;2;1.83;187;309.59;-118.48581676;33.44567042;0;0;1;N;1.429263;49;49;11;78;78;299.3264;0;9999.99;9.74;9.867;2;9;23.3;0;23.2999992370605;33.83;1528.89139;07/13/16;16:54:33;22.12;51.42;33.83;0.032;8.37;-80.3;1.5;-5.0;-2262;116.6;8.36;12.4;
33.444911;-118.484715333333;16:57:34.34;7/13/2016;7;0.829;314.97;12.0453350093692;1.75;296.2;309.54;-0.4;12.1;26.6;.01;9.59;9.59;92;56;557.1;16.1;-3.4;D;665.2;17;132.168;2;1.87;188;309.55;-118.48581676;33.44567042;0;0;1;N;1.627342;55;55;11;84;84;298.7624;0;9999.99;9.59;9.712626;2;9;23.3;0;23.2999992370605;33.84;1528.90247;07/13/16;16:54:34;22.12;51.43;33.84;-0.135;8.38;-80.6;1.3;2.5;-1801;116.5;8.35;12.3;
33.4449163333333;-118.484724333333;16:57:35.36;7/13/2016;7;1.741;308.5;12.0453350093692;1.75;292.2;305.49;0.33;11.5;26.5;.00;9.70;9.70;92;56;557.1;16.1;-3.4;D;665.2;17;131.627;2;1.86;188;309.54;-118.48581676;33.44567042;0;0;1;N;1.656737;59;59;11;99;99;298.5605;0;9999.99;9.70;9.831898;2;9;23.3;0;23.2999992370605;33.84;1528.90283;07/13/16;16:54:36;22.11;51.43;33.84;-0.035;8.38;-80.5;2.2;-2.5;-3696;116.4;8.34;12.2;
33.4449215;-118.484734333333;16:57:36.38;7/13/2016;7;1.898;306.84;12.0453350093692;1.75;295.2;308.53;-1.97;13.3;26.5;.00;10.28;10.28;92;56;557.1;16.1;-3.4;D;665.2;17;130.606;2;1.9;188;309.57;-118.48581676;33.44567042;0;0;1;N;1.563433;45;45;11;98;98;299.2028;0;9999.99;10.27;10.397;2;9;23.2;0;23.2999992370605;33.85;1528.91323;07/13/16;16:54:37;22.12;51.44;33.85;-0.069;8.37;-80.2;1.5;-4.4;-336;116.3;8.34;12.4;
33.444926;-118.4847415;16:57:37.38;7/13/2016;7;1.529;306.84;12.0453350093692;1.75;293.5;306.81;-1.24;14.6;26.5;.01;9.97;9.98;92;59;557.0;16.1;-3.6;D;630.9;17;129.489;2;1.87;188;309.66;-118.48581676;33.44567042;0;0;1;N;1.342268;50;50;11;104;104;300.736;0;24.89;9.96;34.98152;2;9;23.3;0;23.2000007629395;33.85;1528.66061;07/13/16;16:54:38;22.12;51.44;33.85;0.060;8.38;-80.5;0.9;-0.7;-3587;116.2;8.33;12.5;
33.4449320092061;-118.484750637239;16:57:38.39;7/13/2016;7;1.789;306.84;12.0453350093692;1.75;298.5;311.86;-0.73;11.1;26.5;.02;10.38;10.40;92;59;557.0;16.1;-3.6;D;630.9;17;128.556;2;1.89;188;309.7;-118.48581676;33.44567042;0;0;1;N;1.320027;53;53;11;85;85;301.3616;0;9999.99;10.38;10.50449;2;9;23.3;0;23.2000007629395;33.85;1528.66061;07/13/16;16:54:38;22.12;51.44;33.85;0.060;8.38;-80.5;0.9;-0.7;-3587;116.2;8.33;12.5;
33.4449363333333;-118.484757333333;16:57:39.41;7/13/2016;7;1.86;306.6;12.0453350093692;1.75;296.3;309.64;0.39;9.8;26.5;.00;10.64;10.65;92;59;557.0;16.1;-3.6;D;630.9;17;127.655;2;1.95;188;309.67;-118.48581676;33.44567042;0;0;1;N;1.310051;56;56;11;98;98;300.9608;0;9999.99;10.64;10.767;2;9;23.2;0;23.2999992370605;33.84;1528.90309;07/13/16;16:54:40;22.13;51.43;33.84;-0.004;8.37;-80.2;1.2;-6.0;-1262;116.1;8.32;12.4;
33.4449408333333;-118.484764333333;16:57:40.41;7/13/2016;6;1.513;306.6;12.0453350093692;1.75;301.5;314.9;-0.66;14.8;26.5;.00;10.88;10.89;92;57;557.0;16.1;-3.5;D;647.9;17;126.769;2;1.96;188;309.7;-118.48581676;33.44567042;0;0;1;N;1.232311;51;51;11;91;91;301.5038;0;9999.99;10.88;11.00278;2;9;23.2;0;23.2999992370605;33.84;1528.90309;07/13/16;16:54:40;22.13;51.43;33.84;-0.004;8.37;-80.2;1.2;-6.0;-1262;116.1;8.32;12.4;
33.4449456753463;-118.484772202979;16:57:41.42;7/13/2016;7;1.515;306.6;12.0453350093692;1.75;297.7;311.05;1.06;5.11;26.5;.00;11.15;11.15;92;57;557.0;16.1;-3.5;D;647.9;17;126.045;2;1.97;188;309.74;-118.48581676;33.44567042;0;0;1;N;1.270563;63;63;11;92;92;302.2674;0;9999.99;11.15;11.277;2;9;23.3;0;23.2000007629395;33.84;1528.64955;07/13/16;16:54:42;22.13;51.43;33.84;0.036;8.38;-80.3;1.0;-3.0;-3038;116.1;8.32;12.4;
33.4449525369209;-118.48478138318;16:57:42.42;7/13/2016;7;1.892;305.21;12.0453350093692;1.75;295.6;308.93;-1.42;15.9;26.6;.00;10.80;10.80;92;57;557.0;16.1;-3.5;D;647.9;17;124.903;2;2;188;309.73;-118.48581676;33.44567042;0;0;1;N;1.132914;55;55;11;95;95;302.0569;0;45.60;10.80;56.52718;2;9;23.2;0;23.2000007629395;33.84;1528.64955;07/13/16;16:54:42;22.13;51.43;33.84;0.036;8.38;-80.3;1.0;-3.0;-3038;116.1;8.32;12.4;
33.4449634323617;-118.484788316939;16:57:43.42;7/13/2016;7;1.887;307.37;12.0453350093692;1.75;297.1;310.45;-0.01;8.4;26.5;.01;11.79;11.80;92;57;557.0;16.1;-3.5;D;647.9;17;123.635;2;1.94;188;309.48;-118.48581676;33.44567042;0;0;1;N;1.21986;53;53;11;81;81;298.5254;0;39.50;11.78;51.407;2;9;23.2;0;23.2000007629395;33.83;1528.63882;07/13/16;16:54:44;22.12;51.42;33.83;-0.003;8.38;-80.3;1.2;-3.1;-2045;115.9;8.31;12.3;
33.4449693981132;-118.48479739757;16:57:44.42;7/13/2016;7;1.983;305.69;12.0453350093692;1.75;295.1;308.43;-0.3;13.6;26.5;.01;11.40;11.41;92;58;556.9;16.1;-3.5;D;644.8;17;122.563;2;1.99;188;309.49;-118.48581676;33.44567042;0;0;1;N;1.735386;55;55;11;88;88;298.725;0;12.04;11.41;23.58233;2;9;23.2;0;23.2000007629395;33.83;1528.63882;07/13/16;16:54:44;22.12;51.42;33.83;-0.003;8.38;-80.3;1.2;-3.1;-2045;115.9;8.31;12.3;
33.4449757956495;-118.484806639189;16:57:45.42;7/13/2016;7;2.156;311.08;12.0453350093692;1.75;293.4;306.71;-0.74;13.8;26.5;.01;11.32;11.33;92;58;556.9;16.1;-3.5;D;644.8;17;121.448;2;2.02;188;309.49;-118.48581676;33.44567042;0;0;1;N;1.61273;53;53;11;95;95;298.7824;0;9999.99;11.30;11.43067;2;9;23.2;0;23.2000007629395;33.85;1528.66083;07/13/16;16:54:46;22.11;51.44;33.85;-0.054;8.38;-80.7;1.3;-2.5;-1889;115.8;8.30;12.4;
33.4449840482482;-118.484815899365;16:57:46.42;7/13/2016;7;2.387;314.66;12.0453350093692;1.75;294.2;307.52;1.51;11.5;26.5;.00;11.62;11.63;92;58;556.9;16.1;-3.5;D;644.8;17;120.202;2;1.97;188;309.42;-118.48581676;33.44567042;0;0;1;N;1.611258;66;66;11;88;88;297.8023;0;9999.99;11.63;11.75873;2;9;23.2;0;23.2000007629395;33.85;1528.66083;07/13/16;16:54:46;22.11;51.44;33.85;-0.054;8.38;-80.7;1.3;-2.5;-1889;115.8;8.30;12.4;
33.4449940556272;-118.48482918995;16:57:47.42;7/13/2016;7;1.902;308.6;12.0453350093692;1.75;295.4;308.73;-1.66;9.2;26.5;.00;12.21;12.21;92;58;556.9;16.1;-3.5;D;645.8;17;118.543;2;1.93;188;309.38;-118.48581676;33.44567042;0;0;1;N;1.7328;47;47;11;82;82;297.4657;0;9999.99;12.20;12.328;2;9;23.2;0;23.2000007629395;33.85;1528.66055;07/13/16;16:54:48;22.11;51.44;33.85;-0.107;8.37;-80.0;0.8;-7.4;-2310;115.7;8.30;12.3;
33.4449987807527;-118.484837246077;16:57:48.42;7/13/2016;7;1.827;305.39;12.0453350093692;1.75;293.8;307.11;0.33;11.4;26.5;.00;12.22;12.23;92;58;556.9;16.1;-3.5;D;645.8;17;117.632;2;1.92;188;309.41;-118.48581676;33.44567042;0;0;1;N;1.805633;59;59;11;91;91;298.0056;0;9999.99;12.22;12.34867;2;9;23.2;0;23.2000007629395;33.85;1528.66055;07/13/16;16:54:48;22.11;51.44;33.85;-0.107;8.37;-80.0;0.8;-7.4;-2310;115.7;8.30;12.3;
33.4450051035901;-118.484844759249;16:57:49.42;7/13/2016;7;2.08;310.46;12.0453350093692;1.75;296.6;309.94;-1.12;12.5;26.5;.01;12.30;12.30;92;58;556.9;16.1;-3.5;D;645.8;17;116.647;2;1.94;188;309.36;-118.48581676;33.44567042;0;0;1;N;1.733508;46;46;11;87;87;297.4096;0;9999.99;12.28;12.40346;2;9;23.2;0;23.2000007629395;33.85;1528.66044;07/13/16;16:54:50;22.11;51.44;33.85;-0.180;8.38;-80.6;0.8;0.0;-1881;115.6;8.29;12.6;
33.445012;-118.484852166667;16:57:50.42;7/13/2016;7;2.254;313.94;12.0453350093692;1.75;295.2;308.53;0.6;16.2;26.5;.02;12.65;12.67;92;58;556.9;16.1;-3.5;D;645.8;17;115.679;2;1.94;188;309.36;-118.48581676;33.44567042;0;0;1;N;1.804757;56;56;11;82;82;297.5482;0;12.65;12.65;25.41855;2;9;23.2;0;23.2000007629395;33.84;1528.64999;07/13/16;16:54:51;22.12;51.43;33.84;0.099;8.37;-80.2;0.9;-4.7;166;115.6;8.29;12.4;
33.445016;-118.484860333333;16:57:51.42;7/13/2016;7;1.902;313.94;12.0453350093692;1.75;293;306.3;1.15;17.8;26.5;.01;13.08;13.10;92;61;556.8;16.1;-3.7;D;610;17;114.631;2;1.96;188;309.3;-118.48581676;33.44567042;0;0;1;N;1.928096;64;64;11;94;94;296.7105;0;9999.99;13.10;13.22243;2;9;23.2;0;23.2000007629395;33.84;1528.65109;07/13/16;16:54:52;22.12;51.43;33.84;0.014;8.37;-80.2;0.7;-0.4;-1782;115.6;8.28;12.3;
33.4450203966232;-118.48487030749;16:57:52.45;7/13/2016;7;1.957;313.94;12.0453350093692;1.75;294.3;307.62;-0.28;11.4;26.6;.00;13.42;13.42;92;61;556.8;16.1;-3.7;D;610;17;113.736;2;1.94;188;309.46;-118.48581676;33.44567042;0;0;1;N;1.720248;51;51;11;103;103;298.9662;0;9999.99;13.40;13.53074;2;9;23.2;0;23.2000007629395;33.84;1528.65109;07/13/16;16:54:52;22.12;51.43;33.84;0.014;8.37;-80.2;0.7;-0.4;-1782;115.6;8.28;12.3;
33.445024998519;-118.484878917124;16:57:53.47;7/13/2016;7;1.921;313.11;12.0453350093692;1.75;291.9;305.19;1.07;14;26.6;.00;13.33;13.34;92;61;556.8;16.1;-3.7;D;610;17;112.794;2;1.94;188;309.52;-118.48581676;33.44567042;0;0;1;N;1.534091;65;65;11;106;106;299.8499;0;9999.99;13.34;13.4709;2;9;23.2;0;23.2000007629395;33.85;1528.66053;07/13/16;16:54:54;22.11;51.44;33.85;-0.044;8.38;-80.6;1.7;-3.7;-1836;115.5;8.28;12.4;
33.445027301881;-118.484892922675;16:57:54.47;7/13/2016;7;2.236;309.09;12.0453350093692;1.75;293.1;306.4;-1.18;13.6;26.5;.00;13.49;13.50;92;62;556.8;16.1;-3.8;D;597.4;17;111.630;2;1.92;188;309.84;-118.48581676;33.44567042;0;0;1;N;1.391411;48;48;11;128;128;304.3471;0;9999.99;13.48;13.6112;2;9;23.2;0;23.2000007629395;33.85;1528.66053;07/13/16;16:54:54;22.11;51.44;33.85;-0.044;8.38;-80.6;1.7;-3.7;-1836;115.5;8.28;12.4;
33.4450343446607;-118.484902366854;16:57:55.47;7/13/2016;6;2.188;311.71;12.0453350093692;2.17;298.2;311.56;1.01;12.1;26.5;.01;13.44;13.45;92;62;556.8;16.1;-3.8;D;597.4;17;110.455;2;1.95;188;309.82;-118.48581676;33.44567042;0;0;1;N;0.7840065;63;63;11;98;98;304.2473;0;9999.99;13.44;13.56508;2;9;23.2;0;23.2000007629395;33.83;1528.63879;07/13/16;16:54:56;22.11;51.41;33.83;-0.035;8.38;-80.4;1.5;1.1;-2132;115.5;8.28;12.4;
33.4450412577616;-118.48491126624;16:57:56.47;7/13/2016;6;1.946;311.71;12.0453350093692;1.75;294.4;307.72;-0.69;14.8;26.5;.00;13.55;13.55;92;62;556.8;16.1;-3.8;D;597.4;17;109.329;2;1.92;188;309.78;-118.48581676;33.44567042;0;0;1;N;0.9021903;53;53;11;111;111;303.8272;0;9999.99;13.56;13.6835;2;9;23.2;0;23.2000007629395;33.83;1528.63879;07/13/16;16:54:56;22.11;51.41;33.83;-0.035;8.38;-80.4;1.5;1.1;-2132;115.5;8.28;12.4;
33.4450474738405;-118.484918240306;16:57:57.47;7/13/2016;6;1.834;311.55;12.0453350093692;1.75;300.5;313.89;-0.24;9.6;26.4;.00;14.00;14.00;92;62;556.8;16.1;-3.8;D;597.4;17;108.389;2;1.91;188;309.72;-118.48581676;33.44567042;0;0;1;N;0.9485402;56;56;11;84;84;303.1599;0;9999.99;13.99;14.1208;2;9;23.2;0;23.2000007629395;33.84;1528.6496;07/13/16;16:54:58;22.10;51.43;33.84;-0.052;8.38;-80.3;0.6;-4.5;-1026;115.5;8.28;12.3;
33.4450557549467;-118.484925198239;16:57:58.47;7/13/2016;6;1.94;316.76;12.0453350093692;1.75;295.9;309.23;-0.75;14.3;26.5;.00;14.01;14.01;92;60;556.7;16.1;-3.7;D;623.1;17;107.305;2;1.98;188;309.57;-118.48581676;33.44567042;0;0;1;N;1.087667;53;53;11;94;94;301.0734;0;9999.99;14.01;14.13428;2;9;23.2;0;23.2000007629395;33.84;1528.6496;07/13/16;16:54:58;22.10;51.43;33.84;-0.052;8.38;-80.3;0.6;-4.5;-1026;115.5;8.28;12.3;
33.4450648307461;-118.484934354031;16:57:59.47;7/13/2016;6;2.143;321.27;12.0453350093692;1.75;298.1;311.46;-0.25;12;26.5;.01;13.95;13.95;92;60;556.7;16.1;-3.7;D;623.1;17;106.007;2;1.92;188;309.44;-118.48581676;33.44567042;0;0;1;N;1.511634;55;55;11;79;79;299.5609;0;9999.99;13.94;14.06907;2;9;23.2;0;23.2000007629395;33.82;1528.6278;07/13/16;16:55:00;22.09;51.41;33.82;-0.015;8.38;-80.5;1.7;-6.2;-1816;115.4;8.28;12.3;
33.4450732472149;-118.484941687727;16:58:00.47;7/13/2016;6;2.173;321.27;12.0453350093692;1.75;303.3;316.72;0.58;16.2;26.5;.01;14.26;14.27;92;60;556.7;16.1;-3.7;D;623.1;17;104.888;2;1.91;188;309.28;-118.48581676;33.44567042;0;0;1;N;1.57192;61;61;11;38;38;297.8444;0;9999.99;14.27;14.39403;2;9;23.2;0;23.2000007629395;33.82;1528.6278;07/13/16;16:55:00;22.09;51.41;33.82;-0.015;8.38;-80.5;1.7;-6.2;-1816;115.4;8.28;12.3;
33.4450809575379;-118.484950138728;16:58:01.47;7/13/2016;6;2.215;325.59;12.0453350093692;1.75;295.3;308.63;-0.67;18.5;26.5;.00;14.39;14.40;92;59;556.7;16.1;-3.6;D;632.9;17;103.738;2;1.96;188;309.19;-118.48581676;33.44567042;0;0;1;N;1.822813;58;58;11;65;65;296.6932;0;9999.99;14.40;14.52843;2;9;23.2;0;23.2000007629395;33.83;1528.63887;07/13/16;16:55:02;22.07;51.42;33.83;-0.086;8.38;-80.3;0.8;-1.4;-595;115.4;8.28;12.5;
33.4450871015701;-118.484956767283;16:58:02.47;7/13/2016;6;2.004;321.81;12.0453350093692;1.75;293.6;306.91;0.6;17;26.5;.01;14.42;14.42;92;59;556.7;16.1;-3.6;D;631.8;17;102.830;2;1.95;188;309.11;-118.48581676;33.44567042;0;0;1;N;1.9191;61;61;11;82;82;295.7651;0;9999.99;14.42;14.54552;2;9;23.2;0;23.2000007629395;33.83;1528.63887;07/13/16;16:55:02;22.07;51.42;33.83;-0.086;8.38;-80.3;0.8;-1.4;-595;115.4;8.28;12.5;
33.4450941220498;-118.48496425838;16:58:03.47;7/13/2016;7;2.054;322.79;12.0453350093692;1.75;295.1;308.43;-0.75;12;26.4;.00;15.50;15.50;92;59;556.7;16.1;-3.6;D;631.8;17;101.798;2;1.95;188;309.01;-118.48581676;33.44567042;0;0;1;N;2.060814;53;53;11;72;72;294.8005;0;9999.99;15.50;15.627;2;9;23.2;0;23.2000007629395;33.83;1528.63892;07/13/16;16:55:04;22.05;51.42;33.83;-0.131;8.38;-80.3;0.9;-4.8;-2044;115.5;8.29;12.3;
33.445100355144;-118.484972200907;16:58:04.47;7/13/2016;7;1.957;317.84;12.0453350093692;1.75;291.5;304.79;-1.89;10.8;26.4;.01;14.79;14.80;92;59;556.7;16.1;-3.6;D;631.8;17;100.789;2;1.91;188;308.97;-118.48581676;33.44567042;0;0;1;N;2.169848;47;47;11;75;75;294.4439;0;9999.99;14.77;14.89794;2;9;23.2;0;23.2000007629395;33.83;1528.63892;07/13/16;16:55:04;22.05;51.42;33.83;-0.131;8.38;-80.3;0.9;-4.8;-2044;115.5;8.29;12.3;
33.4451078485409;-118.484980616492;16:58:05.47;7/13/2016;7;2.112;313.16;12.0453350093692;1.75;290.3;303.57;-0.29;14.7;26.4;.01;15.14;15.15;92;58;556.6;16.1;-3.5;D;644.6;17;99.658;2;2;188;308.88;-118.48581676;33.44567042;0;0;1;N;2.224234;55;55;11;87;87;293.5415;0;9999.99;15.15;15.27427;2;9;23.2;0;23.2000007629395;33.83;1528.63935;07/13/16;16:55:06;22.04;51.42;33.83;0.075;8.38;-80.4;0.8;-6.0;-1530;115.4;8.29;12.3;
33.4451151412714;-118.484989825594;16:58:06.48;7/13/2016;7;1.995;316.38;12.0453350093692;1.75;289.2;302.46;-1.04;15.7;26.4;.00;15.13;15.13;92;58;556.6;16.1;-3.5;D;644.6;17;98.484;2;1.99;188;308.83;-118.48581676;33.44567042;0;0;1;N;2.472153;51;51;11;90;90;293.089;0;9999.99;15.13;15.25305;2;9;23.2;0;23.2000007629395;33.83;1528.63935;07/13/16;16:55:06;22.04;51.42;33.83;0.075;8.38;-80.4;0.8;-6.0;-1530;115.4;8.29;12.3;
33.4451206068185;-118.484996528723;16:58:07.52;7/13/2016;7;1.995;319.04;12.0453350093692;1.75;293.4;306.71;0.26;13.7;26.4;.00;15.24;15.25;92;58;556.6;16.1;-3.5;D;644.6;17;97.619;2;1.96;188;308.78;-118.48581676;33.44567042;0;0;1;N;2.517165;59;59;11;60;60;292.7952;0;9999.99;15.24;15.37163;2;9;23.2;0;23.2000007629395;33.87;1528.68244;07/13/16;16:55:08;22.04;51.47;33.87;-0.038;8.37;-80.1;1.5;1.0;-3004;115.3;8.28;12.4;
33.4451261985899;-118.485004796629;16:58:08.53;7/13/2016;7;1.98;317.35;12.0453350093692;1.75;286.8;300.03;-0.11;18.4;26.4;.01;15.33;15.33;92;58;556.6;16.1;-3.5;D;644.6;17;96.631;2;1.96;188;308.77;-118.48581676;33.44567042;0;0;1;N;2.520565;56;56;11;98;98;292.7729;0;9999.99;15.33;15.46187;2;9;23.2;0;23.2000007629395;33.84;1528.64986;07/13/16;16:55:09;22.06;51.43;33.84;-0.062;8.38;-80.6;0.7;-1.8;-2135;115.3;8.27;12.4;
33.4451325605599;-118.485012720074;16:58:09.55;7/13/2016;7;1.994;314.37;12.0453350093692;1.75;289.2;302.46;0.35;12.2;26.4;.01;15.80;15.81;92;60;556.6;16.1;-3.7;D;624.1;17;95.615;2;1.92;188;308.72;-118.48581676;33.44567042;0;0;1;N;2.577384;56;56;11;89;89;292.4033;0;35.36;15.79;51.28259;2;9;23.2;0;23.2000007629395;33.85;1528.66085;07/13/16;16:55:10;22.05;51.44;33.85;-0.042;8.38;-80.5;0.3;-4.3;-1498;115.3;8.27;12.4;
33.4451368810224;-118.485020944262;16:58:10.55;7/13/2016;7;1.752;310.32;12.0453350093692;1.75;287.4;300.64;0.95;9.8;26.4;.00;15.81;15.81;92;57;556.5;16.1;-3.5;D;656.8;17;94.719;2;1.92;188;308.78;-118.48581676;33.44567042;0;0;1;N;2.454385;62;62;11;102;102;293.2051;0;9999.99;15.81;15.94058;2;9;23.2;0;23.2000007629395;33.86;1528.67166;07/13/16;16:55:11;22.06;51.45;33.86;-0.108;8.38;-80.4;0.6;1.5;84;115.2;8.27;12.4;
33.4451394725201;-118.485028721224;16:58:11.55;7/13/2016;7;1.665;310.32;12.0453350093692;1.75;289.6;302.87;-0.86;6.08;26.4;.00;15.78;15.79;92;57;556.5;16.1;-3.5;D;656.8;17;93.977;2;1.86;188;308.92;-118.48581676;33.44567042;0;0;1;N;2.201915;52;52;11;95;95;294.872;0;9999.99;15.78;15.91083;2;9;23.2;0;23.2000007629395;33.85;1528.6605;07/13/16;16:55:12;22.07;51.44;33.85;-0.153;8.37;-80.1;0.8;-1.6;-2219;115.2;8.26;12.3;
33.4451409558986;-118.485036291266;16:58:12.55;7/13/2016;7;1.891;310.32;12.0453350093692;1.75;285.7;298.92;-1.12;16.6;26.4;.01;15.66;15.67;92;57;556.5;16.1;-3.5;D;656.8;17;93.327;2;1.92;188;309.11;-118.48581676;33.44567042;0;0;1;N;1.885509;50;50;11;119;119;296.9993;0;9999.99;15.65;15.77743;2;9;23.2;0;23.2000007629395;33.84;1528.6501;07/13/16;16:55:13;22.07;51.42;33.84;-0.003;8.38;-80.3;1.0;-5.3;757;115.1;8.26;12.4;
33.4451469987016;-118.485046351009;16:58:13.55;7/13/2016;7;1.935;304.77;12.0453350093692;1.75;291.2;304.48;1.47;12.5;26.4;.01;16.14;16.14;92;57;556.5;16.1;-3.5;D;656.8;17;92.179;2;1.94;188;309.15;-118.48581676;33.44567042;0;0;1;N;1.790703;70;70;11;114;114;297.6443;0;9999.99;16.15;16.272;2;9;23.2;0;23.2000007629395;33.82;1528.62798;07/13/16;16:55:14;22.06;51.41;33.82;-0.025;8.38;-80.3;0.7;-2.6;1285;115.1;8.26;12.3;
33.445155815474;-118.485055852432;16:58:14.55;7/13/2016;6;2.006;308.73;12.0453350093692;2.16;291.4;304.69;-3.4;9.7;26.5;.02;16.64;16.65;92;59;556.5;16.1;-3.6;D;625.8;17;90.877;2;1.9;188;309.03;-118.48581676;33.44567042;0;0;1;N;1.959904;43;43;11;94;94;296.4955;0;43.24;16.60;59.967;2;9;23.2;0;23.2000007629395;33.85;1528.66071;07/13/16;16:55:15;22.05;51.43;33.85;-0.198;8.38;-80.5;0.4;-0.7;-1027;115.1;8.26;12.3;
33.4451643925263;-118.485063950708;16:58:15.55;7/13/2016;6;2.489;308.73;12.0453350093692;8.06;291.8;305.09;-0.99;14.5;26.5;.07;16.36;16.43;92;59;556.5;16.1;-3.6;D;625.8;17;89.693;2;1.95;188;308.85;-118.48581676;33.44567042;0;0;1;N;2.200125;46;46;11;86;86;294.8842;0;41.83;16.34;58.2909;2;9;23.2;0;23.2000007629395;33.86;1528.67368;07/13/16;16:55:16;22.05;51.45;33.86;0.278;8.38;-80.4;1.8;-0.8;-390;115.0;8.25;12.4;
33.4451697321353;-118.485072837033;16:58:16.55;7/13/2016;7;2.489;308.73;12.0453350093692;8.06;289;302.26;2.95;10.4;26.4;.07;16.29;16.37;92;59;556.5;16.1;-3.6;D;625.8;17;88.678;2;1.95;188;308.89;-118.48581676;33.44567042;0;0;1;N;2.12906;75;75;11;99;99;295.3584;0;16.75;16.32;33.19792;2;9;23.2;0;23.2000007629395;33.85;1528.66674;07/13/16;16:55:17;22.06;51.44;33.85;0.322;8.38;-80.4;1.1;0.4;-2686;115.0;8.25;12.4;
33.4451748714609;-118.48508154234;16:58:17.55;7/13/2016;7;2.489;308.73;12.0453350093692;2.16;288.6;301.85;-0.28;16;26.5;.02;16.41;16.43;92;62;556.4;16.1;-3.8;D;598;17;87.691;2;1.96;188;308.93;-118.48581676;33.44567042;0;0;1;N;2.038151;62;62;11;97;97;295.9681;0;9999.99;16.44;16.56463;2;9;23.2;0;23.2000007629395;33.85;1528.66236;07/13/16;16:55:18;22.06;51.44;33.85;0.073;8.38;-80.3;0.8;-0.7;-675;115.0;8.25;12.4;
33.4451862636003;-118.485093104949;16:58:18.55;7/13/2016;7;1.995;308.73;12.0453350093692;2.15;289;302.26;-0.49;13.2;26.5;.00;17.43;17.44;92;62;556.4;16.1;-3.8;D;598;17;86.061;2;1.97;188;308.72;-118.48581676;33.44567042;0;0;1;N;2.318336;55;55;11;93;93;294.0998;0;9999.99;17.43;17.557;2;9;23.2;0;23.2000007629395;33.86;1528.67162;07/13/16;16:55:19;22.06;51.45;33.86;-0.099;8.37;-80.1;1.0;-6.6;-623;115.0;8.25;12.5;
33.4451921240467;-118.485101873618;16:58:19.55;7/13/2016;7;2.183;322.23;12.0453350093692;1.75;285.4;298.62;-0.75;13;26.5;.00;17.13;17.13;92;62;556.4;16.1;-3.8;D;598;17;85.018;2;1.97;188;308.72;-118.48581676;33.44567042;0;0;1;N;2.299557;53;53;11;109;109;294.224;0;9999.99;17.13;17.26034;2;9;23.2;0;23.2000007629395;33.84;1528.64983;07/13/16;16:55:20;22.07;51.43;33.84;0.065;8.38;-80.4;0.9;-1.0;-715;114.9;8.24;12.3;
33.4451972848826;-118.485109591242;16:58:20.55;7/13/2016;7;2.036;315.18;12.0453350093692;1.75;287.1;300.34;-1.07;15.4;26.5;.00;16.99;16.99;92;62;556.4;16.1;-3.8;D;598;17;84.101;2;2.05;188;308.72;-118.48581676;33.44567042;0;0;1;N;2.267062;51;51;11;103;103;294.4392;0;9999.99;16.99;17.11761;2;9;23.2;0;23.2000007629395;33.84;1528.64952;07/13/16;16:55:21;22.07;51.43;33.84;-0.021;8.38;-80.6;1.3;-1.0;-1872;114.9;8.24;12.4;
33.4452048144687;-118.485122333387;16:58:21.55;7/13/2016;7;2.206;310.71;12.0453350093692;1.75;292.9;306.2;0.35;6.74;26.4;.00;17.40;17.40;92;60;556.4;16.1;-3.7;D;616.7;17;82.655;2;1.96;188;308.78;-118.48581676;33.44567042;0;0;1;N;2.130172;59;59;11;84;84;295.3508;0;9999.99;17.39;17.51787;2;9;23.2;0;23.2000007629395;33.85;1528.6605;07/13/16;16:55:22;22.07;51.44;33.85;0.037;8.38;-80.5;1.1;-9.1;-2125;114.8;8.24;12.4;
33.4452126959497;-118.48513056991;16:58:22.58;7/13/2016;7;2.294;309.87;12.0453350093692;1.75;292.5;305.8;0.69;18.9;26.4;.00;17.49;17.49;92;60;556.4;16.1;-3.7;D;616.7;17;81.510;2;1.9;188;308.64;-118.48581676;33.44567042;0;0;1;N;2.305574;61;61;11;81;81;294.1843;0;9999.99;17.50;17.62293;2;9;23.2;0;23.2000007629395;33.85;1528.66056;07/13/16;16:55:23;22.07;51.44;33.85;-0.099;8.38;-80.3;0.1;-1.9;-845;114.8;8.23;12.4;
33.4452176598426;-118.485140572954;16:58:23.59;7/13/2016;6;2.202;306.97;12.0453350093692;1.75;288.4;301.65;-1.58;11.7;26.4;.00;18.04;18.05;92;60;556.4;16.1;-3.7;D;616.7;17;80.441;2;1.96;188;308.75;-118.48581676;33.44567042;0;0;1;N;2.138396;48;48;11;102;102;295.2959;0;9999.99;18.03;18.157;2;9;23.2;0;23.2000007629395;33.83;1528.63876;07/13/16;16:55:24;22.07;51.42;33.83;-0.066;8.38;-80.5;1.4;-3.6;-435;114.7;8.23;12.2;
33.4452245822144;-118.485151863595;16:58:24.59;7/13/2016;6;2.117;306.97;12.0453350093692;1.75;289.4;302.66;0.59;10.7;26.3;.00;17.53;17.53;92;60;556.4;16.1;-3.7;D;616.7;17;79.142;2;1.95;188;308.79;-118.48581676;33.44567042;0;0;1;N;2.041473;60;60;11;100;100;295.9456;0;27.25;17.54;44.90778;2;9;23.2;0;23.2000007629395;33.83;1528.63891;07/13/16;16:55:25;22.06;51.41;33.83;-0.011;8.37;-80.1;0.9;-1.5;-593;114.8;8.24;12.6;
33.4452321364267;-118.485162789588;16:58:25.63;7/13/2016;7;1.852;306.97;12.0453350093692;1.75;292.1;305.39;-1.43;8.4;26.4;.00;17.94;17.94;92;58;556.3;16.1;-3.6;D;642.3;17;77.826;2;1.94;188;308.77;-118.48581676;33.44567042;0;0;1;N;2.021829;48;48;11;90;90;296.0778;0;24.43;17.92;42.48158;2;9;23.2;0;23.2000007629395;33.86;1528.67156;07/13/16;16:55:26;22.05;51.45;33.86;-0.123;8.37;-80.2;1.2;-2.8;-852;114.8;8.24;12.3;
33.4452285656739;-118.485165994331;16:58:26.64;7/13/2016;6;2.215;314.16;12.0453350093692;2.15;295.4;308.73;-0.33;10.4;26.3;.01;17.85;17.86;92;58;556.3;16.1;-3.6;D;642.3;17;77.844;2;1.93;188;309.14;-118.48581676;33.44567042;0;0;1;N;1.524326;49;49;11;93;93;299.4734;0;19.42;17.83;37.37892;2;9;23.2;0;23.2000007629395;33.85;1528.6614;07/13/16;16:55:27;22.06;51.44;33.85;0.096;8.37;-80.1;0.9;-3.8;398;114.7;8.23;12.3;
33.4452383325536;-118.48517696171;16:58:27.64;7/13/2016;6;2.555;313.72;12.0453350093692;2.15;289.9;303.17;0.82;7.47;26.3;.00;18.29;18.29;92;58;556.3;16.1;-3.6;D;642.3;17;76.370;2;2.03;188;308.99;-118.48581676;33.44567042;0;0;1;N;1.704266;66;66;11;107;107;298.235;0;18.94;18.30;37.367;2;9;23.2;0;23.2000007629395;33.85;1528.66079;07/13/16;16:55:28;22.07;51.44;33.85;0.055;8.38;-80.7;1.4;-2.5;-2687;114.7;8.23;12.3;
33.4452463279258;-118.485183792251;16:58:28.67;7/13/2016;7;2.059;313.48;12.0453350093692;2.15;296.9;310.25;-1.48;10.5;26.3;.00;17.84;17.84;92;63;556.3;16.1;-3.9;D;590.3;17;75.318;2;2.03;188;308.76;-118.48581676;33.44567042;0;0;1;N;1.955887;48;48;11;72;72;296.5224;0;13.15;17.82;31.09579;2;9;23.2;0;23.2000007629395;33.84;1528.64955;07/13/16;16:55:29;22.08;51.42;33.84;-0.141;8.38;-80.7;0.8;-3.0;-2956;114.7;8.22;12.4;
33.4452521726783;-118.485194035311;16:58:29.67;7/13/2016;7;2.349;314.9;12.0453350093692;2.15;294.5;307.82;2.25;13.3;26.3;.00;17.90;17.90;92;63;556.3;16.1;-3.9;D;590.3;17;74.170;2;1.99;188;308.83;-118.48581676;33.44567042;0;0;1;N;1.839537;72;72;11;77;77;297.3113;0;9999.99;17.90;18.0268;2;9;23.2;0;23.2000007629395;33.83;1528.63879;07/13/16;16:55:30;22.07;51.42;33.83;0.074;8.38;-80.5;1.5;-2.8;-1242;114.7;8.23;12.3;
33.4452574583924;-118.485199708817;16:58:30.67;7/13/2016;7;2.276;319.98;12.0453350093692;2.15;292.3;305.6;-1.96;12.3;26.3;.00;18.27;18.27;92;63;556.3;16.1;-3.9;D;590.3;17;73.392;2;1.95;188;308.73;-118.48581676;33.44567042;0;0;1;N;1.959913;45;45;11;91;91;296.4952;0;9999.99;18.27;18.40104;2;9;23.2;0;23.2000007629395;33.82;1528.62777;07/13/16;16:55:31;22.07;51.41;33.82;-0.154;8.37;-80.2;1.4;-0.4;-1164;114.7;8.23;12.4;
33.4452679159924;-118.485207534747;16:58:31.67;7/13/2016;7;2.696;319.98;12.0453350093692;2.15;293.6;306.91;0.89;18.4;26.3;.01;18.80;18.81;92;63;556.3;16.1;-3.9;D;590.3;17;72.099;2;1.99;188;308.37;-118.48581676;33.44567042;0;0;1;N;2.373936;62;62;11;74;74;293.7331;0;9999.99;18.80;18.927;2;9;23.2;0;23.2000007629395;33.85;1528.66091;07/13/16;16:55:32;22.06;51.44;33.85;-0.135;8.38;-80.5;1.1;-1.9;-576;114.6;8.23;12.3;
33.4452734071626;-118.485212515604;16:58:32.69;7/13/2016;7;1.894;319.98;12.0453350093692;1.75;288.3;301.55;-1.6;9.9;26.3;.00;18.53;18.53;92;58;556.2;16.1;-3.5;D;644.2;17;71.358;2;2.02;188;308.22;-118.48581676;33.44567042;0;0;1;N;2.551458;52;52;11;87;87;292.5716;0;9999.99;18.54;18.66815;2;9;23.2;0;23.2000007629395;33.85;1528.66082;07/13/16;16:55:33;22.06;51.44;33.85;-0.013;8.37;-80.2;0.4;-4.6;-210;114.6;8.22;12.3;
33.4452755710051;-118.485214076822;16:58:33.72;7/13/2016;7;1.648;319.98;12.0453350093692;1.75;294;307.31;1.27;11.3;26.3;.00;18.81;18.81;92;58;556.2;16.1;-3.5;D;644.2;17;71.096;2;1.97;188;308.14;-118.48581676;33.44567042;0;0;1;N;2.631564;65;65;11;66;66;292.0523;0;9999.99;18.80;18.93098;2;9;23.2;0;23.2000007629395;33.85;1528.66062;07/13/16;16:55:34;22.06;51.44;33.85;-0.054;8.37;-80.2;1.7;-4.5;-250;114.6;8.22;12.4;
33.4452824487322;-118.485220771083;16:58:34.72;7/13/2016;7;2.005;319.98;12.0453350093692;1.75;291.2;304.48;-1.24;17.1;26.4;.01;18.73;18.74;92;58;556.2;16.1;-3.5;D;644.2;17;70.135;2;1.97;188;307.96;-118.48581676;33.44567042;0;0;1;N;2.816041;50;50;11;73;73;290.8683;0;9999.99;18.72;18.84856;2;9;23.2;0;23.2000007629395;33.84;1528.65002;07/13/16;16:55:35;22.06;51.43;33.84;-0.092;8.37;-80.0;1.2;-0.1;-1013;114.5;8.22;12.4;
33.4452836787375;-118.485227199972;16:58:35.72;7/13/2016;7;1.681;319.98;12.0453350093692;1.75;290.1;303.37;-1.41;13.6;26.4;.03;18.84;18.86;92;58;556.2;16.1;-3.6;D;639.3;17;69.581;2;1.99;188;308.17;-118.48581676;33.44567042;0;0;1;N;2.538509;49;49;11;84;84;292.6557;0;9999.99;18.82;18.94417;2;9;23.2;0;23.2000007629395;33.83;1528.63938;07/13/16;16:55:36;22.06;51.41;33.83;0.087;8.38;-80.4;1.4;-6.7;-1917;114.5;8.22;12.3;
33.4452905538186;-118.485240953114;16:58:36.73;7/13/2016;7;2.182;311.95;12.0453350093692;1.75;288;301.25;0.14;14.1;26.3;.02;18.96;18.98;92;58;556.2;16.1;-3.6;D;639.3;17;68.106;2;2;188;308.33;-118.48581676;33.44567042;0;0;1;N;2.304322;58;58;11;99;99;294.1924;0;9999.99;18.95;19.07852;2;9;23.2;0;23.2000007629395;33.84;1528.65149;07/13/16;16:55:37;22.06;51.43;33.84;0.172;8.38;-80.4;1.2;-0.3;-546;114.5;8.22;12.2;
33.4453088346797;-118.485265220758;16:58:37.75;7/13/2016;7;3.731;310.09;12.0453350093692;1.75;286.3;299.53;-1.08;9.4;26.3;.01;19.14;19.15;92;58;556.2;16.1;-3.6;D;639.3;17;65.079;2;2;188;308.16;-118.48581676;33.44567042;0;0;1;N;2.407435;51;51;11;103;103;293.5125;0;9999.99;19.15;19.2731;2;9;23.2;0;23.2000007629395;33.84;1528.65025;07/13/16;16:55:38;22.05;51.42;33.84;0.020;8.38;-80.5;1.1;-4.5;-125;114.5;8.22;12.3;
33.4453144723136;-118.485273768872;16:58:38.77;7/13/2016;7;3.076;309.9;12.0453350093692;1.75;285.1;298.31;-0.92;19;26.3;.02;18.66;18.68;92;58;556.2;16.1;-3.6;D;639.3;17;64.068;2;1.99;188;308.15;-118.48581676;33.44567042;0;0;1;N;2.371087;50;50;11;108;108;293.7517;0;9999.99;18.64;18.7622;2;9;23.2;0;23.2000007629395;33.83;1528.63897;07/13/16;16:55:39;22.05;51.42;33.83;-0.159;8.38;-80.3;1.6;24.6;131572;114.5;8.22;12.4;
33.445321423888;-118.485284000735;16:58:39.78;7/13/2016;6;2.8;309.98;12.0453350093692;1.75;289.4;302.66;1.57;14.3;26.3;.03;18.80;18.83;92;58;556.1;16.1;-3.6;D;639.1;17;62.844;2;2.02;188;308.13;-118.48581676;33.44567042;0;0;1;N;2.341721;66;66;11;92;92;293.9451;0;9999.99;18.80;18.92744;2;9;23.2;0;23.2000007629395;33.83;1528.64135;07/13/16;16:55:40;22.04;51.42;33.83;0.211;8.38;-80.5;0.9;-1.9;116;114.4;8.21;12.3;
33.44532660159;-118.485291299504;16:58:40.78;7/13/2016;7;2.462;311.52;12.0453350093692;1.75;287.3;300.54;0.51;13.9;26.3;.01;19.17;19.18;92;58;556.1;16.1;-3.6;D;639.1;17;61.956;2;2.03;188;308.1;-118.48581676;33.44567042;0;0;1;N;2.348605;60;60;11;100;100;293.8998;0;9999.99;19.19;19.316;2;9;23.2;0;23.2000007629395;33.83;1528.63995;07/13/16;16:55:41;22.04;51.42;33.83;0.130;8.38;-80.5;1.2;-0.6;-503;114.4;8.21;12.4;
33.4453315611132;-118.485300124156;16:58:41.80;7/13/2016;7;2.278;308.18;12.0453350093692;1.75;286.2;299.43;-1.03;7.2;26.3;.00;19.77;19.77;92;58;556.1;16.1;-3.6;D;639.1;17;60.971;2;2.01;188;308.17;-118.48581676;33.44567042;0;0;1;N;2.233956;49;49;11;102;102;294.6585;0;9999.99;19.76;19.887;2;9;23.2;0;23.2000007629395;33.83;1528.63849;07/13/16;16:55:43;22.02;51.41;33.83;-0.015;8.37;-80.2;1.4;1.5;-1609;114.4;8.21;12.4;
33.4453370447625;-118.48530832145;16:58:42.80;7/13/2016;7;2.071;306.13;12.0453350093692;1.75;286.8;300.03;1;21.2;26.3;.00;19.34;19.34;92;57;556.1;16.1;-3.5;D;654.2;17;59.997;2;1.98;188;308.16;-118.48581676;33.44567042;0;0;1;N;2.210604;60;60;11;107;107;294.8137;0;9999.99;19.34;19.47108;2;9;23.2;0;23.2000007629395;33.83;1528.63849;07/13/16;16:55:43;22.02;51.41;33.83;-0.015;8.37;-80.2;1.4;1.5;-1609;114.4;8.21;12.4;
33.4453407881358;-118.485318835207;16:58:43.80;7/13/2016;7;2.279;304.34;12.0453350093692;1.75;288.4;301.65;-3.01;10.8;26.3;.00;19.97;19.97;92;57;556.1;16.1;-3.5;D;654.2;17;58.973;2;1.98;188;308.43;-118.48581676;33.44567042;0;0;1;N;1.899789;43;43;11;120;120;296.9019;0;9999.99;19.97;20.09329;2;9;23.2;0;23.2000007629395;33.85;1528.66034;07/13/16;16:55:45;22.03;51.43;33.85;0.108;8.37;-80.1;1.0;-5.8;1146;114.4;8.21;12.4;
33.4453446633541;-118.485327445405;16:58:44.80;7/13/2016;7;2.128;304.02;12.0453350093692;1.75;290.5;303.78;-2.44;15.4;26.3;.03;20.19;20.21;92;57;556.1;16.1;-3.5;D;654.2;17;58.080;2;1.95;188;308.59;-118.48581676;33.44567042;0;0;1;N;1.699306;43;43;11;105;105;298.2685;0;9999.99;20.16;20.287;2;9;23.2;0;23.2000007629395;33.83;1528.64055;07/13/16;16:55:46;22.03;51.42;33.83;0.323;8.37;-80.2;1.6;-4.9;-137;114.3;8.21;12.5;
33.4453501999162;-118.485339798246;16:58:45.80;7/13/2016;7;2.238;301.78;12.0453350093692;1.75;289.6;302.87;1.45;16.4;26.3;.05;19.64;19.70;92;57;556.1;16.1;-3.5;D;654.2;17;56.800;2;1.95;188;308.82;-118.48581676;33.44567042;0;0;1;N;1.432622;65;65;11;114;114;300.1079;0;9999.99;19.65;19.77451;2;9;23.2;0;23.2000007629395;33.83;1528.64055;07/13/16;16:55:46;22.03;51.42;33.83;0.323;8.37;-80.2;1.6;-4.9;-137;114.3;8.21;12.5;
33.4453546447831;-118.485348412168;16:58:46.80;7/13/2016;7;2.024;301.78;12.0453350093692;1.75;289.3;302.56;1.74;10.2;26.3;.02;19.92;19.93;92;62;556.0;16.1;-3.8;D;601.2;17;55.868;2;1.97;188;308.94;-118.48581676;33.44567042;0;0;1;N;1.291701;70;70;11;118;118;301.0887;0;20.30;19.93;40.3654;2;9;23.2;0;23.2000007629395;33.85;1528.6617;07/13/16;16:55:48;22.03;51.44;33.85;-0.096;8.37;-80.2;1.1;-0.5;-2780;114.2;8.20;12.2;
33.4453596789134;-118.485357308843;16:58:47.80;7/13/2016;6;2.035;301.78;12.0453350093692;1.75;294.3;307.62;-2.33;7.01;26.3;.00;19.28;19.28;92;62;556.0;16.1;-3.8;D;601.2;17;54.874;2;1.94;188;309.03;-118.48581676;33.44567042;0;0;1;N;1.175445;43;43;11;104;104;301.9018;0;9999.99;19.27;19.39517;2;9;23.1;0;23.2000007629395;33.85;1528.6617;07/13/16;16:55:48;22.03;51.44;33.85;-0.096;8.37;-80.2;1.1;-0.5;-2780;114.2;8.20;12.2;
33.4453664480432;-118.485365522128;16:58:48.80;7/13/2016;6;2.082;309.1;12.0453350093692;1.75;294.7;308.02;0.85;11.7;26.4;.00;19.89;19.90;92;62;556.0;16.1;-3.8;D;601.2;17;53.808;2;1.91;188;308.91;-118.48581676;33.44567042;0;0;1;N;1.260383;62;62;11;100;100;301.3073;0;27.36;19.89;47.36773;2;9;23.1;0;23.1000003814697;33.85;1528.40702;07/13/16;16:55:49;22.03;51.43;33.85;0.094;8.38;-80.3;1.7;-8.8;-4182;114.2;8.20;12.4;
33.4453730171565;-118.485376505473;16:58:49.80;7/13/2016;6;2.112;311.66;12.0453350093692;1.75;295.7;309.03;-1.02;9.3;26.4;.00;19.76;19.76;92;63;555.9;16.1;-3.9;D;590.6;17;52.556;2;1.95;188;308.99;-118.48581676;33.44567042;0;0;1;N;1.156214;51;51;11;99;99;302.0366;0;9999.99;19.76;19.88994;2;9;23.1;0;23.1000003814697;33.84;1528.3958;07/13/16;16:55:51;22.03;51.43;33.84;-0.106;8.37;-80.1;1.3;1.8;-1451;114.2;8.20;12.4;
33.445376037427;-118.485381980244;16:58:50.81;7/13/2016;6;1.869;312.97;12.0453350093692;1.75;298.7;312.07;0.86;10.9;26.4;.00;19.99;19.99;92;63;555.9;16.1;-3.9;D;590.6;17;51.950;2;1.99;188;309.06;-118.48581676;33.44567042;0;0;1;N;1.077807;62;62;11;89;89;302.5873;0;9999.99;19.98;20.10435;2;9;23.1;0;23.1000003814697;33.84;1528.3958;07/13/16;16:55:51;22.03;51.43;33.84;-0.106;8.37;-80.1;1.3;1.8;-1451;114.2;8.20;12.4;
33.4453803618905;-118.485390182768;16:58:51.81;7/13/2016;6;1.934;314.09;12.0453350093692;1.75;297.9;311.26;0.13;13.2;26.4;.00;20.24;20.24;92;58;555.9;16.1;-3.5;D;643.3;17;51.056;2;1.96;188;309.18;-118.48581676;33.44567042;0;0;1;N;0.9532369;58;58;11;96;96;303.4654;0;9999.99;20.25;20.37585;2;9;23.1;0;23.1000003814697;33.85;1528.40666;07/13/16;16:55:52;22.02;51.43;33.85;-0.039;8.38;-80.5;1.5;-1.8;-3995;114.2;8.20;12.4;
33.445385918014;-118.485397844014;16:58:52.84;7/13/2016;6;1.897;317.06;12.0453350093692;1.75;297.6;310.95;-0.93;9.5;26.3;.00;20.26;20.27;92;58;555.9;16.1;-3.5;D;643.3;17;50.115;2;1.93;188;309.14;-118.48581676;33.44567042;0;0;1;N;0.9698861;51;51;11;101;101;303.3479;0;9999.99;20.26;20.3916;2;9;23.1;0;23.1000003814697;33.84;1528.39582;07/13/16;16:55:53;22.02;51.43;33.84;-0.160;8.38;-80.5;2.0;-4.0;-6;114.1;8.20;12.4;
33.4453923634246;-118.485404871508;16:58:53.84;7/13/2016;6;1.831;317.36;12.0453350093692;1.75;300.3;313.68;0.32;7.82;26.3;.00;20.63;20.64;92;58;555.9;16.1;-3.5;D;643.3;17;49.157;2;1.93;188;308.97;-118.48581676;33.44567042;0;0;1;N;1.086698;59;59;11;82;82;302.5249;0;9999.99;20.63;20.75302;2;9;23.1;0;23.1000003814697;33.84;1528.3959;07/13/16;16:55:55;22.02;51.42;33.84;-0.115;8.38;-80.5;2.2;-0.7;2068;114.1;8.20;12.4;
33.4453980230699;-118.485412762141;16:58:54.84;7/13/2016;6;1.951;314.94;12.0453350093692;1.75;296.7;310.04;-3.17;11.6;26.4;.00;20.85;20.86;92;58;555.9;16.1;-3.5;D;643.3;17;48.192;2;1.99;188;308.94;-118.48581676;33.44567042;0;0;1;N;1.102055;43;43;11;96;96;302.4167;0;9999.99;20.86;20.987;2;9;23.1;0;23.1000003814697;33.84;1528.3959;07/13/16;16:55:55;22.02;51.42;33.84;-0.115;8.38;-80.5;2.2;-0.7;2068;114.1;8.20;12.4;
33.4454063492723;-118.485421691249;16:58:55.86;7/13/2016;6;2.157;316.63;12.0453350093692;1.75;299.7;313.08;-0.48;20.7;26.4;.03;20.39;20.42;92;57;555.9;16.1;-3.5;D;646.3;17;46.966;2;2.04;188;308.7;-118.48581676;33.44567042;0;0;1;N;1.268477;51;51;11;81;81;301.2505;0;9999.99;20.37;20.49716;2;9;23.1;0;23.1000003814697;33.84;1528.3978;07/13/16;16:55:57;22.01;51.43;33.84;0.234;8.38;-80.4;1.0;-2.0;-710;114.1;8.19;12.4;
33.4454163610625;-118.485429906283;16:58:56.88;7/13/2016;6;2.202;319.45;12.0453350093692;1.75;297.7;311.05;1.68;14.7;26.4;.02;36.32;36.34;92;57;555.9;16.1;-3.5;D;646.3;17;45.677;2;1.98;188;308.2;-118.48581676;33.44567042;0;0;1;N;1.621748;66;66;11;61;61;298.8006;0;9999.99;36.32;36.45071;2;9;23.1;0;23.1000003814697;33.84;1528.3978;07/13/16;16:55:57;22.01;51.43;33.84;0.234;8.38;-80.4;1.0;-2.0;-710;114.1;8.19;12.4;
33.4454237113643;-118.485438416996;16:58:57.88;7/13/2016;7;2.136;320.8;12.0453350093692;1.75;294.3;307.62;-0.58;17.2;26.4;.00;20.76;20.76;92;57;555.9;16.1;-3.5;D;646.3;17;44.551;2;1.95;188;308.01;-118.48581676;33.44567042;0;0;1;N;1.749197;54;54;11;88;88;297.9263;0;21.15;20.77;42.04535;2;9;23.1;0;23.1000003814697;33.84;1528.39583;07/13/16;16:55:59;22.01;51.42;33.84;-0.176;8.38;-80.4;1.5;0.0;-1668;114.0;8.19;12.4;
33.445429674082;-118.485446438092;16:58:58.89;7/13/2016;6;2.062;317.77;12.0453350093692;1.75;295;308.33;-1.27;16.3;26.3;.01;20.52;20.53;92;61;555.8;16.1;-3.7;D;611.5;17;43.557;2;1.98;188;307.92;-118.48581676;33.44567042;0;0;1;N;1.772896;47;47;11;88;88;297.7645;0;9999.99;20.51;20.63425;2;9;23.1;0;23.1000003814697;33.84;1528.39583;07/13/16;16:55:59;22.01;51.42;33.84;-0.176;8.38;-80.4;1.5;0.0;-1668;114.0;8.19;12.4;
33.4454375954154;-118.48545491259;16:58:59.89;7/13/2016;6;2.083;316.44;12.0453350093692;1.75;290.9;304.18;1.41;16.5;26.3;.02;20.35;20.37;92;61;555.8;16.1;-3.7;D;611.5;17;42.396;2;1.97;188;307.64;-118.48581676;33.44567042;0;0;1;N;1.942485;65;65;11;97;97;296.6121;0;9999.99;20.35;20.47848;2;9;23.1;0;23.1000003814697;33.84;1528.39697;07/13/16;16:56:01;22.01;51.42;33.84;0.007;8.37;-80.1;1.8;1.1;-1543;114.0;8.19;12.4;
33.4454414535149;-118.485462636046;16:59:00.89;7/13/2016;6;1.81;313.98;12.0453350093692;1.75;292.4;305.7;0.38;18.3;26.3;.01;20.58;20.59;92;61;555.8;16.1;-3.7;D;611.5;17;41.567;2;1.99;188;307.77;-118.48581676;33.44567042;0;0;1;N;1.810321;58;58;11;97;97;297.5091;0;9999.99;20.59;20.71551;2;9;23.1;0;23.1000003814697;33.84;1528.39697;07/13/16;16:56:01;22.01;51.42;33.84;0.007;8.37;-80.1;1.8;1.1;-1543;114.0;8.19;12.4;
33.4454465219796;-118.485471243171;16:59:01.89;7/13/2016;6;2.091;313.95;12.0453350093692;1.75;291.1;304.38;-1.21;9.8;26.3;.00;20.86;20.86;92;61;555.8;16.1;-3.7;D;611.5;17;40.590;2;2.01;188;307.83;-118.48581676;33.44567042;0;0;1;N;1.721619;50;50;11;102;102;298.1148;0;9999.99;20.86;20.98958;2;9;23.1;0;23.1000003814697;33.85;1528.40675;07/13/16;16:56:03;22.00;51.43;33.85;0.047;8.38;-80.4;2.2;-3.9;-1259;114.0;8.19;12.4;
33.4454505172122;-118.48547805084;16:59:02.89;7/13/2016;6;1.922;312.6;12.0453350093692;1.75;294.4;307.72;-0.04;12.4;26.3;.00;20.75;20.75;92;56;555.8;16.1;-3.4;D;667;17;39.819;2;1.92;188;307.89;-118.48581676;33.44567042;0;0;1;N;1.644178;57;57;11;91;91;298.6459;0;9999.99;20.73;20.85472;2;9;23.1;0;23.1000003814697;33.85;1528.40675;07/13/16;16:56:03;22.00;51.43;33.85;0.047;8.38;-80.4;2.2;-3.9;-1259;114.0;8.19;12.4;
33.445457068472;-118.485486363082;16:59:03.89;7/13/2016;6;2.072;314.13;12.0453350093692;1.75;290.8;304.08;-0.78;11.4;26.3;.00;20.69;20.70;92;56;555.8;16.1;-3.4;D;667;17;38.763;2;1.89;188;307.74;-118.48581676;33.44567042;0;0;1;N;1.706739;52;52;11;104;104;298.2166;0;9999.99;20.70;20.83135;2;9;23.1;0;23.1000003814697;33.84;1528.39584;07/13/16;16:56:05;22.00;51.43;33.84;-0.159;8.37;-80.2;1.6;25.8;76515;114.0;8.19;12.5;
33.4454657387512;-118.485494295653;16:59:04.91;7/13/2016;6;2.134;318.57;12.0453350093692;1.75;293.9;307.21;-4.04;17.5;26.3;.01;20.20;20.21;92;56;555.8;16.1;-3.4;D;667;17;37.592;2;1.97;188;307.26;-118.48581676;33.44567042;0;0;1;N;1.960156;43;43;11;84;84;296.4922;0;9999.99;20.18;20.30565;2;9;23.1;0;23.1000003814697;33.84;1528.39584;07/13/16;16:56:05;22.00;51.43;33.84;-0.159;8.37;-80.2;1.6;25.8;76515;114.0;8.19;12.5;
33.4454716046508;-118.485503589229;16:59:05.92;7/13/2016;6;2.153;318.64;12.0453350093692;1.75;289.5;302.76;1.09;14.4;26.3;.02;20.94;20.96;92;61;555.7;16.1;-3.8;D;605.2;17;36.511;2;2;188;307.27;-118.48581676;33.44567042;0;0;1;N;1.91144;64;64;11;95;95;296.8218;0;9999.99;20.92;21.05019;2;9;23.1;0;23.1000003814697;33.84;1528.39751;07/13/16;16:56:07;22.00;51.43;33.84;0.165;8.38;-80.3;1.9;-3.8;-1981;113.9;8.18;12.4;
33.4454778546606;-118.485511543763;16:59:06.92;7/13/2016;6;2.005;317.91;12.0453350093692;1.75;288.9;302.16;-1.66;13.6;26.2;.01;21.35;21.36;92;61;555.7;16.1;-3.8;D;605.2;17;35.503;2;1.99;188;307.09;-118.48581676;33.44567042;0;0;1;N;1.969201;47;47;11;104;104;296.4309;0;9999.99;21.36;21.48685;0;0;23.1;0;23.1000003814697;33.84;1528.39751;07/13/16;16:56:07;22.00;51.43;33.84;0.165;8.38;-80.3;1.9;-3.8;-1981;113.9;8.18;12.4;
33.4454821855274;-118.485520224431;16:59:07.92;7/13/2016;6;2.011;312.59;12.0453350093692;1.75;292.2;305.49;0.6;13.6;26.2;.00;22.50;22.50;92;61;555.7;16.1;-3.8;D;605.2;17;34.570;2;1.9;188;307.26;-118.48581676;33.44567042;0;0;1;N;1.808534;61;61;11;95;95;297.5208;0;9999.99;22.50;22.627;2;9;23.1;0;23.1000003814697;33.84;1528.39582;07/13/16;16:56:09;21.99;51.42;33.84;-0.151;8.38;-80.3;1.4;-6.6;-843;113.9;8.19;12.4;
33.4454872288229;-118.485526638327;16:59:08.92;7/13/2016;6;1.893;314.95;12.0453350093692;1.75;292.3;305.6;-0.52;20.4;26.3;.00;21.28;21.28;92;61;555.7;16.1;-3.8;D;605.2;17;33.757;2;1.94;188;307.12;-118.48581676;33.44567042;0;0;1;N;1.850572;54;54;11;94;94;297.2346;0;9999.99;21.29;21.41959;2;9;23.1;0;23.1000003814697;33.84;1528.39582;07/13/16;16:56:09;21.99;51.42;33.84;-0.151;8.38;-80.3;1.4;-6.6;-843;113.9;8.19;12.4;
33.4454902742707;-118.48553388454;16:59:09.92;7/13/2016;6;1.978;313.49;12.0453350093692;1.75;289.6;302.87;1.11;19.1;26.3;.00;21.31;21.31;92;63;555.7;16.1;-3.9;D;590;17;33.017;2;1.94;188;307.35;-118.48581676;33.44567042;0;0;1;N;1.670142;62;62;11;88;88;298.4672;0;9999.99;21.31;21.43299;2;9;23.1;0;23.1000003814697;33.86;1528.41774;07/13/16;16:56:10;21.99;51.45;33.86;0.076;8.37;-80.1;2.2;-6.8;-1855;113.9;8.18;12.4;
33.4454950587426;-118.48554427975;16:59:10.92;7/13/2016;6;2.16;310.87;12.0453350093692;1.75;289.1;302.36;-0.85;14.4;26.4;.00;22.67;22.67;92;63;555.7;16.1;-3.9;D;590;17;31.928;2;1.93;188;307.64;-118.48581676;33.44567042;0;0;1;N;1.461997;52;52;11;117;117;299.9027;0;9999.99;22.69;22.81213;2;9;23.1;0;23.1000003814697;33.84;1528.39575;07/13/16;16:56:12;22.00;51.42;33.84;-0.198;8.37;-80.1;1.8;-3.5;-1839;113.9;8.18;12.3;
33.4455007301849;-118.485552873347;16:59:11.92;7/13/2016;6;2.194;308.32;12.0453350093692;1.75;296.1;309.44;-0.71;14.6;26.3;.01;22.07;22.08;92;63;555.7;16.1;-3.9;D;590;17;30.911;2;1.95;188;307.62;-118.48581676;33.44567042;0;0;1;N;1.415598;49;49;11;93;93;300.2247;0;9999.99;22.05;22.17328;2;9;23.1;0;23.1000003814697;33.84;1528.39575;07/13/16;16:56:12;22.00;51.42;33.84;-0.198;8.37;-80.1;1.8;-3.5;-1839;113.9;8.18;12.3;
33.445507399932;-118.485562283311;16:59:12.92;7/13/2016;6;2.186;308.72;12.0453350093692;1.75;295.9;309.23;3.25;19.2;26.3;.02;22.02;22.04;92;59;555.6;16.1;-3.6;D;628.9;17;29.767;2;1.96;188;307.51;-118.48581676;33.44567042;0;0;1;N;1.418436;77;77;11;91;91;300.2047;0;9999.99;22.03;22.15737;2;9;23.1;0;23.1000003814697;33.85;1528.4085;07/13/16;16:56:14;21.99;51.44;33.85;-0.048;8.37;-80.0;1.5;-6.4;-2003;113.8;8.18;12.4;
33.4455125713134;-118.48557236123;16:59:13.92;7/13/2016;6;2.138;308.32;12.0453350093692;1.75;294.7;308.02;-1.51;11.1;26.3;.00;21.42;21.42;92;59;555.6;16.1;-3.6;D;628.9;17;28.675;2;1.96;188;307.74;-118.48581676;33.44567042;0;0;1;N;1.256786;46;46;11;103;103;301.331;0;9999.99;21.43;21.55607;2;9;23.1;0;23.1000003814697;33.85;1528.4085;07/13/16;16:56:14;21.99;51.44;33.85;-0.048;8.37;-80.0;1.5;-6.4;-2003;113.8;8.18;12.4;
33.4455172474213;-118.485579467066;16:59:14.92;7/13/2016;6;2.037;312.35;12.0453350093692;1.75;295.5;308.83;0.88;17.3;26.3;.00;22.49;22.49;92;59;555.6;16.1;-3.6;D;628.9;17;27.836;2;2.02;188;307.73;-118.48581676;33.44567042;0;0;1;N;1.226965;61;61;11;103;103;301.5394;0;9999.99;22.49;22.61242;2;9;23.1;0;23.1000003814697;33.84;1528.3958;07/13/16;16:56:16;22.00;51.42;33.84;-0.105;8.37;-80.1;1.3;-2.8;-2849;113.7;8.17;12.3;
33.4455200798845;-118.485588500238;16:59:15.92;7/13/2016;6;1.98;310.26;12.0453350093692;1.75;299.5;312.87;-0.57;9.4;26.3;.00;22.73;22.73;92;59;555.6;16.1;-3.6;D;628.9;17;26.981;2;1.98;188;308.29;-118.48581676;33.44567042;0;0;1;N;0.915719;54;54;11;90;90;303.7291;0;9999.99;22.73;22.857;2;9;23.1;0;23.1000003814697;33.84;1528.3958;07/13/16;16:56:16;22.00;51.42;33.84;-0.105;8.37;-80.1;1.3;-2.8;-2849;113.7;8.17;12.3;
33.4455270440062;-118.485600612587;16:59:16.92;7/13/2016;6;2.177;310.66;12.0453350093692;1.75;299.1;312.47;1.68;21.3;26.2;.00;22.81;22.81;92;58;555.6;16.1;-3.5;D;643.4;17;25.620;2;2.04;188;308.48;-118.48581676;33.44567042;0;0;1;N;0.7783604;72;72;11;86;86;304.7018;0;9999.99;22.81;22.937;2;9;23.1;0;23.1000003814697;33.84;1528.39598;07/13/16;16:56:18;22.00;51.42;33.84;-0.030;8.37;-80.1;1.9;-3.3;-2760;113.8;8.17;12.4;
33.4455293885645;-118.485607372818;16:59:17.92;7/13/2016;6;2.047;307.88;12.0453350093692;1.75;302.3;315.71;-1.26;13.2;26.2;.01;22.67;22.68;92;58;555.6;16.1;-3.5;D;643.4;17;24.967;2;1.98;188;308.91;-118.48581676;33.44567042;0;0;1;N;0.5646204;50;50;11;75;75;306.2217;0;9999.99;22.68;22.80248;2;9;23.1;0;23.1000003814697;33.84;1528.39598;07/13/16;16:56:18;22.00;51.42;33.84;-0.030;8.37;-80.1;1.9;-3.3;-2760;113.8;8.17;12.4;
33.4455353621889;-118.485616158263;16:59:18.92;7/13/2016;6;2.044;307.38;12.0453350093692;1.75;298.4;311.76;1.02;14.7;26.3;.00;22.92;22.92;92;58;555.6;16.1;-3.5;D;643.4;17;23.916;2;1.98;188;308.9;-118.48581676;33.44567042;0;0;1;N;0.5537178;63;63;11;105;105;306.2994;0;16.63;22.91;39.667;2;9;23.1;0;23.1000003814697;33.85;1528.40699;07/13/16;16:56:20;21.99;51.44;33.85;-0.040;8.37;-80.1;1.4;-5.8;-3059;113.8;8.17;12.3;
33.4455379847945;-118.485624284153;16:59:19.92;7/13/2016;6;1.994;307.86;12.0453350093692;1.75;300.7;314.09;-0.96;18.1;26.3;.01;22.37;22.38;92;59;555.5;16.1;-3.6;D;633.3;17;23.147;2;1.96;188;309.51;-118.48581676;33.44567042;0;0;1;N;0.2845521;51;51;11;104;104;308.2216;0;9999.99;22.36;22.48375;2;9;23.1;0;23.1000003814697;33.84;1528.39658;07/13/16;16:56:21;22.00;51.43;33.84;0.101;8.37;-80.0;1.2;-2.4;-811;113.8;8.18;12.4;
33.4455433976451;-118.485631508279;16:59:20.92;7/13/2016;6;1.993;310.25;12.0453350093692;1.75;299.3;312.67;-0.63;8.4;26.2;.02;22.06;22.08;92;59;555.5;16.1;-3.6;D;633.3;17;22.247;2;1.97;188;309.41;-118.48581676;33.44567042;0;0;1;N;0.3163077;55;55;11;108;108;307.9945;0;9999.99;22.05;22.17891;2;9;23.1;0;23.1000003814697;33.84;1528.39658;07/13/16;16:56:21;22.00;51.43;33.84;0.101;8.37;-80.0;1.2;-2.4;-811;113.8;8.18;12.4;
33.445550710676;-118.485637431218;16:59:21.92;7/13/2016;6;1.935;314.49;12.0453350093692;1.75;306.9;320.36;2.24;15.3;26.2;.01;22.43;22.44;92;59;555.5;16.1;-3.6;D;633.3;17;21.308;2;1.97;188;308.66;-118.48581676;33.44567042;0;0;1;N;0.5654337;75;75;11;65;65;306.2156;0;23.37;22.43;45.92714;2;9;23.1;0;23.1000003814697;33.85;1528.40784;07/13/16;16:56:23;22.00;51.44;33.85;-0.142;8.37;-80.2;1.6;-1.6;-1108;113.8;8.17;12.4;
33.4455576242535;-118.485645640712;16:59:22.92;7/13/2016;6;1.871;315.72;12.0453350093692;1.75;306.8;320.26;-2.42;10.2;26.2;.00;23.04;23.05;92;59;555.5;16.1;-3.6;D;633.3;17;20.233;2;1.99;188;308.31;-118.48581676;33.44567042;0;0;1;N;0.6700445;43;43;11;88;88;305.4708;0;9999.99;23.04;23.16921;2;9;23.1;0;23.1000003814697;33.85;1528.40784;07/13/16;16:56:23;22.00;51.44;33.85;-0.142;8.37;-80.2;1.6;-1.6;-1108;113.8;8.17;12.4;
33.4455643547421;-118.485652968216;16:59:23.92;7/13/2016;6;1.979;317.72;12.0453350093692;1.75;306.4;319.85;1.95;8.9;26.2;.01;22.78;22.79;92;58;555.4;16.1;-3.6;D;635.1;17;19.237;2;1.98;188;307.81;-118.48581676;33.44567042;0;0;1;N;0.786918;69;69;11;66;66;304.6405;0;9999.99;22.77;22.89479;2;9;23.1;0;23.1000003814697;33.85;1528.40755;07/13/16;16:56:25;22.01;51.43;33.85;0.087;8.38;-80.4;1.2;-5.5;-5560;113.8;8.17;12.5;
33.4455728758544;-118.485660754943;16:59:24.92;7/13/2016;6;2.263;321.88;12.0453350093692;1.75;304.4;317.83;-0.45;16.6;26.3;.00;22.25;22.25;92;58;555.4;16.1;-3.6;D;635.1;17;18.087;2;2.04;188;306.85;-118.48581676;33.44567042;0;0;1;N;1.054444;59;59;11;74;74;302.7496;0;9999.99;22.26;22.38726;2;9;23.1;0;23.1000003814697;33.85;1528.40755;07/13/16;16:56:25;22.01;51.43;33.85;0.087;8.38;-80.4;1.2;-5.5;-5560;113.8;8.17;12.5;
33.4455785810502;-118.485667907983;16:59:25.92;7/13/2016;6;2.181;322.39;12.0453350093692;1.75;309.7;323.19;-0.1;18.1;26.3;.00;22.56;22.56;92;58;555.4;16.1;-3.6;D;635.1;17;17.176;2;2.07;188;306.48;-118.48581676;33.44567042;0;0;1;N;1.091446;52;52;11;42;42;302.4893;0;9999.99;22.55;22.67439;2;9;23.1;0;23.1000003814697;33.83;1528.38477;07/13/16;16:56:27;22.02;51.42;33.83;0.091;8.20;-69.9;1.6;0.9;-1384;113.7;8.17;12.4;
33.4455881412936;-118.485677094117;16:59:26.92;7/13/2016;6;2.086;319.24;12.0453350093692;1.75;296.3;309.64;-0.2;18.9;26.3;.00;22.97;22.98;92;58;555.4;16.1;-3.6;D;635.1;17;15.863;2;2.06;188;305.22;-118.48581676;33.44567042;0;0;1;N;1.384684;56;56;11;90;90;300.4384;0;9999.99;22.99;23.11335;2;9;23.1;0;23.1000003814697;33.83;1528.38477;07/13/16;16:56:27;22.02;51.42;33.83;0.091;8.20;-69.9;1.6;0.9;-1384;113.7;8.17;12.4;
33.4455933322981;-118.485686273182;16:59:27.92;7/13/2016;6;2.116;315.29;12.0453350093692;1.75;296.4;309.74;-6.55;9.6;26.3;.02;23.60;23.61;92;62;555.4;16.1;-3.8;D;597.9;17;14.834;2;2.06;188;305.3;-118.48581676;33.44567042;0;0;1;N;1.279895;43;43;11;93;93;301.1685;0;9999.99;23.59;23.71311;2;9;23.1;0;23.1000003814697;33.06;1527.54257;07/13/16;16:56:29;22.01;50.37;33.06;0.212;8.37;-80.2;103.2;0.9;-3289;113.7;8.21;12.4;
33.4456011641823;-118.485694733129;16:59:28.92;7/13/2016;6;1.956;314.43;12.0453350093692;1.75;305.6;319.04;2.38;21.8;26.3;.03;23.68;23.71;92;62;555.4;16.1;-3.8;D;597.9;17;13.693;2;2.07;188;304.22;-118.48581676;33.44567042;0;0;1;N;1.417266;71;71;11;52;52;300.2117;0;9999.99;23.63;23.757;2;9;23.1;0;23.1000003814697;33.06;1527.54257;07/13/16;16:56:29;22.01;50.37;33.06;0.212;8.37;-80.2;103.2;0.9;-3289;113.7;8.21;12.4;
33.4456055111373;-118.485703796009;16:59:29.95;7/13/2016;6;1.906;314.43;12.0453350093692;1.75;293.7;307.01;-0.44;17.4;26.2;.01;22.37;22.38;92;62;555.4;16.1;-3.8;D;597.9;17;12.726;2;2.1;188;304.55;-118.48581676;33.44567042;0;0;1;N;1.267706;54;54;11;104;104;301.2534;0;9999.99;22.40;22.52219;2;9;23.1;0;23.1000003814697;33.84;1528.39693;07/13/16;16:56:31;22.02;51.43;33.84;-0.200;8.20;-69.9;1.1;-6.2;-1676;113.8;8.17;12.3;
33.445610400096;-118.485714921855;16:59:30.97;7/13/2016;6;2.048;308.89;12.0453350093692;1.75;291.2;304.48;-1.23;13.8;26.2;.01;23.88;23.89;92;62;555.3;16.1;-3.8;D;594.2;17;11.568;2;2.12;188;305.23;-118.48581676;33.44567042;0;0;1;N;1.023303;50;50;11;121;121;302.9684;0;9999.99;23.85;23.9747;2;9;23.1;0;23.1000003814697;33.84;1528.39693;07/13/16;16:56:31;22.02;51.43;33.84;-0.200;8.20;-69.9;1.1;-6.2;-1676;113.8;8.17;12.3;
33.4456163513605;-118.485723242992;16:59:31.97;7/13/2016;6;1.976;308.89;12.0453350093692;1.75;294.6;307.92;2.11;13.4;26.2;.03;20.11;20.13;92;62;555.3;16.1;-3.8;D;594.2;17;10.556;2;2.06;188;304.72;-118.48581676;33.44567042;0;0;1;N;1.023417;66;66;11;115;115;302.9684;0;9999.99;20.10;20.22517;2;9;23.1;0;23.1000003814697;33.85;1528.40883;07/13/16;16:56:33;22.02;51.45;33.85;0.133;8.17;-68.4;2.0;-1.0;-2211;113.8;8.17;12.4;
33.4456123258421;-118.485720189046;16:59:32.97;7/13/2016;6;0.765;308.89;12.0453350093692;1.75;297.3;310.65;0.14;13.1;26.2;.01;23.60;23.61;92;62;555.3;16.1;-3.8;D;594.2;17;11.046;2;2.03;188;305.79;-118.48581676;33.44567042;0;0;1;N;0.8529878;58;58;11;101;101;304.1715;0;9999.99;23.62;23.75091;2;9;23.1;0;23.1000003814697;33.85;1528.40883;07/13/16;16:56:33;22.02;51.45;33.85;0.133;8.17;-68.4;2.0;-1.0;-2211;113.8;8.17;12.4;
33.445617921516;-118.48573174285;16:59:33.97;7/13/2016;6;1.424;308.89;12.0453350093692;1.75;292.2;305.49;-1.96;19.3;26.2;.00;24.19;24.20;92;62;555.3;16.1;-3.8;D;594.2;17;9.813;2;2.07;188;306.5;-118.48581676;33.44567042;0;0;1;N;0.645467;45;45;11;128;128;305.6455;0;9999.99;24.17;24.297;2;9;23.1;0;23.1000003814697;33.84;1528.3959;07/13/16;16:56:35;22.02;51.43;33.84;0.038;8.38;-80.4;1.4;62.9;14468;113.8;8.17;12.4;
33.4456212997776;-118.485738579058;16:59:34.98;7/13/2016;6;1.46;308.89;12.0453350093692;1.75;291.1;304.38;-0.46;8.9;26.2;.00;23.10;23.10;92;57;555.3;16.1;-3.5;D;654.9;17;9.081;2;2.02;188;306.98;-118.48581676;33.44567042;0;0;1;N;0.5208973;58;58;11;131;131;306.5329;0;9999.99;23.08;23.20585;2;9;23.1;0;23.1000003814697;33.84;1528.3959;07/13/16;16:56:35;22.02;51.43;33.84;0.038;8.38;-80.4;1.4;62.9;14468;113.8;8.17;12.4;
33.4456296361037;-118.485748560515;16:59:35.98;7/13/2016;6;1.799;306.08;12.0453350093692;1.75;296.7;310.04;-0.64;9.4;26.2;.00;23.10;23.10;92;57;555.3;16.1;-3.5;D;654.9;17;7.785;2;2.01;188;305.63;-118.48581676;33.44567042;0;0;1;N;0.6171377;56;56;11;105;105;305.8466;0;9999.99;23.08;23.20585;2;9;23.1;0;23.1000003814697;33.84;1528.39574;07/13/16;16:56:37;22.02;51.43;33.84;-0.166;8.37;-80.2;0.9;-3.3;395;113.8;8.17;12.4;
33.4456401270016;-118.485755307677;16:59:36.98;7/13/2016;6;1.942;317.37;12.0453350093692;1.75;297.5;310.85;0.71;10.8;26.1;.00;23.26;23.26;92;57;555.3;16.1;-3.5;D;654.9;17;6.622;2;1.97;188;300.57;-118.48581676;33.44567042;0;0;1;N;1.102631;60;60;11;93;93;302.4108;0;9999.99;23.25;23.377;2;9;23.1;0;23.1000003814697;33.84;1528.39574;07/13/16;16:56:37;22.02;51.43;33.84;-0.166;8.37;-80.2;0.9;-3.3;395;113.8;8.17;12.4;
33.4456493751849;-118.485764645701;16:59:38.02;7/13/2016;6;1.998;319.41;12.0453350093692;1.75;296.7;310.04;-1.43;11;26.1;.00;23.26;23.26;92;62;555.2;16.1;-3.8;D;600.6;17;5.372;2;1.99;188;295.83;-118.48581676;33.44567042;0;0;1;N;1.327726;54;54;11;85;85;300.8354;0;9999.99;23.25;23.377;2;9;23.1;0;23.1000003814697;33.84;1528.39579;07/13/16;16:56:39;22.02;51.42;33.84;-0.198;8.38;-80.4;1.0;-2.7;-2239;113.9;8.18;12.4;
33.4456579038122;-118.485772334211;16:59:39.03;7/13/2016;6;2.097;316.77;12.0453350093692;2.03;299;312.37;-1.26;14.7;26.1;.02;23.26;23.28;92;62;555.2;16.1;-3.8;D;600.6;17;4.351;2;2.04;188;288.66;-118.48581676;33.44567042;0;0;1;N;1.59111;49;49;11;74;74;299.0082;0;9999.99;23.25;23.377;2;9;23.1;0;23.1000003814697;33.84;1528.39579;07/13/16;16:56:39;22.02;51.42;33.84;-0.198;8.38;-80.4;1.0;-2.7;-2239;113.9;8.18;12.4;
33.4456637217397;-118.485778859085;16:59:40.05;7/13/2016;6;1.754;316.77;12.0453350093692;2.03;301.3;314.69;1.35;19.4;26.2;.04;23.69;23.72;92;62;555.2;16.1;-3.8;D;600.6;17;3.595;2;1.98;188;281.96;-118.48581676;33.44567042;0;0;1;N;1.68385;65;65;11;62;62;298.3704;0;9999.99;23.68;23.80482;2;9;23.1;0;23.1000003814697;33.85;1528.40978;07/13/16;16:56:41;22.02;51.44;33.85;0.140;8.37;-80.2;0.8;-0.8;-2362;113.9;8.18;12.5;
33.4456717531098;-118.48578856888;16:59:41.05;7/13/2016;6;2.057;316.68;12.0453350093692;1.82;299.5;312.87;-0.01;30.8;26.2;.01;23.36;23.37;92;62;555.2;16.1;-3.8;D;600.6;17;2.621;2;2.04;188;266.76;-118.48581676;33.44567042;0;0;1;N;1.794383;64;64;11;73;73;297.6155;0;9999.99;23.38;23.50213;2;9;23.1;0;23.1000003814697;33.85;1528.40978;07/13/16;16:56:41;22.02;51.44;33.85;0.140;8.37;-80.2;0.8;-0.8;-2362;113.9;8.18;12.5;
33.4456750105178;-118.485796315211;16:59:42.05;7/13/2016;6;1.778;312.48;12.0453350093692;1.75;294.4;307.72;-2.79;17.3;26.2;.02;20.20;20.22;92;64;555.2;16.1;-3.9;D;579.5;18;102.861;2;2.06;188;124.91;-118.48488724;33.44514555;0;0;1;N;1.468548;43;43;11;5;5;134.4865;0;9999.99;20.18;20.30745;2;9;23.1;0;23.1000003814697;33.85;1528.407;07/13/16;16:56:42;22.02;51.44;33.85;-0.090;8.17;-68.6;0.6;-3.6;516;113.8;8.17;12.4;
33.4456815402659;-118.485804492527;16:59:43.05;7/13/2016;6;1.811;312.48;12.0453350093692;1.75;286.6;299.83;3.07;4.49;26.2;.08;23.45;23.52;92;64;555.2;16.1;-3.9;D;579.5;18;103.899;2;1.98;188;125;-118.48488724;33.44514555;0;0;1;N;1.661508;75;75;11;5;5;135.8331;0;9999.99;23.42;23.54813;2;9;23.1;0;23.1000003814697;33.84;1528.4015;07/13/16;16:56:44;22.02;51.43;33.84;0.335;8.27;-74.0;1.4;-6.0;-2471;113.8;8.18;12.3;
33.4456877095737;-118.485812777501;16:59:44.05;7/13/2016;6;1.896;312.48;12.0453350093692;1.75;274;287.06;3.9;15.4;26.2;.05;24.54;24.59;92;64;555.2;16.1;-3.9;D;579.5;18;104.923;2;1.94;188;125.07;-118.48488724;33.44514555;0;0;1;N;1.827971;80;80;11;5;5;135.3295;0;9999.99;24.57;24.697;2;9;23.1;0;23.1000003814697;33.84;1528.40109;07/13/16;16:56:45;22.02;51.43;33.84;0.070;8.37;-80.2;1.0;-2.6;-1673;113.9;8.18;12.4;
33.4456928175886;-118.485824390069;16:59:45.05;7/13/2016;6;2.028;312.48;12.0453350093692;1.75;261.4;274.2;-0.35;16;26.2;.00;23.45;23.45;92;64;555.1;16.1;-4;D;575.4;18;106.131;2;1.85;188;124.99;-118.48488724;33.44514555;0;0;1;N;1.718605;56;56;11;5;5;132.6543;0;9999.99;23.48;23.61152;2;9;23.1;0;23.1000003814697;33.84;1528.39645;07/13/16;16:56:46;22.01;51.43;33.84;-0.125;8.19;-69.2;1.2;-1.1;-2842;113.9;8.18;12.4;
33.4456926806513;-118.485834244827;16:59:46.05;7/13/2016;6;1.89;312.48;12.0453350093692;1.75;255.2;267.83;1.17;8.8;26.2;.00;24.55;24.56;92;64;555.1;16.1;-4;D;575.4;18;106.873;2;1.79;188;124.7;-118.48488724;33.44514555;0;0;1;N;1.19667;64;64;11;5;5;129.4372;0;9999.99;24.55;24.67677;2;9;23.1;0;23.1000003814697;33.84;1528.39645;07/13/16;16:56:46;22.01;51.43;33.84;-0.125;8.19;-69.2;1.2;-1.1;-2842;113.9;8.18;12.4;
33.4456935109338;-118.485845668163;16:59:47.05;7/13/2016;6;1.837;298.71;12.0453350093692;1.75;246.2;258.53;1.29;17.6;26.2;.00;24.79;24.79;92;64;555.1;16.1;-4;D;575.4;18;107.798;2;1.82;188;124.42;-118.48488724;33.44514555;0;0;1;N;0.7010452;65;65;11;5;5;126.8737;0;9999.99;24.80;24.927;2;9;23.1;0;23.1000003814697;33.84;1528.39573;07/13/16;16:56:48;22.01;51.43;33.84;-0.113;8.19;-69.6;0.5;-3.8;-2411;113.9;8.18;12.3;
33.4456940096479;-118.485852925008;16:59:48.05;7/13/2016;6;1.732;286.78;12.0453350093692;1.75;237.7;249.69;1.06;10;26.2;.00;24.06;24.06;92;64;555.1;16.1;-4;D;575.4;18;108.385;2;1.81;188;124.24;-118.48488724;33.44514555;0;0;1;N;0.3832709;63;63;11;5;5;125.5082;0;9999.99;24.07;24.19356;2;9;23.1;0;23.1000003814697;33.84;1528.39573;07/13/16;16:56:48;22.01;51.43;33.84;-0.113;8.19;-69.6;0.5;-3.8;-2411;113.9;8.18;12.3;
33.4456902086885;-118.4858593631;16:59:49.05;7/13/2016;6;1.905;268.4;12.0453350093692;1.75;228.6;240.17;0.26;16.5;26.2;.00;25.03;25.03;92;64;555.1;16.1;-3.9;D;577.8;18;108.643;2;1.8;188;123.88;-118.48488724;33.44514555;0;0;1;N;0.3035334;57;57;11;5;5;122.9958;0;9999.99;25.04;25.167;2;9;23.1;0;23.1000003814697;33.84;1528.39571;07/13/16;16:56:50;22.01;51.43;33.84;-0.179;8.24;-72.2;0.3;-3.9;-2280;113.8;8.18;12.5;
33.4456829076898;-118.485865643619;16:59:50.05;7/13/2016;6;1.844;258.63;12.0453350093692;1.75;222.2;233.44;0.66;13.7;26.2;.00;24.43;24.43;92;64;555.1;16.1;-3.9;D;577.8;18;108.679;2;1.82;189;123.35;-118.48488724;33.44514555;0;0;1;N;1.297604;59;59;11;5;5;119.4504;0;9999.99;24.43;24.55783;2;9;23.1;0;23.1000003814697;33.84;1528.39571;07/13/16;16:56:50;22.01;51.43;33.84;-0.179;8.24;-72.2;0.3;-3.9;-2280;113.8;8.18;12.5;
33.4456799700493;-118.485871824269;16:59:51.05;7/13/2016;7;1.83;253.16;12.0453350093692;1.56;217.8;228.81;-1.4;12.2;26.2;.00;24.54;24.54;92;64;555.1;16.1;-3.9;D;577.8;18;108.980;2;1.78;189;123.04;-118.48488724;33.44514555;0;0;1;N;1.874956;53;53;11;5;5;117.6056;0;9999.99;24.55;24.67642;2;9;23.1;0;23.1000003814697;33.84;1528.39571;07/13/16;16:56:52;22.00;51.42;33.84;-0.169;8.19;-69.2;0.4;-1.1;135480;113.9;8.18;12.3;
33.4456736774209;-118.485880823757;16:59:52.05;7/13/2016;7;1.922;246.88;12.0453350093692;1.56;210.6;221.22;-1.59;6.7;26.2;.00;25.18;25.18;92;60;555.0;16.1;-3.7;D;620.8;18;109.303;2;1.8;189;122.5;-118.48488724;33.44514555;0;0;1;N;2.916576;47;47;11;5;5;114.3817;0;18.10;25.17;43.397;2;9;23.1;0;23.1000003814697;33.84;1528.39571;07/13/16;16:56:52;22.00;51.42;33.84;-0.169;8.19;-69.2;0.4;-1.1;135480;113.9;8.18;12.3;
33.4456684788679;-118.485888282895;16:59:53.06;7/13/2016;7;1.681;238.16;12.0453350093692;1.56;211.7;222.38;0.56;6.54;26.2;.00;25.07;25.07;92;60;555.0;16.1;-3.7;D;620.8;18;109.580;2;1.73;189;122.05;-118.48488724;33.44514555;0;0;1;N;3.801726;60;60;11;5;5;111.8087;0;9999.99;25.06;25.187;2;9;23.1;0;23.1000003814697;31.65;1525.99798;07/13/16;16:56:53;21.99;48.45;31.65;0.051;8.38;-80.3;1.4;-1.1;-6;113.9;8.29;12.4;
33.4456614993614;-118.485893672758;16:59:54.08;7/13/2016;7;1.748;226.68;12.0453350093692;1.56;206.1;216.48;-1.18;1;26.2;.01;24.77;24.78;92;60;555.0;16.1;-3.7;D;620.8;18;109.596;2;1.73;190;121.57;-118.48488724;33.44514555;0;0;1;N;4.709853;50;50;11;5;5;108.9798;0;9999.99;24.77;24.89866;2;9;23.1;0;23.1000003814697;33.84;1528.39596;07/13/16;16:56:55;21.99;51.43;33.84;0.062;8.38;-80.4;0.6;0.1;-2124;113.9;8.18;12.4;
33.445656246146;-118.485898665895;16:59:55.09;7/13/2016;7;1.654;225.35;12.0453350093692;1.56;194.8;204.61;0.98;7.18;26.2;.03;24.85;24.88;92;60;555.0;16.1;-3.7;D;620.8;18;109.687;2;1.69;190;121.18;-118.48488724;33.44514555;0;0;1;N;5.456443;60;60;11;5;5;106.8472;0;9999.99;24.85;24.977;2;9;23.1;0;23.1000003814697;33.84;1528.39785;07/13/16;16:56:56;21.99;51.42;33.84;0.218;8.38;-80.6;0.0;-3.5;56;113.9;8.18;12.3;
33.4456495455123;-118.485903019047;16:59:56.09;7/13/2016;7;1.713;221.53;12.0453350093692;1.56;187.4;196.88;3.92;4.94;26.2;.01;24.85;24.86;92;69;555.0;16.1;-4.2;D;537.4;18;109.650;2;1.73;190;120.74;-118.48488724;33.44514555;0;0;1;N;6.315036;81;81;11;5;5;104.2147;0;9999.99;24.85;24.977;2;9;23.1;0;23.1000003814697;33.84;1528.39747;07/13/16;16:56:57;21.99;51.42;33.84;-0.043;8.23;-72.1;0.6;-4.3;-342;113.9;8.18;12.4;
33.4456427679923;-118.485905800991;16:59:57.09;7/13/2016;7;1.494;213.51;12.0453350093692;1.56;177.6;186.73;-1.49;8.9;26.1;.00;25.32;25.32;92;69;555.0;16.1;-4.2;D;537.4;18;109.490;2;1.73;190;120.33;-118.48488724;33.44514555;0;0;1;N;7.093426;48;48;11;5;5;101.6145;0;9999.99;25.31;25.437;2;9;23.1;0;23.1000003814697;33.84;1528.39747;07/13/16;16:56:57;21.99;51.42;33.84;-0.043;8.23;-72.1;0.6;-4.3;-342;113.9;8.18;12.4;
33.4456361517052;-118.48590611342;16:59:58.13;7/13/2016;7;1.576;196.51;12.0453350093692;1.55;169.2;178.14;-0.16;4.79;26.2;.00;25.32;25.33;92;69;555.0;16.1;-4.2;D;537.4;18;109.145;2;1.73;191;119.99;-118.48488724;33.44514555;0;0;1;N;7.716683;54;54;11;5;5;99.05248;0;9999.99;25.31;25.437;2;9;23.1;0;23.1000003814697;33.84;1528.39597;07/13/16;16:56:59;21.98;51.42;33.84;0.028;8.20;-69.8;0.3;-0.7;-917;113.9;8.18;12.4;
33.4456285929999;-118.485905476824;16:59:59.14;7/13/2016;7;1.614;190.26;12.0453350093692;1.55;161.6;170.47;0.31;7.3;26.2;.00;24.80;24.81;92;68;554.9;16.1;-4.2;D;544.7;18;108.676;2;1.75;191;119.62;-118.48488724;33.44514555;0;0;1;N;8.390362;60;60;11;5;5;95.89353;0;9999.99;24.81;24.93559;2;9;23.1;0;23.1000003814697;33.83;1528.38518;07/13/16;16:57:00;21.98;51.42;33.83;0.004;8.38;-80.4;1.1;-2.6;-1051;113.9;8.19;12.3;
33.4456197809237;-118.485905088624;17:00:00.16;7/13/2016;7;1.703;183.19;12.0453350093692;1.55;152.2;161.12;1;8.8;26.2;.00;24.80;24.81;92;70;554.9;16.1;-4.3;D;527.2;18;108.164;2;1.83;191;119.18;-118.48488724;33.44514555;0;0;1;N;9.197239;63;63;11;5;5;91.9678;0;9999.99;24.81;24.93559;2;9;23.1;0;23.1000003814697;33.83;1528.38518;07/13/16;16:57:00;21.98;51.42;33.83;0.004;8.38;-80.4;1.1;-2.6;-1051;113.9;8.19;12.3;
33.4456107324382;-118.485904067735;17:00:01.16;7/13/2016;7;2.007;178.31;12.0453350093692;1.55;146.7;155.73;0.69;11.9;26.2;.00;24.68;24.68;92;70;554.9;16.1;-4.3;D;527.2;18;107.594;2;1.91;191;118.73;-118.48488724;33.44514555;0;0;1;N;9.975001;60;60;11;5;5;87.76569;0;9999.99;24.69;24.81454;2;9;23.1;0;23.1000003814697;33.84;1528.39581;07/13/16;16:57:01;21.97;51.42;33.84;-0.171;8.18;-68.8;1.0;-5.0;-394;114.0;8.19;12.4;
33.4456043147295;-118.485898848261;17:00:02.17;7/13/2016;7;2.002;166.75;12.0453350093692;1.55;148;157;-0.65;6.12;26.2;.00;25.13;25.13;92;70;554.9;16.1;-4.3;D;527.2;18;106.827;2;1.97;191;118.52;-118.48488724;33.44514555;0;0;1;N;10.3013;53;53;11;5;5;83.83677;0;9999.99;25.12;25.247;2;9;23.1;0;23.1000003814697;33.85;1528.40679;07/13/16;16:57:03;21.97;51.43;33.85;-0.034;8.38;-80.6;0.6;-0.3;-1346;114.0;8.19;12.4;
33.4455972607763;-118.485893280021;17:00:03.17;7/13/2016;7;2.118;164.59;12.0453350093692;1.55;131.8;141.38;1.51;14.8;26.3;.00;25.13;25.13;92;69;554.9;16.1;-4.3;D;535.6;18;105.999;2;1.97;191;118.28;-118.48488724;33.44514555;0;0;1;N;10.69201;66;66;11;5;5;78.85743;0;9999.99;25.12;25.247;2;9;23.1;0;23.1000003814697;33.85;1528.40679;07/13/16;16:57:03;21.97;51.43;33.85;-0.034;8.38;-80.6;0.6;-0.3;-1346;114.0;8.19;12.4;
33.4455897588433;-118.485886177845;17:00:04.17;7/13/2016;7;2.123;150.59;12.0453350093692;1.55;124.4;134.38;-1.56;9.7;26.3;.01;25.04;25.05;92;69;554.9;16.1;-4.3;D;535.6;18;105.025;2;2.02;191;118.05;-118.48488724;33.44514555;0;0;1;N;11.01862;48;48;11;5;5;72.59698;0;9999.99;25.03;25.157;2;9;23.1;0;23.1000003814697;33.85;1528.40692;07/13/16;16:57:05;21.96;51.44;33.85;-0.069;8.38;-80.5;1.3;-4.4;-1763;114.1;8.20;12.4;
33.4455835671734;-118.485877644007;17:00:05.17;7/13/2016;7;2.224;140.62;12.0453350093692;1.55;121.3;131.47;2.27;12.4;26.2;.01;25.04;25.05;92;69;554.9;16.1;-4.3;D;535.6;18;104.002;2;2.02;191;117.92;-118.48488724;33.44514555;0;0;1;N;11.14873;71;71;11;5;5;69.73749;0;9999.99;25.03;25.157;2;9;23.1;0;23.1000003814697;33.85;1528.40692;07/13/16;16:57:05;21.96;51.44;33.85;-0.069;8.38;-80.5;1.3;-4.4;-1763;114.1;8.20;12.4;
33.4455761128873;-118.485868897123;17:00:06.17;7/13/2016;7;2.241;141.27;12.0453350093692;1.55;115.1;125.67;-0.67;7.92;26.2;.00;24.34;24.34;92;69;554.9;16.1;-4.3;D;535.6;18;102.898;2;2.05;191;117.73;-118.48488724;33.44514555;0;0;1;N;11.4013;53;53;11;5;5;69.14841;0;9999.99;24.36;24.48561;2;9;23.1;0;23.1000003814697;33.84;1528.39592;07/13/16;16:57:07;21.95;51.42;33.84;-0.039;8.38;-80.4;1.2;-6.0;-1593;114.1;8.20;12.4;
33.4455693789785;-118.485860841413;17:00:07.17;7/13/2016;8;2.129;138.06;12.0453350093692;1.55;113.5;124.18;2.11;4.38;26.1;.01;24.69;24.70;92;71;554.8;16.1;-4.4;D;519.6;18;101.888;2;2.04;191;117.55;-118.48488724;33.44514555;0;0;1;N;11.60648;70;70;11;5;5;68.66173;0;9999.99;24.72;24.847;2;9;23.1;0;23.1000003814697;33.84;1528.39592;07/13/16;16:57:07;21.95;51.42;33.84;-0.039;8.38;-80.4;1.2;-6.0;-1593;114.1;8.20;12.4;
33.445565009531;-118.485853060488;17:00:08.17;7/13/2016;7;1.776;136.72;12.0453350093692;1.55;95.7;107.7;-4.39;10.8;26.2;.01;24.69;24.70;92;71;554.8;16.1;-4.4;D;519.6;18;101.023;2;2.04;191;117.5;-118.48488724;33.44514555;0;0;1;N;11.64241;43;43;11;5;5;68.58031;0;9999.99;24.72;24.847;2;9;23.1;0;23.1000003814697;33.84;1528.39663;07/13/16;16:57:08;21.95;51.42;33.84;-0.191;8.38;-80.3;1.6;-1.0;1158;114.1;8.20;12.2;
33.4455641965658;-118.485840442218;17:00:09.17;7/13/2016;7;2.163;114.74;12.0453350093692;1.55;98.8;110.57;0.49;7.26;26.2;.03;24.66;24.69;92;71;554.8;16.1;-4.4;D;519.6;18;99.944;2;2.14;191;117.76;-118.48488724;33.44514555;0;0;1;N;11.05268;57;57;11;5;5;69.98639;0;9999.99;24.66;24.787;2;9;23.1;0;23.1000003814697;33.85;1528.4085;07/13/16;16:57:10;21.95;51.44;33.85;0.181;8.38;-80.6;0.8;-7.7;-1136;114.1;8.21;12.4;
33.4455605445187;-118.485827678606;17:00:10.17;7/13/2016;7;2.276;114.24;12.0453350093692;1.55;85.4;98.16;1.41;11.5;26.2;.03;24.66;24.69;92;65;554.8;16.1;-4;D;566.3;18;98.707;2;2.14;191;117.87;-118.48488724;33.44514555;0;0;1;N;10.7434;65;65;11;14;14;70.7606;0;9999.99;24.66;24.787;2;9;23.1;0;23.1000003814697;33.85;1528.4085;07/13/16;16:57:10;21.95;51.44;33.85;0.181;8.38;-80.6;0.8;-7.7;-1136;114.1;8.21;12.4;
33.4455604641199;-118.485819239219;17:00:11.17;7/13/2016;7;1.9;108.87;12.0453350093692;1.55;74.7;88.17;0.27;12.7;26.2;.01;23.96;23.97;92;65;554.8;16.1;-4;D;566.3;18;98.012;2;2.03;191;118.08;-118.48488724;33.44514555;0;0;1;N;10.32578;59;59;11;62;62;71.85438;0;9999.99;23.97;24.0985;2;9;23.1;0;23.1000003814697;33.85;1528.40853;07/13/16;16:57:12;21.96;51.43;33.85;-0.170;8.38;-80.2;0.7;-5.1;-3992;114.2;8.21;12.3;
33.4455599291899;-118.485806322711;17:00:12.17;7/13/2016;7;1.996;102.72;12.0453350093692;1.55;68.2;82.05;-4.9;14.6;26.2;.01;23.72;23.73;92;65;554.8;16.1;-4;D;566.3;18;96.928;2;2;191;118.38;-118.48488724;33.44514555;0;0;1;N;9.723108;43;43;11;93;93;73.53444;0;9999.99;23.72;23.85174;2;9;23.1;0;23.1000003814697;33.85;1528.40853;07/13/16;16:57:12;21.96;51.43;33.85;-0.170;8.38;-80.2;0.7;-5.1;-3992;114.2;8.21;12.3;
33.4455610779886;-118.485794629733;17:00:13.17;7/13/2016;7;2.062;93.11;12.0453350093692;1.55;67;80.91;-0.59;14;26.3;.05;23.72;23.77;92;65;554.8;16.1;-4;D;566.3;18;96.036;2;2;191;118.76;-118.48488724;33.44514555;0;0;1;N;9.011064;51;51;11;106;106;75.6857;0;9999.99;23.72;23.85174;2;9;23.1;0;23.1000003814697;33.7;1528.24528;07/13/16;16:57:14;21.97;51.24;33.70;0.423;8.31;-76.6;1.6;0.2;-2968;114.2;8.21;12.3;
33.4455615090993;-118.485782325803;17:00:14.17;7/13/2016;7;2.23;91.29;12.0453350093692;1.55;67.8;81.67;2;12.9;26.3;.06;23.47;23.52;92;66;554.7;16.1;-4.1;D;558.5;18;95.060;2;2.24;191;119.11;-118.48488724;33.44514555;0;0;1;N;8.326876;71;71;11;110;110;77.93942;0;9999.99;23.46;23.587;2;9;23.1;0;23.1000003814697;33.84;1528.40063;07/13/16;16:57:15;21.97;51.43;33.84;0.262;8.38;-80.5;0.9;-1.7;-946;114.2;8.20;12.4;
33.445562648115;-118.485770202939;17:00:15.20;7/13/2016;7;2.076;91.29;12.0453350093692;1.55;66.4;80.34;1.48;16.6;26.3;.02;23.10;23.12;92;68;554.7;16.1;-4.2;D;543.1;18;94.141;2;2.24;191;119.52;-118.48488724;33.44514555;0;0;1;N;7.607609;63;63;11;130;130;80.52717;0;9999.99;23.11;23.237;2;9;23.1;0;23.1000003814697;33.84;1528.40063;07/13/16;16:57:15;21.97;51.43;33.84;0.262;8.38;-80.5;0.9;-1.7;-946;114.2;8.20;12.4;
33.4455646895192;-118.485759472855;17:00:16.22;7/13/2016;7;2.03;91.29;12.0453350093692;1.55;71.5;85.16;-0.16;13;26.2;.00;24.23;24.23;92;68;554.7;16.1;-4.2;D;543.1;18;93.389;2;2.32;190;119.94;-118.48488724;33.44514555;0;0;1;N;6.855336;56;56;11;120;120;83.49371;0;9999.99;24.22;24.34806;2;9;23.1;0;23.1000003814697;33.83;1528.38547;07/13/16;16:57:16;21.98;51.42;33.83;0.194;8.20;-70.0;1.0;-4.2;-885;114.2;8.20;12.3;
33.4455650972602;-118.485743650489;17:00:17.22;7/13/2016;7;2.39;86.67;12.0453350093692;1.55;71.8;85.44;-1.65;17.1;26.2;.01;23.48;23.49;92;68;554.7;16.1;-4.2;D;543.1;18;92.143;2;2.32;190;120.42;-118.48488724;33.44514555;0;0;1;N;5.982041;47;47;11;134;134;87.29938;0;9999.99;23.46;23.59154;2;9;23.1;0;23.1000003814697;33.84;1528.39591;07/13/16;16:57:18;21.98;51.43;33.84;0.018;8.17;-68.2;0.8;-5.5;-204;114.2;8.21;12.4;
33.4455667357501;-118.48573297628;17:00:18.22;7/13/2016;7;2.173;85.7;12.0453350093692;1.55;71.6;85.25;-4.71;10.2;26.3;.03;23.96;23.98;92;68;554.7;16.1;-4.2;D;543.1;18;91.384;2;2.24;190;120.83;-118.48488724;33.44514555;0;0;1;N;5.270837;43;43;11;149;149;90.70818;0;9999.99;23.91;24.037;2;9;23.1;0;23.1000003814697;33.84;1528.39591;07/13/16;16:57:18;21.98;51.43;33.84;0.018;8.17;-68.2;0.8;-5.5;-204;114.2;8.21;12.4;
33.445563329324;-118.485721244809;17:00:19.23;7/13/2016;7;2.108;89.21;12.0453350093692;1.55;85.8;98.53;4.54;23.3;26.2;.04;21.98;22.02;92;67;554.6;16.1;-4.1;D;549.5;18;90.255;2;2.26;189;120.98;-118.48488724;33.44514555;0;0;1;N;4.958598;84;84;11;102;102;92.29501;0;.36;22.01;22.49965;2;9;23.1;0;23.1000003814697;33.83;1528.38825;07/13/16;16:57:20;21.97;51.42;33.83;0.456;8.17;-68.4;0.7;-7.7;-3500;114.2;8.21;12.3;
33.44556335775;-118.485709092603;17:00:20.23;7/13/2016;7;2.076;89.21;12.0453350093692;1.55;79.7;92.85;2.09;13.5;26.3;.02;23.23;23.24;92;67;554.6;16.1;-4.1;D;549.5;18;89.292;2;2.22;189;121.35;-118.48488724;33.44514555;0;0;1;N;4.337941;70;70;11;138;138;95.61825;0;9999.99;23.24;23.37062;2;9;23.1;0;23.1000003814697;33.83;1528.38825;07/13/16;16:57:20;21.97;51.42;33.83;0.456;8.17;-68.4;0.7;-7.7;-3500;114.2;8.21;12.3;
33.4455638890194;-118.485700894929;17:00:21.25;7/13/2016;7;1.811;89.21;12.0453350093692;1.55;88.7;101.22;-1.35;7.99;26.2;.00;23.23;23.23;92;67;554.6;16.1;-4.1;D;549.5;18;88.674;2;2.21;189;121.64;-118.48488724;33.44514555;0;0;1;N;3.832427;49;49;11;116;116;98.4894;0;9999.99;23.21;23.337;2;9;23.1;0;23.1000003814697;33.85;1528.40694;07/13/16;16:57:22;21.96;51.44;33.85;-0.140;8.38;-80.4;1.6;-3.5;-2784;114.1;8.20;12.2;
33.4455617516497;-118.485686198343;17:00:22.28;7/13/2016;7;2.184;87.73;12.0453350093692;1.55;91;103.35;2.87;18.9;26.2;.00;22.52;22.53;92;67;554.6;16.1;-4.1;D;549.5;18;87.390;2;2.17;189;121.98;-118.48488724;33.44514555;0;0;1;N;3.271346;74;74;11;121;121;101.8457;0;9999.99;22.56;22.6871;2;9;23.1;0;23.1000003814697;33.85;1528.40694;07/13/16;16:57:22;21.96;51.44;33.85;-0.140;8.38;-80.4;1.6;-3.5;-2784;114.1;8.20;12.2;
33.4455597806883;-118.485675641487;17:00:23.30;7/13/2016;7;2.053;94.33;12.0453350093692;1.55;87.5;100.1;-4.69;9.1;26.2;.00;23.80;23.80;92;56;554.6;16.1;-3.5;D;658.1;18;86.444;2;2.15;189;122.2;-118.48488724;33.44514555;0;0;1;N;2.906934;43;43;11;143;143;104.1167;0;9999.99;23.76;23.887;2;9;23;0;23.1000003814697;33.85;1528.40676;07/13/16;16:57:24;21.97;51.44;33.85;-0.099;8.37;-80.1;1.3;2.0;-3684;114.1;8.20;12.3;
33.4455570332538;-118.485664692487;17:00:24.30;7/13/2016;7;2.117;96.4;12.0453350093692;1.55;103.2;114.63;4.76;15.9;26.2;.00;22.27;22.27;92;56;554.6;16.1;-3.5;D;658.1;18;85.422;2;2.14;189;122.39;-118.48488724;33.44514555;0;0;1;N;2.556611;86;86;11;94;94;106.3635;0;9999.99;22.31;22.43912;2;9;23.1;0;23;33.82;1528.11942;07/13/16;16:57:25;21.96;51.40;33.82;0.121;8.38;-80.3;1.5;-3.8;-954;114.0;8.20;12.4;
33.4455554954612;-118.48565280755;17:00:25.30;7/13/2016;7;2.12;97.74;12.0453350093692;1.55;93.9;106.03;-4.64;5.79;26.2;.00;23.32;23.33;92;56;554.6;16.1;-3.5;D;658.1;18;84.400;2;2.05;189;122.69;-118.48488724;33.44514555;0;0;1;N;2.098757;43;43;11;140;140;109.3862;0;9999.99;23.29;23.417;2;9;23.1;0;23;33.82;1528.11942;07/13/16;16:57:25;21.96;51.40;33.82;0.121;8.38;-80.3;1.5;-3.8;-954;114.0;8.20;12.4;
33.4455567826608;-118.485643029978;17:00:26.30;7/13/2016;7;1.945;93.35;12.0453350093692;1.55;113;123.72;3.42;6.32;26.3;.00;22.95;22.95;92;59;554.5;16.1;-3.6;D;628.5;18;83.716;2;2.05;189;123.11;-118.48488724;33.44514555;0;0;1;N;1.441275;66;66;11;93;93;113.8731;0;9999.99;22.96;23.087;2;9;23;0;23.1000003814697;33.17;1527.66227;07/13/16;16:57:27;21.96;50.51;33.17;0.200;8.38;-80.3;1.7;-3.9;-2806;114.1;8.24;12.4;
33.4455528150354;-118.485634194272;17:00:27.30;7/13/2016;7;1.867;98.37;12.0453350093692;1.55;104;115.37;-1.3;10.8;26.2;.00;22.54;22.54;92;59;554.5;16.1;-3.6;D;628.5;18;82.789;2;2.09;189;123.16;-118.48488724;33.44514555;0;0;1;N;1.36188;59;59;11;121;121;114.425;0;9999.99;22.54;22.66678;2;9;23.1;0;23.1000003814697;33.17;1527.66227;07/13/16;16:57:27;21.96;50.51;33.17;0.200;8.38;-80.3;1.7;-3.9;-2806;114.1;8.24;12.4;
33.4455475365489;-118.485623840604;17:00:28.30;7/13/2016;7;2.019;109.73;12.0453350093692;1.55;116.5;126.98;-2.89;0.79;26.3;.01;22.93;22.95;92;59;554.5;16.1;-3.6;D;628.5;18;81.663;2;2.13;189;123.19;-118.48488724;33.44514555;0;0;1;N;1.286404;43;43;11;90;90;114.9511;0;9999.99;22.89;23.017;2;9;23.1;0;23.1000003814697;33.85;1528.40706;07/13/16;16:57:28;21.96;51.43;33.85;-0.215;8.38;-80.3;1.6;-3.2;-1694;114.1;8.20;12.2;
33.4455449210395;-118.485611498282;17:00:29.30;7/13/2016;7;2.161;108.07;12.0453350093692;1.55;110.5;121.4;0.9;12;26.3;.04;21.96;22.00;92;59;554.5;16.1;-3.6;D;628.5;18;80.547;2;2.12;188;123.46;-118.48488724;33.44514555;0;0;1;N;0.8957184;62;62;11;112;112;117.6975;0;9999.99;21.97;22.09917;2;9;23;0;23.1000003814697;33.84;1528.39783;07/13/16;16:57:30;21.98;51.43;33.84;0.171;8.17;-68.5;1.2;-2.2;-1800;114.1;8.20;12.5;
33.4455411345629;-118.485600677706;17:00:30.30;7/13/2016;7;1.894;109.58;12.0453350093692;1.55;113;123.72;5.27;14.9;26.3;.02;21.81;21.83;92;56;554.4;16.1;-3.4;D;662.9;18;79.477;2;2.05;188;123.6;-118.48488724;33.44514555;0;0;1;N;0.6767839;89;89;11;109;109;119.2503;0;9999.99;21.85;21.97703;2;9;23.1;0;23.1000003814697;33.84;1528.39783;07/13/16;16:57:30;21.98;51.43;33.84;0.171;8.17;-68.5;1.2;-2.2;-1800;114.1;8.20;12.5;
33.4455343819317;-118.485589110964;17:00:31.30;7/13/2016;7;2.151;108.19;12.0453350093692;1.55;110.6;121.49;-3.43;10.1;26.3;.00;22.30;22.30;92;56;554.4;16.1;-3.4;D;662.9;18;78.168;2;2.06;188;123.58;-118.48488724;33.44514555;0;0;1;N;0.7081323;43;43;11;117;117;119.0274;0;9999.99;22.27;22.39588;2;9;23;0;23.1000003814697;33.84;1528.39679;07/13/16;16:57:31;21.98;51.42;33.84;0.190;8.37;-80.1;2.3;-0.2;-1806;114.2;8.21;12.4;
33.4455326291591;-118.485577722096;17:00:32.30;7/13/2016;7;2.17;113.2;12.0453350093692;1.55;117.9;128.29;-3.37;7.16;26.2;.01;22.43;22.45;92;56;554.4;16.1;-3.4;D;662.9;18;77.181;2;2.11;188;123.89;-118.48488724;33.44514555;0;0;1;N;0.2579208;43;43;11;113;113;122.2393;0;9999.99;22.39;22.517;2;9;23.1;0;23;33.65;1527.9333;07/13/16;16:57:33;21.98;51.17;33.65;0.256;8.38;-80.2;2.6;-1.8;-4724;114.1;8.21;12.4;
33.4455272091517;-118.485569009306;17:00:33.31;7/13/2016;7;2.179;115.98;12.0453350093692;1.55;121.3;131.47;1.46;13.4;26.2;.05;21.65;21.70;92;54;554.4;16.1;-3.3;D;685.9;18;76.174;2;2.12;188;123.86;-118.48488724;33.44514555;0;0;1;N;0.2967292;66;66;11;89;89;121.9616;0;9999.99;21.67;21.79322;2;9;23.1;0;23;33.65;1527.9333;07/13/16;16:57:33;21.98;51.17;33.65;0.256;8.38;-80.2;2.6;-1.8;-4724;114.1;8.21;12.4;
33.4455268333333;-118.4855585;17:00:34.31;7/13/2016;7;2.007;115.98;12.0453350093692;1.55;119.7;129.97;-0.51;11.6;26.2;.03;21.82;21.85;92;54;554.4;16.1;-3.3;D;685.9;18;75.298;2;2.06;188;124.11;-118.48488724;33.44514555;0;0;1;N;0.0439132;54;54;11;105;105;124.4003;0;9999.99;21.81;21.93756;2;9;23.1;0;23.1000003814697;33.84;1528.3996;07/13/16;16:57:35;21.98;51.43;33.84;0.278;8.37;-80.2;1.6;-5.1;-2685;114.1;8.20;12.4;
33.445522;-118.4855495;17:00:35.33;7/13/2016;7;2.011;118.29;12.0453350093692;1.55;119.5;129.78;1.94;14;26.2;.00;21.34;21.34;92;54;554.4;16.1;-3.3;D;685.9;18;74.338;2;2.08;188;124.17;-118.48488724;33.44514555;0;0;1;N;0.1118019;77;77;11;104;104;124.8864;0;9999.99;21.37;21.49728;2;9;23;0;23.1000003814697;33.84;1528.3996;07/13/16;16:57:35;21.98;51.43;33.84;0.278;8.37;-80.2;1.6;-5.1;-2685;114.1;8.20;12.4;
33.4455153333333;-118.485539833333;17:00:36.34;7/13/2016;7;2.044;123.23;12.0453350093692;1.55;121.8;131.94;-0.49;3.75;26.2;.00;22.04;22.04;92;54;554.4;16.1;-3.3;D;685.9;18;73.300;2;2.1;188;124.19;-118.48488724;33.44514555;0;0;1;N;0.1432615;51;51;11;94;94;125.1117;0;9999.99;22.03;22.157;2;9;23;0;23;33.85;1528.15232;07/13/16;16:57:37;21.98;51.44;33.85;-0.084;8.38;-80.2;1.5;-2.9;-830;114.1;8.20;12.4;
33.4455075568483;-118.485527185323;17:00:37.36;7/13/2016;7;2.274;124.2;12.0453350093692;1.55;121;131.19;0.25;11.9;26.2;.00;21.36;21.36;92;60;554.3;16.1;-3.7;D;620.9;18;71.735;2;2.13;188;124.13;-118.48488724;33.44514555;0;0;1;N;8.734316E-02;59;59;11;101;101;124.5997;0;9999.99;21.35;21.4814;2;9;23;0;23;33.85;1528.15232;07/13/16;16:57:37;21.98;51.44;33.85;-0.084;8.38;-80.2;1.5;-2.9;-830;114.1;8.20;12.4;
33.4455000995865;-118.485518863126;17:00:38.38;7/13/2016;7;2.138;127.74;12.0453350093692;1.55;121.6;131.75;1.46;17.1;26.2;.00;20.92;20.92;92;63;554.3;16.1;-3.9;D;585.5;18;70.631;2;2.17;188;123.93;-118.48488724;33.44514555;0;0;1;N;6.566406E-02;72;72;11;85;85;122.8047;0;9999.99;20.95;21.07321;2;9;23;0;23;33.84;1528.14148;07/13/16;16:57:39;21.98;51.42;33.84;0.003;8.37;-80.0;1.7;-3.3;-1034;114.2;8.20;12.4;
33.4454945067814;-118.485509530484;17:00:39.39;7/13/2016;7;2.17;128.01;12.0453350093692;1.55;121.7;131.84;-1.76;-1.03;26.3;.00;21.94;21.94;92;63;554.3;16.1;-3.9;D;585.5;18;69.565;2;2.07;188;123.9;-118.48488724;33.44514555;0;0;1;N;0.2371359;46;46;11;90;90;122.5576;0;9999.99;21.92;22.047;2;9;23.1;0;23;33.84;1528.14148;07/13/16;16:57:39;21.98;51.42;33.84;0.003;8.37;-80.0;1.7;-3.3;-1034;114.2;8.20;12.4;
33.4454840461735;-118.485501546248;17:00:40.41;7/13/2016;7;2.198;135.73;12.0453350093692;1.55;126.4;136.26;1.75;8.2;26.3;.00;21.62;21.62;92;63;554.3;16.1;-3.9;D;585.5;18;68.304;2;2.11;188;123.44;-118.48488724;33.44514555;0;0;1;N;0.386513;67;67;11;57;57;118.6768;0;9999.99;21.64;21.767;2;9;23.1;0;23.1000003814697;33.84;1528.39572;07/13/16;16:57:41;21.98;51.43;33.84;-0.045;8.38;-80.4;1.2;-3.7;-1244;114.1;8.20;12.2;
33.4454769554273;-118.485490267177;17:00:41.41;7/13/2016;7;2.668;129.4;12.0453350093692;1.55;128.1;137.87;-0.22;4.87;26.2;.00;21.66;21.66;92;63;554.3;16.1;-3.9;D;585.5;18;66.996;2;2.16;188;123.37;-118.48488724;33.44514555;0;0;1;N;0.7895684;56;56;11;49;49;118.2832;0;9999.99;21.64;21.767;2;9;23;0;23.1000003814697;33.84;1528.39571;07/13/16;16:57:42;21.98;51.43;33.84;-0.035;8.38;-80.4;1.6;-3.9;-239;114.1;8.20;12.2;
33.4454697164047;-118.485482575815;17:00:42.42;7/13/2016;7;2.124;135;12.0453350093692;1.55;120.2;130.44;-1.71;13.1;26.3;.00;21.54;21.54;92;61;554.3;16.1;-3.8;D;603.8;18;65.958;2;2.18;188;123.13;-118.48488724;33.44514555;0;0;1;N;1.012334;47;47;11;70;70;116.2224;0;9999.99;21.55;21.677;2;9;23;0;23;33.83;1528.13038;07/13/16;16:57:43;21.98;51.41;33.83;-0.154;8.37;-80.1;1.8;-4.7;-3270;114.0;8.19;12.4;
33.4454638995157;-118.485472895253;17:00:43.42;7/13/2016;7;2.426;129.36;12.0453350093692;1.55;127.8;137.58;-0.55;-4.08;26.3;.00;21.60;21.60;92;61;554.3;16.1;-3.8;D;603.8;18;64.852;2;2.17;188;123.08;-118.48488724;33.44514555;0;0;1;N;1.12207;54;54;11;41;41;116.1478;0;9999.99;21.58;21.707;2;9;23.1;0;23;33.83;1528.13038;07/13/16;16:57:43;21.98;51.41;33.83;-0.154;8.37;-80.1;1.8;-4.7;-3270;114.0;8.19;12.4;
33.445459425687;-118.485465461306;17:00:44.42;7/13/2016;7;2.095;132;12.0453350093692;1.55;119.1;129.41;-1.4;17.6;26.3;.00;21.10;21.10;92;61;554.3;16.1;-3.8;D;603.8;18;64.003;2;2.16;188;123.05;-118.48488724;33.44514555;0;0;1;N;1.274118;51;51;11;74;74;115.8538;0;9999.99;21.10;21.22258;2;9;23;0;23.1000003814697;33.84;1528.39587;07/13/16;16:57:45;21.96;51.42;33.84;-0.157;8.37;-80.1;1.9;-4.3;-2829;113.9;8.19;12.3;
33.4454519766085;-118.485457370164;17:00:45.42;7/13/2016;7;2.231;133.22;12.0453350093692;1.55;124.9;134.85;0.29;6.67;26.2;.00;21.33;21.33;92;61;554.3;16.1;-3.8;D;603.8;18;62.922;2;2.2;188;122.79;-118.48488724;33.44514555;0;0;1;N;1.25687;60;60;11;42;42;114.1059;0;9999.99;21.33;21.457;2;9;23;0;23.1000003814697;33.84;1528.39587;07/13/16;16:57:45;21.96;51.42;33.84;-0.157;8.37;-80.1;1.9;-4.3;-2829;113.9;8.19;12.3;
33.4454459102917;-118.485449447362;17:00:46.42;7/13/2016;7;1.924;132.27;12.0453350093692;1.55;116.6;127.07;0.2;9.4;26.2;.00;20.51;20.51;92;60;554.2;16.1;-3.7;D;610.7;18;61.939;2;2.1;188;122.63;-118.48488724;33.44514555;0;0;1;N;1.517072;54;54;11;66;66;112.9478;0;9999.99;20.50;20.63107;2;9;23.1;0;23;33.84;1528.14153;07/13/16;16:57:47;21.96;51.42;33.84;-0.035;8.37;-79.7;1.7;-1.5;-700;113.8;8.18;12.4;
33.4454397519338;-118.485439008102;17:00:47.42;7/13/2016;7;2.212;125.63;12.0453350093692;1.55;119.6;129.87;0.93;9.6;26.2;.00;21.01;21.01;92;60;554.2;16.1;-3.7;D;610.7;18;60.755;2;2.11;188;122.58;-118.48488724;33.44514555;0;0;1;N;1.560496;63;63;11;59;59;112.8426;0;9999.99;21.02;21.147;2;9;23;0;23;33.84;1528.14153;07/13/16;16:57:47;21.96;51.42;33.84;-0.035;8.37;-79.7;1.7;-1.5;-700;113.8;8.18;12.4;
33.4454341946098;-118.48542821259;17:00:48.42;7/13/2016;7;2.232;124.39;12.0453350093692;1.55;114;124.65;-3.12;8.8;26.2;.01;20.64;20.65;92;60;554.2;16.1;-3.7;D;610.7;18;59.578;2;2.16;187;122.6;-118.48488724;33.44514555;0;0;1;N;1.619635;43;43;11;80;80;113.0684;0;9999.99;20.63;20.75429;2;9;23;0;23;33.84;1528.14146;07/13/16;16:57:49;21.96;51.43;33.84;-0.081;8.37;-80.0;2.6;-2.8;-2399;113.7;8.17;12.4;
33.4454286779949;-118.485417255356;17:00:49.42;7/13/2016;7;2.356;123.4;12.0453350093692;1.54;117.6;128.01;1.78;10.2;26.2;.01;20.89;20.89;92;60;554.1;16.1;-3.7;D;613.1;18;58.391;2;2.21;187;122.63;-118.48488724;33.44514555;0;0;1;N;1.502801;62;62;11;71;71;113.5814;0;9999.99;20.88;21.007;2;9;23;0;23;33.84;1528.14146;07/13/16;16:57:49;21.96;51.43;33.84;-0.081;8.37;-80.0;2.6;-2.8;-2399;113.7;8.17;12.4;
33.4454249139068;-118.485406710534;17:00:50.42;7/13/2016;7;2.009;120.56;12.0453350093692;1.54;113;123.72;-2.58;9.4;26.2;.00;20.07;20.08;92;60;554.1;16.1;-3.7;D;613.1;18;57.341;2;2.17;187;122.8;-118.48488724;33.44514555;0;0;1;N;1.517489;49;49;11;87;87;114.9228;0;9999.99;20.07;20.19917;2;9;23;0;23;33.84;1528.14181;07/13/16;16:57:51;21.97;51.43;33.84;-0.173;8.37;-79.8;1.5;-5.3;-2471;113.6;8.17;12.6;
33.4454197038996;-118.485396432017;17:00:51.42;7/13/2016;7;2.095;121.82;12.0453350093692;1.54;115;125.58;-2.66;4.16;26.2;.01;20.64;20.65;92;60;554.1;16.1;-3.7;D;613.1;18;56.226;2;2.09;187;122.83;-118.48488724;33.44514555;0;0;1;N;1.185087;43;43;11;86;86;115.2927;0;9999.99;20.60;20.727;2;9;23;0;23;33.84;1528.14181;07/13/16;16:57:51;21.97;51.43;33.84;-0.173;8.37;-79.8;1.5;-5.3;-2471;113.6;8.17;12.6;
33.4454150755326;-118.485387811499;17:00:52.42;7/13/2016;7;2.017;121.82;12.0453350093692;1.54;119.2;129.5;2.44;17.6;26.2;.02;19.37;19.38;92;60;554.1;16.1;-3.7;D;613.1;18;55.275;2;2.16;187;122.83;-118.48488724;33.44514555;0;0;1;N;1.229348;80;80;11;72;72;115.5465;0;9999.99;19.41;19.53737;2;9;23;0;23;33.84;1528.14252;07/13/16;16:57:53;21.97;51.43;33.84;0.060;8.37;-80.1;2.1;-5.8;-1730;113.6;8.17;12.4;
33.4454084442021;-118.485377134313;17:00:53.44;7/13/2016;7;2.135;124.27;12.0453350093692;1.54;115.3;125.86;-5.27;4.62;26.3;.01;20.57;20.58;92;55;554.1;16.1;-3.4;D;674.1;18;54.043;2;2.18;187;122.75;-118.48488724;33.44514555;0;0;1;N;1.267113;43;43;11;84;84;115.0853;0;9999.99;20.53;20.657;2;9;23;0;23;33.84;1528.14252;07/13/16;16:57:53;21.97;51.43;33.84;0.060;8.37;-80.1;2.1;-5.8;-1730;113.6;8.17;12.4;
33.4454035835744;-118.485369360623;17:00:54.47;7/13/2016;7;1.747;124.27;12.0453350093692;1.54;117;127.45;0.34;8.2;26.2;.02;20.30;20.32;92;55;554.1;16.1;-3.4;D;674.1;18;53.144;2;2.07;187;122.68;-118.48488724;33.44514555;0;0;1;N;1.303621;59;59;11;77;77;114.8305;0;9999.99;20.28;20.407;2;9;23;0;23;33.83;1528.13103;07/13/16;16:57:55;21.97;51.41;33.83;0.305;8.37;-80.1;1.4;-2.2;-3625;113.6;8.16;12.4;
33.4453986286211;-118.485361609119;17:00:55.50;7/13/2016;7;2.036;124.27;12.0453350093692;1.54;108.7;119.73;0.03;14.1;26.2;.01;19.69;19.71;92;55;554.1;16.1;-3.4;D;674.1;18;52.241;2;2.05;187;122.59;-118.48488724;33.44514555;0;0;1;N;1.378986;57;57;11;105;105;114.3055;0;9999.99;19.72;19.84459;2;9;23;0;23;33.83;1528.13103;07/13/16;16:57:55;21.97;51.41;33.83;0.305;8.37;-80.1;1.4;-2.2;-3625;113.6;8.16;12.4;
33.4453914358384;-118.485350806463;17:00:56.50;7/13/2016;7;2.373;122.57;12.0453350093692;1.54;124.6;134.57;0.22;7.47;26.2;.00;20.32;20.32;92;61;554.0;16.1;-3.7;D;607.8;18;50.966;2;2.27;187;122.44;-118.48488724;33.44514555;0;0;1;N;1.44275;58;58;11;44;44;113.8625;0;9999.99;20.30;20.427;2;9;23;0;23;33.85;1528.15345;07/13/16;16:57:56;21.97;51.44;33.85;0.103;8.38;-80.6;1.1;-2.6;-1619;113.6;8.16;12.4;
33.4453871672546;-118.485342813655;17:00:57.52;7/13/2016;7;1.808;128.26;12.0453350093692;1.54;114.3;124.93;-1.89;10.7;26.2;.00;19.99;20.00;92;61;554.0;16.1;-3.7;D;607.8;18;50.085;2;2.15;187;122.44;-118.48488724;33.44514555;0;0;1;N;1.443869;56;56;11;82;82;113.8548;0;9999.99;20.02;20.147;2;9;23;0;23;33.85;1528.15235;07/13/16;16:57:58;21.98;51.44;33.85;-0.053;8.38;-80.3;2.4;-3.9;-1055;113.6;8.16;12.4;
33.4453829755888;-118.485333916608;17:00:58.52;7/13/2016;7;1.95;121.42;12.0453350093692;1.54;117.4;127.82;-2.63;0.09;26.1;.00;20.06;20.07;92;61;554.0;16.1;-3.7;D;607.8;18;49.139;2;2;187;122.5;-118.48488724;33.44514555;0;0;1;N;1.358695;43;43;11;74;74;114.4467;0;9999.99;20.01;20.137;2;9;23;0;23;33.72;1528.0102;07/13/16;16:57:59;21.98;51.26;33.72;0.076;8.37;-80.1;1.6;0.3;-706;113.6;8.17;12.3;
33.4453773894392;-118.485326878956;17:00:59.55;7/13/2016;7;1.866;121.42;12.0453350093692;1.54;114.3;124.93;3.3;15.4;26.2;.02;19.07;19.09;92;61;554.0;16.1;-3.7;D;607.8;18;48.255;2;2.09;187;122.29;-118.48488724;33.44514555;0;0;1;N;1.514763;77;77;11;81;81;113.3639;0;9999.99;19.10;19.22858;2;9;23;0;23;33.85;1528.15303;07/13/16;16:58:00;21.99;51.44;33.85;0.226;8.38;-80.5;2.0;-3.7;-2218;113.5;8.16;12.3;
33.4453726669966;-118.485317219054;17:01:00.55;7/13/2016;7;2.531;118.61;12.0453350093692;1.54;119.6;129.87;-1.21;3.84;26.1;.00;19.23;19.23;92;57;554.0;16.1;-3.5;D;649.7;18;47.216;2;2.18;187;122.33;-118.48488724;33.44514555;0;0;1;N;1.437311;49;49;11;65;65;113.9003;0;9999.99;19.23;19.35222;2;9;23;0;23;33.85;1528.1528;07/13/16;16:58:01;22.00;51.44;33.85;-0.072;8.38;-80.4;1.5;-3.5;-2325;113.6;8.16;12.4;
33.4453658915994;-118.485305789263;17:01:01.56;7/13/2016;7;2.061;118.61;12.0453350093692;1.54;116.1;126.61;2.52;11.2;26.2;.00;19.12;19.12;92;57;554.0;16.1;-3.5;D;649.7;18;45.917;2;2.22;186;122.25;-118.48488724;33.44514555;0;0;1;N;1.474617;72;72;11;75;75;113.6417;0;9999.99;19.12;19.25127;2;9;23;0;23;33.84;1528.14163;07/13/16;16:58:02;22.00;51.43;33.84;-0.031;8.38;-80.3;1.6;-2.6;-3066;113.5;8.16;12.4;
33.4453585029758;-118.485297588965;17:01:02.56;7/13/2016;7;1.78;118.61;12.0453350093692;1.54;110;120.93;-1.05;15.2;26.2;.00;19.11;19.11;92;57;554.0;16.1;-3.5;D;649.7;18;44.836;2;2.04;186;121.88;-118.48488724;33.44514555;0;0;1;N;1.741748;51;51;11;90;90;111.803;0;9999.99;19.14;19.26283;2;9;23;0;23;33.84;1528.14169;07/13/16;16:58:03;22.01;51.43;33.84;-0.071;8.37;-80.1;1.5;1.1;-1640;113.6;8.16;12.4;
33.4453532978422;-118.485289177141;17:01:03.56;7/13/2016;7;2.117;119.66;12.0453350093692;1.54;109.1;120.1;-5.36;2.9;26.2;.02;19.54;19.56;92;58;553.9;16.1;-3.5;D;640.8;18;43.868;2;1.97;186;121.78;-118.48488724;33.44514555;0;0;1;N;1.784334;43;43;11;93;93;111.5122;0;9999.99;19.50;19.627;2;9;23;0;23;33.79;1528.08703;07/13/16;16:58:04;22.01;51.36;33.79;-0.008;8.37;-80.1;1.8;-4.4;-1404;113.6;8.16;12.3;
33.4453475303448;-118.485278809807;17:01:04.58;7/13/2016;7;2.126;119.41;12.0453350093692;1.54;109.3;120.28;-0.33;11.1;26.2;.07;18.93;19.00;92;58;553.9;16.1;-3.5;D;640.8;18;42.712;2;2.04;186;121.72;-118.48488724;33.44514555;0;0;1;N;1.773543;49;49;11;90;90;111.5858;0;9999.99;18.91;19.0352;2;9;23;0;23;33.84;1528.14636;07/13/16;16:58:05;22.01;51.42;33.84;0.436;8.37;-80.1;0.7;2.7;-2362;113.6;8.16;12.5;
33.445346900687;-118.48526298895;17:01:05.58;7/13/2016;7;2.895;119.41;12.0453350093692;1.54;109.1;120.1;4.26;10.7;26.2;.07;19.18;19.25;92;58;553.9;16.1;-3.5;D;641.8;18;41.433;2;2.05;186;122.71;-118.48488724;33.44514555;0;0;1;N;1.010836;78;78;11;117;117;116.8843;0;9999.99;19.20;19.327;2;9;23;0;23;33.84;1528.14733;07/13/16;16:58:06;22.01;51.42;33.84;0.453;8.37;-80.1;1.3;-1.1;-3357;113.6;8.16;12.4;
33.445347004805;-118.485239042911;17:01:06.61;7/13/2016;7;4.03;119.41;12.0453350093692;1.54;108.5;119.54;0.78;19.2;26.1;.01;18.70;18.71;92;58;553.9;16.1;-3.5;D;641.8;18;39.589;2;2.09;186;124.46;-118.48488724;33.44514555;0;0;1;N;0.2357999;70;70;11;151;151;125.774;0;9999.99;18.75;18.87656;2;9;23;0;23;33.84;1528.14316;07/13/16;16:58:07;22.01;51.43;33.84;0.097;8.37;-80.1;1.6;1.3;-2105;113.6;8.16;12.4;
33.4453430082615;-118.485231248653;17:01:07.63;7/13/2016;7;2.356;119.41;12.0453350093692;1.54;114.6;125.21;-3.64;2.81;26.2;.00;19.00;19.00;92;58;553.9;16.1;-3.5;D;641.8;18;38.741;2;2.09;186;124.52;-118.48488724;33.44514555;0;0;1;N;0.2924387;43;43;11;131;131;126.1792;0;9999.99;18.97;19.09214;2;9;23;0;23;33.81;1528.1093;07/13/16;16:58:08;22.01;51.38;33.81;-0.122;8.38;-80.5;533.5;27.9;96955;113.6;8.16;12.3;
33.4453368905813;-118.48522198567;17:01:08.66;7/13/2016;7;1.925;119.41;12.0453350093692;1.54;119.9;130.15;4.01;16.3;26.2;.00;18.87;18.87;92;58;553.9;16.1;-3.6;D;633.5;18;37.647;2;2.02;186;124.41;-118.48488724;33.44514555;0;0;1;N;0.2223283;81;81;11;109;109;125.6777;0;9999.99;18.89;19.017;2;9;23;0;23;33.81;1528.10846;07/13/16;16:58:09;22.01;51.38;33.81;0.247;8.38;-80.6;1.8;0.5;704;113.6;8.16;12.4;
33.4453317543074;-118.485214392513;17:01:09.67;7/13/2016;7;1.725;119.41;12.0453350093692;1.54;126.7;136.54;-3.04;-4.55;26.2;.00;18.51;18.51;92;54;553.8;16.1;-3.3;D;687.9;18;36.743;2;1.98;186;124.3;-118.48488724;33.44514555;0;0;1;N;0.1579395;43;43;11;82;82;125.2168;0;9999.99;18.50;18.62424;2;9;23;0;23;33.83;1528.13038;07/13/16;16:58:10;22.01;51.42;33.83;-0.173;8.38;-80.4;1.6;-4.3;60;113.6;8.16;12.4;
33.445326086714;-118.485208692631;17:01:10.67;7/13/2016;7;1.723;119.41;12.0453350093692;1.54;129.1;138.81;3.45;6.68;26.2;.00;18.77;18.77;92;54;553.8;16.1;-3.3;D;687.9;18;35.952;2;2;186;123.94;-118.48488724;33.44514555;0;0;1;N;6.212261E-02;78;78;11;66;66;123.6409;0;9999.99;18.79;18.917;2;9;23.1;0;23;33.83;1528.13038;07/13/16;16:58:11;22.01;51.41;33.83;0.064;8.38;-80.3;0.5;-1.6;453;113.6;8.16;12.5;
33.4453196226623;-118.485201577965;17:01:11.67;7/13/2016;7;2.036;133.16;12.0453350093692;1.54;125.1;135.04;-2.07;7.9;26.2;.00;18.09;18.09;92;54;553.8;16.1;-3.3;D;687.9;18;35.004;2;1.96;186;123.57;-118.48488724;33.44514555;0;0;1;N;0.2955714;45;45;11;75;75;121.9699;0;9999.99;18.09;18.21495;2;9;23;0;23;33.84;1528.14134;07/13/16;16:58:12;22.01;51.43;33.84;-0.194;8.38;-80.4;1.2;-2.5;-1264;113.6;8.16;12.3;
33.4453169592667;-118.485199381056;17:01:12.67;7/13/2016;7;2.078;140.16;12.0453350093692;1.54;127.2;137.02;1.88;4.55;26.2;.00;18.56;18.56;92;57;553.8;16.1;-3.5;D;652.4;18;34.671;2;2.04;186;123.35;-118.48488724;33.44514555;0;0;1;N;0.4194662;63;63;11;66;66;121.0844;0;9999.99;18.54;18.667;2;9;23;0;23;33.84;1528.14134;07/13/16;16:58:13;22.02;51.43;33.84;-0.011;8.37;-80.1;1.1;0.0;567;113.6;8.16;12.4;
33.4453096036081;-118.485191805248;17:01:13.67;7/13/2016;6;1.827;141.05;12.0453350093692;1.61;124.2;134.19;-2.61;10.5;26.2;.00;18.42;18.42;92;57;553.8;16.1;-3.5;D;652.4;18;33.635;2;2.01;186;122.84;-118.48488724;33.44514555;0;0;1;N;0.7092646;49;49;11;66;66;119.0194;0;9999.99;18.44;18.567;2;9;23;0;23;33.84;1528.14136;07/13/16;16:58:14;22.02;51.42;33.84;-0.039;8.37;-79.9;0.4;-4.5;-1347;113.6;8.16;12.5;
33.4453032309103;-118.485182304941;17:01:14.67;7/13/2016;7;2.076;134.66;12.0453350093692;1.54;123.4;133.44;0.15;6.5;26.2;.00;18.36;18.36;92;57;553.8;16.1;-3.5;D;652.4;18;32.510;2;1.96;186;122.64;-118.48488724;33.44514555;0;0;1;N;0.8085147;58;58;11;67;67;118.3149;0;9999.99;18.33;18.457;2;9;23.1;0;23;33.85;1528.15233;07/13/16;16:58:15;22.01;51.45;33.85;-0.019;8.37;-80.0;1.2;-3.9;-1179;113.6;8.16;12.4;
33.4452904857794;-118.485174070932;17:01:15.67;7/13/2016;7;2.146;138.09;12.0453350093692;1.54;120.1;130.34;0.23;14.4;26.2;.00;17.87;17.87;92;57;553.8;16.1;-3.5;D;652.4;18;31.112;2;2.08;186;121.2;-118.48488724;33.44514555;0;0;1;N;1.564693;58;58;11;58;58;113.0194;0;9999.99;17.89;18.01868;2;9;23;0;23;33.83;1528.13053;07/13/16;16:58:16;22.02;51.42;33.83;-0.036;8.37;-80.2;0.9;-2.0;-5032;113.6;8.16;12.3;
33.4452846600004;-118.485163739207;17:01:16.67;7/13/2016;7;2.307;127.55;12.0453350093692;1.54;118.9;129.22;-0.49;0.81;26.1;.00;18.24;18.24;92;57;553.7;16.1;-3.5;D;647.6;18;29.957;2;2.02;186;121.09;-118.48488724;33.44514555;0;0;1;N;1.56234;51;51;11;65;65;113.0356;0;9999.99;18.22;18.347;2;9;23;0;23;33.85;1528.1524;07/13/16;16:58:17;22.02;51.44;33.85;-0.144;8.38;-80.5;1.1;-7.7;-1032;113.6;8.16;12.4;
33.4452771590375;-118.48515577866;17:01:17.67;7/13/2016;7;2.097;129.27;12.0453350093692;1.54;118.9;129.22;2.42;11.9;26.1;.00;17.21;17.21;92;57;553.7;16.1;-3.5;D;647.6;18;28.896;2;2.08;186;120.43;-118.48488724;33.44514555;0;0;1;N;1.836599;72;72;11;55;55;111.1565;0;9999.99;17.22;17.34945;2;9;23;0;23;33.85;1528.15245;07/13/16;16:58:18;22.03;51.44;33.85;0.073;8.38;-80.3;0.8;-4.4;292;113.6;8.16;12.3;
33.4452699610335;-118.485146798959;17:01:18.67;7/13/2016;7;1.889;125.94;12.0453350093692;1.54;110.6;121.49;1.02;9.4;26.2;.00;17.38;17.39;92;57;553.7;16.1;-3.5;D;647.6;18;27.773;2;2.03;186;119.87;-118.48488724;33.44514555;0;0;1;N;2.048668;63;63;11;80;80;109.7222;0;9999.99;17.39;17.52143;2;9;23;0;23;33.85;1528.15253;07/13/16;16:58:19;22.04;51.44;33.85;-0.115;8.38;-80.4;0.7;-6.8;578;113.6;8.15;12.5;
33.4452642178763;-118.485137292985;17:01:19.69;7/13/2016;7;2.043;124.41;12.0453350093692;1.54;111.5;122.33;-3.06;6.61;26.2;.00;17.76;17.76;92;58;553.7;16.1;-3.6;D;636.4;18;26.691;2;1.99;186;119.63;-118.48488724;33.44514555;0;0;1;N;2.082846;43;43;11;76;76;109.4927;0;9999.99;17.75;17.877;2;9;23;0;23;33.85;1528.15237;07/13/16;16:58:20;22.04;51.43;33.85;-0.150;8.38;-80.4;2.0;-4.1;-1871;113.6;8.15;12.4;
33.4452589747275;-118.48512641098;17:01:20.69;7/13/2016;7;2.291;121.88;12.0453350093692;1.54;113;123.72;1.42;10.6;26.2;.01;17.65;17.66;92;58;553.7;16.1;-3.6;D;636.4;18;25.525;2;2.03;186;119.61;-118.48488724;33.44514555;0;0;1;N;1.997352;66;66;11;72;72;110.0677;0;9999.99;17.62;17.747;2;9;23;0;23;33.85;1528.15234;07/13/16;16:58:21;22.04;51.44;33.85;0.108;8.37;-80.1;1.0;-0.3;-1169;113.6;8.15;12.4;
33.4452531434545;-118.485116033225;17:01:21.69;7/13/2016;7;2.195;121.88;12.0453350093692;1.54;109.6;120.56;1.01;14.3;26.1;.01;16.79;16.80;92;58;553.7;16.1;-3.6;D;636.4;18;24.367;2;2.08;186;119.41;-118.48488724;33.44514555;0;0;1;N;1.999716;73;73;11;83;83;110.0519;0;9999.99;16.84;16.96462;2;9;23;0;23;33.85;1528.15358;07/13/16;16:58:22;22.04;51.43;33.85;0.096;8.37;-79.9;0.9;0.2;250;113.6;8.16;12.3;
33.4452481877702;-118.485104699512;17:01:22.72;7/13/2016;7;2.027;119.59;12.0453350093692;1.98;106.8;117.97;-5.17;4.5;26.2;.01;17.16;17.17;92;58;553.7;16.1;-3.6;D;636.4;18;23.181;2;2.07;186;119.49;-118.48488724;33.44514555;0;0;1;N;1.875563;43;43;11;99;99;110.8917;0;9999.99;17.13;17.25555;2;9;23.1;0;23;33.82;1528.12066;07/13/16;16:58:23;22.05;51.40;33.82;-0.183;8.38;-80.4;0.9;-4.4;29577;113.6;8.16;12.3;
33.4452430761573;-118.485093988304;17:01:23.72;7/13/2016;7;2.256;120.07;12.0453350093692;1.98;107.4;118.52;2.55;14.4;26.1;.02;17.26;17.28;92;55;553.6;16.1;-3.4;D;668;18;22.036;2;2.02;186;119.48;-118.48488724;33.44514555;0;0;1;N;1.785152;72;72;11;99;99;111.5071;0;9999.99;17.23;17.357;2;9;23.1;0;23.1000003814697;33.84;1528.39707;07/13/16;16:58:24;22.04;51.42;33.84;0.287;8.38;-80.5;1.0;-5.7;-1809;113.7;8.16;12.4;
33.4452372141832;-118.485084097987;17:01:24.72;7/13/2016;7;2.164;120.79;12.0453350093692;1.98;110.2;121.12;-1.34;10.9;26.1;.02;16.36;16.38;92;55;553.6;16.1;-3.4;D;668;18;20.917;2;2.04;186;119.16;-118.48488724;33.44514555;0;0;1;N;1.801517;49;49;11;88;88;111.3956;0;9999.99;16.39;16.51828;2;9;23;0;23;33.84;1528.14314;07/13/16;16:58:25;22.05;51.42;33.84;0.116;8.38;-80.6;0.3;-1.8;-584;113.7;8.16;12.4;
33.4452327157737;-118.485074250937;17:01:25.72;7/13/2016;7;2.305;124.36;12.0453350093692;1.98;109.4;120.38;-1.53;4.42;26.1;.00;17.12;17.12;92;55;553.6;16.1;-3.4;D;668;18;19.875;2;2.06;186;119.19;-118.48488724;33.44514555;0;0;1;N;1.708831;48;48;11;94;94;112.029;0;9999.99;17.09;17.217;2;9;23;0;23;33.84;1528.14273;07/13/16;16:58:26;22.04;51.42;33.84;-0.043;8.37;-80.2;1.1;-5.8;-1135;113.7;8.16;12.4;
33.4452274689771;-118.485064988398;17:01:26.72;7/13/2016;7;2.003;124.36;12.0453350093692;1.98;111.8;122.6;2.59;19.1;26.2;.00;16.44;16.44;92;50;553.6;16.1;-3.1;D;731.3;18;18.841;2;2.07;186;118.91;-118.48488724;33.44514555;0;0;1;N;1.706776;79;79;11;85;85;112.043;0;9999.99;16.47;16.59536;2;9;23.1;0;23.1000003814697;33.84;1528.39587;07/13/16;16:58:27;22.04;51.43;33.84;0.100;8.38;-80.5;1.3;2.8;-38;113.7;8.16;12.4;
33.4452228694395;-118.485055341844;17:01:27.73;7/13/2016;7;1.769;120.44;12.0453350093692;1.98;104.7;116.02;-4.13;6.65;26.1;.00;16.87;16.87;92;50;553.6;16.1;-3.1;D;731.3;18;17.810;2;2.07;186;118.86;-118.48488724;33.44514555;0;0;1;N;1.640698;43;43;11;107;107;112.4965;0;9999.99;16.86;16.987;2;9;23.1;0;23.1000003814697;33.85;1528.40695;07/13/16;16:58:28;22.04;51.44;33.85;-0.216;8.37;-80.0;0.8;3.4;-5041;113.7;8.16;12.2;
33.4452172102125;-118.485045547197;17:01:28.75;7/13/2016;7;2.262;120.44;12.0453350093692;1.54;111.5;122.33;-3.73;9;26.1;.03;16.62;16.65;92;50;553.6;16.1;-3.1;D;731.3;18;16.711;2;2.06;186;118.48;-118.48488724;33.44514555;0;0;1;N;1.637099;43;43;11;88;88;112.5213;0;9999.99;16.56;16.687;2;9;23.1;0;23.1000003814697;33.83;1528.38631;07/13/16;16:58:29;22.04;51.42;33.83;0.085;8.37;-80.2;1.4;-3.9;-2378;113.7;8.16;12.5;
33.4452103930105;-118.485035837472;17:01:29.75;7/13/2016;7;2.391;124.12;12.0453350093692;1.54;111.1;121.95;3.23;11.7;26.1;.05;15.91;15.96;92;50;553.6;16.1;-3.1;D;731.3;18;15.559;2;2.1;186;117.61;-118.48488724;33.44514555;0;0;1;N;1.764913;76;76;11;86;86;111.6456;0;9999.99;15.91;16.03839;2;9;23;0;23.1000003814697;33.84;1528.39816;07/13/16;16:58:30;22.04;51.43;33.84;0.424;8.37;-80.1;0.7;0.2;-4442;113.7;8.16;12.4;
33.445206302913;-118.485028516212;17:01:30.77;7/13/2016;7;1.653;124.12;12.0453350093692;1.54;107.3;118.43;1.43;11.3;26.1;.03;15.78;15.81;92;56;553.6;16.1;-3.4;D;664.2;18;14.747;2;2.08;186;117.27;-118.48488724;33.44514555;0;0;1;N;1.766742;63;63;11;96;96;111.633;0;9999.99;15.81;15.93207;2;9;23.1;0;23;33.85;1528.15641;07/13/16;16:58:31;22.04;51.44;33.85;0.209;8.38;-80.7;0.5;-0.4;421;113.7;8.16;12.5;
33.4452033040685;-118.485017403451;17:01:31.78;7/13/2016;6;2.051;124.12;12.0453350093692;1.98;104.5;115.84;0.66;9.9;26.1;.00;15.63;15.64;92;56;553.6;16.1;-3.4;D;664.2;18;13.678;2;2.09;186;118;-118.48488724;33.44514555;0;0;1;N;1.470867;61;61;11;118;118;113.6688;0;9999.99;15.65;15.77987;2;9;23.1;0;23.1000003814697;33.84;1528.39593;07/13/16;16:58:33;22.05;51.43;33.84;-0.197;8.38;-80.3;1.0;10.6;-2622;113.8;8.17;12.4;
33.4451972115922;-118.485005848078;17:01:32.78;7/13/2016;6;2.061;122.78;12.0453350093692;1.98;111.8;122.6;0.1;14.2;26.1;.00;15.90;15.91;92;58;553.5;16.1;-3.6;D;638.4;18;12.414;2;2.1;186;117.56;-118.48488724;33.44514555;0;0;1;N;1.420199;58;58;11;96;96;114.0201;0;9999.99;15.90;16.02522;2;9;23;0;23.1000003814697;33.84;1528.39593;07/13/16;16:58:33;22.05;51.43;33.84;-0.197;8.38;-80.3;1.0;10.6;-2622;113.8;8.17;12.4;
33.4451911740546;-118.48499768711;17:01:33.80;7/13/2016;6;1.998;120.19;12.0453350093692;1.98;101.3;112.88;-1.97;7.03;26;.01;15.37;15.37;92;58;553.5;16.1;-3.6;D;638.4;18;11.435;2;2.05;186;116.34;-118.48488724;33.44514555;0;0;1;N;1.567938;47;47;11;126;126;112.9977;0;9999.99;15.37;15.49915;2;9;23.1;0;23.1000003814697;33.83;1528.38526;07/13/16;16:58:35;22.05;51.42;33.83;0.144;8.38;-80.4;1.1;-2.8;-1717;113.9;8.17;12.4;
33.4451868178722;-118.484984929069;17:01:34.80;7/13/2016;6;2.42;117.56;12.0453350093692;1.98;117.3;127.73;2.78;15.4;26.1;.00;15.82;15.82;92;58;553.5;16.1;-3.6;D;638.4;18;10.159;2;2.08;186;116.85;-118.48488724;33.44514555;0;0;1;N;1.274549;74;74;11;76;76;115.0343;0;9999.99;15.80;15.927;2;9;23.1;0;23.1000003814697;33.83;1528.38526;07/13/16;16:58:35;22.05;51.42;33.83;0.144;8.38;-80.4;1.1;-2.8;-1717;113.9;8.17;12.4;
33.4451857593962;-118.484975647394;17:01:35.80;7/13/2016;6;1.643;121.9;12.0453350093692;1.98;107.5;118.62;-5.16;7.13;26;.00;14.79;14.79;92;53;553.5;16.1;-3.2;D;700.9;18;9.342;2;2.04;186;118.59;-118.48488724;33.44514555;0;0;1;N;0.9073067;43;43;11;123;123;117.616;0;9999.99;14.81;14.93686;2;9;23;0;23;33.85;1528.1523;07/13/16;16:58:37;22.04;51.44;33.85;0.107;8.38;-80.5;0.8;-1.1;-3819;113.9;8.17;12.4;
33.4451804510628;-118.48496682598;17:01:36.80;7/13/2016;6;2.477;118.18;12.0453350093692;1.98;119.6;129.87;-3.61;9.5;26;.02;15.79;15.81;92;53;553.5;16.1;-3.2;D;700.9;18;8.342;2;2;186;117.72;-118.48488724;33.44514555;0;0;1;N;0.9193673;43;43;11;85;85;117.5307;0;9999.99;15.72;15.847;2;9;23;0;23;33.85;1528.1523;07/13/16;16:58:37;22.04;51.44;33.85;0.107;8.38;-80.5;0.8;-1.1;-3819;113.9;8.17;12.4;
33.4451729073376;-118.484955982563;17:01:37.80;7/13/2016;6;2.885;118.18;12.0453350093692;1.98;113.8;124.46;5.19;10.1;26;.05;.54;.60;92;53;553.5;16.1;-3.2;D;700.9;18;7.067;2;2.07;186;115.5;-118.48488724;33.44514555;0;0;1;N;1.060479;88;88;11;95;95;116.5357;0;.36;.55;1.036593;2;9;23.1;0;23.1000003814697;33.84;1528.40036;07/13/16;16:58:39;22.04;51.43;33.84;0.193;8.38;-80.3;1.1;-0.7;-2033;113.8;8.17;12.3;
33.445161832545;-118.484942550882;17:01:38.80;7/13/2016;6;3.393;118.18;12.0453350093692;1.97;111.6;122.42;2.18;12.1;26;.03;.54;.57;92;53;553.5;16.1;-3.2;D;700.9;18;5.442;2;2;186;109.43;-118.48488724;33.44514555;0;0;1;N;1.383129;70;70;11;94;94;114.2773;0;9999.99;.55;0.6747118;2;9;23.1;0;23.1000003814697;33.84;1528.40036;07/13/16;16:58:39;22.04;51.43;33.84;0.193;8.38;-80.3;1.1;-0.7;-2033;113.8;8.17;12.3;
33.4451558114827;-118.484932662625;17:01:39.80;7/13/2016;6;2.343;118.18;12.0453350093692;1.97;114.4;125.02;1.94;18.7;26.1;.00;14.50;14.50;92;59;553.4;16.1;-3.7;D;620;18;4.367;2;2.05;186;105.15;-118.48488724;33.44514555;0;0;1;N;1.41863;69;69;11;83;83;114.0327;0;9999.99;14.52;14.64356;2;9;23.1;0;23.1000003814697;33.84;1528.39581;07/13/16;16:58:41;22.04;51.43;33.84;-0.171;8.38;-80.5;0.0;-4.7;-897;113.9;8.18;12.4;
33.445153045785;-118.48492647519;17:01:40.80;7/13/2016;6;1.918;118.11;12.0453350093692;1.97;107.1;118.25;-1.59;9.4;26.1;.00;14.44;14.44;92;59;553.4;16.1;-3.7;D;620;18;3.735;2;2.01;186;102.9;-118.48488724;33.44514555;0;0;1;N;1.367529;53;53;11;107;107;114.388;0;9999.99;14.45;14.58154;2;9;23.1;0;23.1000003814697;33.84;1528.39581;07/13/16;16:58:41;22.04;51.43;33.84;-0.171;8.38;-80.5;0.0;-4.7;-897;113.9;8.18;12.4;
33.4451459915226;-118.484914775556;17:01:41.80;7/13/2016;6;1.989;120.96;12.0453350093692;1.97;117.5;127.91;-3.05;1.98;26.1;.00;14.36;14.36;92;59;553.4;16.1;-3.7;D;620;18;2.554;2;1.99;186;91.1;-118.48488724;33.44514555;0;0;1;N;1.388721;43;43;11;81;81;114.2369;0;9999.99;14.32;14.4488;2;9;23.1;0;23.1000003814697;33.84;1528.39576;07/13/16;16:58:42;22.04;51.43;33.84;-0.071;8.37;-80.2;1.0;-0.2;358;113.9;8.18;12.4;
33.4451405690639;-118.484906607298;17:01:42.80;7/13/2016;6;2.345;127.01;12.0453350093692;1.97;116;126.51;4.35;12.1;26.1;.01;13.97;13.97;92;52;553.4;16.1;-3.2;D;708.7;19;104.351;2;2.12;186;313.34;-118.4857246;33.44578463;0;0;1;N;1.63943;83;83;11;5;5;324.0261;0;9999.99;14.00;14.1291;2;9;23;0;23;33.84;1528.14178;07/13/16;16:58:44;22.04;51.43;33.84;-0.214;8.38;-80.3;1.3;-6.9;34319;114.0;8.18;12.2;
33.4451395866448;-118.48490007166;17:01:43.80;7/13/2016;6;1.647;123.5;12.0453350093692;1.97;101.5;113.06;-0.3;2.52;26.1;.01;14.13;14.14;92;52;553.4;16.1;-3.2;D;708.7;19;104.867;2;2.02;186;313.15;-118.4857246;33.44578463;0;0;1;N;1.333242;55;55;11;5;5;321.903;0;9999.99;14.15;14.27218;2;9;23.1;0;23;33.84;1528.14178;07/13/16;16:58:44;22.04;51.43;33.84;-0.214;8.38;-80.3;1.3;-6.9;34319;114.0;8.18;12.2;
33.4451361886357;-118.484893618134;17:01:44.80;7/13/2016;6;2.052;123.5;12.0453350093692;1.97;99.4;111.12;3.78;8.7;26.1;.00;14.15;14.15;92;52;553.4;16.1;-3.2;D;708.7;19;105.563;2;2.01;186;313.08;-118.4857246;33.44578463;0;0;1;N;1.215441;72;72;11;5;5;320.791;0;9999.99;14.14;14.267;2;9;23.1;0;23.1000003814697;33.85;1528.4067;07/13/16;16:58:46;22.05;51.44;33.85;-0.084;8.38;-80.4;0.9;-1.0;-2785;114.0;8.18;12.5;
33.4451339567267;-118.484885084788;17:01:45.80;7/13/2016;6;1.569;123.5;12.0453350093692;1.97;83.9;96.76;0.88;11.7;26;.00;13.98;13.98;92;52;553.4;16.1;-3.2;D;708.7;19;106.311;2;1.98;186;312.89;-118.4857246;33.44578463;0;0;1;N;0.9032109;62;62;11;5;5;317.7894;0;9999.99;14.01;14.137;2;9;23;0;23;33.85;1528.15254;07/13/16;16:58:47;22.06;51.44;33.85;-0.080;8.37;-80.2;1.4;-2.6;-1410;114.1;8.19;12.4;
33.4451357533611;-118.484877297316;17:01:46.80;7/13/2016;6;1.77;123.5;12.0453350093692;1.97;78.9;92.1;1.53;14.6;26.1;.00;13.75;13.75;92;60;553.3;16.1;-3.7;D;619.4;19;106.707;2;1.88;186;312.55;-118.4857246;33.44578463;0;0;1;N;0.2524498;66;66;11;5;5;313.8327;0;9999.99;13.75;13.87713;2;9;23;0;23;33.85;1528.15254;07/13/16;16:58:47;22.06;51.44;33.85;-0.080;8.37;-80.2;1.4;-2.6;-1410;114.1;8.19;12.4;
33.4451354885197;-118.484864199702;17:01:47.81;7/13/2016;6;2.503;106.92;12.0453350093692;1.97;66.7;80.63;3.17;9.4;26.1;.00;13.58;13.58;92;60;553.3;16.1;-3.7;D;619.4;19;107.625;2;1.94;186;312.12;-118.4857246;33.44578463;0;0;1;N;0.518929;74;74;11;5;5;309.9909;0;9999.99;13.59;13.71625;2;9;23.1;0;23.1000003814697;33.86;1528.41766;07/13/16;16:58:49;22.08;51.45;33.86;-0.133;8.38;-80.5;0.6;-4.6;952;114.1;8.18;12.4;
33.4451360267474;-118.484854857749;17:01:48.81;7/13/2016;6;1.803;99.93;12.0453350093692;1.97;59.8;74.05;2.31;7.5;26.1;.00;13.49;13.49;92;60;553.3;16.1;-3.7;D;619.4;19;108.229;2;1.91;186;311.79;-118.4857246;33.44578463;0;0;1;N;1.142577;71;71;11;5;5;307.4902;0;9999.99;13.52;13.64398;2;9;23.1;0;23.1000003814697;33.86;1528.41766;07/13/16;16:58:49;22.08;51.45;33.86;-0.133;8.38;-80.5;0.6;-4.6;952;114.1;8.18;12.4;
33.4451371831774;-118.484844020023;17:01:49.83;7/13/2016;6;2.152;90.96;12.0453350093692;1.97;56.1;70.5;1.46;14.7;26.1;.00;13.07;13.07;92;60;553.2;16.1;-3.7;D;618;19;108.896;2;1.94;186;311.39;-118.4857246;33.44578463;0;0;1;N;1.92409;66;66;11;5;5;304.809;0;9999.99;13.08;13.21152;2;9;23.1;0;23.1000003814697;33.87;1528.42861;07/13/16;16:58:51;22.11;51.46;33.87;-0.096;8.37;-80.2;1.2;1.2;-2031;114.1;8.18;12.3;
33.4451374654873;-118.48483514105;17:01:50.83;7/13/2016;6;1.64;82.56;12.0453350093692;1.97;43.5;58.26;2.96;14.5;26.1;.00;13.52;13.52;92;60;553.2;16.1;-3.7;D;618;19;109.495;2;1.88;186;311.09;-118.4857246;33.44578463;0;0;1;N;2.495815;75;75;11;5;5;303.2494;0;9999.99;13.54;13.667;2;9;23.1;0;23.1000003814697;33.87;1528.42861;07/13/16;16:58:51;22.11;51.46;33.87;-0.096;8.37;-80.2;1.2;1.2;-2031;114.1;8.18;12.3;
33.4451421080965;-118.48482835623;17:01:51.86;7/13/2016;6;1.826;82.56;12.0453350093692;1.97;35.8;50.66;1.1;18.1;26.1;.00;13.46;13.47;92;60;553.2;16.1;-3.7;D;618;19;109.633;2;1.85;187;310.67;-118.4857246;33.44578463;0;0;1;N;3.286375;64;64;11;5;5;300.5831;0;9999.99;13.48;13.607;2;9;23.1;0;23.1000003814697;33.85;1528.40683;07/13/16;16:58:53;22.13;51.44;33.85;-0.084;8.38;-80.6;1.0;-5.2;-757;114.2;8.19;12.3;
33.4451468064452;-118.484820627316;17:01:52.86;7/13/2016;6;1.879;82.56;12.0453350093692;1.97;24.8;39.68;2.24;18.2;26.1;.00;13.24;13.24;92;60;553.2;16.1;-3.7;D;618;19;109.840;2;1.85;187;310.22;-118.4857246;33.44578463;0;0;1;N;4.155907;70;70;11;5;5;297.8626;0;9999.99;13.25;13.3785;2;9;23.1;0;23.1000003814697;33.85;1528.40683;07/13/16;16:58:53;22.13;51.44;33.85;-0.084;8.38;-80.6;1.0;-5.2;-757;114.2;8.19;12.3;
33.4451517606181;-118.484815388841;17:01:53.91;7/13/2016;6;1.909;60.57;12.0453350093692;1.97;14.3;29.07;1.44;17.6;26.2;.00;13.03;13.03;91;61;553.2;16.1;-3.8;D;602.4;19;109.858;2;1.81;187;309.84;-118.4857246;33.44578463;0;0;1;N;4.91062;67;67;11;5;5;295.3641;0;9999.99;13.04;13.16806;2;9;23.1;0;23.1000003814697;33.87;1528.42864;07/13/16;16:58:55;22.15;51.47;33.87;-0.064;8.38;-80.4;1.6;-4.7;-3319;114.3;8.19;12.4;
33.445159257972;-118.484812407782;17:01:54.91;7/13/2016;6;1.841;60.57;12.0453350093692;1.97;358.2;12.65;3.75;17.1;26.1;.00;13.15;13.16;91;61;553.2;16.1;-3.8;D;602.4;19;109.539;2;1.84;187;309.41;-118.4857246;33.44578463;0;0;1;N;5.70887;79;79;11;5;5;292.1345;0;9999.99;13.17;13.29423;2;9;23.1;0;23.1000003814697;33.87;1528.42864;07/13/16;16:58:55;22.15;51.47;33.87;-0.064;8.38;-80.4;1.6;-4.7;-3319;114.3;8.19;12.4;
33.4451671465411;-118.484809966752;17:01:55.92;7/13/2016;6;2.133;60.57;12.0453350093692;1.97;349;3.24;-0.49;10.8;26.1;.00;12.64;12.64;91;61;553.2;16.1;-3.8;D;602.4;19;109.160;2;1.84;187;308.98;-118.4857246;33.44578463;0;0;1;N;6.518991;54;54;11;5;5;288.5454;0;9999.99;12.66;12.78555;2;9;23.1;0;23.1000003814697;33.84;1528.39601;07/13/16;16:58:57;22.18;51.43;33.84;0.007;8.38;-80.6;12.2;-5.0;-2127;114.4;8.19;12.4;
33.4451758433372;-118.484806873278;17:01:56.92;7/13/2016;6;2.192;60.57;12.0453350093692;1.97;339.2;353.21;3.34;15.8;26.1;.00;13.25;13.25;91;62;553.1;16.1;-3.8;D;591.7;19;108.779;2;1.83;187;308.49;-118.4857246;33.44578463;0;0;1;N;7.446703;80;80;11;5;5;284.3341;0;9999.99;13.25;13.37959;2;9;23.1;0;23.1000003814697;33.84;1528.39601;07/13/16;16:58:57;22.18;51.43;33.84;0.007;8.38;-80.6;12.2;-5.0;-2127;114.4;8.19;12.4;
33.4451817549803;-118.48480701976;17:01:57.92;7/13/2016;6;1.664;60.57;12.0453350093692;1.97;325.4;339.13;-0.64;15.8;26.1;.01;13.68;13.68;91;62;553.1;16.1;-3.8;D;591.7;19;108.361;2;1.86;187;308.22;-118.4857246;33.44578463;0;0;1;N;7.94003;51;51;11;5;5;281.3637;0;9999.99;13.69;13.82159;2;9;23.1;0;23.1000003814697;33.83;1528.38526;07/13/16;16:58:59;22.20;51.41;33.83;-0.007;8.38;-80.4;11.5;2.4;-2793;114.5;8.20;12.4;
33.4451944650577;-118.484813347174;17:01:58.94;7/13/2016;6;2.795;22.29;12.0453350093692;1.97;314.6;328.16;3.46;7.82;26.1;.01;13.30;13.31;91;62;553.1;16.1;-3.8;D;591.7;19;107.028;2;1.83;187;307.82;-118.4857246;33.44578463;0;0;1;N;8.606593;78;78;11;5;5;273.7391;0;9999.99;13.31;13.43349;2;9;23.1;0;23.1000003814697;33.83;1528.38526;07/13/16;16:58:59;22.20;51.41;33.83;-0.007;8.38;-80.4;11.5;2.4;-2793;114.5;8.20;12.4;
33.4452046560794;-118.484817806506;17:01:59.94;7/13/2016;6;2.251;22.29;12.0453350093692;1.97;305.9;319.35;-0.45;17.5;26.1;.00;13.70;13.71;91;62;553.1;16.1;-3.8;D;591.7;19;106.008;2;1.89;187;307.47;-118.4857246;33.44578463;0;0;1;N;9.183566;56;56;11;5;5;266.2534;0;9999.99;13.73;13.857;2;9;23.1;0;23.1000003814697;33.83;1528.38515;07/13/16;16:59:01;22.21;51.42;33.83;-0.123;8.38;-80.6;1.2;-3.2;-2161;114.6;8.20;12.4;
33.4452155226407;-118.484830088845;17:02:00.97;7/13/2016;6;2.794;341.58;12.0453350093692;1.97;294.8;308.12;3.98;10.9;26.1;.00;13.15;13.15;91;62;553.1;16.1;-3.8;D;595;19;104.369;2;1.86;187;307.33;-118.4857246;33.44578463;0;0;1;N;9.327625;81;81;11;5;5;263.0718;0;9999.99;13.15;13.27409;2;9;23.1;0;23.1000003814697;33.83;1528.38515;07/13/16;16:59:01;22.21;51.42;33.83;-0.123;8.38;-80.6;1.2;-3.2;-2161;114.6;8.20;12.4;
33.4452226201496;-118.48483704446;17:02:01.97;7/13/2016;6;1.79;341.58;12.0453350093692;1.97;289.7;302.97;-2.2;19.1;26;.01;13.68;13.69;91;62;553.1;16.1;-3.8;D;595;19;103.377;2;1.84;187;307.19;-118.4857246;33.44578463;0;0;1;N;9.486351;44;44;11;5;5;262.597;0;9999.99;13.72;13.85116;2;9;23.1;0;23.1000003814697;5.99;1497.99358;07/13/16;16:59:03;22.19;10.56;5.99;-0.026;8.38;-80.3;292.9;71.6;-2836;114.7;9.66;12.3;
33.4452272118656;-118.484841818091;17:02:02.97;7/13/2016;6;1.195;341.58;12.0453350093692;1.97;275.4;288.48;1.78;9.5;26.1;.01;13.44;13.45;91;62;553.1;16.1;-3.8;D;595;19;102.716;2;1.73;188;307.12;-118.4857246;33.44578463;0;0;1;N;9.58427;64;64;11;14;14;262.3053;0;9999.99;13.42;13.55058;2;9;23.1;0;23.1000003814697;5.99;1497.99358;07/13/16;16:59:03;22.19;10.56;5.99;-0.026;8.38;-80.3;292.9;71.6;-2836;114.7;9.66;12.3;
33.4452332249298;-118.484852228055;17:02:03.98;7/13/2016;6;2.12;327.49;12.0453350093692;1.97;270.3;283.29;0.55;20.7;26.1;.00;13.92;13.92;91;63;553.0;16.1;-3.9;D;583;19;101.542;2;1.77;188;307.14;-118.4857246;33.44578463;0;0;1;N;9.42784;71;71;11;32;32;262.7652;0;9999.99;13.94;14.067;2;9;23.1;0;23.1000003814697;33.76;1528.30864;07/13/16;16:59:04;22.18;51.32;33.76;0.079;8.38;-80.7;1.0;-4.5;-2298;114.7;8.22;12.4;
33.4452294834365;-118.484855644138;17:02:05.00;7/13/2016;6;1.793;308.23;12.0453350093692;1.97;267.2;280.13;-1.6;21.5;26.1;.01;13.51;13.53;91;63;553.0;16.1;-3.9;D;583;19;101.542;2;1.81;188;307.44;-118.4857246;33.44578463;0;0;1;N;8.919331;47;47;11;64;64;264.341;0;9999.99;13.51;13.63482;2;9;23.1;0;23.1000003814697;33.66;1528.19961;07/13/16;16:59:06;22.18;51.18;33.66;0.139;8.38;-80.4;13.7;-4.2;-3740;114.8;8.23;12.2;
33.4452332654609;-118.484866978091;17:02:06.02;7/13/2016;6;2.185;308.23;12.0453350093692;1.96;258.5;271.22;0.1;12.3;26.1;.02;12.76;12.78;91;63;553.0;16.1;-3.9;D;583;19;100.452;2;1.73;188;307.61;-118.4857246;33.44578463;0;0;1;N;8.538328;58;58;11;104;104;265.5861;0;9999.99;12.74;12.86773;2;9;23.1;0;23.1000003814697;33.66;1528.19961;07/13/16;16:59:06;22.18;51.18;33.66;0.139;8.38;-80.4;13.7;-4.2;-3740;114.8;8.23;12.2;
33.4452346946707;-118.48487779589;17:02:07.03;7/13/2016;6;2.103;308.23;12.0453350093692;1.96;258.4;271.12;2.87;12.7;26.1;.01;13.70;13.71;91;63;553.0;16.1;-3.9;D;583;19;99.561;2;1.8;188;307.89;-118.4857246;33.44578463;0;0;1;N;7.989684;74;74;11;112;112;267.4865;0;9999.99;13.71;13.83524;2;9;23.1;0;23.1000003814697;33.82;1528.37479;07/13/16;16:59:08;22.17;51.40;33.82;-0.033;8.38;-80.4;0.9;-4.7;-4194;114.9;8.23;12.3;
33.4452333547707;-118.484878476928;17:02:08.03;7/13/2016;6;1.956;293.64;12.0453350093692;1.96;257.1;269.78;-1.24;10.6;26.1;.00;13.89;13.90;91;63;553.0;16.1;-3.9;D;586.7;19;99.603;2;1.88;188;307.98;-118.4857246;33.44578463;0;0;1;N;7.825041;50;50;11;120;120;268.0828;0;32.87;13.91;46.91382;2;9;23.1;0;23.1000003814697;33.82;1528.37479;07/13/16;16:59:08;22.17;51.40;33.82;-0.033;8.38;-80.4;0.9;-4.7;-4194;114.9;8.23;12.3;
33.4452331302918;-118.484889847285;17:02:09.06;7/13/2016;6;2.131;281.12;12.0453350093692;1.96;260.5;273.27;-0.26;14;26.1;.00;14.41;14.41;91;63;553.0;16.1;-3.9;D;586.7;19;98.789;2;1.9;188;308.37;-118.4857246;33.44578463;0;0;1;N;7.098942;55;55;11;117;117;270.8617;0;9999.99;14.39;14.517;2;9;23.1;0;23.1000003814697;33.83;1528.38476;07/13/16;16:59:10;22.14;51.41;33.83;0.059;8.38;-80.7;1.1;-2.7;-1687;114.8;8.23;12.4;
33.4452347618374;-118.484899881406;17:02:10.06;7/13/2016;6;1.923;282.56;12.0453350093692;1.96;264.3;277.17;-0.44;18.2;26.1;.00;14.10;14.11;91;63;553.0;16.1;-3.9;D;586.7;19;97.947;2;1.83;188;308.63;-118.4857246;33.44578463;0;0;1;N;6.595706;54;54;11;110;110;272.9443;0;9999.99;14.11;14.23571;2;9;23.1;0;23.1000003814697;33.83;1528.38476;07/13/16;16:59:10;22.14;51.41;33.83;0.059;8.38;-80.7;1.1;-2.7;-1687;114.8;8.23;12.4;
33.4452372421461;-118.484909823382;17:02:11.08;7/13/2016;6;1.911;282.56;12.0453350093692;1.96;267.6;280.54;-1.28;10.4;26.1;.00;14.31;14.31;91;55;552.9;16.1;-3.4;D;674.3;19;97.055;2;1.86;188;308.84;-118.4857246;33.44578463;0;0;1;N;6.162469;49;49;11;104;104;274.8406;0;9999.99;14.31;14.43288;2;9;23.1;0;23.1000003814697;33.83;1528.38503;07/13/16;16:59:12;22.11;51.41;33.83;0.091;8.38;-80.4;1.6;-0.3;446;114.8;8.23;12.2;
33.4452417630174;-118.484921739392;17:02:12.08;7/13/2016;6;2.086;285.62;12.0453350093692;1.96;268.7;281.66;1.96;7.9;26.1;.00;14.72;14.72;91;55;552.9;16.1;-3.4;D;674.3;19;95.879;2;1.88;188;309.02;-118.4857246;33.44578463;0;0;1;N;5.785364;66;66;11;107;107;276.5759;0;9999.99;14.71;14.84019;2;9;23.1;0;23.1000003814697;33.83;1528.38503;07/13/16;16:59:12;22.11;51.41;33.83;0.091;8.38;-80.4;1.6;-0.3;446;114.8;8.23;12.2;
33.4452427916927;-118.484930304675;17:02:13.11;7/13/2016;6;1.939;287.47;12.0453350093692;1.96;270.3;283.29;-0.82;13.7;26.1;.00;15.00;15.00;91;62;552.9;16.1;-3.8;D;593.1;19;95.191;2;1.88;188;309.27;-118.4857246;33.44578463;0;0;1;N;5.335426;52;52;11;109;109;278.7482;0;9999.99;15.02;15.147;2;9;23.1;0;23.1000003814697;33.84;1528.39589;07/13/16;16:59:14;22.09;51.42;33.84;-0.146;8.38;-80.6;1.3;-5.4;-1174;114.8;8.23;12.4;
33.4452414550706;-118.484939428621;17:02:14.13;7/13/2016;6;1.988;279.19;12.0453350093692;1.96;273.9;286.95;0.13;19.7;26.1;.00;14.99;14.99;91;62;552.9;16.1;-3.8;D;593.1;19;94.632;2;1.89;189;309.66;-118.4857246;33.44578463;0;0;1;N;4.648745;60;60;11;105;105;282.2874;0;9999.99;14.99;15.11496;2;9;23.1;0;23.1000003814697;33.84;1528.39589;07/13/16;16:59:14;22.09;51.42;33.84;-0.146;8.38;-80.6;1.3;-5.4;-1174;114.8;8.23;12.4;
33.4452435814491;-118.484944565162;17:02:15.14;7/13/2016;6;2.149;279.19;12.0453350093692;1.96;272.2;285.22;-0.97;7.1;26;.01;14.33;14.33;91;62;552.9;16.1;-3.8;D;593.1;19;94.114;2;1.88;189;309.74;-118.4857246;33.44578463;0;0;1;N;4.497407;51;51;11;119;119;283.1059;0;9999.99;14.33;14.45614;2;9;23.1;0;23.1000003814697;33.83;1528.38532;07/13/16;16:59:16;22.08;51.42;33.83;-0.014;8.37;-79.9;1.6;-1.3;-1040;114.8;8.23;12.3;
33.4452446634203;-118.484953757041;17:02:16.14;7/13/2016;6;2.019;283.63;12.0453350093692;1.96;276.7;289.8;0.49;13.9;26;.00;45.60;45.60;91;62;552.9;16.1;-3.8;D;593.1;19;93.382;2;1.87;189;310.01;-118.4857246;33.44578463;0;0;1;N;4.005904;61;61;11;106;106;285.8499;0;9999.99;45.59;45.717;2;9;23.1;0;23.1000003814697;33.84;1528.39613;07/13/16;16:59:17;22.07;51.42;33.84;-0.046;8.37;-80.2;1.7;-2.9;-663;114.7;8.23;12.4;
33.4452430074965;-118.48495884934;17:02:17.14;7/13/2016;6;2.024;289.54;12.0453350093692;1.96;278.6;291.73;-1.6;10.6;26;.00;15.68;15.68;91;60;552.9;16.1;-3.7;D;615.6;19;93.140;2;1.8;189;310.29;-118.4857246;33.44578463;0;0;1;N;3.551351;47;47;11;114;114;288.5115;0;9999.99;15.66;15.78888;2;9;23.1;0;23.1000003814697;33.84;1528.39613;07/13/16;16:59:17;22.07;51.42;33.84;-0.046;8.37;-80.2;1.7;-2.9;-663;114.7;8.23;12.4;
33.4452477403425;-118.484970298022;17:02:18.14;7/13/2016;6;1.925;288.22;12.0453350093692;1.96;281.6;294.77;0.55;11.4;26;.00;15.68;15.68;91;60;552.9;16.1;-3.7;D;615.6;19;91.990;2;1.83;189;310.47;-118.4857246;33.44578463;0;0;1;N;3.211461;60;60;11;110;110;290.5768;0;9999.99;15.66;15.78888;2;9;23.1;0;23.1000003814697;33.84;1528.39575;07/13/16;16:59:19;22.07;51.42;33.84;0.003;8.38;-80.5;1.8;1.9;-567;114.7;8.23;12.4;
33.4452501098497;-118.484979343072;17:02:19.14;7/13/2016;5;1.51;288.22;12.0453350093692;2.41;282.9;296.09;-1.36;13.9;26;.01;16.07;16.08;91;60;552.9;16.1;-3.7;D;615.6;19;91.181;2;1.9;189;310.68;-118.4857246;33.44578463;0;0;1;N;2.835585;49;49;11;114;114;292.9325;0;9999.99;16.06;16.18783;2;9;23.1;0;23.1000003814697;33.84;1528.39575;07/13/16;16:59:19;22.07;51.42;33.84;0.003;8.38;-80.5;1.8;1.9;-567;114.7;8.23;12.4;
33.4452544333265;-118.484991612999;17:02:20.16;7/13/2016;6;2.304;289.25;12.0453350093692;1.96;291.7;304.99;-2.56;13.2;26;.00;16.07;16.08;91;60;552.8;16.1;-3.7;D;614.9;19;90.005;2;1.89;189;310.92;-118.4857246;33.44578463;0;0;1;N;2.405693;43;43;11;90;90;295.7129;0;9999.99;16.06;16.18783;2;9;23.1;0;23.1000003814697;33.84;1528.3961;07/13/16;16:59:21;22.06;51.43;33.84;0.132;8.38;-80.4;2.2;-3.2;-1241;114.6;8.22;12.4;
33.4452626508712;-118.484998303994;17:02:21.16;7/13/2016;6;2.086;300.97;12.0453350093692;1.96;292.7;306;1.01;20.1;26;.01;15.65;15.66;91;60;552.8;16.1;-3.7;D;614.9;19;88.938;2;1.85;189;310.74;-118.4857246;33.44578463;0;0;1;N;2.654608;63;63;11;77;77;294.0919;0;31.55;15.63;47.30818;2;9;23.1;0;23.1000003814697;33.84;1528.3961;07/13/16;16:59:21;22.06;51.43;33.84;0.132;8.38;-80.4;2.2;-3.2;-1241;114.6;8.22;12.4;
33.4452707744538;-118.485007879298;17:02:22.17;7/13/2016;6;1.987;307.68;12.0453350093692;1.96;285.3;298.52;-1.57;6.34;26;.00;16.43;16.44;91;60;552.8;16.1;-3.7;D;614.9;19;87.675;2;1.93;189;310.67;-118.4857246;33.44578463;0;0;1;N;2.730113;55;55;11;90;90;293.6059;0;9999.99;16.42;16.547;2;9;23.1;0;23.1000003814697;33.84;1528.39666;07/13/16;16:59:22;22.06;51.43;33.84;0.179;8.38;-80.3;1.4;-1.6;-1734;114.6;8.22;12.4;
33.4452774234517;-118.485017329468;17:02:23.17;7/13/2016;6;1.958;310.1;12.0453350093692;1.96;289.8;303.07;-0.11;14.2;26.1;.00;16.63;16.63;91;60;552.8;16.1;-3.7;D;614.9;19;86.528;2;1.96;189;310.68;-118.4857246;33.44578463;0;0;1;N;2.69207;56;56;11;90;90;293.8507;0;9999.99;16.63;16.75296;2;9;23.1;0;23.1000003814697;33.82;1528.37389;07/13/16;16:59:24;22.05;51.40;33.82;0.000;8.38;-80.4;1.6;-1.1;-1785;114.5;8.22;12.4;
33.4452852490185;-118.485025067009;17:02:24.17;7/13/2016;6;1.694;310.1;12.0453350093692;1.96;292.7;306;1.14;10.3;26;.00;16.81;16.81;91;60;552.7;16.1;-3.7;D;611.7;19;85.417;2;1.93;189;310.55;-118.4857246;33.44578463;0;0;1;N;2.840407;64;64;11;75;75;292.9015;0;9999.99;16.82;16.9481;2;9;23.1;0;23.1000003814697;33.82;1528.37389;07/13/16;16:59:24;22.05;51.40;33.82;0.000;8.38;-80.4;1.6;-1.1;-1785;114.5;8.22;12.4;
33.4452912933236;-118.485033452714;17:02:25.17;7/13/2016;6;1.798;311.81;12.0453350093692;1.96;290.3;303.57;-1.11;8.6;26;.01;16.81;16.82;91;60;552.7;16.1;-3.7;D;611.7;19;84.389;2;1.95;189;310.55;-118.4857246;33.44578463;0;0;1;N;2.823881;46;46;11;101;101;293.0068;0;9999.99;16.82;16.9481;2;9;23.1;0;23.1000003814697;33.85;1528.4068;07/13/16;16:59:26;22.03;51.44;33.85;-0.131;8.38;-80.4;2.3;2.0;-3169;114.5;8.22;12.2;
33.4452947097339;-118.485040223993;17:02:26.17;7/13/2016;6;1.388;311.81;12.0453350093692;1.96;290.3;303.57;1.62;15.2;26.1;.01;16.83;16.84;91;60;552.7;16.1;-3.7;D;611.7;19;83.665;2;2;189;310.63;-118.4857246;33.44578463;0;0;1;N;2.673647;67;67;11;90;90;293.9695;0;9999.99;16.82;16.947;2;9;23.1;0;23.1000003814697;33.85;1528.4068;07/13/16;16:59:26;22.03;51.44;33.85;-0.131;8.38;-80.4;2.3;2.0;-3169;114.5;8.22;12.2;
33.4453015951021;-118.485049602089;17:02:27.19;7/13/2016;6;2.051;310.28;12.0453350093692;1.96;294.2;307.52;-1.06;9.7;26;.00;17.06;17.06;91;63;552.7;16.1;-3.9;D;588.5;19;82.506;2;1.98;189;310.62;-118.4857246;33.44578463;0;0;1;N;2.641999;51;51;11;74;74;294.1732;0;9999.99;17.05;17.177;2;9;23.1;0;23.1000003814697;33.85;1528.40691;07/13/16;16:59:28;22.04;51.44;33.85;-0.155;8.37;-80.1;1.6;1.7;-1627;114.5;8.22;12.3;
33.4453111642236;-118.485058541774;17:02:28.19;7/13/2016;6;2.108;308.95;12.0453350093692;1.96;290.8;304.08;0.25;12.5;26;.00;16.85;16.85;91;63;552.7;16.1;-3.9;D;588.5;19;81.184;2;1.99;189;310.43;-118.4857246;33.44578463;0;0;1;N;2.871834;57;57;11;77;77;292.7021;0;9999.99;16.84;16.9719;2;9;23.1;0;23.1000003814697;33.85;1528.40691;07/13/16;16:59:28;22.04;51.44;33.85;-0.155;8.37;-80.1;1.6;1.7;-1627;114.5;8.22;12.3;
33.4453162450056;-118.485066501319;17:02:29.20;7/13/2016;6;1.935;308.95;12.0453350093692;1.96;288.1;301.35;-1.13;11.5;26;.01;17.31;17.32;91;63;552.7;16.1;-3.9;D;588.5;19;80.255;2;2.04;189;310.46;-118.4857246;33.44578463;0;0;1;N;2.79436;50;50;11;94;94;293.1952;0;9999.99;17.30;17.42911;2;9;23.1;0;23.1000003814697;33.85;1528.40714;07/13/16;16:59:30;22.05;51.43;33.85;-0.044;8.37;-80.2;1.2;-7.9;-1121;114.3;8.20;12.3;
33.4453207473846;-118.485079364766;17:02:30.23;7/13/2016;6;2.211;306.92;12.0453350093692;1.96;288.6;301.85;1.65;18.7;25.9;.01;16.78;16.79;91;63;552.7;16.1;-3.9;D;588.5;19;79.023;2;2;189;310.75;-118.4857246;33.44578463;0;0;1;N;2.361198;67;67;11;104;104;296.0053;0;9999.99;16.80;16.92354;2;9;23.1;0;23.1000003814697;33.85;1528.40714;07/13/16;16:59:30;22.05;51.43;33.85;-0.044;8.37;-80.2;1.2;-7.9;-1121;114.3;8.20;12.3;
33.4453273705132;-118.485089393984;17:02:31.27;7/13/2016;6;2.327;306.92;12.0453350093692;1.96;294.9;308.22;-1.08;14.8;25.9;.01;36.26;36.27;91;62;552.6;16.1;-3.8;D;598.7;19;77.838;2;1.92;189;310.79;-118.4857246;33.44578463;0;0;1;N;2.267501;51;51;11;81;81;296.6244;0;9999.99;36.24;36.36766;2;9;23.1;0;23.1000003814697;33.84;1528.39679;07/13/16;16:59:32;22.06;51.43;33.84;-0.038;8.38;-80.4;1.6;-5.3;-1623;114.3;8.20;12.2;
33.4453352877614;-118.48509863527;17:02:32.27;7/13/2016;6;2.504;306.92;12.0453350093692;1.96;289.7;302.97;2.36;11.8;26;.01;17.28;17.29;91;62;552.6;16.1;-3.8;D;598.7;19;76.613;2;1.95;189;310.71;-118.4857246;33.44578463;0;0;1;N;2.343012;71;71;11;100;100;296.1254;0;9999.99;17.29;17.41859;2;9;23.1;0;23.1000003814697;33.84;1528.39679;07/13/16;16:59:32;22.06;51.43;33.84;-0.038;8.38;-80.4;1.6;-5.3;-1623;114.3;8.20;12.2;
33.44534246281;-118.48510795844;17:02:33.27;7/13/2016;6;2.425;308.42;12.0453350093692;1.95;280.3;293.45;-4.58;13.7;26;.01;17.09;17.11;91;62;552.6;16.1;-3.8;D;598.7;19;75.437;2;1.95;189;310.67;-118.4857246;33.44578463;0;0;1;N;2.365527;43;43;11;137;137;295.9769;0;9999.99;17.05;17.18135;2;9;23.1;0;23.1000003814697;33.83;1528.38542;07/13/16;16:59:34;22.05;51.41;33.83;-0.159;8.38;-80.4;1.4;-4.1;-3628;114.4;8.21;12.3;
33.4453476842907;-118.485118966823;17:02:34.30;7/13/2016;6;2.253;303.81;12.0453350093692;1.95;281.6;294.77;-2.61;16.5;25.9;.03;16.69;16.71;91;59;552.6;16.1;-3.6;D;628.2;19;74.285;2;1.98;189;310.85;-118.4857246;33.44578463;0;0;1;N;2.108816;43;43;11;139;139;297.6821;0;9999.99;16.66;16.79047;2;9;23.1;0;23.1000003814697;33.54;1528.06912;07/13/16;16:59:35;22.05;51.02;33.54;0.310;8.38;-80.4;1.7;0.4;-1978;114.3;8.22;12.5;
33.4453539886437;-118.485130088437;17:02:35.30;7/13/2016;6;2.404;304.07;12.0453350093692;1.95;285.9;299.12;1.66;16.2;26;.03;16.69;16.71;91;59;552.6;16.1;-3.6;D;628.2;19;73.046;2;1.95;189;310.96;-118.4857246;33.44578463;0;0;1;N;1.921527;67;67;11;126;126;298.9433;0;17.55;16.66;34.33944;2;9;23.1;0;23.1000003814697;33.82;1528.37659;07/13/16;16:59:36;22.04;51.41;33.82;0.319;8.37;-80.0;2.1;-3.9;-3763;114.4;8.21;12.4;
33.4453604646437;-118.485138953826;17:02:36.30;7/13/2016;6;2.236;304.07;12.0453350093692;1.95;287.9;301.15;-2.41;14.9;26;.01;16.69;16.69;91;59;552.6;16.1;-3.6;D;628.2;19;71.953;2;1.9;189;310.96;-118.4857246;33.44578463;0;0;1;N;1.887304;43;43;11;119;119;299.1754;0;7.23;16.66;24.02223;2;9;23.1;0;23.1000003814697;33.82;1528.37659;07/13/16;16:59:36;22.04;51.41;33.82;0.319;8.37;-80.0;2.1;-3.9;-3763;114.4;8.21;12.4;
33.4453676666667;-118.485148333333;17:02:37.30;7/13/2016;6;1.991;304.07;12.0453350093692;1.95;294.4;307.72;0.09;19;26;.02;16.69;16.71;91;59;552.6;16.1;-3.6;D;628.2;19;70.969;2;1.9;189;311.08;-118.4857246;33.44578463;0;0;1;N;1.69885;55;55;11;94;94;300.4604;0;9999.99;16.66;16.79047;2;9;23.1;0;23.1000003814697;33.83;1528.38536;07/13/16;16:59:38;22.02;51.41;33.83;0.201;8.37;-80.2;1.6;-3.7;-1647;114.4;8.21;12.5;
33.4453728979902;-118.485156814552;17:02:38.30;7/13/2016;6;1.991;304.07;12.0453350093692;1.95;294.8;308.12;3.2;17;26;.03;18.19;18.23;91;60;552.5;16.1;-3.7;D;614.2;19;69.795;2;1.97;189;310.99;-118.4857246;33.44578463;0;0;1;N;1.783593;76;76;11;103;103;299.881;0;9999.99;18.22;18.34758;2;9;23.1;0;23.1000003814697;33.83;1528.38536;07/13/16;16:59:38;22.02;51.41;33.83;0.201;8.37;-80.2;1.6;-3.7;-1647;114.4;8.21;12.5;
33.4453764364934;-118.485162920801;17:02:39.30;7/13/2016;6;0.979;304.07;12.0453350093692;1.95;289;302.26;0.05;17.5;26;.01;17.86;17.87;91;60;552.5;16.1;-3.7;D;614.2;19;69.109;2;2;189;311.05;-118.4857246;33.44578463;0;0;1;N;1.696907;57;57;11;120;120;300.4738;0;40.63;17.87;58.63028;2;9;23;0;23.1000003814697;33.85;1528.40825;07/13/16;16:59:40;22.02;51.43;33.85;-0.125;8.37;-80.2;2.0;-5.2;-1552;114.2;8.20;12.4;
33.4453795;-118.485167666667;17:02:40.33;7/13/2016;6;1.604;304.07;12.0453350093692;1.95;291.8;305.09;-1.86;4.93;26;.00;18.70;18.71;91;60;552.5;16.1;-3.7;D;614.2;19;68.403;2;1.93;189;310.96;-118.4857246;33.44578463;0;0;1;N;1.795312;44;44;11;109;109;299.801;0;9999.99;18.69;18.817;2;9;23;0;23.1000003814697;33.85;1528.40825;07/13/16;16:59:40;22.02;51.43;33.85;-0.125;8.37;-80.2;2.0;-5.2;-1552;114.2;8.20;12.4;
33.4453841666667;-118.485176166667;17:02:41.34;7/13/2016;6;1.983;304.07;12.0453350093692;1.95;292.3;305.6;1.12;18.2;26;.00;17.75;17.75;91;60;552.5;16.1;-3.7;D;614.2;19;67.589;2;2;189;311.11;-118.4857246;33.44578463;0;0;1;N;1.6004;58;58;11;117;117;301.1368;0;9999.99;17.75;17.87416;2;9;23;0;23;33.81;1528.10853;07/13/16;16:59:42;22.02;51.39;33.81;0.044;8.38;-80.6;1.5;-3.3;-157;114.1;8.20;12.4;
33.4453883333333;-118.485184166667;17:02:42.34;7/13/2016;6;2.232;308.17;12.0453350093692;1.95;293.6;306.91;-2.13;9.4;26;.00;18.74;18.74;91;57;552.5;16.1;-3.5;D;648.7;19;66.591;2;2.05;189;311.24;-118.4857246;33.44578463;0;0;1;N;1.422165;43;43;11;127;127;302.3693;0;9999.99;18.72;18.8505;2;9;23;0;23;33.81;1528.10853;07/13/16;16:59:42;22.02;51.39;33.81;0.044;8.38;-80.6;1.5;-3.3;-157;114.1;8.20;12.4;
33.4453953333333;-118.485192666667;17:02:43.34;7/13/2016;6;1.941;306.17;12.0453350093692;1.95;297;310.35;-0.22;11.5;25.9;.01;18.49;18.50;91;57;552.5;16.1;-3.5;D;648.7;19;65.671;2;2.05;189;311.29;-118.4857246;33.44578463;0;0;1;N;1.330005;53;53;11;100;100;303.0103;0;9999.99;18.48;18.60653;2;9;23;0;23;33.85;1528.15233;07/13/16;16:59:43;22.02;51.44;33.85;-0.197;8.38;-80.4;1.6;-7.3;-4935;114.1;8.19;12.4;
33.4454008333333;-118.485203333333;17:02:44.34;7/13/2016;6;2.018;306.17;12.0453350093692;1.95;293.9;307.21;0.99;17;25.9;.00;18.50;18.50;91;57;552.5;16.1;-3.5;D;648.7;19;64.579;2;2.01;189;311.22;-118.4857246;33.44578463;0;0;1;N;1.388381;69;69;11;102;102;302.604;0;9999.99;18.52;18.64403;2;9;23.1;0;23;33.83;1528.13103;07/13/16;16:59:45;22.02;51.41;33.83;0.038;8.38;-80.6;1.7;-4.4;-3699;114.0;8.18;12.4;
33.4454056666667;-118.485210333333;17:02:45.34;7/13/2016;6;2.057;309.17;12.0453350093692;1.95;305.1;318.54;-0.62;9.1;26;.00;19.30;19.30;91;62;552.4;16.1;-3.9;D;588.9;19;63.478;2;1.96;189;311.38;-118.4857246;33.44578463;0;0;1;N;1.166592;53;53;11;69;69;304.1529;0;32.55;19.29;51.967;2;9;23;0;23;33.83;1528.13103;07/13/16;16:59:45;22.02;51.41;33.83;0.038;8.38;-80.6;1.7;-4.4;-3699;114.0;8.18;12.4;
33.4454135;-118.485218166667;17:02:46.34;7/13/2016;6;2.286;321.88;12.0453350093692;1.95;302;315.4;0.91;18.4;26;.00;18.20;18.20;91;62;552.4;16.1;-3.9;D;588.9;19;62.675;2;1.99;189;311.32;-118.4857246;33.44578463;0;0;1;N;1.215346;62;62;11;81;81;303.8113;0;9999.99;18.21;18.33832;2;9;23;0;23;33.85;1528.15265;07/13/16;16:59:47;22.02;51.43;33.85;-0.006;8.37;-80.2;1.8;-2.5;-3332;113.9;8.18;12.4;
33.4454178333333;-118.485223333333;17:02:47.36;7/13/2016;6;1.816;318.07;12.0453350093692;1.95;298.6;311.96;-1.23;19.6;26;.00;18.46;18.46;91;62;552.4;16.1;-3.9;D;588.9;19;61.535;2;1.95;189;311.25;-118.4857246;33.44578463;0;0;1;N;1.280113;51;51;11;91;91;303.3586;0;9999.99;18.45;18.58082;2;9;23;0;23;33.85;1528.15265;07/13/16;16:59:47;22.02;51.43;33.85;-0.006;8.37;-80.2;1.8;-2.5;-3332;113.9;8.18;12.4;
33.4454206630783;-118.485229970714;17:02:48.38;7/13/2016;6;2.177;319.19;12.0453350093692;1.95;298.4;311.76;-0.94;9.6;25.9;.00;19.28;19.28;91;62;552.4;16.1;-3.9;D;588.9;19;61.189;2;2;189;311.41;-118.4857246;33.44578463;0;0;1;N;1.378492;51;51;11;98;98;304.5943;0;9999.99;19.27;19.397;2;9;23;0;23;33.83;1528.13045;07/13/16;16:59:49;22.01;51.41;33.83;-0.026;8.37;-80.1;0.5;-1.7;-1368;113.8;8.18;12.4;
33.4454282003075;-118.485238800158;17:02:49.38;7/13/2016;6;2.052;316.75;12.0453350093692;1.95;299.3;312.67;-0.01;16.2;25.9;.00;19.16;19.17;91;63;552.4;16.1;-3.9;D;586.6;19;60.020;2;2.05;189;311.33;-118.4857246;33.44578463;0;0;1;N;1.169478;57;57;11;93;93;304.1586;0;9999.99;19.16;19.28659;2;9;23;0;23;33.83;1528.13045;07/13/16;16:59:49;22.01;51.41;33.83;-0.026;8.37;-80.1;0.5;-1.7;-1368;113.8;8.18;12.4;
33.4454365696972;-118.485250047095;17:02:50.38;7/13/2016;6;2.199;318.74;12.0453350093692;1.95;298.9;312.27;0.93;16.1;26;.00;19.25;19.25;91;63;552.4;16.1;-3.9;D;586.6;19;58.622;2;2.04;189;311.32;-118.4857246;33.44578463;0;0;1;N;1.222003;63;63;11;95;95;304.2447;0;57.01;19.26;76.39439;2;9;23;0;23;33.85;1528.15252;07/13/16;16:59:50;22.01;51.44;33.85;-0.107;8.37;-80.2;1.9;-1.1;-697;113.8;8.17;12.3;
33.4454459815102;-118.485261333736;17:02:51.39;7/13/2016;7;2.525;315.48;12.0453350093692;1.95;298.2;311.56;-1.38;11.4;26.1;.00;19.16;19.16;91;63;552.4;16.1;-3.9;D;586.6;19;57.145;2;2.02;189;311.22;-118.4857246;33.44578463;0;0;1;N;1.192875;49;49;11;96;96;303.7786;0;9999.99;19.16;19.28699;2;9;23;0;23;33.84;1528.14135;07/13/16;16:59:52;22.01;51.42;33.84;-0.114;8.37;-80.2;1.0;-3.5;-3529;113.8;8.18;12.2;
33.4454573578839;-118.485270654133;17:02:52.39;7/13/2016;7;2.788;316.93;12.0453350093692;1.95;290.7;303.98;0.86;12.9;26;.00;19.44;19.44;91;57;552.3;16.1;-3.5;D;643.2;19;55.662;2;2.05;189;310.83;-118.4857246;33.44578463;0;0;1;N;1.312809;62;62;11;116;116;301.2111;0;9999.99;19.45;19.57788;2;9;23;0;23;33.84;1528.14135;07/13/16;16:59:52;22.01;51.42;33.84;-0.114;8.37;-80.2;1.0;-3.5;-3529;113.8;8.18;12.2;
33.4454599293235;-118.485276660741;17:02:53.39;7/13/2016;6;2.135;315.45;12.0453350093692;1.95;300.9;314.29;-0.36;11;26.1;.00;19.50;19.50;91;57;552.3;16.1;-3.5;D;643.2;19;55.054;2;2.02;189;310.98;-118.4857246;33.44578463;0;0;1;N;1.611974;55;55;11;80;80;302.537;0;9999.99;19.50;19.62793;2;9;23;0;23;33.84;1528.14163;07/13/16;16:59:53;22.01;51.42;33.84;0.057;8.38;-80.4;1.3;-6.3;-2957;113.9;8.18;12.4;
33.4454606628755;-118.485282731123;17:02:54.41;7/13/2016;7;2.067;316.81;12.0453350093692;1.95;296.3;309.64;1.35;19.8;26.1;.00;19.26;19.26;91;57;552.3;16.1;-3.5;D;643.2;19;54.576;2;1.98;189;311.31;-118.4857246;33.44578463;0;0;1;N;1.452745;64;64;11;106;106;304.6861;0;32.01;19.27;51.41156;2;9;23;0;23;33.84;1528.14166;07/13/16;16:59:55;22.00;51.43;33.84;-0.064;8.38;-80.5;0.7;-6.0;-1827;113.8;8.18;12.4;
33.4454646499956;-118.485287802909;17:02:55.44;7/13/2016;7;1.687;316.81;12.0453350093692;1.52;298.7;312.07;-1.23;12.5;26.1;.00;19.42;19.42;91;57;552.3;16.1;-3.5;D;643.2;19;53.930;2;1.99;189;311.28;-118.4857246;33.44578463;0;0;1;N;1.062028;50;50;11;97;97;304.6755;0;9999.99;19.41;19.54035;2;9;23;0;23;33.84;1528.14166;07/13/16;16:59:55;22.00;51.43;33.84;-0.064;8.38;-80.5;0.7;-6.0;-1827;113.8;8.18;12.4;
33.445468065605;-118.485290163065;17:02:56.44;7/13/2016;7;1.181;316.81;12.0453350093692;1.52;297.5;310.85;1.33;12.9;26.1;.01;19.92;19.92;91;62;552.3;16.1;-3.8;D;592.1;19;53.515;2;2;189;311.13;-118.4857246;33.44578463;0;0;1;N;1.217154;61;61;11;81;81;303.7988;0;9999.99;19.91;20.037;2;9;23;0;23;33.84;1528.14159;07/13/16;16:59:57;22.00;51.42;33.84;0.059;8.38;-80.5;0.1;-2.8;-1292;113.8;8.17;12.4;
33.4454727462387;-118.485294173936;17:02:57.45;7/13/2016;7;1.684;316.03;12.0453350093692;1.52;296.7;310.04;-0.1;20.2;26;.01;19.09;19.10;91;62;552.3;16.1;-3.8;D;592.1;19;52.892;2;2.03;189;310.97;-118.4857246;33.44578463;0;0;1;N;1.249442;64;64;11;88;88;302.8345;0;9999.99;19.11;19.23883;2;9;23;0;23;33.84;1528.14196;07/13/16;16:59:58;22.00;51.42;33.84;-0.057;8.38;-80.4;1.5;0.5;-3543;113.7;8.17;12.3;
33.4454814052194;-118.485301007073;17:02:58.45;7/13/2016;7;1.893;316.7;12.0453350093692;1.52;300.4;313.78;-1.39;7.96;26;.01;20.60;20.61;91;62;552.3;16.1;-3.8;D;592.1;19;51.783;2;1.98;189;310.63;-118.4857246;33.44578463;0;0;1;N;1.426172;47;47;11;62;62;300.968;0;9999.99;20.59;20.717;2;9;23;0;23;33.84;1528.14196;07/13/16;16:59:58;22.00;51.42;33.84;-0.057;8.38;-80.4;1.5;0.5;-3543;113.7;8.17;12.3;
33.4454841567702;-118.485304627757;17:02:59.48;7/13/2016;7;1.502;316.7;12.0453350093692;1.52;295.3;308.63;1.98;14.1;26;.01;19.43;19.44;91;60;552.2;16.1;-3.7;D;609.3;19;51.329;2;2.01;189;310.61;-118.4857246;33.44578463;0;0;1;N;1.641344;69;69;11;96;96;300.8552;0;9999.99;19.45;19.5759;2;9;23;0;23;33.83;1528.13083;07/13/16;17:00:00;21.99;51.42;33.83;0.063;8.38;-80.4;0.7;-2.4;-4405;113.7;8.17;12.3;
33.4454869713825;-118.485310813555;17:03:00.50;7/13/2016;7;1.452;316.7;12.0453350093692;1.52;298.8;312.17;-2.41;12.1;26;.01;19.94;19.95;91;60;552.2;16.1;-3.7;D;609.3;19;50.690;2;2;189;310.77;-118.4857246;33.44578463;0;0;1;N;1.479389;43;43;11;86;86;301.9726;0;9999.99;19.94;20.06491;2;9;23;0;23;33.83;1528.13104;07/13/16;17:00:01;21.98;51.42;33.83;-0.130;8.38;-80.4;1.4;0.8;-4446;113.7;8.17;12.4;
33.4454929713588;-118.485320327888;17:03:01.52;7/13/2016;6;2.048;316.7;12.0453350093692;1.94;296.7;310.04;1.07;20.3;26;.01;19.46;19.47;91;60;552.2;16.1;-3.7;D;609.3;19;49.586;2;2;189;310.85;-118.4857246;33.44578463;0;0;1;N;1.379959;63;63;11;97;97;302.6627;0;9999.99;19.47;19.59548;2;9;23;0;23;33.84;1528.14206;07/13/16;17:00:02;21.98;51.43;33.84;0.056;8.38;-80.3;1.1;-3.6;-2463;113.7;8.17;12.4;
33.4454975083015;-118.485328828309;17:03:02.53;7/13/2016;7;1.977;315.02;12.0453350093692;1.52;295.2;308.53;-0.63;9.1;26.1;.00;20.43;20.43;91;60;552.2;16.1;-3.7;D;609.3;19;48.659;2;2.04;189;311.01;-118.4857246;33.44578463;0;0;1;N;1.221017;53;53;11;108;108;303.7716;0;9999.99;20.44;20.56423;2;9;23;0;23;33.84;1528.14146;07/13/16;17:00:03;21.98;51.43;33.84;-0.082;8.38;-80.3;0.3;0.8;-849;113.7;8.17;12.3;
33.4455025484485;-118.485331994327;17:03:03.53;7/13/2016;7;1.79;321.21;12.0453350093692;1.52;297.3;310.65;-0.89;8.1;26;.00;20.18;20.18;91;61;552.2;16.1;-3.8;D;603.5;19;48.070;2;1.98;189;310.73;-118.4857246;33.44578463;0;0;1;N;1.431719;52;52;11;94;94;302.3031;0;9999.99;20.17;20.29937;2;9;23;0;23;33.84;1528.14139;07/13/16;17:00:04;21.98;51.42;33.84;-0.109;8.18;-69.0;1.1;-2.5;-2782;113.6;8.16;12.4;
33.4455097392526;-118.485337319949;17:03:04.55;7/13/2016;7;1.988;321.63;12.0453350093692;1.52;301.4;314.8;-0.17;9.5;26;.00;19.76;19.76;91;61;552.2;16.1;-3.8;D;603.5;19;47.175;2;1.98;189;310.39;-118.4857246;33.44578463;0;0;1;N;1.68139;56;56;11;70;70;300.5802;0;9999.99;19.77;19.89894;2;9;23;0;23;33.85;1528.15232;07/13/16;17:00:05;21.98;51.43;33.85;-0.001;8.37;-80.0;1.2;-4.1;-1958;113.6;8.16;12.3;
33.4455137476865;-118.48534295033;17:03:05.55;7/13/2016;5;2.628;320.78;12.0453350093692;2.43;296.1;309.44;-4.79;18.3;26;.03;20.16;20.19;91;61;552.2;16.1;-3.8;D;603.5;19;46.488;2;2;189;310.39;-118.4857246;33.44578463;0;0;1;N;1.667109;43;43;11;85;85;300.6782;0;9999.99;20.13;20.25786;2;9;23;0;23;33.79;1528.08868;07/13/16;17:00:06;21.98;51.35;33.79;-0.090;8.37;-80.1;0.5;83.8;91115;113.6;8.16;12.3;
33.4455127404443;-118.485346498858;17:03:06.55;7/13/2016;7;1.268;320.78;12.0453350093692;1.52;301;314.39;-3.94;16.4;26;.07;22.30;22.37;91;63;552.1;16.1;-3.9;D;584.1;19;46.311;2;1.98;189;310.75;-118.4857246;33.44578463;0;0;1;N;1.364905;43;43;11;94;94;302.7675;0;9999.99;22.26;22.38392;2;9;23;0;23;33.84;1528.14458;07/13/16;17:00:07;21.99;51.43;33.84;0.438;8.37;-80.0;2.1;-2.8;-2330;113.5;8.15;12.4;
33.4455097271107;-118.485348391934;17:03:07.55;7/13/2016;7;1.183;320.78;12.0453350093692;2.42;300.9;314.29;1.6;14.8;26;.08;24.61;24.69;91;63;552.1;16.1;-3.9;D;584.1;19;46.398;2;2.01;189;311.21;-118.4857246;33.44578463;0;0;1;N;0.9940627;67;67;11;91;91;305.3665;0;9999.99;24.59;24.717;2;9;23;0;23;33.84;1528.14791;07/13/16;17:00:08;21.99;51.43;33.84;0.509;8.37;-80.2;0.5;-6.0;-1066;113.5;8.15;12.3;
33.4455139488551;-118.485353427178;17:03:08.55;7/13/2016;7;1.335;320.78;12.0453350093692;1.52;297.4;310.75;3.75;16.8;26;.04;24.61;24.64;91;65;552.1;16.1;-4;D;565.9;19;45.738;2;2.14;189;311.15;-118.4857246;33.44578463;0;0;1;N;1.029476;79;79;11;104;104;305.1169;0;9999.99;24.59;24.717;2;9;23;0;23;33.84;1528.14714;07/13/16;17:00:09;21.99;51.43;33.84;0.266;8.38;-80.3;-0.1;-2.2;-2821;113.5;8.15;12.3;
33.4455157220532;-118.485362549258;17:03:09.56;7/13/2016;7;1.67;320.78;12.0453350093692;1.52;301.7;315.1;-1.52;9.5;26;.00;24.61;24.61;91;65;552.1;16.1;-4;D;565.9;19;44.972;2;2.1;189;311.67;-118.4857246;33.44578463;0;0;1;N;0.5963862;47;47;11;101;101;308.1862;0;9999.99;24.59;24.717;2;9;23;0;23;33.84;1528.14164;07/13/16;17:00:10;21.99;51.42;33.84;-0.198;8.38;-80.3;1.2;-0.4;53077;113.5;8.15;12.4;
33.4455246881862;-118.485367932167;17:03:10.56;7/13/2016;7;2.22;322.75;12.0453350093692;1.52;307.7;321.17;2.36;16.4;26;.00;20.81;20.81;91;65;552.1;16.1;-4;D;565.9;19;43.938;2;1.97;189;311.14;-118.4857246;33.44578463;0;0;1;N;0.9803274;71;71;11;64;64;305.4633;0;9999.99;20.80;20.927;2;9;23;0;23;33.85;1528.15241;07/13/16;17:00:11;21.99;51.43;33.85;-0.044;8.37;-80.0;0.1;-3.2;-1236;113.5;8.15;12.4;
33.4455346596987;-118.485375656377;17:03:11.58;7/13/2016;7;2.326;320.18;12.0453350093692;1.52;309.7;323.19;0.3;22.8;26;.00;20.98;20.98;91;65;552.1;16.1;-4;D;565.9;19;42.671;2;1.97;189;310.65;-118.4857246;33.44578463;0;0;1;N;1.313429;59;59;11;47;47;303.1259;0;9999.99;20.99;21.12102;2;9;23;0;23;33.85;1528.1523;07/13/16;17:00:12;22.00;51.43;33.85;-0.149;8.38;-80.3;0.5;-4.9;-4621;113.5;8.15;12.3;
33.4455430345273;-118.485383303896;17:03:12.59;7/13/2016;7;2.055;323.14;12.0453350093692;1.52;300.7;314.09;-0.21;18.3;26;.00;20.92;20.92;91;63;552.0;16.1;-3.9;D;580.9;19;41.526;2;2;189;310.31;-118.4857246;33.44578463;0;0;1;N;1.524735;54;54;11;57;57;301.6588;0;9999.99;20.90;21.02638;2;9;23;0;23;33.84;1528.14134;07/13/16;17:00:13;22.00;51.43;33.84;-0.091;8.38;-80.5;1.1;-0.6;-2139;113.5;8.15;12.4;
33.4455527544734;-118.485398561518;17:03:13.61;7/13/2016;7;1.411;323.14;12.0453350093692;1.52;295.6;308.93;0.05;19;26;.00;21.03;21.03;91;63;552.0;16.1;-3.9;D;580.9;19;39.748;2;2.02;189;310.44;-118.4857246;33.44578463;0;0;1;N;1.391698;57;57;11;102;102;302.581;0;9999.99;21.05;21.1725;2;9;23;0;23;33.84;1528.14134;07/13/16;17:00:14;22.00;51.42;33.84;0.024;8.38;-80.5;0.8;-2.3;-1376;113.5;8.15;12.4;
33.4455631436286;-118.485412119218;17:03:14.63;7/13/2016;7;1.857;315.77;12.0453350093692;1.52;297.6;310.95;-0.69;14.5;26;.00;21.43;21.43;91;63;552.0;16.1;-3.9;D;580.9;19;38.041;2;1.99;189;310.35;-118.4857246;33.44578463;0;0;1;N;1.398046;50;50;11;102;102;302.5368;0;9999.99;21.42;21.547;2;9;23;0;23;33.83;1528.13038;07/13/16;17:00:15;22.00;51.42;33.83;-0.127;8.38;-80.2;1.2;-2.2;-2000;113.5;8.15;12.4;
33.4455705837042;-118.485420502039;17:03:15.63;7/13/2016;7;1.941;311.02;12.0453350093692;1.52;295.9;309.23;-0.87;16.4;25.9;.00;21.34;21.34;91;57;552.0;16.1;-3.5;D;645.5;19;36.913;2;1.96;189;310.15;-118.4857246;33.44578463;0;0;1;N;1.475788;52;52;11;91;91;301.9973;0;9999.99;21.34;21.467;2;9;23;0;23;33.84;1528.14144;07/13/16;17:00:16;22.00;51.43;33.84;0.041;8.38;-80.7;1.0;0.0;-3075;113.5;8.15;12.4;
33.4455845535272;-118.485431540485;17:03:16.64;7/13/2016;7;1.862;312.76;12.0453350093692;1.51;297.7;311.05;0.03;14.5;25.9;.00;21.33;21.33;91;57;552.0;16.1;-3.5;D;645.5;19;35.133;2;1.95;189;309.29;-118.4857246;33.44578463;0;0;1;N;1.929345;57;57;11;78;78;298.8904;0;9999.99;21.33;21.45811;2;9;23;0;23;33.83;1528.13048;07/13/16;17:00:17;22.00;51.42;33.83;0.012;8.38;-80.5;1.1;-2.5;-766;113.5;8.15;12.4;
33.4455932898894;-118.485442805204;17:03:17.64;7/13/2016;7;1.954;315.46;12.0453350093692;1.51;299.6;312.98;-0.87;12;26;.00;21.40;21.41;91;57;552.0;16.1;-3.5;D;645.5;19;33.709;2;1.9;189;309.14;-118.4857246;33.44578463;0;0;1;N;1.935953;52;52;11;70;70;298.8456;0;9999.99;21.40;21.52789;2;9;23;0;23;33.84;1528.14152;07/13/16;17:00:18;21.99;51.42;33.84;0.001;8.38;-80.5;0.8;-4.1;-2185;113.5;8.16;12.4;
33.4456023520514;-118.485452919501;17:03:18.64;7/13/2016;7;2.054;319.82;12.0453350093692;1.51;295.8;309.13;1.21;16.7;26;.01;21.04;21.05;91;57;552.0;16.1;-3.5;D;645.5;19;32.345;2;1.95;189;308.8;-118.4857246;33.44578463;0;0;1;N;2.055492;62;62;11;81;81;298.0397;0;9999.99;21.04;21.16604;2;9;23;0;23;33.84;1528.14164;07/13/16;17:00:19;21.99;51.42;33.84;-0.012;8.38;-80.2;0.6;-3.5;-3689;113.6;8.16;12.4;
33.4456064497618;-118.485459907864;17:03:19.66;7/13/2016;7;0.91;319.82;12.0453350093692;1.51;292.8;306.1;-1.57;11;26;.00;21.67;21.67;91;61;551.9;16.1;-3.8;D;598.5;19;31.554;2;2;189;308.89;-118.4857246;33.44578463;0;0;1;N;1.963886;48;48;11;97;97;298.6567;0;9999.99;21.68;21.80443;2;9;23;0;23;33.83;1528.13065;07/13/16;17:00:20;21.99;51.41;33.83;-0.017;8.38;-80.7;0.9;-5.2;698;113.5;8.16;12.3;
33.4456147429194;-118.485462818287;17:03:20.67;7/13/2016;7;1.274;319.82;12.0453350093692;1.51;294.7;308.02;-0.63;12.3;25.9;.00;20.90;20.90;91;61;551.9;16.1;-3.8;D;598.5;19;30.770;2;1.99;189;307.87;-118.4857246;33.44578463;0;0;1;N;2.45674;53;53;11;76;76;295.378;0;9999.99;20.88;21.00861;2;9;23;0;23;33.83;1528.13049;07/13/16;17:00:21;21.98;51.41;33.83;-0.042;8.38;-80.6;0.7;-1.9;-1031;113.5;8.16;12.4;
33.4456200257225;-118.485473998115;17:03:21.67;7/13/2016;7;2.056;315.88;12.0453350093692;1.51;295.1;308.43;1.07;19;25.9;.00;22.11;22.11;91;61;551.9;16.1;-3.8;D;598.5;19;29.591;2;2.04;189;308.21;-118.4857246;33.44578463;0;0;1;N;2.191048;63;63;11;82;82;297.1326;0;9999.99;22.11;22.237;2;9;23;0;23;33.84;1528.14136;07/13/16;17:00:22;21.98;51.43;33.84;0.015;8.38;-80.5;1.2;-2.0;-1699;113.5;8.16;12.4;
33.4456270581841;-118.48548390009;17:03:22.67;7/13/2016;7;1.986;316.27;12.0453350093692;1.51;291.3;304.58;-0.2;15.2;26;.00;21.12;21.13;91;63;551.9;16.1;-3.9;D;580.1;19;28.386;2;2.02;189;308.12;-118.4857246;33.44578463;0;0;1;N;2.15456;56;56;11;98;98;297.3759;0;9999.99;21.11;21.23944;2;9;23;0;23;33.81;1528.10881;07/13/16;17:00:23;21.97;51.39;33.81;-0.162;8.38;-80.3;0.4;-3.3;-741;113.5;8.16;12.3;
33.4456370778628;-118.485495553908;17:03:23.67;7/13/2016;7;2.649;314.62;12.0453350093692;1.51;291.4;304.69;0.72;7.92;25.9;.00;21.81;21.81;91;63;551.9;16.1;-3.9;D;580.1;19;26.848;2;2.01;189;307.67;-118.4857246;33.44578463;0;0;1;N;2.236093;60;60;11;83;83;296.8329;0;55.83;21.80;77.75632;2;9;23;0;23;33.87;1528.17458;07/13/16;17:00:24;21.96;51.46;33.87;0.029;8.39;-80.8;0.9;-2.8;32;113.5;8.16;12.4;
33.4456468750098;-118.485505742445;17:03:24.67;7/13/2016;7;1.913;315.43;12.0453350093692;1.51;286.4;299.63;-0.81;14;25.9;.00;20.67;20.67;91;63;551.9;16.1;-3.9;D;580.1;19;25.436;2;2.02;189;307.03;-118.4857246;33.44578463;0;0;1;N;2.420673;52;52;11;111;111;295.6142;0;21.30;20.68;42.10946;2;9;23;0;23;33.85;1528.15252;07/13/16;17:00:25;21.98;51.44;33.85;-0.120;8.38;-80.6;0.2;-5.3;-1087;113.5;8.15;12.4;
33.4456543925861;-118.485514161187;17:03:25.67;7/13/2016;7;1.867;315.43;12.0453350093692;1.51;288;301.25;0.24;15.2;26;.01;21.97;21.98;91;63;551.9;16.1;-3.9;D;580.1;19;24.309;2;2.03;189;306.56;-118.4857246;33.44578463;0;0;1;N;2.506845;58;58;11;102;102;295.0504;0;9999.99;21.96;22.09136;2;9;23;0;23;33.85;1528.15302;07/13/16;17:00:26;21.99;51.44;33.85;-0.063;8.38;-80.7;1.3;-1.3;-63;113.5;8.15;12.4;
33.4456809527978;-118.485539235366;17:03:26.67;7/13/2016;7;7.078;321.73;12.0453350093692;1.51;286;299.22;-2.47;6.56;26;.00;21.55;21.55;91;61;551.8;16.1;-3.8;D;599;19;20.705;2;1.98;189;303.83;-118.4857246;33.44578463;0;0;1;N;3.119318;43;43;11;95;95;291.1473;0;9999.99;21.56;21.68951;2;9;23;0;23;33.84;1528.14213;07/13/16;17:00:27;21.99;51.43;33.84;0.077;8.38;-80.4;1.2;-6.1;-1796;113.5;8.15;12.4;
33.4456940019544;-118.485552409061;17:03:27.67;7/13/2016;7;3.526;322.03;12.0453350093692;1.51;287.9;301.15;-2.91;14.8;26;.02;21.84;21.86;91;61;551.8;16.1;-3.8;D;599;19;18.889;2;2.01;189;302.24;-118.4857246;33.44578463;0;0;1;N;3.366675;43;43;11;81;81;289.6258;0;9999.99;21.82;21.94452;2;9;23;0;23;33.83;1528.13156;07/13/16;17:00:28;21.99;51.42;33.83;-0.150;8.38;-80.6;1.0;1.3;491;113.5;8.15;12.3;
33.4457051036631;-118.485565204102;17:03:28.67;7/13/2016;7;3.359;320.78;12.0453350093692;1.51;289;302.26;-1.18;14.4;26;.05;21.69;21.74;91;61;551.8;16.1;-3.8;D;599;19;17.231;2;1.96;189;300.88;-118.4857246;33.44578463;0;0;1;N;3.477021;48;48;11;77;77;288.9577;0;9999.99;21.67;21.79838;2;9;23;0;23;33.83;1528.13385;07/13/16;17:00:29;21.99;51.42;33.83;0.239;8.38;-80.4;1.1;-2.6;956;113.5;8.16;12.4;
33.4457160918858;-118.485577084142;17:03:29.67;7/13/2016;7;3.271;319.25;12.0453350093692;1.51;283.9;297.1;1.25;12.6;25.9;.04;21.76;21.80;91;65;551.8;16.1;-4;D;567.1;19;15.666;2;1.99;189;299.11;-118.4857246;33.44578463;0;0;1;N;3.635487;61;61;11;91;91;288.0103;0;9999.99;21.75;21.87882;2;9;23;0;23;33.84;1528.14521;07/13/16;17:00:30;21.99;51.43;33.84;0.256;8.38;-80.3;1.0;-5.7;-729;113.5;8.16;12.4;
33.4457231930225;-118.485591044627;17:03:30.67;7/13/2016;7;2.879;313.98;12.0453350093692;1.51;286.8;300.03;0.76;26.1;26;.01;22.14;22.15;91;65;551.8;16.1;-4;D;567.1;19;14.150;2;2.04;189;298.87;-118.4857246;33.44578463;0;0;1;N;3.343918;62;62;11;86;86;289.7644;0;9999.99;22.16;22.28727;2;9;23;0;23;33.84;1528.14217;07/13/16;17:00:31;21.98;51.43;33.84;0.120;8.38;-80.2;1.0;-2.0;-2187;113.5;8.16;12.5;
33.4457256890738;-118.48560244221;17:03:31.67;7/13/2016;7;2.183;308.66;12.0453350093692;1.51;284.9;298.11;-2.99;14;26;.01;23.09;23.11;91;64;551.7;16.1;-3.9;D;574.9;19;13.093;2;2.06;189;300.04;-118.4857246;33.44578463;0;0;1;N;2.841315;43;43;11;106;106;292.8954;0;9999.99;23.04;23.16323;2;9;23;0;23;33.8;1528.09783;07/13/16;17:00:32;21.98;51.38;33.80;-0.270;8.38;-80.4;0.6;2.8;-1366;113.5;8.16;12.3;
33.4457304485824;-118.485612821153;17:03:32.67;7/13/2016;7;2.539;308.66;12.0453350093692;1.51;285.6;298.82;0.48;13.9;26;.07;21.49;21.56;91;64;551.7;16.1;-3.9;D;574.9;19;11.994;2;2.03;189;300.15;-118.4857246;33.44578463;0;0;1;N;2.574275;55;55;11;111;111;294.6112;0;21.46;21.47;43.0491;2;9;23;0;23;33.85;1528.15706;07/13/16;17:00:33;21.97;51.44;33.85;0.333;8.37;-80.2;0.7;-1.2;-4358;113.6;8.16;12.4;
33.4457383907761;-118.485618020156;17:03:33.67;7/13/2016;7;2.159;308.66;12.0453350093692;1.51;286.8;300.03;2.74;14.4;25.9;.07;21.86;21.93;91;64;551.7;16.1;-3.9;D;574.9;19;11.145;2;2.03;189;297.47;-118.4857246;33.44578463;0;0;1;N;2.902668;69;69;11;105;105;292.5061;0;21.83;21.87;43.82826;2;9;23;0;23;33.83;1528.13664;07/13/16;17:00:34;21.98;51.42;33.83;0.456;8.38;-80.2;0.7;-4.8;-2177;113.6;8.16;12.5;
33.4457474917752;-118.485632578256;17:03:34.67;7/13/2016;7;3.006;308.66;12.0453350093692;1.76;286.1;299.33;2.81;22.4;26;.02;23.34;23.36;91;64;551.7;16.1;-3.9;D;574.9;19;9.484;2;2;189;295.81;-118.4857246;33.44578463;0;0;1;N;2.733821;79;79;11;95;95;293.5829;0;36.60;23.38;60.09797;2;9;23;0;23;33.84;1528.14343;07/13/16;17:00:35;21.98;51.43;33.84;0.271;8.37;-80.1;0.4;0.0;120;113.5;8.16;12.4;
33.4457465641781;-118.485639342731;17:03:35.67;7/13/2016;7;2.238;308.66;12.0453350093692;1.76;283.1;296.29;-1.08;14.1;26;.00;22.65;22.65;91;64;551.7;16.1;-3.9;D;575;19;8.972;2;2.1;189;298.15;-118.4857246;33.44578463;0;0;1;N;2.246267;51;51;11;129;129;296.7642;0;9999.99;22.65;22.77396;2;9;23;0;23;33.83;1528.13056;07/13/16;17:00:36;21.98;51.42;33.83;-0.196;8.38;-80.2;0.8;-1.2;-623;113.5;8.16;12.3;
33.4457384807144;-118.485641681437;17:03:36.67;7/13/2016;7;1.832;308.66;12.0453350093692;1.76;292.7;306;-0.13;12.5;25.9;.00;22.65;22.65;91;64;551.7;16.1;-3.9;D;575;19;9.248;2;2.05;189;303.7;-118.4857246;33.44578463;0;0;1;N;1.415304;53;53;11;123;123;302.4162;0;9999.99;22.65;22.77396;2;9;23;0;23;33.82;1528.11948;07/13/16;17:00:37;21.98;51.40;33.82;-0.034;8.37;-80.0;1.5;-2.6;-1724;113.5;8.16;12.3;
33.4457392730022;-118.485648224089;17:03:37.67;7/13/2016;7;1.727;308.66;12.0453350093692;1.51;297.1;310.45;1.23;20.8;25.9;.00;23.03;23.03;91;64;551.7;16.1;-3.9;D;575;19;8.698;2;2.03;189;305.44;-118.4857246;33.44578463;0;0;1;N;1.062478;64;64;11;116;116;304.8839;0;9999.99;23.04;23.167;2;9;23;0;23;33.84;1528.14134;07/13/16;17:00:38;21.97;51.43;33.84;0.071;8.37;-80.1;1.2;-1.2;588;113.5;8.16;12.3;
33.4457449379133;-118.485659801774;17:03:38.67;7/13/2016;7;2.424;306.24;12.0453350093692;1.51;299.2;312.57;-1.32;14.8;26;.00;31.83;31.84;91;62;551.6;16.1;-3.8;D;590.6;19;7.458;2;2.07;189;306.28;-118.4857246;33.44578463;0;0;1;N;0.7891414;49;49;11;104;104;306.8151;0;9999.99;31.82;31.947;2;9;23;0;23;33.85;1528.15247;07/13/16;17:00:39;21.97;51.44;33.85;-0.183;8.37;-80.1;0.7;-3.0;-2595;113.5;8.16;12.2;
33.4457510273115;-118.485668028379;17:03:39.67;7/13/2016;7;2.347;310.24;12.0453350093692;1.51;291.5;304.79;-0.3;9.8;26;.00;22.68;22.68;91;62;551.6;16.1;-3.8;D;590.6;19;6.442;2;2;189;305.45;-118.4857246;33.44578463;0;0;1;N;0.7908362;55;55;11;135;135;306.8028;0;9999.99;22.67;22.7968;2;9;23;0;23;33.84;1528.14163;07/13/16;17:00:40;21.98;51.43;33.84;0.110;8.38;-80.4;1.2;-2.5;-4248;113.5;8.15;12.3;
33.4457552991908;-118.48567491697;17:03:40.67;7/13/2016;8;1.759;311.03;12.0453350093692;1.51;302.9;316.31;0.91;17.8;25.9;.00;22.98;22.98;91;62;551.6;16.1;-3.8;D;590.6;19;5.647;2;1.99;189;305.28;-118.4857246;33.44578463;0;0;1;N;0.7059943;54;54;11;129;129;307.4052;0;9999.99;22.98;23.10976;2;9;23;0;23;33.83;1528.13057;07/13/16;17:00:41;21.98;51.41;33.83;0.095;8.18;-68.7;1.5;-0.7;-1723;113.5;8.16;12.4;
33.4457594956533;-118.485681117728;17:03:41.69;7/13/2016;8;1.694;311.03;12.0453350093692;1.76;299.7;313.08;-0.26;17.9;25.9;.00;22.82;22.82;91;62;551.6;16.1;-3.8;D;590.6;19;4.908;2;2.02;189;304.71;-118.4857246;33.44578463;0;0;1;N;0.6458826;55;55;11;106;106;307.8322;0;9999.99;22.83;22.95226;2;9;23;0;23;33.84;1528.14134;07/13/16;17:00:42;21.98;51.42;33.84;0.006;8.37;-80.1;1.2;-2.4;246;113.5;8.16;12.4;
33.4457665360145;-118.485687844526;17:03:42.69;7/13/2016;8;2.018;306.51;12.0453350093692;1.76;295.5;308.83;-0.82;9.1;25.9;.00;22.14;22.14;91;60;551.6;16.1;-3.7;D;611.7;19;3.959;2;2.05;189;300.54;-118.4857246;33.44578463;0;0;1;N;0.8135976;52;52;11;118;118;306.6428;0;9999.99;22.14;22.26301;2;9;23;0;23;33.84;1528.14152;07/13/16;17:00:43;21.98;51.42;33.84;-0.010;8.38;-80.2;0.9;-4.3;71;113.6;8.16;12.4;
33.4457704928634;-118.485695659228;17:03:43.69;7/13/2016;8;1.859;312.96;12.0453350093692;1.51;299.5;312.87;1.48;13.6;25.9;.01;22.81;22.82;91;60;551.6;16.1;-3.7;D;611.7;19;3.111;2;2;189;300.35;-118.4857246;33.44578463;0;0;1;N;0.6396427;66;66;11;107;107;307.8756;0;9999.99;22.82;22.94716;2;9;23;0;23;33.84;1528.14167;07/13/16;17:00:44;21.97;51.42;33.84;0.087;8.17;-68.2;1.4;-4.6;-3751;113.6;8.16;12.4;
33.4457756845038;-118.485703330873;17:03:44.69;7/13/2016;8;2.019;315.16;12.0453350093692;1.51;304.2;317.63;-1.27;3.85;25.9;.00;23.45;23.45;91;60;551.6;16.1;-3.7;D;611.7;20;56.258;2;1.96;189;120.19;-118.48517925;33.44552124;0;0;1;N;8.347744E-02;47;47;11;250;250;120.6608;0;9999.99;23.45;23.58133;2;9;23;0;23;33.83;1528.13047;07/13/16;17:00:45;21.97;51.41;33.83;-0.161;8.38;-80.3;1.2;-2.5;-216;113.6;8.16;12.4;
33.4457836323889;-118.485710364055;17:03:45.69;7/13/2016;8;2.404;322.56;12.0453350093692;1.51;303.5;316.92;-2.46;21.8;26;.00;22.40;22.40;91;58;551.5;16.1;-3.6;D;633.2;20;57.268;2;2.12;189;120.63;-118.48517925;33.44552124;0;0;1;N;0.5188202;43;43;11;250;250;123.7752;0;9999.99;22.39;22.51605;2;9;23;0;23;33.83;1528.13041;07/13/16;17:00:46;21.97;51.42;33.83;0.062;8.16;-67.8;1.8;-0.7;-1272;113.6;8.16;12.4;
33.4457930300778;-118.4857156711;17:03:46.69;7/13/2016;8;1.92;321.79;12.0453350093692;1.51;314.3;327.85;-0.16;3.35;25.9;.01;23.81;23.82;91;58;551.5;16.1;-3.6;D;633.2;20;58.228;2;2.01;189;121.27;-118.48517925;33.44552124;0;0;1;N;1.16084;56;56;11;250;250;128.3256;0;9999.99;23.79;23.917;2;9;23;0;23;33.84;1528.14218;07/13/16;17:00:47;21.97;51.43;33.84;0.094;8.37;-80.0;1.3;-0.8;-535;113.5;8.16;12.4;
33.4457975510361;-118.485720168273;17:03:47.70;7/13/2016;8;1.644;326.12;12.0453350093692;1.51;324.7;338.42;1.51;7.23;26;.00;23.06;23.06;91;58;551.5;16.1;-3.6;D;633.2;20;58.846;2;1.89;189;121.47;-118.48517925;33.44552124;0;0;1;N;1.373313;66;66;11;250;250;129.2382;0;9999.99;23.07;23.19806;2;9;23;0;23;33.84;1528.1423;07/13/16;17:00:48;21.97;51.42;33.84;-0.004;8.38;-80.4;1.1;1.1;-1530;113.5;8.16;12.3;
33.4458018026663;-118.485720803643;17:03:48.72;7/13/2016;8;1.407;326.12;12.0453350093692;1.51;337.4;351.37;1.41;8;26;.00;23.49;23.49;91;58;551.5;16.1;-3.6;D;633.2;20;59.144;2;1.8;189;121.84;-118.48517925;33.44552124;0;0;1;N;1.72993;65;65;11;250;250;130.9356;0;9999.99;23.49;23.61872;2;9;23;0;23;33.85;1528.15234;07/13/16;17:00:49;21.97;51.44;33.85;-0.193;8.16;-67.5;1.5;-3.8;-1937;113.5;8.16;12.4;
33.4458134041188;-118.485726392903;17:03:49.73;7/13/2016;8;2.246;334.55;12.0453350093692;1.51;351.2;5.49;2.65;15.5;26;.00;23.59;23.59;91;64;551.5;16.1;-3.9;D;576.1;20;60.271;2;1.79;189;122.62;-118.48517925;33.44552124;0;0;1;N;2.57697;73;73;11;250;250;133.389;0;9999.99;23.61;23.737;2;9;23;0;23;33.85;1528.15238;07/13/16;17:00:50;21.98;51.44;33.85;-0.089;8.37;-80.1;1.6;-3.0;-2563;113.5;8.16;12.4;
33.4458190879669;-118.485725483684;17:03:50.73;7/13/2016;8;1.592;334.55;12.0453350093692;1.51;2.3;16.85;1.72;12.1;26;.00;23.47;23.48;91;64;551.5;16.1;-3.9;D;576.1;20;60.543;2;1.72;189;123.16;-118.48517925;33.44552124;0;0;1;N;3.17861;67;67;11;250;250;135.7477;0;9999.99;23.49;23.61882;2;9;23;0;23;33.85;1528.15248;07/13/16;17:00:51;21.98;51.44;33.85;-0.148;8.38;-80.5;1.1;-0.5;-878;113.5;8.15;12.4;
33.4458306800596;-118.485725283137;17:03:51.73;7/13/2016;8;2.039;347.16;12.0453350093692;1.51;8;22.66;1.73;11.6;26;.00;23.28;23.28;91;64;551.5;16.1;-3.9;D;576.1;20;61.242;2;1.72;190;124.18;-118.48517925;33.44552124;0;0;1;N;4.289496;67;67;11;250;250;139.2066;0;9999.99;23.28;23.41051;2;9;23;0;23;33.85;1528.15235;07/13/16;17:00:52;21.99;51.44;33.85;-0.055;8.18;-68.7;1.0;-1.0;-5341;113.5;8.16;12.3;
33.4458394407984;-118.485723986323;17:03:52.73;7/13/2016;8;1.714;347.16;12.0453350093692;1.51;10.8;25.51;0.21;2.54;26;.00;23.20;23.20;91;65;551.4;16.1;-4;D;567.6;20;61.696;2;1.65;190;124.99;-118.48517925;33.44552124;0;0;1;N;5.197228;58;58;11;250;250;141.884;0;9999.99;23.20;23.327;2;9;23;0;23;33.84;1528.14137;07/13/16;17:00:53;22.00;51.43;33.84;-0.145;8.37;-80.2;0.9;-4.1;1059;113.6;8.16;12.4;
33.4458474769581;-118.4857203772;17:03:53.73;7/13/2016;8;1.878;347.16;12.0453350093692;1.51;24.3;39.18;0.9;13.2;26;.00;22.58;22.58;91;65;551.4;16.1;-4;D;567.6;20;61.941;2;1.71;190;125.85;-118.48517925;33.44552124;0;0;1;N;6.150395;62;62;11;250;250;144.9297;0;9999.99;22.60;22.72545;2;9;23;0;23;33.85;1528.15256;07/13/16;17:00:54;22.00;51.43;33.85;-0.009;8.37;-80.0;1.7;-5.5;-2107;113.6;8.16;12.4;
33.445851606175;-118.485714572541;17:03:54.77;7/13/2016;8;1.59;347.16;12.0453350093692;1.51;39.5;54.32;2.74;11.2;26;.01;22.65;22.66;91;65;551.4;16.1;-4;D;567.6;20;61.777;2;1.71;191;126.49;-118.48517925;33.44552124;0;0;1;N;6.826299;72;72;11;250;250;147.9009;0;9999.99;22.67;22.7933;2;9;23;0;23;33.85;1528.15253;07/13/16;17:00:55;22.00;51.44;33.85;-0.046;8.18;-69.0;1.2;0.2;-2059;113.6;8.16;12.5;
33.445856021311;-118.485705425548;17:03:55.77;7/13/2016;8;1.843;347.16;12.0453350093692;1.51;51.3;65.87;1.71;17.2;26;.01;22.88;22.89;91;65;551.4;16.1;-4;D;567.6;20;61.394;2;1.77;191;127.33;-118.48517925;33.44552124;0;0;1;N;7.668397;67;67;11;250;250;152.2663;0;9999.99;22.90;23.027;2;9;23;0;23;33.85;1528.15277;07/13/16;17:00:56;22.01;51.44;33.85;-0.156;8.38;-80.3;1.1;3.6;-2728;113.5;8.15;12.3;
33.4458606463897;-118.48569718943;17:03:56.77;7/13/2016;8;1.843;347.16;12.0453350093692;1.51;53.6;68.09;2.12;7.4;26;.01;22.27;22.28;91;70;551.4;16.1;-4.4;D;521;20;61.104;2;1.8;191;128.14;-118.48517925;33.44552124;0;0;1;N;8.499861;70;70;11;250;250;156.4552;0;9999.99;22.29;22.41225;2;9;23;0;23;33.85;1528.15286;07/13/16;17:00:57;22.01;51.44;33.85;-0.074;8.37;-80.2;1.3;-2.1;-1397;113.6;8.16;12.5;
33.4458626033371;-118.48568552721;17:03:57.77;7/13/2016;8;2.361;25.9;12.0453350093692;1.51;73.3;86.85;1.36;13.7;26;.00;21.76;21.76;91;70;551.4;16.1;-4.4;D;521;20;60.393;2;1.85;191;128.94;-118.48517925;33.44552124;0;0;1;N;9.267812;67;67;11;250;250;162.3337;0;9999.99;21.78;21.9117;2;9;23;0;23;33.85;1528.15259;07/13/16;17:00:58;22.02;51.44;33.85;-0.067;8.37;-80.0;1.8;-0.7;-591;113.5;8.15;12.4;
33.4458677706979;-118.485676940463;17:03:58.78;7/13/2016;8;1.565;25.9;12.0453350093692;1.51;75.8;89.2;-0.03;7.17;26;.00;21.73;21.73;91;70;551.4;16.1;-4.4;D;521;20;60.142;2;1.76;191;129.84;-118.48517925;33.44552124;0;0;1;N;10.15327;60;60;11;250;250;166.8816;0;9999.99;21.74;21.86625;2;9;23;0;23;33.85;1528.15252;07/13/16;17:00:59;22.02;51.44;33.85;-0.137;8.38;-80.4;1.6;-7.9;-1816;113.6;8.15;12.4;
33.4458689837439;-118.485666751589;17:03:59.78;7/13/2016;8;2.116;63.93;12.0453350093692;1.51;94.3;106.4;2.16;9.7;26;.00;21.45;21.45;91;70;551.4;16.1;-4.4;D;521;20;59.507;2;1.79;191;130.53;-118.48517925;33.44552124;0;0;1;N;10.77925;68;68;11;250;250;172.5107;0;9999.99;21.45;21.57955;2;9;23;0;23;33.8;1528.09753;07/13/16;17:01:01;22.02;51.37;33.80;-0.131;8.38;-80.5;1.8;-3.8;-3278;113.5;8.16;12.4;
33.445871166775;-118.485659358246;17:04:00.80;7/13/2016;8;1.466;74.04;12.0453350093692;1.51;99.3;111.03;2.33;11.8;25.9;.00;21.87;21.88;91;70;551.3;16.1;-4.3;D;525.6;20;59.147;2;1.67;192;131.14;-118.48517925;33.44552124;0;0;1;N;11.34074;71;71;11;250;250;174.8562;0;9999.99;21.90;22.027;2;9;23;0;23;33.8;1528.09753;07/13/16;17:01:01;22.02;51.37;33.80;-0.131;8.38;-80.5;1.8;-3.8;-3278;113.5;8.16;12.4;
33.4458694621249;-118.485650221378;17:04:01.80;7/13/2016;8;1.971;96.09;12.0453350093692;1.51;117.7;128.1;1.39;13.2;25.9;.00;21.36;21.36;91;72;551.3;16.1;-4.5;D;507.1;20;58.385;2;1.71;192;131.54;-118.48517925;33.44552124;0;0;1;N;11.62832;65;65;11;250;250;175.5446;0;9999.99;21.38;21.50865;2;9;23;0;23;33.85;1528.15246;07/13/16;17:01:03;21.99;51.43;33.85;-0.106;8.38;-80.5;1.9;-4.2;-2142;113.5;8.16;12.4;
33.445868582083;-118.485642568195;17:04:02.80;7/13/2016;8;1.771;100.04;12.0453350093692;1.51;127;136.83;2.48;8.1;25.9;.00;20.92;20.92;91;72;551.3;16.1;-4.5;D;507.1;20;57.790;2;1.72;192;131.94;-118.48517925;33.44552124;0;0;1;N;11.92155;72;72;11;250;250;176.2008;0;9999.99;20.94;21.06296;2;9;23;0;23;33.85;1528.15246;07/13/16;17:01:03;21.99;51.43;33.85;-0.106;8.38;-80.5;1.9;-4.2;-2142;113.5;8.16;12.4;
33.4458623961326;-118.485634383214;17:04:03.80;7/13/2016;8;1.548;111.61;12.0453350093692;1.51;134.7;144.14;1.12;12.2;25.9;.00;21.75;21.75;91;72;551.3;16.1;-4.5;D;507.1;20;56.765;2;1.6;192;131.93;-118.48517925;33.44552124;0;0;1;N;11.7149;64;64;11;250;250;175.7354;0;9999.99;21.76;21.887;2;9;23;0;23;33.85;1528.15248;07/13/16;17:01:05;22.01;51.44;33.85;-0.198;8.37;-80.1;2.0;-3.1;-3103;113.6;8.16;12.4;
33.4458561343676;-118.485627826948;17:04:04.80;7/13/2016;8;1.731;115.17;12.0453350093692;1.51;146.2;155.24;2.87;12.7;26;.01;21.19;21.20;91;72;551.3;16.1;-4.5;D;507.1;20;55.848;2;1.63;193;131.82;-118.48517925;33.44552124;0;0;1;N;11.42529;74;74;11;206;206;175.0653;0;9999.99;21.22;21.34969;2;9;23;0;23;33.85;1528.15248;07/13/16;17:01:05;22.01;51.44;33.85;-0.198;8.37;-80.1;2.0;-3.1;-3103;113.6;8.16;12.4;
33.4458493640951;-118.485621700862;17:04:05.83;7/13/2016;8;1.891;130.33;12.0453350093692;1.5;165.9;174.8;3.41;17.5;26;.00;21.77;21.77;91;73;551.2;16.1;-4.5;D;502.4;20;54.922;2;1.63;193;131.63;-118.48517925;33.44552124;0;0;1;N;11.09669;77;77;11;125;125;174.2734;0;9999.99;21.79;21.917;2;9;23;0;23;33.84;1528.14174;07/13/16;17:01:07;22.02;51.43;33.84;-0.188;8.37;-80.1;1.6;-4.2;-336;113.6;8.16;12.4;
33.4458403164481;-118.485617749372;17:04:06.84;7/13/2016;8;1.503;148.14;12.0453350093692;1.5;166.8;175.71;0.57;5.13;25.9;.00;20.75;20.75;91;73;551.2;16.1;-4.5;D;502.4;20;53.982;2;1.6;194;131.09;-118.48517925;33.44552124;0;0;1;N;10.41081;63;63;11;111;111;172.5248;0;9999.99;20.77;20.89441;2;9;23;0;23;33.84;1528.14174;07/13/16;17:01:07;22.02;51.43;33.84;-0.188;8.37;-80.1;1.6;-4.2;-336;113.6;8.16;12.4;
33.4458277868204;-118.485616182117;17:04:07.86;7/13/2016;8;1.991;162.14;12.0453350093692;1.5;173.4;182.42;1.16;-0.64;26;.00;21.39;21.39;91;73;551.2;16.1;-4.5;D;502.4;20;52.966;2;1.68;194;130.06;-118.48517925;33.44552124;0;0;1;N;9.272859;59;59;11;98;98;169.2797;0;9999.99;21.39;21.51666;2;9;23;0;23;33.83;1528.13041;07/13/16;17:01:09;22.02;51.41;33.83;-0.088;8.37;-80.1;2.0;2.8;-3682;113.6;8.16;12.4;
33.4458183742122;-118.48561777134;17:04:08.88;7/13/2016;8;2.052;173.6;12.0453350093692;1.5;168.8;177.74;-1.08;7.88;26;.00;21.93;21.93;91;65;551.2;16.1;-4;D;565.8;20;52.413;2;1.78;195;129.08;-118.48517925;33.44552124;0;0;1;N;8.294898;51;51;11;80;80;166.1008;0;9999.99;21.94;22.067;2;9;23;0;23;33.83;1528.13041;07/13/16;17:01:09;22.02;51.41;33.83;-0.088;8.37;-80.1;2.0;2.8;-3682;113.6;8.16;12.4;
33.4458085377473;-118.485619058751;17:04:09.88;7/13/2016;8;1.985;176.11;12.0453350093692;1.5;174.1;183.14;0.14;-0.5;25.9;.00;22.04;22.04;91;65;551.2;16.1;-4;D;565.8;20;51.824;2;1.83;195;128.06;-118.48517925;33.44552124;0;0;1;N;7.302877;51;51;11;57;57;162.454;0;9999.99;22.02;22.147;2;9;23;0;23;33.84;1528.14141;07/13/16;17:01:11;22.02;51.43;33.84;-0.002;8.38;-80.3;1.3;-2.6;-2572;113.6;8.16;12.4;
33.4457980645831;-118.485620525468;17:04:10.89;7/13/2016;8;2.071;179.17;12.0453350093692;1.5;172.1;181.1;1.79;13.9;26;.00;22.05;22.05;91;65;551.2;16.1;-4;D;565.8;20;51.223;2;1.93;195;126.94;-118.48517925;33.44552124;0;0;1;N;6.236022;68;68;11;35;35;157.9996;0;9999.99;22.06;22.187;2;9;23;0;23;33.84;1528.14141;07/13/16;17:01:11;22.02;51.43;33.84;-0.002;8.38;-80.3;1.3;-2.6;-2572;113.6;8.16;12.4;
33.4457866754702;-118.485620666044;17:04:11.91;7/13/2016;8;1.701;176.01;12.0453350093692;1.5;175.1;184.16;-2.71;10.4;25.9;.00;22.11;22.12;91;65;551.2;16.1;-4;D;565.8;20;50.483;2;1.92;195;125.78;-118.48517925;33.44552124;0;0;1;N;5.122612;43;43;11;5;5;152.6964;0;31.58;22.12;53.827;2;9;23;0;23;33.83;1528.13077;07/13/16;17:01:13;22.00;51.41;33.83;0.019;8.38;-80.3;1.8;3.1;-681;113.5;8.16;12.4;
33.4457762075038;-118.485618390102;17:04:12.91;7/13/2016;8;2.073;173.67;12.0453350093692;1.5;168;176.92;0.33;2.54;25.9;.01;21.69;21.70;91;73;551.1;16.1;-4.5;D;499.9;20;49.638;2;1.97;195;124.83;-118.48517925;33.44552124;0;0;1;N;4.235254;59;59;11;5;5;147.9608;0;9999.99;21.67;21.79942;2;9;23;0;23;33.83;1528.13077;07/13/16;17:01:13;22.00;51.41;33.83;0.019;8.38;-80.3;1.8;3.1;-681;113.5;8.16;12.4;
33.4457664658568;-118.485617907587;17:04:13.92;7/13/2016;8;2.115;180.03;12.0453350093692;1.5;157.2;166.07;1.2;12.1;25.9;.00;21.85;21.86;91;73;551.1;16.1;-4.5;D;499.9;20;48.990;2;1.98;195;123.82;-118.48517925;33.44552124;0;0;1;N;3.297082;64;64;11;33;33;142.4616;0;9999.99;21.86;21.98531;2;9;23;0;23;33.84;1528.14177;07/13/16;17:01:15;22.00;51.42;33.84;-0.205;8.38;-80.4;1.9;-4.9;-1828;113.5;8.16;12.4;
33.4457571842924;-118.485615435991;17:04:14.92;7/13/2016;8;2.157;172.64;12.0453350093692;1.5;156.3;165.18;-3.21;8.2;26;.01;22.29;22.30;91;73;551.1;16.1;-4.5;D;499.9;20;48.231;2;2.08;195;122.95;-118.48517925;33.44552124;0;0;1;N;2.511376;43;43;11;16;16;137.4915;0;9999.99;22.30;22.427;2;9;23;0;23;33.84;1528.14177;07/13/16;17:01:15;22.00;51.42;33.84;-0.205;8.38;-80.4;1.9;-4.9;-1828;113.5;8.16;12.4;
33.4457470488469;-118.485611216006;17:04:15.92;7/13/2016;8;2.024;167.97;12.0453350093692;1.5;151.3;160.23;0.84;9.5;25.9;.01;22.26;22.27;91;72;551.0;16.1;-4.4;D;512.6;20;47.295;2;2.1;195;122.07;-118.48517925;33.44552124;0;0;1;N;1.724053;62;62;11;15;15;132.2245;0;9999.99;22.24;22.367;2;9;23;0;23;33.83;1528.13143;07/13/16;17:01:17;21.99;51.41;33.83;0.093;8.38;-80.3;2.2;-0.9;-1929;113.6;8.16;12.5;
33.4457385540467;-118.485606884488;17:04:16.92;7/13/2016;8;1.911;162.23;12.0453350093692;1.5;144.1;153.19;0.83;10.6;25.9;.01;21.34;21.35;91;72;551.0;16.1;-4.4;D;512.6;20;46.456;2;2.01;195;121.34;-118.48517925;33.44552124;0;0;1;N;1.108054;70;70;11;19;19;127.9483;0;9999.99;21.36;21.48298;2;9;23;0;23;33.83;1528.13143;07/13/16;17:01:17;21.99;51.41;33.83;0.093;8.38;-80.3;2.2;-0.9;-1929;113.6;8.16;12.5;
33.4457271705469;-118.485602522657;17:04:17.92;7/13/2016;8;2.13;159.65;12.0453350093692;1.5;137.5;146.82;-4.3;11.4;26;.01;21.89;21.91;91;72;551.0;16.1;-4.4;D;512.6;20;45.461;2;2.02;195;120.25;-118.48517925;33.44552124;0;0;1;N;0.2031014;43;43;11;18;18;121.5171;0;9999.99;21.89;22.01565;2;9;23;0;23;33.84;1528.14211;07/13/16;17:01:19;21.98;51.43;33.84;0.210;8.38;-80.5;1.8;-0.9;-1681;113.6;8.16;12.5;
33.4457167543011;-118.485595863282;17:04:18.92;7/13/2016;8;2.936;156.46;12.0453350093692;1.5;132.4;141.95;1.69;6.02;25.9;.03;22.27;22.30;91;72;551.0;16.1;-4.4;D;512.6;20;44.349;2;2.13;195;119.35;-118.48517925;33.44552124;0;0;1;N;0.5058741;67;67;11;25;25;116.4445;0;33.85;22.24;56.217;2;9;23;0;23;33.84;1528.14211;07/13/16;17:01:19;21.98;51.43;33.84;0.210;8.38;-80.5;1.8;-0.9;-1681;113.6;8.16;12.5;
33.4457076031818;-118.485589865567;17:04:19.92;7/13/2016;8;1.768;156.46;12.0453350093692;1.5;119.6;129.87;1.67;18;25.9;.03;21.80;21.83;91;74;551.0;16.1;-4.5;D;498.8;20;43.369;2;2.16;194;118.54;-118.48517925;33.44552124;0;0;1;N;1.135351;67;67;11;55;55;111.9852;0;30.84;21.81;52.77465;2;9;23;0;23;33.82;1528.12204;07/13/16;17:01:21;21.97;51.40;33.82;0.107;8.38;-80.5;2.2;-2.5;-2205;113.6;8.17;12.4;
33.4457028007848;-118.485581661589;17:04:20.92;7/13/2016;8;1.856;156.46;12.0453350093692;1.5;112.8;123.53;0.64;14.2;25.9;.00;21.52;21.52;91;74;551.0;16.1;-4.5;D;498.8;20;42.446;2;2.07;194;118.4;-118.48517925;33.44552124;0;0;1;N;1.230853;65;65;11;81;81;111.316;0;9999.99;21.54;21.66671;2;9;23;0;23;33.82;1528.12204;07/13/16;17:01:21;21.97;51.40;33.82;0.107;8.38;-80.5;2.2;-2.5;-2205;113.6;8.17;12.4;
33.4456943710807;-118.485571234923;17:04:21.92;7/13/2016;8;2.424;147.04;12.0453350093692;1.5;109.6;120.56;-0.32;14.5;25.9;.00;21.61;21.61;91;74;551.0;16.1;-4.5;D;498.8;20;41.150;2;2.17;194;117.89;-118.48517925;33.44552124;0;0;1;N;1.564371;55;55;11;81;81;108.9983;0;9999.99;21.61;21.73596;2;9;23;0;23;33.85;1528.15233;07/13/16;17:01:22;21.97;51.44;33.85;-0.190;8.38;-80.3;1.3;-0.2;-1895;113.6;8.16;12.3;
33.4456916393125;-118.485562306239;17:04:22.92;7/13/2016;8;2.044;129.48;12.0453350093692;1.5;112.9;123.63;-1.69;8.7;25.9;.00;21.94;21.94;91;74;551.0;16.1;-4.5;D;498.8;20;40.276;2;2.15;194;118.06;-118.48517925;33.44552124;0;0;1;N;1.405659;47;47;11;73;73;110.0971;0;9999.99;21.93;22.057;2;9;23;0;23;33.85;1528.15242;07/13/16;17:01:24;21.97;51.44;33.85;0.110;8.38;-80.5;1.7;-3.7;-3173;113.6;8.16;12.4;
33.445683574028;-118.485550704261;17:04:23.94;7/13/2016;8;2.278;122.48;12.0453350093692;1.5;111.7;122.51;2.53;12.1;26;.00;21.82;21.83;91;71;550.9;16.1;-4.4;D;518.6;20;38.906;2;2.21;194;117.64;-118.48517925;33.44552124;0;0;1;N;1.639947;75;75;11;68;68;108.4779;0;9999.99;21.83;21.957;2;9;23;0;23;33.85;1528.15242;07/13/16;17:01:24;21.97;51.44;33.85;0.110;8.38;-80.5;1.7;-3.7;-3173;113.6;8.16;12.4;
33.4456770382559;-118.485538703859;17:04:24.94;7/13/2016;8;2.265;122.73;12.0453350093692;1.5;113.8;124.46;-1.92;6.84;25.9;.00;21.08;21.09;91;71;550.9;16.1;-4.4;D;518.6;20;37.582;2;2.24;194;117.45;-118.48517925;33.44552124;0;0;1;N;1.708879;45;45;11;61;61;108.0048;0;9999.99;21.10;21.22499;2;9;23;0;23;33.85;1528.15242;07/13/16;17:01:25;21.98;51.43;33.85;-0.113;8.38;-80.4;1.6;-2.0;-4366;113.6;8.16;12.4;
33.4456727614851;-118.485529918007;17:04:25.95;7/13/2016;8;2.368;122.29;12.0453350093692;1.5;111.5;122.33;3.3;11.3;25.9;.00;21.70;21.70;91;71;550.9;16.1;-4.4;D;518.6;20;36.640;2;2.31;194;117.38;-118.48517925;33.44552124;0;0;1;N;1.719706;77;77;11;69;69;107.9307;0;9999.99;21.69;21.817;2;9;23;0;23;33.84;1528.14141;07/13/16;17:01:27;21.97;51.43;33.84;-0.145;8.38;-80.5;1.0;-1.8;-1242;113.5;8.16;12.3;
33.4456694976832;-118.485518826905;17:04:26.97;7/13/2016;8;2.072;121.2;12.0453350093692;1.5;110.2;121.12;-0.85;8;25.9;.01;20.64;20.65;91;71;550.9;16.1;-4.4;D;517.2;20;35.559;2;2.23;193;117.62;-118.48517925;33.44552124;0;0;1;N;1.526344;54;54;11;90;90;109.2607;0;9999.99;20.67;20.80075;2;9;23;0;23;33.84;1528.14141;07/13/16;17:01:27;21.97;51.43;33.84;-0.145;8.38;-80.5;1.0;-1.8;-1242;113.5;8.16;12.3;
33.4456659426631;-118.485506606154;17:04:28.00;7/13/2016;8;2.459;116.84;12.0453350093692;1.5;108.6;119.64;2.4;13.6;25.9;.00;21.23;21.23;91;71;550.9;16.1;-4.4;D;517.2;20;34.372;2;2.22;193;117.91;-118.48517925;33.44552124;0;0;1;N;1.298453;71;71;11;92;92;110.8435;0;9999.99;21.23;21.357;2;9;23;0;23;33.85;1528.15253;07/13/16;17:01:29;21.97;51.44;33.85;-0.118;8.38;-80.2;1.3;-5.8;54;113.5;8.15;12.4;
33.4456606645063;-118.485493819345;17:04:29.02;7/13/2016;7;2.108;118.93;12.0453350093692;1.5;110.4;121.3;-3.1;7.42;25.9;.00;20.45;20.46;91;71;550.9;16.1;-4.4;D;517.2;20;33.049;2;2.24;193;117.98;-118.48517925;33.44552124;0;0;1;N;1.207958;43;43;11;88;88;111.4761;0;9999.99;20.46;20.58848;2;9;23;0;23;33.85;1528.15253;07/13/16;17:01:29;21.97;51.44;33.85;-0.118;8.38;-80.2;1.3;-5.8;54;113.5;8.15;12.4;
33.4456544837072;-118.485485802522;17:04:30.02;7/13/2016;7;1.982;118.93;12.0453350093692;1.5;112.9;123.63;5.68;16.6;25.9;.01;21.25;21.27;91;71;550.9;16.1;-4.4;D;517.2;20;32.070;2;2.33;192;117.52;-118.48517925;33.44552124;0;0;1;N;1.420156;91;91;11;72;72;109.9964;0;9999.99;21.23;21.357;2;9;23;0;23;33.81;1528.10927;07/13/16;17:01:31;21.99;51.39;33.81;-0.018;8.38;-80.4;0.8;0.5;-2324;113.5;8.16;12.4;
33.4456520914297;-118.485474234342;17:04:31.02;7/13/2016;7;2.291;118.93;12.0453350093692;2.06;109;120.01;-3.89;8.1;25.9;.01;20.02;20.04;91;64;550.8;16.1;-4;D;569.3;20;30.997;2;2.25;192;118;-118.48517925;33.44552124;0;0;1;N;1.135195;43;43;11;108;108;111.9864;0;9999.99;20.07;20.20065;2;9;23;0;23;33.84;1528.14263;07/13/16;17:01:32;21.97;51.42;33.84;0.004;8.38;-80.4;1.9;0.9;-2348;113.5;8.16;12.3;
33.4456483493038;-118.485462954819;17:04:32.05;7/13/2016;7;2.093;118.93;12.0453350093692;1.5;112.6;123.35;4.31;11.6;25.9;.01;21.01;21.01;91;64;550.8;16.1;-4;D;569.3;20;29.878;2;2.26;192;118.23;-118.48517925;33.44552124;0;0;1;N;0.9466969;85;85;11;77;77;113.3138;0;9999.99;20.98;21.107;2;9;23;0;23;33.84;1528.14263;07/13/16;17:01:32;21.97;51.42;33.84;0.004;8.38;-80.4;1.9;0.9;-2348;113.5;8.16;12.3;
33.4456459000094;-118.485454298149;17:04:33.06;7/13/2016;7;1.869;118.93;12.0453350093692;1.5;110;120.93;-4.05;2.62;25.9;.01;20.22;20.23;91;64;550.8;16.1;-4;D;569.3;20;29.041;2;2.21;192;118.51;-118.48517925;33.44552124;0;0;1;N;0.797949;43;43;11;109;109;114.3666;0;9999.99;20.26;20.38594;2;9;23;0;23;33.84;1528.14205;07/13/16;17:01:34;21.97;51.43;33.84;-0.023;8.38;-80.4;1.3;-3.5;-1489;113.6;8.16;12.4;
33.4456407656712;-118.485443771789;17:04:34.08;7/13/2016;7;2.34;115.28;12.0453350093692;1.5;113.7;124.37;4.13;12.6;25.9;.01;20.76;20.77;91;61;550.7;16.1;-3.7;D;605;20;27.911;2;2.15;192;118.44;-118.48517925;33.44552124;0;0;1;N;0.7836758;78;78;11;81;81;114.4678;0;9999.99;20.73;20.857;2;9;23;0;23;33.84;1528.14205;07/13/16;17:01:34;21.97;51.43;33.84;-0.023;8.38;-80.4;1.3;-3.5;-1489;113.6;8.16;12.4;
33.4456363169273;-118.485431304419;17:04:35.09;7/13/2016;7;2.237;118.69;12.0453350093692;1.5;114.9;125.49;-2.03;18.5;25.8;.01;19.84;19.85;91;61;550.7;16.1;-3.7;D;605;20;26.658;2;2.19;192;118.69;-118.48517925;33.44552124;0;0;1;N;0.6366325;51;51;11;92;92;115.5127;0;9999.99;19.88;20.01001;2;9;23;0;23;33.84;1528.14238;07/13/16;17:01:36;21.98;51.42;33.84;-0.215;8.37;-80.1;1.2;-4.0;-3794;113.6;8.16;12.2;
33.4456290765221;-118.485420281266;17:04:36.11;7/13/2016;7;2.426;115.11;12.0453350093692;1.5;115.1;125.67;-4.18;9.8;25.9;.02;19.52;19.54;91;61;550.7;16.1;-3.7;D;605;20;25.375;2;2.26;191;118.2;-118.48517925;33.44552124;0;0;1;N;0.8142627;43;43;11;81;81;114.251;0;9999.99;19.50;19.63125;2;9;23;0;23;33.84;1528.14238;07/13/16;17:01:36;21.98;51.42;33.84;-0.215;8.37;-80.1;1.2;-4.0;-3794;113.6;8.16;12.2;
33.4456241934406;-118.485409437027;17:04:37.11;7/13/2016;7;2.399;118.61;12.0453350093692;1.5;113.7;124.37;-1.91;11.1;25.8;.06;20.36;20.42;91;61;550.7;16.1;-3.7;D;605;20;24.232;2;2.24;191;118.19;-118.48517925;33.44552124;0;0;1;N;0.7892618;46;46;11;87;87;114.4282;0;9999.99;20.32;20.447;2;9;23;0;23;33.84;1528.14552;07/13/16;17:01:38;21.98;51.42;33.84;0.553;8.38;-80.4;1.4;-4.2;-1944;113.7;8.17;12.4;
33.4456146836064;-118.48539567249;17:04:38.14;7/13/2016;7;3.035;118.61;12.0453350093692;1.5;109.4;120.38;3.02;10.8;25.8;.08;19.47;19.54;91;69;550.7;16.1;-4.3;D;531.9;20;22.609;2;2.28;191;117.36;-118.48517925;33.44552124;0;0;1;N;1.071705;75;75;11;95;95;112.4326;0;9999.99;19.46;19.59081;2;9;23;0;23;33.83;1528.13699;07/13/16;17:01:39;21.98;51.41;33.83;0.222;8.37;-80.2;0.2;1.4;-3108;113.7;8.17;12.6;
33.4456179869296;-118.485366631559;17:04:39.14;7/13/2016;6;5.068;118.61;12.0453350093692;1.77;109.3;120.28;-4.05;12.2;25.9;.03;19.52;19.55;91;69;550.7;16.1;-4.3;D;531.9;20;20.445;2;2.23;191;121.75;-118.48517925;33.44552124;0;0;1;N;0.5898933;43;43;11;143;143;124.2799;0;9999.99;19.55;19.6768;2;9;23;0;23;33.83;1528.13699;07/13/16;17:01:39;21.98;51.41;33.83;0.222;8.37;-80.2;0.2;1.4;-3108;113.7;8.17;12.6;
33.4456155377628;-118.485362206907;17:04:40.14;7/13/2016;7;1.98;118.61;12.0453350093692;1.5;123.5;133.53;4.27;8;25.9;.00;19.45;19.45;91;69;550.7;16.1;-4.3;D;531.9;20;19.952;2;2.21;190;121.7;-118.48517925;33.44552124;0;0;1;N;0.5990406;83;83;11;90;90;124.3451;0;9999.99;19.41;19.53875;2;9;23;0;23;33.85;1528.15277;07/13/16;17:01:41;21.98;51.44;33.85;0.080;8.37;-80.2;1.0;0.2;-2559;113.7;8.17;12.4;
33.4456065304146;-118.485352275043;17:04:41.16;7/13/2016;7;2.28;118.61;12.0453350093692;1.5;117.7;128.1;-3.07;7.71;25.8;.00;19.42;19.42;91;58;550.6;16.1;-3.6;D;629.5;20;18.646;2;2.27;190;120.57;-118.48517925;33.44552124;0;0;1;N;0.173945;47;47;11;101;101;121.3084;0;9999.99;19.40;19.53164;2;9;23;0;23;33.85;1528.15277;07/13/16;17:01:41;21.98;51.44;33.85;0.080;8.37;-80.2;1.0;0.2;-2559;113.7;8.17;12.4;
33.4455983517697;-118.485345716046;17:04:42.17;7/13/2016;7;1.926;118.04;12.0453350093692;1.5;120.4;130.62;0.69;4.19;25.8;.00;19.73;19.73;91;58;550.6;16.1;-3.6;D;629.5;20;17.666;2;2.17;190;119.04;-118.48517925;33.44552124;0;0;1;N;0.2979681;53;53;11;75;75;117.9298;0;9999.99;19.74;19.867;2;9;23;0;23;33.82;1528.11942;07/13/16;17:01:43;21.99;51.40;33.82;0.168;8.38;-80.5;0.8;-0.6;-2282;113.6;8.16;12.4;
33.4455910589634;-118.485337957174;17:04:43.17;7/13/2016;7;1.983;125.71;12.0453350093692;1.5;118.3;128.66;2.29;19.4;25.9;.00;18.31;18.31;91;58;550.6;16.1;-3.6;D;629.5;20;16.647;2;2.19;190;117.8;-118.48517925;33.44552124;0;0;1;N;0.6405832;76;76;11;69;69;115.4847;0;9999.99;18.33;18.45803;2;9;23;0;23;33.82;1528.11942;07/13/16;17:01:43;21.99;51.40;33.82;0.168;8.38;-80.5;0.8;-0.6;-2282;113.6;8.16;12.4;
33.4455804519556;-118.485328247995;17:04:44.17;7/13/2016;7;1.998;122.47;12.0453350093692;1.5;110.5;121.4;-3.06;6.7;25.8;.00;18.31;18.31;91;58;550.6;16.1;-3.6;D;629.5;20;15.312;2;2.11;190;115.47;-118.48517925;33.44552124;0;0;1;N;1.226902;43;43;11;87;87;111.3438;0;9999.99;18.33;18.45803;2;9;23;0;23;33.85;1528.15233;07/13/16;17:01:45;21.99;51.44;33.85;-0.037;8.38;-80.3;18.2;-1.7;-3710;113.5;8.16;12.4;
33.4455760497696;-118.485321131597;17:04:45.17;7/13/2016;7;2.018;127.96;12.0453350093692;1.5;117.6;128.01;3.17;2.22;25.9;.00;19.42;19.42;91;60;550.6;16.1;-3.7;D;611.6;20;14.506;2;2.06;190;114.84;-118.48517925;33.44552124;0;0;1;N;1.316783;70;70;11;64;64;110.716;0;9999.99;19.39;19.517;2;9;23;0;23;33.85;1528.15233;07/13/16;17:01:45;21.99;51.44;33.85;-0.037;8.38;-80.3;18.2;-1.7;-3710;113.5;8.16;12.4;
33.4455675792109;-118.485309734768;17:04:46.17;7/13/2016;7;2.81;126.43;12.0453350093692;1.5;106.5;117.69;-0.32;15.3;25.8;.00;18.58;18.58;91;60;550.6;16.1;-3.7;D;611.6;20;13.158;2;2.17;190;113.05;-118.48517925;33.44552124;0;0;1;N;1.612615;57;57;11;76;76;108.666;0;9999.99;18.58;18.70409;2;9;23;0;23;33.81;1528.10855;07/13/16;17:01:47;21.99;51.39;33.81;-0.186;8.37;-80.2;0.5;-2.1;-2416;113.5;8.16;12.4;
33.4455649838417;-118.485298166031;17:04:47.17;7/13/2016;7;2.091;122.14;12.0453350093692;1.5;105.7;116.95;-0.2;6.18;25.8;.00;19.04;19.04;91;60;550.6;16.1;-3.7;D;611.6;20;12.058;2;2.15;190;113.79;-118.48517925;33.44552124;0;0;1;N;1.335242;56;56;11;102;102;110.5874;0;9999.99;19.04;19.167;2;9;23;0;23;33.85;1528.15236;07/13/16;17:01:48;21.97;51.44;33.85;0.071;8.37;-80.0;0.5;-2.8;376;113.5;8.15;12.3;
33.4455537163821;-118.485285856443;17:04:48.17;7/13/2016;6;2.254;119.57;12.0453350093692;1.9;110.8;121.68;-0.34;12.7;25.8;.00;18.36;18.36;91;62;550.5;16.1;-3.8;D;590.7;20;10.530;2;2.13;190;110.06;-118.48517925;33.44552124;0;0;1;N;1.831746;55;55;11;69;69;107.1662;0;9999.99;18.36;18.48624;2;9;23;0;23;33.85;1528.15236;07/13/16;17:01:48;21.97;51.44;33.85;0.071;8.37;-80.0;0.5;-2.8;376;113.5;8.15;12.3;
33.4455497732541;-118.485276684802;17:04:49.19;7/13/2016;6;2.028;123.66;12.0453350093692;1.9;109.6;120.56;-2.06;3.06;25.8;.00;18.81;18.81;91;62;550.5;16.1;-3.8;D;590.7;20;9.581;2;2.12;190;109.34;-118.48517925;33.44552124;0;0;1;N;1.78866;45;45;11;75;75;107.4597;0;53.06;18.78;71.967;2;9;23;0;23;33.84;1528.14136;07/13/16;17:01:50;21.98;51.43;33.84;0.094;8.38;-80.3;1.0;-0.8;191;113.4;8.15;12.4;
33.4455436053545;-118.485266436241;17:04:50.22;7/13/2016;6;2.302;118.36;12.0453350093692;1.9;106.5;117.69;3.18;11.6;25.8;.01;18.18;18.19;91;62;550.5;16.1;-3.8;D;590.7;20;8.463;2;2.21;190;107.09;-118.48517925;33.44552124;0;0;1;N;1.920651;76;76;11;82;82;106.5618;0;36.64;18.21;54.97699;2;9;23;0;23;33.84;1528.14136;07/13/16;17:01:50;21.98;51.43;33.84;0.094;8.38;-80.3;1.0;-0.8;191;113.4;8.15;12.4;
33.4455366637442;-118.485253961058;17:04:51.22;7/13/2016;6;2.208;121.44;12.0453350093692;1.9;108.3;119.36;-1.33;7.23;25.9;.01;18.20;18.21;91;62;550.5;16.1;-3.8;D;590.7;20;7.141;2;2.23;189;103.9;-118.48517925;33.44552124;0;0;1;N;1.994264;49;49;11;74;74;106.0646;0;9999.99;18.19;18.31368;2;9;23;0;23;33.85;1528.15292;07/13/16;17:01:52;21.99;51.43;33.85;-0.048;8.38;-80.4;0.9;-0.7;-2025;113.4;8.15;12.2;
33.4455288274586;-118.485241568085;17:04:52.25;7/13/2016;6;2.234;114.12;12.0453350093692;1.9;110.1;121.03;1.88;12.7;25.9;.00;17.70;17.70;91;63;550.5;16.1;-3.9;D;580.1;20;5.843;2;2.21;189;98.3;-118.48517925;33.44552124;0;0;1;N;2.169456;68;68;11;62;62;104.8898;0;39.90;17.72;57.74031;2;9;23;0;23;33.85;1528.15292;07/13/16;17:01:52;21.99;51.43;33.85;-0.048;8.38;-80.4;0.9;-0.7;-2025;113.4;8.15;12.2;
33.4455256577836;-118.485230743185;17:04:53.27;7/13/2016;6;2.268;114.6;12.0453350093692;1.9;101.9;113.43;-2.41;10.2;25.9;.00;17.74;17.74;91;63;550.5;16.1;-3.9;D;580.1;20;4.803;2;2.13;189;95.87;-118.48517925;33.44552124;0;0;1;N;1.993021;43;43;11;98;98;106.0731;0;9999.99;17.72;17.84652;2;9;23;0;23;33.85;1528.15256;07/13/16;17:01:53;21.99;51.44;33.85;0.030;8.38;-80.3;1.6;-0.3;-2058;113.4;8.15;12.4;
33.4455233473079;-118.485220198539;17:04:54.28;7/13/2016;6;2.147;110.74;12.0453350093692;1.9;109.5;120.47;2.68;7.97;25.8;.01;17.75;17.76;91;63;550.5;16.1;-3.9;D;580.1;20;3.807;2;2.17;189;93.53;-118.48517925;33.44552124;0;0;1;N;1.7083;70;70;11;85;85;108.0099;0;9999.99;17.77;17.897;2;9;23;0;23;33.82;1528.1199;07/13/16;17:01:55;22.00;51.40;33.82;0.141;8.37;-80.0;0.5;-1.7;-1334;113.4;8.15;12.4;
33.4455194825788;-118.485209208004;17:04:55.30;7/13/2016;6;2.652;111.21;12.0453350093692;1.9;104.2;115.56;-5.67;6.61;25.8;.01;17.60;17.61;91;57;550.4;16.1;-3.5;D;642.9;20;2.786;2;2.1;189;85.98;-118.48517925;33.44552124;0;0;1;N;1.57355;43;43;11;98;98;108.9371;0;9999.99;17.57;17.697;2;9;23;0;23;33.82;1528.1199;07/13/16;17:01:55;22.00;51.40;33.82;0.141;8.37;-80.0;0.5;-1.7;-1334;113.4;8.15;12.4;
33.4455162114507;-118.485196130283;17:04:56.31;7/13/2016;7;1.731;109.77;12.0453350093692;1.9;107.6;118.71;-4.76;0.72;25.8;.04;17.72;17.76;91;57;550.4;16.1;-3.5;D;642.9;21;57.566;2;2.09;189;310.42;-118.48566851;33.44585185;0;0;1;N;1.44456;43;43;11;5;5;319.2369;0;9999.99;17.66;17.787;2;9;23;0;23;33.29;1527.54031;07/13/16;17:01:57;21.98;50.68;33.29;0.470;8.37;-80.2;0.6;-3.3;-2384;113.4;8.18;12.4;
33.4455066550986;-118.485180975895;17:04:57.34;7/13/2016;7;2.997;115.81;12.0453350093692;1.9;104.4;115.75;0.72;4.23;25.8;.08;17.02;17.11;91;57;550.4;16.1;-3.5;D;642.9;21;59.325;2;2.15;189;310.32;-118.48566851;33.44585185;0;0;1;N;1.272191;61;61;11;5;5;317.3954;0;.41;17.02;17.557;2;9;23;0;23;33.29;1527.54031;07/13/16;17:01:57;21.98;50.68;33.29;0.470;8.37;-80.2;0.6;-3.3;-2384;113.4;8.18;12.4;
33.4454991951479;-118.485163126535;17:04:58.34;7/13/2016;5;3.466;115.81;12.0453350093692;2.47;88.8;101.31;3.45;9.1;25.8;.08;16.64;16.71;91;57;550.4;16.1;-3.5;D;642.9;21;61.127;2;2;189;309.91;-118.48566851;33.44585185;0;0;1;N;1.005101;78;78;11;5;5;313.7321;0;9999.99;16.67;16.797;2;9;23;0;23;33.84;1528.14915;07/13/16;17:01:59;21.99;51.42;33.84;0.412;8.38;-80.5;0.8;-1.7;-1704;113.4;8.15;12.4;
33.445500093424;-118.485145989939;17:04:59.38;7/13/2016;5;2.776;115.81;12.0453350093692;2.47;75.8;89.2;2.06;10.1;25.8;.01;16.55;16.56;91;66;550.3;16.1;-4.1;D;556.8;21;62.292;2;1.95;189;308.9;-118.48566851;33.44585185;0;0;1;N;0.3755867;69;69;11;5;5;308.8879;0;9999.99;16.57;16.697;2;9;23;0;23;33.84;1528.14915;07/13/16;17:01:59;21.99;51.42;33.84;0.412;8.38;-80.5;0.8;-1.7;-1704;113.4;8.15;12.4;
33.4455037240088;-118.485135535117;17:05:00.39;7/13/2016;6;1.689;115.81;12.0453350093692;1.9;66;79.96;2.57;9.8;25.8;.00;16.02;16.02;91;66;550.3;16.1;-4.1;D;556.8;21;62.800;2;1.92;189;308.05;-118.48566851;33.44585185;0;0;1;N;0.7450848;72;72;11;5;5;305.413;0;9999.99;16.05;16.17331;2;9;23;0;23;33.83;1528.13057;07/13/16;17:02:01;21.98;51.42;33.83;-0.147;8.37;-80.2;1.3;-4.2;-2586;113.4;8.15;12.4;
33.4455093205649;-118.48512688281;17:05:01.39;7/13/2016;6;2.124;96.92;12.0453350093692;1.9;56.8;71.18;-1.99;14.9;25.8;.00;15.80;15.80;91;66;550.3;16.1;-4.1;D;556.8;21;63.056;2;1.94;189;307.16;-118.48566851;33.44585185;0;0;1;N;1.735645;45;45;11;5;5;301.8709;0;44.54;15.79;60.45797;2;9;23;0;23;33.83;1528.13057;07/13/16;17:02:01;21.98;51.42;33.83;-0.147;8.37;-80.2;1.3;-4.2;-2586;113.4;8.15;12.4;
33.4455110535492;-118.485118042171;17:05:02.39;7/13/2016;6;2.032;96.92;12.0453350093692;1.9;51.3;65.87;2.83;15;25.8;.00;15.89;15.89;91;66;550.3;16.1;-4.1;D;551.8;21;63.597;2;2.02;189;306.57;-118.48566851;33.44585185;0;0;1;N;2.793493;68;68;11;5;5;299.8676;0;9999.99;15.90;16.02439;2;9;23;0;23;33.85;1528.1523;07/13/16;17:02:03;21.98;51.43;33.85;0.147;8.37;-80.0;0.4;-5.4;-2008;113.4;8.15;12.4;
33.4455151756403;-118.485109529771;17:05:03.41;7/13/2016;6;1.98;96.92;12.0453350093692;1.9;40.6;55.41;1.77;10.3;25.8;.00;15.60;15.60;91;66;550.3;16.1;-4.1;D;551.8;21;63.964;2;2.02;189;305.82;-118.48566851;33.44585185;0;0;1;N;3.632843;68;68;11;5;5;297.3817;0;9999.99;15.63;15.757;2;9;23;0;23;33.85;1528.1523;07/13/16;17:02:03;21.98;51.43;33.85;0.147;8.37;-80.0;0.4;-5.4;-2008;113.4;8.15;12.4;
33.4455181939395;-118.485105409863;17:05:04.41;7/13/2016;6;2.031;72.59;12.0453350093692;1.9;27;41.89;-5.45;8;25.8;.01;15.43;15.44;91;66;550.3;16.1;-4.1;D;551.8;21;64.079;2;2;189;305.38;-118.48566851;33.44585185;0;0;1;N;4.422049;43;43;11;5;5;295.7496;0;9999.99;15.41;15.53208;2;9;23;0;23;33.32;1527.57141;07/13/16;17:02:05;21.99;50.72;33.32;0.046;8.38;-80.6;41.9;-3.6;-2891;113.4;8.17;12.4;
33.4455261801343;-118.485101287711;17:05:05.41;7/13/2016;6;1.904;72.59;12.0453350093692;1.89;20.6;35.45;2.47;4.09;25.8;.03;16.15;16.18;91;66;550.3;16.1;-4.1;D;551.8;21;63.884;2;2.03;189;304.53;-118.48566851;33.44585185;0;0;1;N;4.965146;65;65;11;5;5;292.546;0;9999.99;16.15;16.277;2;9;23;0;23;33.32;1527.57141;07/13/16;17:02:05;21.99;50.72;33.32;0.046;8.38;-80.6;41.9;-3.6;-2891;113.4;8.17;12.4;
33.4455375855486;-118.485095415074;17:05:06.44;7/13/2016;6;2.483;72.59;12.0453350093692;1.89;8.1;22.76;3.76;10.1;25.8;.03;16.15;16.18;91;63;550.2;16.1;-3.9;D;585.1;21;63.628;2;1.96;189;303.31;-118.48566851;33.44585185;0;0;1;N;6.186661;80;80;11;5;5;287.8664;0;9999.99;16.15;16.277;2;9;23;0;23;33.84;1528.14388;07/13/16;17:02:07;22.00;51.43;33.84;0.134;8.37;-80.2;1.2;-3.4;-2739;113.4;8.14;12.4;
33.4455458929709;-118.485094018768;17:05:07.44;7/13/2016;6;1.974;72.59;12.0453350093692;1.89;3.6;18.17;1.11;19.1;25.8;.00;16.15;16.15;91;63;550.2;16.1;-3.9;D;585.1;21;63.235;2;1.96;189;302.55;-118.48566851;33.44585185;0;0;1;N;7.122534;64;64;11;5;5;284.1927;0;9999.99;16.15;16.277;2;9;23;0;23;33.84;1528.14388;07/13/16;17:02:07;22.00;51.43;33.84;0.134;8.37;-80.2;1.2;-3.4;-2739;113.4;8.14;12.4;
33.4455559841107;-118.48509282747;17:05:08.45;7/13/2016;6;1.99;72.59;12.0453350093692;1.89;349;3.24;0.61;9.3;25.8;.00;16.15;16.15;91;63;550.2;16.1;-3.9;D;585.1;21;62.732;2;1.95;189;301.63;-118.48566851;33.44585185;0;0;1;N;7.857965;56;56;11;5;5;280.2227;0;44.93;16.15;61.207;2;9;23;0;23;33.84;1528.14139;07/13/16;17:02:09;22.00;51.43;33.84;-0.034;8.38;-80.5;1.0;5.1;-3016;113.3;8.14;12.4;
33.4455658004423;-118.485094203559;17:05:09.47;7/13/2016;6;1.867;72.59;12.0453350093692;1.89;344.7;358.84;1.36;14.6;25.9;.00;14.43;14.43;91;64;550.2;16.1;-3.9;D;572.8;21;62.057;2;1.9;189;300.83;-118.48566851;33.44585185;0;0;1;N;8.768826;66;66;11;5;5;275.1786;0;9999.99;14.45;14.577;2;9;23;0;23;33.84;1528.14139;07/13/16;17:02:09;22.00;51.43;33.84;-0.034;8.38;-80.5;1.0;5.1;-3016;113.3;8.14;12.4;
33.4455789155117;-118.485093483074;17:05:10.47;7/13/2016;6;2.295;38.03;12.0453350093692;1.89;341;355.05;1.56;18.7;25.8;.00;27.17;27.17;91;64;550.2;16.1;-3.9;D;572.8;21;61.380;2;1.94;189;299.63;-118.48566851;33.44585185;0;0;1;N;9.899726;66;66;11;5;5;268.8594;0;9999.99;27.18;27.30811;2;9;23;0;23;33.85;1528.1523;07/13/16;17:02:11;22.01;51.44;33.85;-0.183;8.37;-80.0;0.6;-2.0;-3278;113.3;8.14;12.3;
33.4455861934502;-118.485089046209;17:05:11.47;7/13/2016;6;2.827;38.03;12.0453350093692;1.89;329.9;343.72;1.07;23.4;25.8;.00;16.09;16.09;91;64;550.2;16.1;-3.9;D;572.8;21;61.345;2;1.96;189;298.79;-118.48566851;33.44585185;0;0;1;N;10.80564;67;67;11;5;5;265.6801;0;46.32;16.12;62.567;2;9;23;0;23;33.84;1528.14134;07/13/16;17:02:12;22.01;51.43;33.84;-0.153;8.37;-79.9;0.5;-3.4;1132;113.3;8.14;12.3;
33.4455950580608;-118.485087888615;17:05:12.47;7/13/2016;6;1.698;11.79;12.0453350093692;1.89;324.5;338.22;1.96;15.7;25.8;.00;14.00;14.00;91;64;550.2;16.1;-3.9;D;572.8;21;60.971;2;1.97;189;297.93;-118.48566851;33.44585185;0;0;1;N;11.23473;65;65;11;5;5;265.0451;0;52.83;14.01;66.967;2;9;23;0;23;33.84;1528.14134;07/13/16;17:02:12;22.01;51.43;33.84;-0.153;8.37;-79.9;0.5;-3.4;1132;113.3;8.14;12.3;
33.445601058834;-118.485094027081;17:05:13.48;7/13/2016;6;1.849;347.77;12.0453350093692;1.89;305.5;318.94;1.04;16.8;25.8;.00;28.48;28.48;91;66;550.1;16.1;-4.1;D;555.4;21;60.156;2;1.98;189;297.62;-118.48566851;33.44585185;0;0;1;N;12.00246;70;70;11;32;32;256.5067;0;30.33;28.51;58.9657;2;9;23;0;23;33.85;1528.15233;07/13/16;17:02:14;22.01;51.44;33.85;-0.142;8.38;-80.3;0.7;-4.5;-841;113.4;8.14;12.4;
33.445609421273;-118.485106018456;17:05:14.52;7/13/2016;6;1.516;347.77;12.0453350093692;1.89;297.1;310.45;0.17;7.38;25.8;.00;30.49;30.49;91;66;550.1;16.1;-4.1;D;555.4;21;58.740;2;1.91;189;297.32;-118.48566851;33.44585185;0;0;1;N;11.89365;53;53;11;5;5;252.9314;0;32.31;30.48;62.92008;2;9;23;0;23;33.84;1528.14143;07/13/16;17:02:15;22.01;51.43;33.84;-0.039;8.37;-80.0;0.5;-5.1;-3996;113.4;8.14;12.4;
33.4456181088896;-118.485114983462;17:05:15.52;7/13/2016;6;2.31;330.77;12.0453350093692;1.89;285.2;298.41;1.22;14.6;25.8;.00;49.43;49.43;91;66;550.1;16.1;-4.1;D;555.4;21;57.560;2;2;189;296.84;-118.48566851;33.44585185;0;0;1;N;12.14335;64;64;11;5;5;252.3811;0;39.02;49.43;88.58247;2;9;23;0;23;33.84;1528.14137;07/13/16;17:02:16;22.01;51.43;33.84;-0.019;8.37;-79.8;0.6;-2.4;-1918;113.4;8.14;12.3;
33.4456271704954;-118.485133213642;17:05:16.52;7/13/2016;6;2.011;309.38;12.0453350093692;1.89;282.4;295.58;2.08;14.2;25.8;.00;49.43;49.43;91;66;550.1;16.1;-4;D;558.1;21;55.596;2;1.89;189;296.7;-118.48566851;33.44585185;0;0;1;N;11.86467;69;69;11;5;5;252.9936;0;29.99;49.43;79.54626;2;9;23;0;23;33.85;1528.15269;07/13/16;17:02:17;22.01;51.43;33.85;-0.046;8.38;-80.6;0.6;-4.1;797;113.4;8.14;12.4;
33.4456329640149;-118.485140912067;17:05:17.53;7/13/2016;6;2.024;301.86;12.0453350093692;1.89;272.5;285.53;-0.9;9.8;25.8;.00;49.43;49.43;91;66;550.1;16.1;-4;D;558.1;21;54.669;2;1.87;189;296.44;-118.48566851;33.44585185;0;0;1;N;11.61375;52;52;11;5;5;254.5763;0;18.41;49.43;67.96986;2;9;23;0;23;33.84;1528.14168;07/13/16;17:02:18;22.01;51.43;33.84;-0.194;8.38;-80.4;1.3;68.8;35591;113.3;8.14;12.4;
33.4456349293287;-118.485149476063;17:05:18.53;7/13/2016;6;1.66;301.86;12.0453350093692;1.89;262.3;275.12;4.08;12.2;25.8;.01;16.31;16.32;91;66;550.1;16.1;-4;D;558.1;21;53.860;2;1.9;189;296.61;-118.48566851;33.44585185;0;0;1;N;11.48833;84;84;11;48;48;254.2089;0;46.96;16.33;63.41764;2;9;23;0;23;33.85;1528.153;07/13/16;17:02:19;22.01;51.44;33.85;0.100;8.37;-80.2;1.4;-3.2;-1690;113.3;8.14;12.4;
33.4456374074598;-118.485161582758;17:05:19.55;7/13/2016;6;2.075;301.86;12.0453350093692;1.89;253.6;266.18;0.69;17.8;25.7;.01;21.09;21.10;91;66;550.1;16.1;-4;D;558.1;21;52.733;2;1.87;189;296.88;-118.48566851;33.44585185;0;0;1;N;11.14009;61;61;11;81;81;254.6852;0;27.30;21.09;48.51435;2;9;23;0;23;33.85;1528.15286;07/13/16;17:02:20;22.02;51.43;33.85;-0.224;8.37;-79.9;1.6;-6.4;-3424;113.3;8.14;12.3;
33.4456309504176;-118.485166734631;17:05:20.55;7/13/2016;6;1.656;287.09;12.0453350093692;1.89;251;263.5;1.18;16.1;25.7;.00;21.09;21.09;91;63;550.0;16.1;-3.9;D;576.2;21;52.638;2;1.87;189;297.82;-118.48566851;33.44585185;0;0;1;N;10.2962;64;64;11;100;100;256.8496;0;32.02;21.09;53.23011;2;9;23;0;23;33.83;1528.13069;07/13/16;17:02:21;22.02;51.42;33.83;-0.096;8.38;-80.4;1.9;-4.2;-2030;113.3;8.14;12.4;
33.4456324933212;-118.485175702664;17:05:21.55;7/13/2016;6;1.483;287.09;12.0453350093692;1.89;254.7;267.31;0.18;11.3;25.8;.00;21.09;21.09;91;63;550.0;16.1;-3.9;D;576.2;21;51.823;2;1.83;189;298.08;-118.48566851;33.44585185;0;0;1;N;9.89446;56;56;11;85;85;257.9607;0;51.70;21.09;72.91204;2;9;23;0;23;33.84;1528.14158;07/13/16;17:02:22;22.02;51.43;33.84;-0.099;8.38;-80.4;1.7;-3.2;-2522;113.3;8.14;12.5;
33.4456331764185;-118.485185572686;17:05:22.55;7/13/2016;6;1.868;287.09;12.0453350093692;1.89;250.4;262.88;0.42;18.5;25.8;.00;16.61;16.61;91;63;550.0;16.1;-3.9;D;576.2;21;50.980;2;1.86;189;298.49;-118.48566851;33.44585185;0;0;1;N;9.375683;69;69;11;105;105;259.4749;0;9999.99;16.64;16.76229;2;9;23;0;23;33.84;1528.14154;07/13/16;17:02:23;22.02;51.42;33.84;0.004;8.38;-80.3;1.3;-2.3;-2959;113.3;8.13;12.4;
33.4456224867174;-118.48518790553;17:05:23.55;7/13/2016;6;1.925;287.09;12.0453350093692;1.89;255.2;267.83;-1.11;8.9;25.8;.01;15.36;15.36;91;63;550.0;16.1;-3.9;D;576.2;21;51.370;2;1.85;189;299.77;-118.48566851;33.44585185;0;0;1;N;8.309849;50;50;11;106;106;262.9152;0;9999.99;15.34;15.46919;2;9;23;0;23;33.84;1528.14186;07/13/16;17:02:24;22.01;51.42;33.84;-0.071;8.37;-79.9;-0.3;55.1;-1099;113.3;8.14;12.3;
33.4456193285604;-118.485199521869;17:05:24.55;7/13/2016;6;1.849;287.09;12.0453350093692;1.89;259.1;271.84;1.75;7.66;25.8;.00;17.25;17.25;91;60;549.9;16.1;-3.7;D;611.9;21;50.616;2;1.83;189;300.72;-118.48566851;33.44585185;0;0;1;N;7.359;67;67;11;105;105;266.3922;0;9999.99;17.25;17.377;2;9;23;0;23;33.83;1528.13091;07/13/16;17:02:25;22.01;51.42;33.83;0.033;8.37;-80.0;1.2;-2.3;-1238;113.3;8.14;12.4;
33.4456220148532;-118.485216762138;17:05:25.55;7/13/2016;7;2.038;271.9;12.0453350093692;1.89;257.2;269.89;-0.52;14.3;25.8;.00;17.18;17.18;91;62;549.9;16.1;-3.9;D;585.9;21;49.091;2;1.88;189;301.37;-118.48566851;33.44585185;0;0;1;N;6.592951;52;52;11;132;132;269.5085;0;9999.99;17.18;17.31029;2;9;23;0;23;33.84;1528.14136;07/13/16;17:02:26;22.01;51.43;33.84;-0.197;8.37;-80.1;0.9;-1.7;-3085;113.3;8.14;12.4;
33.4456218329191;-118.485229281455;17:05:26.55;7/13/2016;7;1.957;271.9;12.0453350093692;1.89;260.3;273.07;-1.25;11.8;25.8;.00;17.53;17.53;91;62;549.9;16.1;-3.9;D;585.9;21;48.114;2;1.89;189;302.11;-118.48566851;33.44585185;0;0;1;N;5.83091;46;46;11;130;130;272.9142;0;9999.99;17.52;17.64456;2;9;23;0;23;33.86;1528.16327;07/13/16;17:02:27;22.01;51.45;33.86;0.031;8.38;-80.4;1.6;-3.5;-2806;113.4;8.14;12.3;
33.445623660057;-118.485239079737;17:05:27.55;7/13/2016;7;1.981;279.9;12.0453350093692;1.89;261.7;274.5;1.05;18.2;25.8;.00;16.06;16.06;91;62;549.9;16.1;-3.9;D;585.9;21;47.237;2;1.86;189;302.49;-118.48566851;33.44585185;0;0;1;N;5.424429;64;64;11;133;133;274.8629;0;9999.99;16.07;16.19751;2;9;23;0;23;33.85;1528.15252;07/13/16;17:02:28;22.02;51.44;33.85;0.057;8.38;-80.3;1.0;-1.6;-3340;113.4;8.14;12.4;
33.4456287746905;-118.485236502525;17:05:28.55;7/13/2016;7;2.447;279.9;12.0453350093692;1.88;271.6;284.61;0.08;6.23;25.8;.00;17.86;17.86;91;62;549.9;16.1;-3.9;D;585.9;21;47.137;2;1.88;190;301.75;-118.48566851;33.44585185;0;0;1;N;5.993586;57;57;11;77;77;272.1617;0;9999.99;17.84;17.96605;2;9;23;0;23;33.84;1528.14153;07/13/16;17:02:29;22.02;51.43;33.84;-0.172;8.38;-80.5;2.3;-1.8;-927;113.4;8.14;12.4;
33.4456229598878;-118.485236676314;17:05:29.55;7/13/2016;7;1.633;279.9;12.0453350093692;1.88;269;281.97;-1.03;8;25.8;.00;18.10;18.10;91;57;549.9;16.1;-3.5;D;639.2;21;47.467;2;1.86;190;302.43;-118.48566851;33.44585185;0;0;1;N;5.484322;48;48;11;106;106;274.57;0;9999.99;18.10;18.227;2;9;23;0;23;33.85;1528.15247;07/13/16;17:02:30;22.02;51.44;33.85;0.038;8.38;-80.4;1.3;-2.8;-1209;113.4;8.14;12.3;
33.4456318415659;-118.485249893173;17:05:30.55;7/13/2016;7;2.723;290;12.0453350093692;1.88;271.6;284.61;2.11;18.6;25.8;.00;17.91;17.92;91;57;549.9;16.1;-3.5;D;639.2;21;45.903;2;1.92;190;302.21;-118.48566851;33.44585185;0;0;1;N;5.473563;70;70;11;87;87;274.6222;0;9999.99;17.92;18.04696;2;9;23;0;23;33.85;1528.15239;07/13/16;17:02:31;22.03;51.44;33.85;0.012;8.37;-80.1;1.0;-2.1;-1397;113.3;8.14;12.4;
33.445634946696;-118.485261585388;17:05:31.56;7/13/2016;7;2.251;290;12.0453350093692;1.88;269.8;282.78;-2.45;16.4;25.8;.01;18.75;18.76;91;57;549.9;16.1;-3.5;D;639.2;21;44.802;2;1.91;190;302.57;-118.48566851;33.44585185;0;0;1;N;5.070952;43;43;11;102;102;276.6326;0;31.55;18.73;50.41105;2;9;23;0;23;33.84;1528.14194;07/13/16;17:02:32;22.03;51.42;33.84;-0.217;8.37;-79.9;2.3;-1.5;-2186;113.3;8.13;12.4;
33.4456387391365;-118.485272328684;17:05:32.56;7/13/2016;7;1.871;290;12.0453350093692;1.88;273.7;286.75;3.11;11.7;25.8;.02;18.67;18.69;91;62;549.8;16.1;-3.8;D;587;21;43.735;2;1.87;190;302.81;-118.48566851;33.44585185;0;0;1;N;4.764236;69;69;11;100;100;278.2275;0;40.32;18.67;59.11625;2;9;23;0;23;33.84;1528.14205;07/13/16;17:02:33;22.03;51.42;33.84;0.161;8.37;-80.2;4.1;-2.0;-3154;113.3;8.14;12.4;
33.4456403620289;-118.485284565413;17:05:33.58;7/13/2016;6;2.131;290;12.0453350093692;1.88;269.8;282.78;-1.47;9.9;25.8;.01;18.57;18.58;91;62;549.8;16.1;-3.8;D;587;21;42.685;2;1.93;190;303.43;-118.48566851;33.44585185;0;0;1;N;4.188324;48;48;11;121;121;281.3684;0;9999.99;18.59;18.71455;2;9;23;0;23;33.84;1528.14234;07/13/16;17:02:34;22.03;51.42;33.84;-0.089;8.37;-80.2;1.1;-1.1;-1279;113.3;8.14;12.3;
33.4456419632918;-118.485295709733;17:05:34.59;7/13/2016;6;1.855;290;12.0453350093692;3.93;275;288.07;-0.26;11.2;25.7;.00;18.76;18.77;91;62;549.8;16.1;-3.8;D;587;21;41.727;2;2;190;304.01;-118.48566851;33.44585185;0;0;1;N;3.671188;55;55;11;112;112;284.3519;0;9999.99;18.73;18.86182;2;9;23;0;23;33.83;1528.13102;07/13/16;17:02:35;22.02;51.42;33.83;-0.089;8.38;-80.3;1.5;-1.3;-2769;113.3;8.14;12.4;
33.4456479196325;-118.485306465444;17:05:35.61;7/13/2016;7;2.057;290;12.0453350093692;1.88;278.1;291.22;0.23;18.6;25.8;.00;18.73;18.74;91;62;549.8;16.1;-3.8;D;587;21;40.529;2;1.95;190;304.02;-118.48566851;33.44585185;0;0;1;N;3.549651;67;67;11;100;100;285.075;0;9999.99;18.76;18.88282;2;9;23;0;23;33.83;1528.13079;07/13/16;17:02:36;22.01;51.41;33.83;0.047;8.38;-80.3;1.4;-7.6;-2983;113.3;8.14;12.3;
33.4456516493641;-118.485318347142;17:05:36.61;7/13/2016;8;1.916;290;12.0453350093692;1.88;277.9;291.02;0.49;10.1;25.8;.00;19.89;19.89;91;63;549.7;16.1;-3.9;D;580.6;21;39.384;2;1.9;190;304.42;-118.48566851;33.44585185;0;0;1;N;3.170953;60;60;11;99;99;287.3802;0;9999.99;19.87;19.997;2;9;23;0;23;33.83;1528.13077;07/13/16;17:02:37;22.01;51.41;33.83;-0.160;8.38;-80.6;1.2;-4.1;-803;113.4;8.14;12.4;
33.4456520011071;-118.485325681621;17:05:37.63;7/13/2016;8;1.843;290;12.0453350093692;1.88;279.7;292.84;-0.72;18.8;25.7;.00;19.01;19.01;91;63;549.7;16.1;-3.9;D;580.6;21;38.802;2;1.98;190;304.94;-118.48566851;33.44585185;0;0;1;N;2.777048;53;53;11;115;115;289.8588;0;9999.99;19.02;19.15071;2;9;23;0;23;33.83;1528.13044;07/13/16;17:02:38;22.00;51.42;33.83;-0.078;8.38;-80.6;0.5;-1.2;165;113.3;8.14;12.4;
33.4456592557199;-118.48534151156;17:05:38.64;7/13/2016;8;1.911;287.93;12.0453350093692;1.88;284.7;297.91;-0.88;6.24;25.7;.00;31.89;31.90;91;63;549.7;16.1;-3.9;D;580.6;21;37.137;2;1.95;190;305.22;-118.48566851;33.44585185;0;0;1;N;2.464;53;53;11;94;94;291.8835;0;9999.99;31.88;32.007;2;9;23;0;23;33.84;1528.14143;07/13/16;17:02:39;21.99;51.43;33.84;-0.061;8.38;-80.5;2.1;-0.9;-898;113.3;8.14;12.5;
33.445661742702;-118.485348468026;17:05:39.66;7/13/2016;8;1.179;287.93;12.0453350093692;1.88;282.4;295.58;-0.41;15.9;25.7;.00;18.60;18.61;91;62;549.7;16.1;-3.8;D;592.2;21;36.450;2;1.95;190;305.45;-118.48566851;33.44585185;0;0;1;N;2.280053;59;59;11;111;111;293.0944;0;9999.99;18.61;18.73907;2;9;23;0;23;33.85;1528.15246;07/13/16;17:02:40;21.99;51.44;33.85;-0.041;8.37;-80.2;1.9;-1.8;-1438;113.3;8.14;12.2;
33.445664338085;-118.485360542879;17:05:40.66;7/13/2016;8;1.851;294.57;12.0453350093692;1.49;285.9;299.12;-3.56;13.3;25.7;.00;38.68;38.68;91;60;549.7;16.1;-3.7;D;613.6;21;35.372;2;1.99;190;306.12;-118.48566851;33.44585185;0;0;1;N;1.792548;43;43;11;116;116;296.3727;0;9999.99;38.67;38.79538;2;9;23;0;23;33.84;1528.14161;07/13/16;17:02:41;22.00;51.42;33.84;-0.095;8.38;-80.4;1.3;-2.9;-901;113.2;8.14;12.4;
33.4456689086643;-118.485372768367;17:05:41.67;7/13/2016;8;1.875;291.47;12.0453350093692;1.49;291.8;305.09;-0.7;13;25.7;.01;20.25;20.26;91;60;549.7;16.1;-3.7;D;613.6;21;34.158;2;1.95;190;306.55;-118.48566851;33.44585185;0;0;1;N;1.462455;50;50;11;102;102;298.6427;0;45.74;20.22;66.087;2;9;23;0;23;33.84;1528.14192;07/13/16;17:02:42;22.00;51.43;33.84;0.171;8.38;-80.3;0.8;-3.9;-3032;113.3;8.14;12.5;
33.4456753991992;-118.485385248241;17:05:42.67;7/13/2016;8;2.039;291.47;12.0453350093692;1.49;287;300.24;1.31;16.4;25.8;.01;19.39;19.40;91;60;549.7;16.1;-3.7;D;613.6;21;32.798;2;2.03;190;306.74;-118.48566851;33.44585185;0;0;1;N;1.302714;65;65;11;125;125;299.7535;0;9999.99;19.40;19.52443;2;9;22.9;0;22.8999996185303;33.84;1527.88695;07/13/16;17:02:43;22.00;51.42;33.84;0.113;8.38;-80.4;1.2;-6.7;-1338;113.3;8.14;12.4;
33.4456827340452;-118.485397213923;17:05:43.67;7/13/2016;8;2.127;296.97;12.0453350093692;1.48;290.1;303.37;-1.79;13.7;25.7;.00;19.83;19.84;91;65;549.6;16.1;-4;D;559.6;21;31.420;2;2.02;190;306.76;-118.48566851;33.44585185;0;0;1;N;1.231079;46;46;11;115;115;300.2539;0;30.94;19.84;50.90467;2;9;23;0;22.8999996185303;33.83;1527.87584;07/13/16;17:02:44;22.00;51.42;33.83;0.005;8.38;-80.5;1.2;-6.7;-3081;113.3;8.14;12.3;
33.4456902394471;-118.48540833786;17:05:44.67;7/13/2016;8;2.431;303.05;12.0453350093692;1.48;292.9;306.2;0.74;21.8;25.7;.00;19.88;19.88;91;65;549.6;16.1;-4;D;559.6;21;30.094;2;2;190;306.67;-118.48566851;33.44585185;0;0;1;N;1.226347;61;61;11;103;103;300.2872;0;39.61;19.89;59.62198;2;9;23;0;23;33.83;1528.1306;07/13/16;17:02:45;21.99;51.41;33.83;0.008;8.38;-80.5;1.4;-3.3;-847;113.3;8.14;12.4;
33.4457008023255;-118.485421391647;17:05:45.69;7/13/2016;8;2.11;307.38;12.0453350093692;1.48;297.9;311.26;-1;11.2;25.8;.00;19.88;19.88;91;65;549.6;16.1;-4;D;559.6;21;28.422;2;1.98;190;306.22;-118.48566851;33.44585185;0;0;1;N;1.367173;51;51;11;79;79;299.3044;0;9999.99;19.89;20.01562;2;9;23;0;23;33.83;1528.13061;07/13/16;17:02:46;21.98;51.41;33.83;-0.026;8.38;-80.5;1.5;-0.5;-2232;113.3;8.14;12.4;
33.4457090040789;-118.485430494167;17:05:46.69;7/13/2016;7;1.718;303.88;12.0453350093692;1.48;295.6;308.93;-0.53;18.6;25.8;.00;20.22;20.22;91;65;549.6;16.1;-4;D;559.6;21;27.203;2;2.04;190;305.73;-118.48566851;33.44585185;0;0;1;N;1.545694;54;54;11;84;84;298.0668;0;9999.99;20.22;20.347;2;9;22.9;0;22.8999996185303;33.83;1527.87526;07/13/16;17:02:47;21.97;51.42;33.83;-0.148;8.38;-80.4;1.7;-3.2;-300;113.3;8.14;12.4;
33.4457128054231;-118.485436827271;17:05:47.69;7/13/2016;7;1.939;307.42;12.0453350093692;1.48;297.7;311.05;0.58;18.5;25.8;.00;20.32;20.33;91;60;549.6;16.1;-3.7;D;613.7;21;26.479;2;2.1;190;305.73;-118.48566851;33.44585185;0;0;1;N;1.49988;60;60;11;76;76;298.3835;0;9999.99;20.33;20.46003;2;9;23;0;22.8999996185303;33.85;1527.8973;07/13/16;17:02:48;21.97;51.44;33.85;0.042;8.38;-80.5;1.2;-4.3;-3133;113.3;8.14;12.3;
33.4457137404658;-118.485445664085;17:05:48.70;7/13/2016;7;1.934;307.15;12.0453350093692;1.48;304.4;317.83;-0.76;18.1;25.7;.00;21.22;21.23;91;60;549.6;16.1;-3.7;D;613.7;21;25.756;2;2.08;190;306.6;-118.48566851;33.44585185;0;0;1;N;1.054684;50;50;11;67;67;301.492;0;9999.99;21.21;21.337;2;9;23;0;23;33.85;1528.15261;07/13/16;17:02:49;21.97;51.44;33.85;-0.063;8.38;-80.5;1.3;-1.1;-1955;113.3;8.14;12.4;
33.4457197126278;-118.485453687992;17:05:49.70;7/13/2016;7;1.743;309.36;12.0453350093692;1.48;293.9;307.21;1.72;19.6;25.7;.01;21.22;21.23;91;60;549.6;16.1;-3.7;D;613.7;21;24.762;2;2.06;190;306.4;-118.48566851;33.44585185;0;0;1;N;1.11699;67;67;11;94;94;301.0538;0;9999.99;21.21;21.337;2;9;23;0;23;33.84;1528.14164;07/13/16;17:02:50;21.98;51.43;33.84;0.082;8.38;-80.5;1.4;-1.2;-1927;113.3;8.14;12.4;
33.4457244742191;-118.4854649664;17:05:50.70;7/13/2016;7;2.296;304.5;12.0453350093692;1.48;298.8;312.17;-1.26;7.13;25.7;.00;20.27;20.27;91;65;549.5;16.1;-4;D;559.8;21;23.606;2;1.99;190;306.87;-118.48566851;33.44585185;0;0;1;N;0.8626334;49;49;11;91;91;302.8478;0;9999.99;20.26;20.38999;2;9;22.9;0;22.8999996185303;33.82;1527.86452;07/13/16;17:02:51;21.98;51.39;33.82;-0.119;8.37;-80.2;1.5;-4.5;-2083;113.3;8.14;12.4;
33.4457291595445;-118.485473155479;17:05:51.70;7/13/2016;7;1.675;304.5;12.0453350093692;1.48;291.3;304.58;1.45;14.1;25.8;.00;20.55;20.55;91;65;549.5;16.1;-4;D;559.8;21;22.686;2;2.03;190;306.97;-118.48566851;33.44585185;0;0;1;N;0.8061057;66;66;11;122;122;303.2484;0;52.17;20.55;72.847;2;9;23;0;22.8999996185303;33.84;1527.8864;07/13/16;17:02:52;21.97;51.43;33.84;-0.005;8.38;-80.6;1.6;-1.1;-1436;113.3;8.14;12.4;
33.445735614884;-118.48548184562;17:05:52.72;7/13/2016;7;2.003;308.32;12.0453350093692;1.48;299.4;312.77;-1.41;6.09;25.8;.00;20.30;20.30;91;65;549.5;16.1;-4;D;559.8;21;21.610;2;2.08;190;306.73;-118.48566851;33.44585185;0;0;1;N;0.8431325;49;49;11;96;96;302.9859;0;36.94;20.30;57.36596;2;9;23;0;23;33.86;1528.16352;07/13/16;17:02:53;21.97;51.45;33.86;-0.055;8.38;-80.4;2.0;-1.0;-2468;113.3;8.14;12.4;
33.445746226279;-118.485486697462;17:05:53.73;7/13/2016;7;2.008;316.71;12.0453350093692;1.48;306;319.45;1.42;6.25;25.7;.00;20.77;20.78;91;65;549.5;16.1;-4;D;559.8;21;20.555;2;1.97;190;304.85;-118.48566851;33.44585185;0;0;1;N;1.457001;66;66;11;44;44;298.6804;0;56.62;20.77;77.517;2;9;23;0;23;33.85;1528.1526;07/13/16;17:02:54;21.98;51.44;33.85;-0.072;8.38;-80.4;1.5;-2.7;-3993;113.3;8.14;12.4;
33.4457541819503;-118.485494746672;17:05:54.73;7/13/2016;7;2.487;318.84;12.0453350093692;1.48;295.2;308.53;1.35;12.3;25.7;.00;19.10;19.10;91;62;549.5;16.1;-3.8;D;591.2;21;19.439;2;1.98;190;303.97;-118.48566851;33.44585185;0;0;1;N;1.698962;65;65;11;81;81;297.0124;0;9999.99;19.11;19.23771;2;9;22.9;0;22.8999996185303;33.85;1527.89749;07/13/16;17:02:55;21.98;51.43;33.85;0.034;8.37;-80.1;1.5;-1.7;-2037;113.3;8.14;12.4;
33.4457607466703;-118.485504158255;17:05:55.75;7/13/2016;7;2.231;317.91;12.0453350093692;1.48;293.2;306.51;-1.06;16.3;25.7;.00;20.21;20.21;91;67;549.4;16.1;-4.2;D;542.4;21;18.307;2;2.03;190;303.6;-118.48566851;33.44585185;0;0;1;N;1.719937;51;51;11;88;88;296.8688;0;28.48;20.22;48.82286;2;9;22.9;0;22.8999996185303;33.84;1527.88658;07/13/16;17:02:56;21.98;51.43;33.84;-0.007;8.38;-80.5;1.1;-5.0;-2515;113.3;8.14;12.2;
33.445771530196;-118.485515874594;17:05:56.77;7/13/2016;7;2.066;307.92;12.0453350093692;1.48;295.5;308.83;-0.6;12.6;25.7;.00;21.06;21.06;91;67;549.4;16.1;-4.2;D;542.4;21;16.743;2;2.01;190;302.24;-118.48566851;33.44585185;0;0;1;N;1.963866;53;53;11;73;73;295.2098;0;54.37;21.04;75.54184;2;9;23;0;23;33.85;1528.15239;07/13/16;17:02:57;21.98;51.43;33.85;-0.037;8.38;-80.3;1.5;-3.8;-3192;113.3;8.14;12.4;
33.4457774002934;-118.485523776799;17:05:57.77;7/13/2016;7;2.104;312.84;12.0453350093692;1.48;293.7;307.01;1.26;19.3;25.7;.00;21.30;21.30;91;57;549.4;16.1;-3.5;D;642.3;21;15.775;2;2.02;190;301.65;-118.48566851;33.44585185;0;0;1;N;2.013027;65;65;11;78;78;294.8781;0;49.02;21.32;70.46635;2;9;22.9;0;23;33.84;1528.14137;07/13/16;17:02:58;21.98;51.42;33.84;0.000;8.38;-80.4;1.1;-1.4;-2764;113.3;8.14;12.2;
33.4457821046499;-118.485532162307;17:05:58.77;7/13/2016;7;1.982;311.44;12.0453350093692;1.48;291.9;305.19;-1.98;14.5;25.7;.01;22.04;22.04;91;57;549.4;16.1;-3.5;D;642.3;21;14.839;2;2.04;190;301.51;-118.48566851;33.44585185;0;0;1;N;1.943206;44;44;11;100;100;295.3495;0;9999.99;22.04;22.167;2;9;23;0;23;33.85;1528.1528;07/13/16;17:03:00;21.98;51.44;33.85;0.104;8.38;-80.6;1.5;-1.6;-766;113.3;8.14;12.3;
33.4457862146335;-118.485540009461;17:05:59.78;7/13/2016;7;1.93;309.07;12.0453350093692;1.48;293.6;306.91;1.78;16.6;25.7;.00;20.56;20.57;91;57;549.4;16.1;-3.5;D;642.3;21;13.979;2;2.05;190;301.47;-118.48566851;33.44585185;0;0;1;N;1.827299;68;68;11;84;84;296.1358;0;9999.99;20.56;20.68933;2;9;22.9;0;23;33.85;1528.1528;07/13/16;17:03:00;21.98;51.44;33.85;0.104;8.38;-80.6;1.5;-1.6;-766;113.3;8.14;12.3;
33.4457909224769;-118.485551641882;17:06:00.78;7/13/2016;8;2.221;300.3;12.0453350093692;1.16;288.5;301.75;-2.53;11.2;25.7;.00;21.19;21.20;91;57;549.4;16.1;-3.5;D;642.3;21;12.786;2;2.01;190;302;-118.48566851;33.44585185;0;0;1;N;1.563336;43;43;11;112;112;297.9449;0;9999.99;21.20;21.32445;2;9;22.9;0;22.8999996185303;33.85;1527.89748;07/13/16;17:03:01;21.99;51.44;33.85;-0.054;8.38;-80.4;1.3;-2.9;-878;113.3;8.14;12.6;
33.445796117198;-118.485559264941;17:06:01.80;7/13/2016;8;1.655;304.3;12.0453350093692;1.16;291.5;304.79;0.47;15.1;25.7;.02;15.85;15.87;91;64;549.3;16.1;-4;D;567.7;21;11.880;2;1.97;190;301.44;-118.48566851;33.44585185;0;0;1;N;1.559082;56;56;11;99;99;297.9742;0;9999.99;15.84;15.96661;2;9;22.9;0;22.8999996185303;33.84;1527.88757;07/13/16;17:03:03;22.00;51.42;33.84;0.130;8.38;-80.3;1.3;0.0;-1241;113.3;8.14;12.4;
33.4458010934009;-118.485567891733;17:06:02.80;7/13/2016;8;2.073;309.23;12.0453350093692;1.16;289.7;302.97;1.41;16;25.7;.01;5.70;5.71;91;64;549.3;16.1;-4;D;567.7;21;10.909;2;2.01;190;301.16;-118.48566851;33.44585185;0;0;1;N;1.495371;68;68;11;114;114;298.4145;0;20.96;5.71;26.79443;2;9;22.9;0;22.8999996185303;33.84;1527.88757;07/13/16;17:03:03;22.00;51.42;33.84;0.130;8.38;-80.3;1.3;0.0;-1241;113.3;8.14;12.4;
33.4458060992668;-118.485579233469;17:06:03.80;7/13/2016;8;2.26;303.75;12.0453350093692;1.16;290.6;303.88;-0.39;8.3;25.8;.00;5.70;5.70;91;64;549.3;16.1;-4;D;567.7;21;9.721;2;2.09;190;301.56;-118.48566851;33.44585185;0;0;1;N;1.260556;55;55;11;106;106;300.048;0;37.63;5.71;43.47151;2;9;22.9;0;22.8999996185303;33.84;1527.88636;07/13/16;17:03:05;21.99;51.42;33.84;-0.088;8.38;-80.5;1.7;3.5;-2146;113.3;8.14;12.5;
33.4458107352437;-118.48558813444;17:06:04.80;7/13/2016;9;1.83;303.46;12.0453350093692;1.48;296.5;309.84;-0.43;11.1;25.8;.00;22.10;22.10;91;58;549.3;16.1;-3.6;D;624.4;21;8.747;2;2.04;190;301.51;-118.48566851;33.44585185;0;0;1;N;1.130283;54;54;11;91;91;300.9602;0;9999.99;22.10;22.227;2;9;22.9;0;22.8999996185303;33.84;1527.88636;07/13/16;17:03:05;21.99;51.42;33.84;-0.088;8.38;-80.5;1.7;3.5;-2146;113.3;8.14;12.5;
33.4458160450366;-118.4855937185;17:06:05.80;7/13/2016;9;1.899;307.89;12.0453350093692;1.48;300.9;314.29;1.14;16.5;25.8;.00;21.98;21.98;91;58;549.3;16.1;-3.6;D;624.4;21;8.000;2;2.04;190;299.84;-118.48566851;33.44585185;0;0;1;N;1.256726;68;68;11;75;75;300.0739;0;9999.99;21.99;22.117;2;9;22.9;0;22.8999996185303;33.84;1527.8864;07/13/16;17:03:07;21.98;51.43;33.84;-0.100;8.38;-80.3;0.8;-2.1;-2458;113.4;8.15;12.4;
33.445822655445;-118.485603822441;17:06:06.80;7/13/2016;9;2.322;303.31;12.0453350093692;1.48;296.9;310.25;-0.91;11;25.7;.00;22.14;22.14;91;58;549.3;16.1;-3.6;D;624.4;21;6.824;2;2.05;190;298.41;-118.48566851;33.44585185;0;0;1;N;1.241917;52;52;11;87;87;300.178;0;9999.99;22.13;22.257;2;9;22.9;0;22.8999996185303;33.84;1527.8864;07/13/16;17:03:07;21.98;51.43;33.84;-0.100;8.38;-80.3;0.8;-2.1;-2458;113.4;8.15;12.4;
33.4458299557093;-118.485611632867;17:06:07.80;7/13/2016;9;1.915;305.51;12.0453350093692;1.48;295.4;308.73;-1.05;12.5;25.8;.00;21.85;21.85;91;58;549.3;16.1;-3.6;D;624.4;21;5.812;2;2.06;190;294.77;-118.48566851;33.44585185;0;0;1;N;1.422021;51;51;11;88;88;298.9222;0;9999.99;21.84;21.96537;2;9;22.9;0;22.8999996185303;33.85;1527.89724;07/13/16;17:03:09;21.98;51.43;33.85;0.000;8.38;-80.5;1.4;-1.5;-1369;113.3;8.14;12.3;
33.4458357104579;-118.485619841612;17:06:08.80;7/13/2016;9;2.018;307.29;12.0453350093692;1.48;292.4;305.7;0.87;5.73;25.8;.00;22.29;22.29;91;64;549.2;16.1;-4;D;571.1;21;4.859;2;2.11;190;291.67;-118.48566851;33.44585185;0;0;1;N;1.443597;62;62;11;99;99;298.7731;0;9999.99;22.29;22.417;2;9;22.9;0;22.8999996185303;33.85;1527.89724;07/13/16;17:03:09;21.98;51.43;33.85;0.000;8.38;-80.5;1.4;-1.5;-1369;113.3;8.14;12.3;
33.4458421785323;-118.485627855026;17:06:09.80;7/13/2016;9;2.275;319.29;12.0453350093692;1.48;296.5;309.84;-1.53;15.8;25.8;.00;20.47;20.48;91;64;549.2;16.1;-4;D;571.1;21;3.921;2;2.12;190;285.91;-118.48566851;33.44585185;0;0;1;N;1.539993;48;48;11;100;100;298.1051;0;9999.99;20.49;20.6128;2;9;22.9;0;22.8999996185303;33.85;1527.8975;07/13/16;17:03:11;21.99;51.44;33.85;-0.017;8.38;-80.4;1.5;-3.7;-338;113.4;8.15;12.4;
33.4458479753585;-118.485635524455;17:06:10.80;7/13/2016;9;1.818;311.06;12.0453350093692;1.48;299.6;312.98;-0.1;17.4;25.7;.00;20.47;20.47;91;64;549.2;16.1;-4;D;571.1;21;3.091;2;2.13;190;278.01;-118.48566851;33.44585185;0;0;1;N;1.57812;56;56;11;66;66;297.8405;0;9999.99;20.49;20.6128;2;9;22.9;0;22.8999996185303;33.85;1527.8975;07/13/16;17:03:11;21.99;51.44;33.85;-0.017;8.38;-80.4;1.5;-3.7;-338;113.4;8.15;12.4;
33.4458565109269;-118.485647336552;17:06:11.80;7/13/2016;9;2.265;305.76;12.0453350093692;1.48;296;309.34;1.32;11.7;25.7;.00;21.09;21.09;91;62;549.2;16.1;-3.9;D;585.4;21;2.032;2;2.13;189;255.22;-118.48566851;33.44585185;0;0;1;N;1.632422;65;65;11;80;80;297.4665;0;9999.99;21.09;21.217;2;9;22.9;0;22.8999996185303;33.83;1527.87547;07/13/16;17:03:13;22.00;51.41;33.83;-0.162;8.38;-80.6;1.2;-0.8;-1377;113.4;8.14;12.4;
33.4458642676337;-118.48565737638;17:06:12.80;7/13/2016;9;2.146;306.42;12.0453350093692;1.48;295.6;308.93;-0.77;13;25.7;.00;22.63;22.64;91;62;549.2;16.1;-3.9;D;585.4;22;58.820;2;2.11;189;119.62;-118.48510625;33.44560284;0;0;1;N;1.676866;50;50;11;5;5;129.796;0;9999.99;22.63;22.757;2;9;22.9;0;22.8999996185303;33.83;1527.87547;07/13/16;17:03:13;22.00;51.41;33.83;-0.162;8.38;-80.6;1.2;-0.8;-1377;113.4;8.14;12.4;
33.4458739169418;-118.485669146785;17:06:13.80;7/13/2016;9;1.864;307.74;12.0453350093692;1.48;294;307.31;1.96;20.8;25.7;.00;22.27;22.28;91;62;549.2;16.1;-3.9;D;585.4;22;60.301;2;2.09;189;119.99;-118.48510625;33.44560284;0;0;1;N;2.112485;66;66;11;5;5;130.0943;0;9999.99;22.27;22.397;2;9;22.9;0;22.8999996185303;33.84;1527.88651;07/13/16;17:03:15;21.98;51.43;33.84;-0.067;8.38;-80.5;1.2;-2.1;-1939;113.4;8.15;12.4;
33.4458796253139;-118.48567831236;17:06:14.80;7/13/2016;9;2.113;306.42;12.0453350093692;1.48;287;300.24;-1.28;14.6;25.7;.01;21.95;21.95;91;62;549.2;16.1;-3.9;D;585.4;22;61.355;2;2.04;189;120.11;-118.48510625;33.44560284;0;0;1;N;2.289051;51;51;11;5;5;129.1554;0;9999.99;21.95;22.08158;2;9;22.9;0;22.8999996185303;33.84;1527.88651;07/13/16;17:03:15;21.98;51.43;33.84;-0.067;8.38;-80.5;1.2;-2.1;-1939;113.4;8.15;12.4;
33.4458814900994;-118.485686159614;17:06:15.80;7/13/2016;9;1.493;306.42;12.0453350093692;1.48;271.3;284.31;1.37;20.1;25.7;.01;22.54;22.54;80;68;549.1;16.1;-4.2;D;537.6;22;62.089;2;2.04;189;119.94;-118.48510625;33.44560284;0;0;1;N;2.164175;65;65;11;5;5;127.5604;0;9999.99;22.52;22.647;2;9;22.9;0;22.8999996185303;33.83;1527.87576;07/13/16;17:03:17;21.98;51.41;33.83;-0.112;8.38;-80.6;1.8;2.8;-2854;113.3;8.14;12.4;
33.4458830882665;-118.485694716522;17:06:16.80;7/13/2016;9;1.784;306.42;12.0453350093692;1.48;259.6;272.35;-1.1;26.2;25.7;.01;21.24;21.25;80;68;549.1;16.1;-4.2;D;537.6;22;62.866;2;2.04;189;119.72;-118.48510625;33.44560284;0;0;1;N;1.969965;56;56;11;5;5;125.94;0;49.50;21.27;70.9031;2;9;22.9;0;22.8999996185303;33.83;1527.87576;07/13/16;17:03:17;21.98;51.41;33.83;-0.112;8.38;-80.6;1.8;2.8;-2854;113.3;8.14;12.4;
33.4458842045459;-118.485704927164;17:06:17.80;7/13/2016;9;1.917;306.42;12.0453350093692;1.48;252.3;264.84;1.31;4.97;25.7;.00;22.20;22.20;80;68;549.1;16.1;-4.2;D;537.6;22;63.752;2;1.9;189;119.39;-118.48510625;33.44560284;0;0;1;N;1.65854;65;65;11;5;5;124.0841;0;9999.99;22.19;22.31318;2;9;22.9;0;22.8999996185303;33.64;1527.66729;07/13/16;17:03:18;21.98;51.16;33.64;-0.198;8.38;-80.5;1.1;278.3;140244;113.3;8.15;12.3;
33.4458839023216;-118.48571592305;17:06:18.80;7/13/2016;9;2.027;306.42;12.0453350093692;1.48;240.5;252.61;1.17;17.9;25.7;.01;22.61;22.62;80;68;549.1;16.1;-4.2;D;537.6;22;64.626;2;1.94;189;118.92;-118.48510625;33.44560284;0;0;1;N;1.169647;64;64;11;5;5;121.934;0;9999.99;22.64;22.767;2;9;22.9;0;22.8999996185303;33.82;1527.8649;07/13/16;17:03:20;21.96;51.40;33.82;-0.152;8.37;-80.2;2.4;38.6;-1709;113.4;8.15;12.3;
33.4458852830053;-118.485725112702;17:06:19.80;7/13/2016;8;1.903;306.42;12.0453350093692;1.48;235.5;247.39;0.9;19;25.8;.00;22.48;22.49;91;65;549.1;16.1;-4;D;565.7;22;65.448;2;1.87;189;118.68;-118.48510625;33.44560284;0;0;1;N;0.9006296;62;62;11;5;5;120.8057;0;9999.99;22.49;22.61567;2;9;22.9;0;22.8999996185303;33.82;1527.8649;07/13/16;17:03:20;21.96;51.40;33.82;-0.152;8.37;-80.2;2.4;38.6;-1709;113.4;8.15;12.3;
33.4458798338913;-118.485731414663;17:06:20.80;7/13/2016;9;1.76;281.53;12.0453350093692;1.16;226.1;237.54;0.26;13.7;25.7;.00;22.61;22.61;91;65;549.1;16.1;-4;D;565.7;22;65.675;2;1.81;189;117.97;-118.48510625;33.44560284;0;0;1;N;0.11066;59;59;11;5;5;118.3011;0;9999.99;22.63;22.75205;2;9;22.9;0;22.8999996185303;33.83;1527.87538;07/13/16;17:03:21;21.95;51.42;33.83;-0.101;8.37;-80.2;1.2;-1.4;3192;113.4;8.15;12.4;
33.4458730234705;-118.485737466727;17:06:21.80;7/13/2016;9;1.906;255.47;12.0453350093692;1.16;216.9;227.86;0.43;13.4;25.7;.00;19.87;19.87;91;65;549.1;16.1;-4;D;565.7;22;65.822;2;1.83;190;117.16;-118.48510625;33.44560284;0;0;1;N;0.8130306;58;58;11;5;5;115.4667;0;9999.99;19.87;20.00009;2;9;22.9;0;22.8999996185303;33.84;1527.88639;07/13/16;17:03:22;21.95;51.43;33.84;-0.215;8.37;-80.0;0.2;-4.7;-1805;113.4;8.15;12.5;
33.4458673550862;-118.485745514819;17:06:22.80;7/13/2016;8;1.921;255.47;12.0453350093692;1.48;212.9;223.65;1.11;14;25.7;.00;22.93;22.93;91;66;549.0;16.1;-4.1;D;550.6;22;66.205;2;1.8;190;116.38;-118.48510625;33.44560284;0;0;1;N;1.730333;61;61;11;5;5;112.8219;0;9999.99;22.94;23.067;2;9;22.9;0;22.8999996185303;33.84;1527.88634;07/13/16;17:03:23;21.95;51.42;33.84;-0.029;8.37;-80.1;1.1;0.4;-582;113.4;8.15;12.4;
33.4458648604495;-118.485747888157;17:06:23.80;7/13/2016;8;1.572;255.47;12.0453350093692;1.16;205.2;215.53;-0.97;12.3;25.7;.00;22.43;22.43;91;66;549.0;16.1;-4.1;D;550.6;22;66.280;2;1.77;190;116.08;-118.48510625;33.44560284;0;0;1;N;2.076565;51;51;11;5;5;111.84;0;9999.99;22.43;22.5577;2;9;22.9;0;22.8999996185303;33.84;1527.88627;07/13/16;17:03:25;21.94;51.43;33.84;-0.067;8.37;-80.1;1.4;-2.6;-2170;113.5;8.16;12.4;
33.4458557134293;-118.485750213799;17:06:24.80;7/13/2016;8;1.96;227.21;12.0453350093692;1.16;197.7;207.65;2.06;9;25.7;.00;23.17;23.17;91;66;549.0;16.1;-4.1;D;550.6;22;66.034;2;1.79;190;115.2;-118.48510625;33.44560284;0;0;1;N;3.059692;66;66;11;5;5;108.8022;0;9999.99;23.17;23.297;2;9;22.9;0;22.8999996185303;33.84;1527.88627;07/13/16;17:03:25;21.94;51.43;33.84;-0.067;8.37;-80.1;1.4;-2.6;-2170;113.5;8.16;12.4;
33.445852774569;-118.485754519496;17:06:25.80;7/13/2016;8;1.834;222.12;12.0453350093692;1.16;196.6;206.49;-0.95;7.69;25.7;.00;23.00;23.01;91;66;549.0;16.1;-4.1;D;550.6;22;66.258;2;1.83;190;114.8;-118.48510625;33.44560284;0;0;1;N;3.532711;52;52;11;5;5;107.573;0;9999.99;23.02;23.14391;2;9;22.9;0;22.8999996185303;33.85;1527.89746;07/13/16;17:03:27;21.93;51.43;33.85;-0.073;8.37;-80.1;1.1;-1.2;-1212;113.4;8.16;12.4;
33.4458476950699;-118.485759778114;17:06:26.80;7/13/2016;8;1.905;218.59;12.0453350093692;1.16;189.4;198.96;1.3;5.75;25.7;.00;23.53;23.53;91;66;548.9;16.1;-4.1;D;556.1;22;66.468;2;1.77;190;114.18;-118.48510625;33.44560284;0;0;1;N;4.280141;65;65;11;5;5;105.6007;0;9999.99;23.51;23.637;2;9;22.9;0;22.8999996185303;33.85;1527.89746;07/13/16;17:03:27;21.93;51.43;33.85;-0.073;8.37;-80.1;1.1;-1.2;-1212;113.4;8.16;12.4;
33.4458353948728;-118.485761150621;17:06:27.80;7/13/2016;8;2.006;211.68;12.0453350093692;1.16;186.7;196.15;0.95;7.07;25.7;.01;22.48;22.49;91;61;548.9;16.1;-3.8;D;595;22;66.037;2;1.85;190;113.05;-118.48510625;33.44560284;0;0;1;N;5.529152;63;63;11;5;5;101.5426;0;9999.99;22.49;22.61831;2;9;22.9;0;22.8999996185303;33.84;1527.88676;07/13/16;17:03:29;21.94;51.43;33.84;-0.091;8.38;-80.2;1.0;-2.5;-2439;113.4;8.15;12.4;
33.4458289255607;-118.485762846011;17:06:28.83;7/13/2016;8;1.688;204.51;12.0453350093692;1.16;173.8;182.83;-0.25;11.1;25.7;.00;22.48;22.48;91;61;548.9;16.1;-3.8;D;595;22;65.904;2;1.84;190;112.42;-118.48510625;33.44560284;0;0;1;N;6.246221;57;57;11;5;5;99.30851;0;9999.99;22.47;22.60131;2;9;22.9;0;22.8999996185303;33.84;1527.88676;07/13/16;17:03:29;21.94;51.43;33.84;-0.091;8.38;-80.2;1.0;-2.5;-2439;113.4;8.15;12.4;
33.4458167168946;-118.485765609594;17:06:29.84;7/13/2016;8;1.762;191.29;12.0453350093692;1.16;167.7;176.62;1.7;11.1;25.6;.00;22.93;22.93;91;61;548.9;16.1;-3.8;D;595;22;65.637;2;1.78;191;111.24;-118.48510625;33.44560284;0;0;1;N;7.579041;67;67;11;5;5;95.03293;0;9999.99;22.93;23.05407;2;9;22.9;0;22.8999996185303;33.83;1527.8753;07/13/16;17:03:30;21.94;51.42;33.83;-0.097;8.37;-80.2;0.6;-3.8;-127;113.4;8.15;12.2;
33.4458081251205;-118.485765056741;17:06:30.84;7/13/2016;8;2.126;182.83;12.0453350093692;1.48;162.8;171.67;0.26;15.2;25.7;.01;22.94;22.95;91;61;548.9;16.1;-3.8;D;595;22;65.249;2;1.8;191;110.48;-118.48510625;33.44560284;0;0;1;N;8.412968;59;59;11;5;5;91.86113;0;9999.99;22.96;23.09081;2;9;22.9;0;22.8999996185303;33.84;1527.88683;07/13/16;17:03:32;21.92;51.43;33.84;-0.140;8.38;-80.3;0.3;-2.1;-1275;113.4;8.15;12.3;
33.4457993254245;-118.485760549278;17:06:31.84;7/13/2016;7;2.115;171.21;12.0453350093692;1.48;155;163.89;1.49;4.66;25.8;.00;22.04;22.04;91;61;548.9;16.1;-3.8;D;595.6;22;64.519;2;1.86;191;109.79;-118.48510625;33.44560284;0;0;1;N;9.078909;66;66;11;5;5;88.30808;0;9999.99;22.02;22.15028;2;9;22.9;0;22.8999996185303;33.84;1527.88683;07/13/16;17:03:32;21.92;51.43;33.84;-0.140;8.38;-80.3;0.3;-2.1;-1275;113.4;8.15;12.3;
33.4457910292106;-118.485756073265;17:06:32.84;7/13/2016;8;1.954;169.48;12.0453350093692;1.16;148.3;157.29;-0.72;10.4;25.7;.01;23.19;23.20;91;61;548.9;16.1;-3.8;D;595.6;22;63.820;2;1.92;191;109.14;-118.48510625;33.44560284;0;0;1;N;9.705592;53;53;11;5;5;84.57488;0;9999.99;23.21;23.33319;2;9;22.9;0;22.8999996185303;33.83;1527.8757;07/13/16;17:03:34;21.92;51.42;33.83;-0.131;8.37;-80.0;1.1;0.3;-1535;113.4;8.16;12.4;
33.4457834091328;-118.485752500074;17:06:33.84;7/13/2016;8;1.958;164.64;12.0453350093692;1.16;136.7;146.05;-0.13;8.6;25.7;.00;23.67;23.67;91;69;548.8;16.1;-4.2;D;531.5;22;63.233;2;1.9;191;108.51;-118.48510625;33.44560284;0;0;1;N;10.32981;56;56;11;5;5;80.82561;0;9999.99;23.66;23.787;2;9;22.9;0;22.8999996185303;33.83;1527.8757;07/13/16;17:03:34;21.92;51.42;33.83;-0.131;8.37;-80.0;1.1;0.3;-1535;113.4;8.16;12.4;
33.4457728957036;-118.485747038563;17:06:34.86;7/13/2016;8;2.384;152.25;12.0453350093692;1.16;136.8;146.15;2.04;7.7;25.7;.00;23.01;23.01;91;69;548.8;16.1;-4.2;D;531.5;22;62.389;2;1.92;191;107.64;-118.48510625;33.44560284;0;0;1;N;11.11926;67;67;11;5;5;75.2359;0;9999.99;23.01;23.13281;2;9;22.9;0;22.8999996185303;33.83;1527.87532;07/13/16;17:03:36;21.91;51.41;33.83;-0.152;8.22;-71.0;0.6;-4.2;-2072;113.4;8.16;12.3;
33.4457656743679;-118.485739888874;17:06:35.86;7/13/2016;8;2.048;150.42;12.0453350093692;1.47;125.8;135.7;0.2;14.1;25.7;.01;23.18;23.19;91;69;548.8;16.1;-4.2;D;531.5;22;61.516;2;2.02;191;107.12;-118.48510625;33.44560284;0;0;1;N;11.53293;62;62;11;5;5;70.30153;0;9999.99;23.21;23.33257;2;9;22.9;0;22.8999996185303;33.84;1527.88686;07/13/16;17:03:37;21.90;51.42;33.84;-0.133;8.37;-80.1;1.4;-4.6;-1343;113.4;8.16;12.4;
33.4457589016726;-118.485731687057;17:06:36.86;7/13/2016;8;2.027;142.73;12.0453350093692;1.16;117.8;128.19;1.43;5.95;25.7;.00;23.00;23.00;91;69;548.8;16.1;-4.3;D;525.2;22;60.569;2;2.04;191;106.65;-118.48510625;33.44560284;0;0;1;N;11.85622;60;60;11;5;5;64.6073;0;9999.99;22.99;23.12173;2;9;22.9;0;22.8999996185303;33.84;1527.88652;07/13/16;17:03:38;21.90;51.42;33.84;-0.068;8.37;-79.9;1.4;-4.9;-1743;113.4;8.16;12.4;
33.4457522781304;-118.485722603067;17:06:37.86;7/13/2016;8;2.145;135.21;12.0453350093692;1.16;112.9;123.63;0.67;8.4;25.7;.01;23.01;23.02;91;69;548.8;16.1;-4.3;D;525.2;22;59.552;2;2.03;191;106.2;-118.48510625;33.44560284;0;0;1;N;12.12513;61;61;11;5;5;61.37011;0;9999.99;23.03;23.16105;2;9;22.9;0;22.8999996185303;33.84;1527.88652;07/13/16;17:03:38;21.90;51.42;33.84;-0.068;8.37;-79.9;1.4;-4.9;-1743;113.4;8.16;12.4;
33.4457470806587;-118.485713597813;17:06:38.88;7/13/2016;8;2.211;130.06;12.0453350093692;1.16;104.3;115.65;0.41;5.5;25.7;.00;23.10;23.10;91;69;548.8;16.1;-4.3;D;525.2;22;58.589;2;2.1;191;105.89;-118.48510625;33.44560284;0;0;1;N;12.26194;55;55;11;5;5;61.07901;0;9999.99;23.08;23.21159;2;9;22.9;0;22.8999996185303;33.84;1527.88665;07/13/16;17:03:39;21.89;51.42;33.84;-0.153;8.38;-80.4;1.4;-1.6;-2475;113.4;8.16;12.3;
33.4457437808874;-118.485704109178;17:06:39.89;7/13/2016;8;2.057;125.08;12.0453350093692;1.16;99;110.75;1.43;11.6;25.7;.00;23.37;23.37;91;69;548.8;16.1;-4.3;D;525.2;22;57.642;2;2.06;191;105.78;-118.48510625;33.44560284;0;0;1;N;12.18531;68;68;11;5;5;61.24188;0;9999.99;23.38;23.507;2;9;22.9;0;22.8999996185303;33.84;1527.88658;07/13/16;17:03:41;21.89;51.43;33.84;-0.203;8.38;-80.3;1.5;0.5;-1731;113.6;8.17;12.6;
33.4457405531348;-118.485693685267;17:06:40.89;7/13/2016;8;1.913;120.91;12.0453350093692;1.16;89.1;101.59;-1.12;8.4;25.8;.00;22.94;22.94;91;71;548.7;16;-4.4;D;516;22;56.614;2;2;191;105.69;-118.48510625;33.44560284;0;0;1;N;12.06583;50;50;11;5;5;61.50208;0;9999.99;22.94;23.07002;2;9;22.9;0;22.8999996185303;33.84;1527.88658;07/13/16;17:03:41;21.89;51.43;33.84;-0.203;8.38;-80.3;1.5;0.5;-1731;113.6;8.17;12.6;
33.4457393392266;-118.485683303359;17:06:41.89;7/13/2016;8;2.093;114.39;12.0453350093692;1.16;79.4;92.57;2.34;7.77;25.8;.00;23.30;23.30;91;71;548.7;16;-4.4;D;516;22;55.650;2;1.99;191;105.83;-118.48510625;33.44560284;0;0;1;N;11.74328;70;70;11;5;5;62.2223;0;9999.99;23.29;23.417;2;9;22.9;0;22.8999996185303;33.85;1527.89742;07/13/16;17:03:43;21.90;51.44;33.85;-0.104;8.38;-80.3;0.7;-5.4;-3919;113.5;8.17;12.4;
33.4457390586091;-118.485673016174;17:06:42.89;7/13/2016;8;2.256;109.14;12.0453350093692;1.16;78.4;91.63;-0.77;14.8;25.7;.00;22.49;22.50;91;71;548.7;16;-4.4;D;516;22;54.724;2;2.12;191;106.07;-118.48510625;33.44560284;0;0;1;N;11.33683;52;52;11;13;13;63.16776;0;9999.99;22.50;22.63198;2;9;22.9;0;22.8999996185303;33.85;1527.89742;07/13/16;17:03:43;21.90;51.44;33.85;-0.104;8.38;-80.3;0.7;-5.4;-3919;113.5;8.17;12.4;
33.4457397238076;-118.48566027791;17:06:43.89;7/13/2016;8;2.445;93.76;12.0453350093692;1.16;72.4;86.01;2.1;8.9;25.7;.00;23.32;23.32;91;70;548.7;16;-4.3;D;521;22;53.610;2;2.13;191;106.49;-118.48510625;33.44560284;0;0;1;N;10.73959;70;70;11;42;42;64.64065;0;9999.99;23.32;23.447;2;9;22.9;0;22.8999996185303;33.85;1527.89748;07/13/16;17:03:45;21.91;51.43;33.85;-0.215;8.38;-80.3;1.0;0.7;-3373;113.5;8.17;12.4;
33.4457415537681;-118.485649651501;17:06:44.89;7/13/2016;8;2.165;94.49;12.0453350093692;1.16;59.9;74.15;-1.04;20.7;25.7;.01;22.25;22.26;91;70;548.7;16;-4.3;D;521;22;52.725;2;2.13;191;107.01;-118.48510625;33.44560284;0;0;1;N;10.09865;51;51;11;96;96;66.34361;0;9999.99;22.26;22.3877;2;9;22.9;0;22.8999996185303;33.85;1527.89748;07/13/16;17:03:45;21.91;51.43;33.85;-0.215;8.38;-80.3;1.0;0.7;-3373;113.5;8.17;12.4;
33.4457439895697;-118.485638315296;17:06:45.91;7/13/2016;8;2.025;79.83;12.0453350093692;1.16;63.3;77.4;1.7;6.87;25.7;.00;22.30;22.30;91;70;548.7;16;-4.3;D;521;22;51.801;2;2.13;191;107.64;-118.48510625;33.44560284;0;0;1;N;9.370841;67;67;11;91;91;68.44579;0;9999.99;22.28;22.4095;2;9;22.9;0;22.8999996185303;33.85;1527.89726;07/13/16;17:03:47;21.93;51.44;33.85;-0.048;8.38;-80.5;0.5;-1.2;-2946;113.5;8.16;12.5;
33.4457459027203;-118.485625792821;17:06:46.91;7/13/2016;8;2.303;83.27;12.0453350093692;1.16;64.5;78.54;-0.33;10.5;25.7;.00;22.66;22.67;91;70;548.7;16;-4.3;D;521;22;50.761;2;2.22;191;108.26;-118.48510625;33.44560284;0;0;1;N;8.639311;55;55;11;96;96;70.75645;0;9999.99;22.68;22.807;2;9;22.9;0;22.8999996185303;33.85;1527.89726;07/13/16;17:03:47;21.93;51.44;33.85;-0.048;8.38;-80.5;0.5;-1.2;-2946;113.5;8.16;12.5;
33.4457484774414;-118.485614822108;17:06:47.92;7/13/2016;8;2.209;79.97;12.0453350093692;1.16;63;77.11;-2.41;14.8;25.7;.00;22.59;22.59;91;64;548.6;16.1;-4;D;568.7;22;49.888;2;2.24;190;108.94;-118.48510625;33.44560284;0;0;1;N;7.904085;43;43;11;112;112;73.30194;0;9999.99;22.58;22.707;2;9;22.9;0;22.8999996185303;33.85;1527.89749;07/13/16;17:03:49;21.94;51.44;33.85;0.138;8.37;-80.1;0.7;-6.0;-1681;113.5;8.16;12.4;
33.4457512395724;-118.485604783885;17:06:48.92;7/13/2016;8;1.939;77.39;12.0453350093692;1.16;64.2;78.25;2.59;13.8;25.7;.02;21.83;21.85;91;64;548.6;16.1;-4;D;568.7;22;49.110;2;2.23;190;109.63;-118.48510625;33.44560284;0;0;1;N;7.193499;66;66;11;120;120;75.99648;0;9999.99;21.82;21.94591;2;9;22.9;0;22.8999996185303;33.85;1527.89749;07/13/16;17:03:49;21.94;51.44;33.85;0.138;8.37;-80.1;0.7;-6.0;-1681;113.5;8.16;12.4;
33.4457530811503;-118.485593880996;17:06:49.92;7/13/2016;8;2.18;77.7;12.0453350093692;1.16;63.2;77.3;0.75;16.4;25.7;.02;21.54;21.55;91;64;548.6;16.1;-4;D;568.7;22;48.229;2;2.25;190;110.27;-118.48510625;33.44560284;0;0;1;N;6.548984;68;68;11;127;127;78.65181;0;54.30;21.57;75.99873;2;9;22.9;0;22.8999996185303;33.83;1527.87685;07/13/16;17:03:51;21.95;51.41;33.83;-0.238;8.38;-80.3;1.5;-1.6;-1476;113.5;8.16;12.4;
33.4457548493167;-118.485580430572;17:06:50.92;7/13/2016;8;2.098;79.15;12.0453350093692;1.16;66.5;80.44;-3.82;3.17;25.7;.00;21.31;21.32;91;64;548.6;16.1;-4;D;568.7;22;47.131;2;2.25;190;111.02;-118.48510625;33.44560284;0;0;1;N;5.791275;43;43;11;141;141;82.05602;0;54.41;21.30;75.83144;2;9;22.9;0;22.8999996185303;33.83;1527.87685;07/13/16;17:03:51;21.95;51.41;33.83;-0.238;8.38;-80.3;1.5;-1.6;-1476;113.5;8.16;12.4;
33.4457558516996;-118.485570508567;17:06:51.92;7/13/2016;8;1.976;77.81;12.0453350093692;1.16;74.5;87.98;0.48;12.6;25.7;.01;21.97;21.98;91;61;548.5;16.1;-3.8;D;597.6;22;46.314;2;2.2;189;111.55;-118.48510625;33.44560284;0;0;1;N;5.229347;60;60;11;114;114;84.78578;0;9999.99;21.94;22.067;2;9;22.9;0;22.8999996185303;33.85;1527.89789;07/13/16;17:03:52;21.95;51.44;33.85;0.089;8.37;-80.2;0.7;-6.1;-2332;113.5;8.16;12.4;
33.4457575297141;-118.485558093657;17:06:52.92;7/13/2016;7;2.279;78.03;12.0453350093692;1.47;74.6;88.07;2;17.8;25.7;.01;20.71;20.72;91;61;548.5;16.1;-3.8;D;597.6;22;45.315;2;2.2;189;112.31;-118.48510625;33.44560284;0;0;1;N;4.531121;77;77;11;122;122;88.43034;0;9999.99;20.73;20.85976;2;9;22.9;0;22.8999996185303;33.84;1527.88749;07/13/16;17:03:54;21.94;51.43;33.84;-0.155;8.37;-80.1;1.4;0.6;-956;113.5;8.16;12.4;
33.4457607500194;-118.48554741057;17:06:53.92;7/13/2016;8;1.993;73.2;12.0453350093692;1.16;76.2;89.57;-2.7;1.54;25.7;.01;20.80;20.81;91;61;548.5;16.1;-3.8;D;597.6;22;44.539;2;2.15;189;113.22;-118.48510625;33.44560284;0;0;1;N;3.751853;43;43;11;140;140;92.83131;0;9999.99;20.80;20.93011;2;9;22.9;0;22.8999996185303;33.84;1527.88749;07/13/16;17:03:54;21.94;51.43;33.84;-0.155;8.37;-80.1;1.4;0.6;-956;113.5;8.16;12.4;
33.4457618193407;-118.485537603642;17:06:54.92;7/13/2016;8;1.956;76.43;12.0453350093692;1.16;85.9;98.62;3.42;21.2;25.7;.01;21.34;21.36;91;55;548.5;16.1;-3.4;D;666.9;22;43.752;2;2.1;189;113.83;-118.48510625;33.44560284;0;0;1;N;3.192699;78;78;11;117;117;96.20061;0;9999.99;21.33;21.457;2;9;22.9;0;22.8999996185303;33.85;1527.8983;07/13/16;17:03:56;21.96;51.44;33.85;0.035;8.38;-80.3;1.6;-5.9;-3260;113.5;8.16;12.3;
33.4457620677178;-118.485525622611;17:06:55.94;7/13/2016;8;2.013;84.71;12.0453350093692;1.16;89.2;101.68;-4.5;5.53;25.7;.01;19.93;19.94;91;55;548.5;16.1;-3.4;D;666.9;22;42.749;2;2.18;189;114.47;-118.48510625;33.44560284;0;0;1;N;2.64437;43;43;11;122;122;99.6659;0;9999.99;19.97;20.09874;2;9;22.9;0;22.8999996185303;33.85;1527.8983;07/13/16;17:03:56;21.96;51.44;33.85;0.035;8.38;-80.3;1.6;-5.9;-3260;113.5;8.16;12.3;
33.4457619054904;-118.485514428685;17:06:56.94;7/13/2016;8;1.981;86.38;12.0453350093692;1.16;95.3;107.33;0.72;8.2;25.7;.00;20.88;20.88;91;55;548.5;16.1;-3.4;D;666.9;22;41.799;2;2.08;189;115.03;-118.48510625;33.44560284;0;0;1;N;2.163204;61;61;11;109;109;102.8265;0;9999.99;20.84;20.967;2;9;22.9;0;22.8999996185303;33.83;1527.87548;07/13/16;17:03:57;21.97;51.42;33.83;-0.130;8.38;-80.3;0.9;192.7;55445;113.5;8.16;12.4;
33.4457610079785;-118.485505045456;17:06:57.94;7/13/2016;8;1.814;86.38;12.0453350093692;1.16;98.5;110.29;-0.53;15.9;25.7;.01;20.10;20.10;91;55;548.5;16.1;-3.4;D;666.9;22;40.969;2;2.08;189;115.42;-118.48510625;33.44560284;0;0;1;N;1.839985;54;54;11;106;106;105.0045;0;9999.99;20.12;20.24366;2;9;22.9;0;22.8999996185303;33.82;1527.86479;07/13/16;17:03:59;21.97;51.39;33.82;-0.230;8.38;-80.3;1.9;-8.5;36014;113.5;8.16;12.3;
33.4457613805476;-118.485493156931;17:06:58.94;7/13/2016;8;2.073;91.67;12.0453350093692;1.16;98.4;110.2;-5.4;-3.59;25.7;.01;20.48;20.49;91;61;548.4;16.1;-3.8;D;599;22;39.993;2;2.04;189;116.15;-118.48510625;33.44560284;0;0;1;N;1.281983;43;43;11;122;122;108.8529;0;9999.99;20.45;20.577;2;9;22.9;0;22.8999996185303;33.82;1527.86479;07/13/16;17:03:59;21.97;51.39;33.82;-0.230;8.38;-80.3;1.9;-8.5;36014;113.5;8.16;12.3;
33.4457583995139;-118.485482316403;17:06:59.94;7/13/2016;8;2.011;94.58;12.0453350093692;1.16;108.6;119.64;3.82;15.4;25.7;.03;20.31;20.35;91;61;548.4;16.1;-3.8;D;599;22;38.945;2;2.09;189;116.37;-118.48510625;33.44560284;0;0;1;N;1.078859;78;78;11;87;87;110.2767;0;9999.99;20.28;20.407;2;9;22.9;0;22.8999996185303;33.84;1527.88847;07/13/16;17:04:01;21.96;51.42;33.84;0.132;8.38;-80.6;1.8;0.3;-975;113.5;8.16;12.5;
33.4457551857612;-118.48547108057;17:07:00.94;7/13/2016;8;2.149;94.58;12.0453350093692;1.47;106.7;117.87;1.96;10.6;25.7;.03;19.17;19.19;91;61;548.4;16.1;-3.8;D;599;22;37.852;2;2.07;189;116.59;-118.48510625;33.44560284;0;0;1;N;0.9140561;67;67;11;104;104;111.439;0;9999.99;19.20;19.32845;2;9;22.9;0;22.8999996185303;33.84;1527.88847;07/13/16;17:04:01;21.96;51.42;33.84;0.132;8.38;-80.6;1.8;0.3;-975;113.5;8.16;12.5;
33.4457497500611;-118.485460765116;17:07:01.95;7/13/2016;8;1.931;107.69;12.0453350093692;1.16;104.7;116.02;-1.69;11.2;25.7;.00;19.45;19.45;91;64;548.4;16.1;-4;D;567.5;22;36.726;2;2;189;116.41;-118.48510625;33.44560284;0;0;1;N;1.003375;47;47;11;106;106;110.8083;0;9999.99;19.47;19.59834;2;9;22.9;0;22.8999996185303;33.85;1527.89743;07/13/16;17:04:03;21.97;51.44;33.85;-0.089;8.38;-80.4;1.3;-4.7;-1581;113.5;8.16;12.4;
33.445743248401;-118.485450247632;17:07:02.97;7/13/2016;8;2.213;111.79;12.0453350093692;1.16;107.9;118.99;1.89;15.2;25.7;.00;19.39;19.39;91;64;548.4;16.1;-4;D;567.5;22;35.531;2;2.03;189;116.07;-118.48510625;33.44560284;0;0;1;N;1.174622;68;68;11;85;85;109.6042;0;9999.99;19.38;19.50376;2;9;22.9;0;22.8999996185303;33.85;1527.89743;07/13/16;17:04:03;21.97;51.44;33.85;-0.089;8.38;-80.4;1.3;-4.7;-1581;113.5;8.16;12.4;
33.4457392710225;-118.485437904662;17:07:03.97;7/13/2016;8;2.288;117.16;12.0453350093692;1.16;108;119.08;1.46;12.5;25.7;.00;18.79;18.80;91;64;548.4;16.1;-4;D;567.5;22;34.308;2;2.15;189;116.24;-118.48510625;33.44560284;0;0;1;N;1.029812;64;64;11;95;95;110.622;0;9999.99;18.81;18.93368;2;9;22.9;0;22.8999996185303;33.82;1527.86471;07/13/16;17:04:05;21.97;51.40;33.82;-0.029;8.38;-80.3;1.6;-3.5;-1305;113.5;8.16;12.4;
33.4457343718116;-118.485425645443;17:07:04.97;7/13/2016;8;2.195;110.83;12.0453350093692;1.16;104.8;116.12;-1.57;6.85;25.7;.00;19.29;19.29;91;64;548.4;16.1;-4;D;567.5;22;33.047;2;2.16;189;116.27;-118.48510625;33.44560284;0;0;1;N;0.9828344;48;48;11;106;106;110.9532;0;32.27;19.30;51.697;2;9;22.9;0;22.8999996185303;33.82;1527.86471;07/13/16;17:04:05;21.97;51.40;33.82;-0.029;8.38;-80.3;1.6;-3.5;-1305;113.5;8.16;12.4;
33.4457289590005;-118.485416583863;17:07:05.97;7/13/2016;8;2.187;116.45;12.0453350093692;1.16;107.3;118.43;0.56;9.2;25.7;.00;19.27;19.27;91;58;548.3;16.1;-3.6;D;623.6;22;32.027;2;2.06;189;115.97;-118.48510625;33.44560284;0;0;1;N;1.117574;60;60;11;93;93;110.0046;0;32.65;19.25;52.027;2;9;22.9;0;22.8999996185303;33.85;1527.8973;07/13/16;17:04:07;21.97;51.44;33.85;-0.066;8.37;-80.1;1.1;-3.0;-2565;113.5;8.16;12.4;
33.4457240185014;-118.485404644712;17:07:06.97;7/13/2016;8;2.108;113.05;12.0453350093692;1.16;113.5;124.18;1.65;13;25.8;.00;18.54;18.54;91;58;548.3;16.1;-3.6;D;623.6;22;30.791;2;2.06;189;115.95;-118.48510625;33.44560284;0;0;1;N;1.070338;61;61;11;70;70;110.3366;0;12.02;18.54;30.68807;2;9;22.9;0;22.8999996185303;33.85;1527.8973;07/13/16;17:04:07;21.97;51.44;33.85;-0.066;8.37;-80.1;1.1;-3.0;-2565;113.5;8.16;12.4;
33.4457206675632;-118.485394428954;17:07:07.97;7/13/2016;8;1.849;114.99;12.0453350093692;1.16;101.7;113.25;-3.33;11.3;25.7;.00;18.51;18.51;91;58;548.3;16.1;-3.6;D;623.6;22;29.775;2;2.07;189;116.11;-118.48510625;33.44560284;0;0;1;N;0.9817179;43;43;11;118;118;110.9611;0;9999.99;18.52;18.65172;2;9;22.9;0;22.8999996185303;33.83;1527.87538;07/13/16;17:04:09;21.97;51.41;33.83;-0.043;8.37;-80.0;1.5;-5.5;-2042;113.5;8.15;12.4;
33.4457155817142;-118.485381069747;17:07:08.97;7/13/2016;8;2.546;113.26;12.0453350093692;1.16;117.9;128.29;2.02;9.8;25.7;.01;18.17;18.18;91;61;548.3;16.1;-3.8;D;595.9;22;28.413;2;2.06;189;116.18;-118.48510625;33.44560284;0;0;1;N;0.8602266;69;69;11;61;61;111.8198;0;9999.99;18.13;18.26079;2;9;22.9;0;22.8999996185303;33.84;1527.88709;07/13/16;17:04:10;21.96;51.42;33.84;0.096;8.38;-80.4;1.9;-2.5;-1036;113.5;8.15;12.4;
33.445711740198;-118.485370112915;17:07:09.98;7/13/2016;8;2.052;113.26;12.0453350093692;1.16;106.8;117.97;3;15;25.7;.02;17.91;17.92;91;61;548.3;16.1;-3.8;D;595.9;22;27.313;2;2.11;189;116.32;-118.48510625;33.44560284;0;0;1;N;0.7855904;75;75;11;105;105;112.3488;0;9999.99;17.93;18.06159;2;9;22.9;0;22.8999996185303;33.84;1527.88709;07/13/16;17:04:10;21.96;51.42;33.84;0.096;8.38;-80.4;1.9;-2.5;-1036;113.5;8.15;12.4;
33.4457046281261;-118.485357837304;17:07:11.00;7/13/2016;8;2.34;113.88;12.0453350093692;1.16;114.4;125.02;-0.52;10.1;25.7;.00;17.03;17.04;91;61;548.3;16.1;-3.8;D;595.9;22;25.942;2;2.05;189;115.87;-118.48510625;33.44560284;0;0;1;N;0.932422;54;54;11;72;72;111.3092;0;9999.99;17.05;17.17402;2;9;22.9;0;22.8999996185303;33.84;1527.88682;07/13/16;17:04:12;21.97;51.43;33.84;-0.143;8.38;-80.4;1.0;-3.8;-824;113.4;8.15;12.4;
33.4457015447409;-118.485346155865;17:07:12.00;7/13/2016;8;2.177;116.42;12.0453350093692;1.16;111.8;122.6;-2.18;5.18;25.8;.01;17.43;17.43;91;61;548.3;16.1;-3.8;D;595.9;22;24.818;2;2.14;189;116.25;-118.48510625;33.44560284;0;0;1;N;0.7361415;44;44;11;87;87;112.6998;0;9999.99;17.42;17.54801;2;9;22.9;0;22.8999996185303;33.84;1527.88682;07/13/16;17:04:12;21.97;51.43;33.84;-0.143;8.38;-80.4;1.0;-3.8;-824;113.4;8.15;12.4;
33.4456974463483;-118.485338938184;17:07:13.02;7/13/2016;7;2.074;120.51;12.0453350093692;1.32;111.2;122.05;1.85;14.4;25.7;.00;17.99;17.99;91;63;548.2;16.1;-3.9;D;579.2;22;24.016;2;2.12;189;115.98;-118.48510625;33.44560284;0;0;1;N;0.8246378;68;68;11;87;87;112.072;0;9999.99;17.97;18.097;2;9;22.9;0;22.8999996185303;33.83;1527.87575;07/13/16;17:04:14;21.97;51.42;33.83;0.039;8.38;-80.3;1.2;0.6;-4010;113.4;8.15;12.3;
33.445690832886;-118.485329400712;17:07:14.02;7/13/2016;7;1.907;118.94;12.0453350093692;1.32;107.3;118.43;0.01;10.7;25.7;.00;16.60;16.60;91;63;548.2;16.1;-3.9;D;579.2;22;22.900;2;2.09;189;115.29;-118.48510625;33.44560284;0;0;1;N;1.065568;55;55;11;93;93;110.3704;0;9999.99;16.61;16.73329;2;9;22.9;0;22.8999996185303;33.83;1527.87575;07/13/16;17:04:14;21.97;51.42;33.83;0.039;8.38;-80.3;1.2;0.6;-4010;113.4;8.15;12.3;
33.4456849637853;-118.485321265274;17:07:15.02;7/13/2016;7;2.165;119.26;12.0453350093692;1.32;108.4;119.45;-1.57;11.4;25.7;.00;16.45;16.45;91;63;548.2;16.1;-3.9;D;579.2;22;21.940;2;2.16;188;114.6;-118.48510625;33.44560284;0;0;1;N;1.283743;54;54;11;78;78;108.8409;0;9999.99;16.45;16.57994;2;9;22.9;0;22.8999996185303;33.84;1527.88635;07/13/16;17:04:16;21.98;51.42;33.84;-0.099;8.38;-80.3;1.1;-0.7;-3562;113.4;8.15;12.4;
33.4456797084918;-118.485309064533;17:07:16.03;7/13/2016;7;2.207;120.16;12.0453350093692;1.32;112.4;123.16;0.13;4.33;25.8;.00;16.20;16.20;91;59;548.1;16.1;-3.7;D;612.6;22;20.668;2;2.15;188;114.43;-118.48510625;33.44560284;0;0;1;N;1.264134;58;58;11;70;70;108.9779;0;9999.99;16.18;16.30742;2;9;22.9;0;22.8999996185303;33.84;1527.88635;07/13/16;17:04:16;21.98;51.42;33.84;-0.099;8.38;-80.3;1.1;-0.7;-3562;113.4;8.15;12.4;
33.4456720579362;-118.485297928964;17:07:17.05;7/13/2016;7;2.424;124.02;12.0453350093692;1.32;110.5;121.4;0.81;16.5;25.7;.01;16.58;16.59;91;59;548.1;16.1;-3.7;D;612.6;22;19.379;2;2.24;188;113.4;-118.48510625;33.44560284;0;0;1;N;1.537079;62;62;11;70;70;107.0813;0;9999.99;16.59;16.717;2;9;22.9;0;22.8999996185303;33.84;1527.88681;07/13/16;17:04:18;21.98;51.43;33.84;-0.206;8.38;-80.6;1.3;-4.6;-3302;113.4;8.15;12.4;
33.4456681225588;-118.485288658623;17:07:18.05;7/13/2016;7;1.872;116.94;12.0453350093692;1.32;101.3;112.88;-3.2;5.89;25.7;.01;15.21;15.21;91;62;548.1;16.1;-3.8;D;589.1;22;18.415;2;2.15;188;113.22;-118.48510625;33.44560284;0;0;1;N;1.542103;43;43;11;105;105;107.0466;0;9999.99;15.21;15.34195;2;9;22.9;0;22.8999996185303;33.84;1527.88681;07/13/16;17:04:18;21.98;51.43;33.84;-0.206;8.38;-80.6;1.3;-4.6;-3302;113.4;8.15;12.4;
33.4456640319469;-118.485278336259;17:07:19.05;7/13/2016;8;2.167;116.41;12.0453350093692;1.32;108.2;119.26;-0.85;12.3;25.7;.01;16.04;16.04;91;62;548.1;16.1;-3.8;D;589.1;22;17.356;2;2.05;188;113.08;-118.48510625;33.44560284;0;0;1;N;1.479364;52;52;11;80;80;107.4804;0;9999.99;16.01;16.137;2;9;22.9;0;22.8999996185303;33.85;1527.89783;07/13/16;17:04:20;21.99;51.44;33.85;0.068;8.38;-80.3;1.6;-6.2;-1874;113.4;8.15;12.3;
33.4456574821958;-118.485266015534;17:07:20.05;7/13/2016;7;2.553;117.27;12.0453350093692;1.32;105.6;116.86;2.96;11.6;25.7;.00;15.46;15.46;91;62;548.1;16.1;-3.8;D;589.1;22;16.020;2;2.15;188;112.29;-118.48510625;33.44560284;0;0;1;N;1.588521;74;74;11;84;84;106.7265;0;9999.99;15.46;15.58216;2;9;22.9;0;22.8999996185303;33.85;1527.89783;07/13/16;17:04:20;21.99;51.44;33.85;0.068;8.38;-80.3;1.6;-6.2;-1874;113.4;8.15;12.3;
33.4456528028974;-118.485256277928;17:07:21.05;7/13/2016;7;1.963;117.57;12.0453350093692;1.32;104.5;115.84;-0.66;7.11;25.7;.00;14.66;14.66;91;62;548.1;16.1;-3.8;D;589.1;22;14.988;2;2.13;188;111.76;-118.48510625;33.44560284;0;0;1;N;1.633119;53;53;11;92;92;106.4195;0;9999.99;14.68;14.81081;2;9;22.9;0;22.8999996185303;33.84;1527.88649;07/13/16;17:04:22;22.00;51.43;33.84;-0.152;8.38;-80.4;2.2;0.3;-1837;113.4;8.14;12.4;
33.4456491892123;-118.485245634964;17:07:22.05;7/13/2016;7;2.027;112.45;12.0453350093692;1.32;105.2;116.49;-0.69;11.3;25.7;.00;15.14;15.14;91;60;548.1;16.1;-3.7;D;603.1;22;13.922;2;2.08;188;111.73;-118.48510625;33.44560284;0;0;1;N;1.520676;53;53;11;90;90;107.1948;0;9999.99;15.13;15.257;2;9;22.9;0;22.8999996185303;33.85;1527.89736;07/13/16;17:04:23;22.00;51.44;33.85;-0.069;8.38;-80.5;2.2;-2.1;-1547;113.4;8.14;12.4;
33.4456458185038;-118.485234338438;17:07:23.05;7/13/2016;7;2.074;112.78;12.0453350093692;1.32;107.7;118.8;-2.01;6.86;25.7;.00;14.63;14.63;91;60;548.1;16.1;-3.7;D;603.1;22;12.809;2;2.06;188;111.91;-118.48510625;33.44560284;0;0;1;N;1.354533;45;45;11;85;85;108.3475;0;9999.99;14.62;14.74928;2;9;22.9;0;22.8999996185303;33.85;1527.89731;07/13/16;17:04:24;22.01;51.44;33.85;0.069;8.38;-80.4;1.8;-3.8;-611;113.4;8.14;12.3;
33.4456405207802;-118.485222229759;17:07:24.05;7/13/2016;7;2.37;113.17;12.0453350093692;1.32;109.2;120.19;2.91;9.5;25.7;.00;14.73;14.74;91;60;548.1;16.1;-3.7;D;603.1;22;11.548;2;2.09;188;111.27;-118.48510625;33.44560284;0;0;1;N;1.342084;73;73;11;81;81;108.4343;0;9999.99;14.72;14.847;2;9;22.9;0;22.8999996185303;33.85;1527.89731;07/13/16;17:04:24;22.01;51.44;33.85;0.069;8.38;-80.4;1.8;-3.8;-611;113.4;8.14;12.3;
33.4456368905007;-118.485210485014;17:07:25.06;7/13/2016;7;1.941;114.46;12.0453350093692;1.32;105.1;116.39;-3.21;7.7;25.7;.01;14.32;14.33;91;61;548.0;16.1;-3.8;D;593.8;22;10.386;2;2.06;188;111.38;-118.48510625;33.44560284;0;0;1;N;1.198001;43;43;11;99;99;109.4406;0;9999.99;14.35;14.477;2;9;22.9;0;22.8999996185303;33.84;1527.88683;07/13/16;17:04:26;22.02;51.42;33.84;-0.113;8.37;-80.2;1.9;-2.8;-2741;113.4;8.14;12.4;
33.4456343377816;-118.485198627974;17:07:26.06;7/13/2016;7;2.032;110.64;12.0453350093692;1.32;108.1;119.17;-6.8;6.23;25.7;.03;14.12;14.15;91;61;548.0;16.1;-3.8;D;593.8;22;9.259;2;2.05;188;112.23;-118.48510625;33.44560284;0;0;1;N;0.9274338;43;43;11;96;96;111.3443;0;9999.99;14.09;14.217;2;9;22.9;0;22.8999996185303;33.84;1527.88683;07/13/16;17:04:26;22.02;51.42;33.84;-0.113;8.37;-80.2;1.9;-2.8;-2741;113.4;8.14;12.4;
33.4456290726447;-118.48518865731;17:07:27.06;7/13/2016;6;2.283;113.22;12.0453350093692;1.84;110.4;121.3;1.32;14.2;25.7;.09;14.12;14.21;91;61;548.0;16.1;-3.8;D;593.8;22;8.183;2;2.13;188;110.88;-118.48510625;33.44560284;0;0;1;N;1.003303;65;65;11;85;85;110.809;0;9999.99;14.09;14.217;2;9;22.9;0;22.8999996185303;33.85;1527.90345;07/13/16;17:04:28;22.02;51.43;33.85;0.490;8.38;-80.4;2.0;-6.0;-2448;113.4;8.14;12.4;
33.4456214213298;-118.485173580013;17:07:28.06;7/13/2016;6;3.133;113.22;12.0453350093692;1.84;108.4;119.45;2.28;9.2;25.6;.08;.41;.48;91;61;548.0;16.1;-3.8;D;593.8;22;6.579;2;2.17;188;108.3;-118.48510625;33.44560284;0;0;1;N;1.100374;75;75;11;87;87;110.1254;0;.38;.43;0.932375;2;9;22.9;0;22.8999996185303;33.85;1527.90345;07/13/16;17:04:28;22.02;51.43;33.85;0.490;8.38;-80.4;2.0;-6.0;-2448;113.4;8.14;12.4;
33.4456121257136;-118.485154576285;17:07:29.08;7/13/2016;7;4.075;113.22;12.0453350093692;1.31;104.3;115.65;1.66;12.9;25.7;.02;.32;.34;91;61;547.9;16.1;-3.8;D;596;22;4.601;2;2.14;188;102.97;-118.48510625;33.44560284;0;0;1;N;1.198344;65;65;11;100;100;109.4375;0;9999.99;.34;0.467;2;9;22.9;0;22.8999996185303;33.83;1527.87791;07/13/16;17:04:30;22.01;51.42;33.83;-0.005;8.38;-80.5;1.5;-0.1;-2194;113.5;8.15;12.4;
33.4456070945487;-118.485143731593;17:07:30.09;7/13/2016;7;2.64;113.22;12.0453350093692;1.31;104.8;116.12;0.2;15;25.7;.00;.32;.32;91;61;547.9;16.1;-3.8;D;596;22;3.509;2;2.08;188;97.75;-118.48510625;33.44560284;0;0;1;N;1.220793;58;58;11;100;100;109.2822;0;9999.99;.34;0.467;2;9;22.9;0;22.8999996185303;33.83;1527.87791;07/13/16;17:04:30;22.01;51.42;33.83;-0.005;8.38;-80.5;1.5;-0.1;-2194;113.5;8.15;12.4;
33.4456035686686;-118.485132007133;17:07:31.09;7/13/2016;7;2.026;113.22;12.0453350093692;1.83;99.6;111.31;-3.18;12.6;25.7;.04;12.15;12.18;91;61;547.9;16.1;-3.8;D;596;22;2.390;2;2.09;188;91.94;-118.48510625;33.44560284;0;0;1;N;1.065075;43;43;11;123;123;110.3746;0;9999.99;12.15;12.27254;2;9;22.9;0;22.8999996185303;33.84;1527.88795;07/13/16;17:04:32;22.00;51.43;33.84;0.301;8.37;-80.2;1.8;-2.5;-1621;113.4;8.15;12.3;
33.4455987543004;-118.48512388656;17:07:32.11;7/13/2016;7;2.364;113.22;12.0453350093692;1.83;105.9;117.13;0.67;10.2;25.6;.06;12.17;12.23;91;63;547.9;16.1;-3.9;D;576.1;23;56.386;2;2.09;188;310.15;-118.48558837;33.44592575;0;0;1;N;1.409988;54;54;11;5;5;318.7508;0;9999.99;12.14;12.2682;2;9;22.9;0;22.8999996185303;33.84;1527.89108;07/13/16;17:04:33;22.00;51.42;33.84;0.519;8.37;-79.9;1.6;-2.9;-1132;113.4;8.15;12.4;
33.4455924515363;-118.485121376394;17:07:33.13;7/13/2016;6;1.507;113.22;12.0453350093692;1.83;98.2;110.01;6.27;-0.35;25.6;.04;12.17;12.21;91;63;547.9;16.1;-3.9;D;576.1;23;57.017;2;2.18;188;310.54;-118.48558837;33.44592575;0;0;1;N;1.825904;95;95;11;5;5;321.6114;0;9999.99;12.14;12.2682;2;9;22.9;0;22.8999996185303;33.84;1527.89108;07/13/16;17:04:33;22.00;51.42;33.84;0.519;8.37;-79.9;1.6;-2.9;-1132;113.4;8.15;12.4;
33.4455881006406;-118.485117237444;17:07:34.13;7/13/2016;7;1.558;113.22;12.0453350093692;1.83;81.5;94.53;-3.63;15.7;25.6;.00;9.58;9.59;91;63;547.9;16.1;-3.9;D;576.1;23;57.623;2;2.13;187;310.66;-118.48558837;33.44592575;0;0;1;N;1.987067;43;43;11;5;5;322.3313;0;9999.99;9.64;9.767;2;9;22.9;0;22.8999996185303;33.81;1527.85447;07/13/16;17:04:35;22.00;51.39;33.81;-0.197;8.37;-80.2;1.2;-1.7;-1506;113.4;8.14;12.4;
33.4455966690377;-118.485110369863;17:07:35.14;7/13/2016;7;1.538;113.22;12.0453350093692;1.31;80.8;93.87;3.82;5.44;25.6;.00;9.31;9.31;91;63;547.9;16.1;-3.9;D;576.1;23;57.497;2;2.03;187;309.53;-118.48558837;33.44592575;0;0;1;N;0.8417315;80;80;11;5;5;315.7027;0;9999.99;9.34;9.467;2;9;22.9;0;22.8999996185303;33.81;1527.85447;07/13/16;17:04:35;22.00;51.39;33.81;-0.197;8.37;-80.2;1.2;-1.7;-1506;113.4;8.14;12.4;
33.4455951898411;-118.485100655151;17:07:36.14;7/13/2016;7;1.867;113.22;12.0453350093692;1.31;64.3;78.35;-1.69;17;25.6;.00;9.31;9.31;91;57;547.8;16.1;-3.5;D;642.3;23;58.299;2;2.04;187;309.09;-118.48558837;33.44592575;0;0;1;N;0.4393238;47;47;11;5;5;311.4156;0;9999.99;9.34;9.467;2;9;22.9;0;22.8999996185303;33.72;1527.7546;07/13/16;17:04:37;22.01;51.27;33.72;-0.200;8.38;-80.3;2.1;8.6;2404;113.3;8.15;12.4;
33.4455990788862;-118.485091007281;17:07:37.14;7/13/2016;7;1.987;92.98;12.0453350093692;1.31;58;72.33;3.47;1.84;25.7;.00;10.89;10.89;91;57;547.8;16.1;-3.5;D;642.3;23;58.728;2;1.94;187;308.21;-118.48558837;33.44592575;0;0;1;N;0.4423517;69;69;11;5;5;306.2641;0;9999.99;10.92;11.047;2;9;22.9;0;22.8999996185303;33.72;1527.7546;07/13/16;17:04:37;22.01;51.27;33.72;-0.200;8.38;-80.3;2.1;8.6;2404;113.3;8.15;12.4;
33.4455993446798;-118.485080535847;17:07:38.14;7/13/2016;7;2.034;87.73;12.0453350093692;1.31;48.8;63.44;1.67;14.6;25.7;.00;9.83;9.83;91;57;547.8;16.1;-3.5;D;642.3;23;59.476;2;1.9;187;307.61;-118.48558837;33.44592575;0;0;1;N;1.092883;67;67;11;5;5;303.3003;0;9999.99;9.85;9.974094;2;9;22.9;0;22.8999996185303;33.84;1527.88623;07/13/16;17:04:39;22.03;51.43;33.84;-0.200;8.38;-80.6;1.8;-2.3;-1776;113.3;8.14;12.4;
33.4456030700381;-118.485077070908;17:07:39.16;7/13/2016;7;1.389;87.73;12.0453350093692;1.31;35.2;50.07;2.21;15.7;25.7;.00;9.67;9.67;91;62;547.8;16.1;-3.8;D;588.6;23;59.481;2;1.9;187;307.1;-118.48558837;33.44592575;0;0;1;N;1.594393;70;70;11;5;5;300.8383;0;9999.99;9.69;9.814095;2;9;22.9;0;22.8999996185303;33.84;1527.88623;07/13/16;17:04:39;22.03;51.43;33.84;-0.200;8.38;-80.6;1.8;-2.3;-1776;113.3;8.14;12.4;
33.4456077536876;-118.48507056145;17:07:40.16;7/13/2016;7;2.05;69.28;12.0453350093692;1.31;32.2;47.08;0.47;12.7;25.7;.00;9.56;9.56;91;62;547.8;16.1;-3.8;D;588.6;23;59.653;2;1.84;188;306.35;-118.48558837;33.44592575;0;0;1;N;2.381666;60;60;11;5;5;297.2599;0;9999.99;9.56;9.686917;2;9;22.9;0;22.8999996185303;33.85;1527.89721;07/13/16;17:04:41;22.06;51.44;33.85;-0.224;8.37;-80.1;1.7;-5.4;-195;113.4;8.14;12.4;
33.4456149882405;-118.485066245541;17:07:41.17;7/13/2016;7;1.837;69.28;12.0453350093692;1.31;20.8;35.65;2.12;13.5;25.7;.00;9.34;9.34;91;62;547.8;16.1;-3.8;D;588.6;23;59.505;2;1.84;188;305.5;-118.48558837;33.44592575;0;0;1;N;3.274408;70;70;11;5;5;292.7916;0;9999.99;9.36;9.484512;2;9;22.9;0;22.8999996185303;33.85;1527.89721;07/13/16;17:04:41;22.06;51.44;33.85;-0.224;8.37;-80.1;1.7;-5.4;-195;113.4;8.14;12.4;
33.4456229522398;-118.485059451127;17:07:42.17;7/13/2016;8;2.04;69.28;12.0453350093692;1.83;7.4;22.05;2.18;16.8;25.7;.00;8.64;8.64;91;62;547.8;16.1;-3.8;D;588.6;23;59.514;2;1.85;188;304.45;-118.48558837;33.44592575;0;0;1;N;4.362618;70;70;11;5;5;287.7718;0;9999.99;8.66;8.784472;2;9;22.9;0;22.8999996185303;33.86;1527.90836;07/13/16;17:04:43;22.07;51.46;33.86;-0.075;8.37;-80.2;1.4;-2.6;-2802;113.5;8.14;12.4;
33.4456319223474;-118.485056937148;17:07:43.17;7/13/2016;7;2.227;69.28;12.0453350093692;1.31;2.3;16.85;1.69;14.5;25.7;.00;9.78;9.78;91;64;547.7;16.1;-3.9;D;572.1;23;59.150;2;1.86;188;303.53;-118.48558837;33.44592575;0;0;1;N;5.276737;67;67;11;5;5;282.4587;0;9999.99;9.79;9.920392;2;9;22.9;0;22.8999996185303;33.86;1527.90836;07/13/16;17:04:43;22.07;51.46;33.86;-0.075;8.37;-80.2;1.4;-2.6;-2802;113.5;8.14;12.4;
33.4456427566814;-118.485051857574;17:07:44.17;7/13/2016;7;2.153;69.28;12.0453350093692;1.31;351.1;5.39;1.74;16.1;25.6;.00;7.81;7.81;91;64;547.7;16.1;-3.9;D;572.1;23;58.891;2;1.89;188;302.3;-118.48558837;33.44592575;0;0;1;N;6.515121;71;71;11;5;5;275.8254;0;9999.99;7.83;7.958004;2;9;22.9;0;22.8999996185303;33.86;1527.90826;07/13/16;17:04:45;22.11;51.46;33.86;-0.184;8.37;-80.2;1.7;-5.4;-2335;113.6;8.15;12.5;
33.4456517934835;-118.485049886038;17:07:45.17;7/13/2016;7;2.136;42.76;12.0453350093692;1.31;340.6;354.64;-0.47;10.4;25.7;.00;7.81;7.81;91;64;547.7;16.1;-3.9;D;572.1;23;58.516;2;1.89;188;301.37;-118.48558837;33.44592575;0;0;1;N;7.439538;55;55;11;5;5;269.9704;0;9999.99;7.83;7.958004;2;9;22.9;0;22.8999996185303;33.86;1527.90826;07/13/16;17:04:45;22.11;51.46;33.86;-0.184;8.37;-80.2;1.7;-5.4;-2335;113.6;8.15;12.5;
33.4456596268661;-118.485051449427;17:07:46.17;7/13/2016;7;1.939;16.04;12.0453350093692;1.31;328.2;341.98;3.02;15.8;25.7;.00;9.33;9.33;91;64;547.7;16.1;-3.9;D;572.1;23;57.943;2;1.91;188;300.71;-118.48558837;33.44592575;0;0;1;N;8.036368;75;75;11;5;5;264.127;0;44.28;9.32;53.72837;2;9;22.9;0;22.8999996185303;33.85;1527.89721;07/13/16;17:04:47;22.13;51.44;33.85;-0.056;8.38;-80.3;1.4;-1.3;-1289;113.7;8.15;12.4;
33.4456691087369;-118.485052910505;17:07:47.17;7/13/2016;7;1.925;16.04;12.0453350093692;1.31;319.6;333.23;-1.75;16.6;25.6;.01;6.34;6.34;91;63;547.7;16.1;-3.9;D;575.3;23;57.294;2;1.96;188;299.87;-118.48558837;33.44592575;0;0;1;N;8.788135;47;47;11;5;5;261.055;0;44.91;6.32;51.35221;2;9;22.9;0;22.8999996185303;33.85;1527.89721;07/13/16;17:04:47;22.13;51.44;33.85;-0.056;8.38;-80.3;1.4;-1.3;-1289;113.7;8.15;12.4;
33.4456767840784;-118.485053512362;17:07:48.17;7/13/2016;7;2.059;16.04;12.0453350093692;1.31;312.7;326.23;2.71;8.9;25.6;.02;6.34;6.36;91;63;547.7;16.1;-3.9;D;575.3;23;56.825;2;1.91;188;299.16;-118.48558837;33.44592575;0;0;1;N;9.442679;70;70;11;5;5;259.023;0;46.11;6.32;52.557;2;9;22.9;0;22.8999996185303;33.84;1527.88742;07/13/16;17:04:49;22.13;51.42;33.84;0.145;8.38;-80.3;1.6;-2.6;-2350;113.8;8.15;12.4;
33.4456881506228;-118.485056487424;17:07:49.17;7/13/2016;7;2.516;16.04;12.0453350093692;1.31;302;315.4;1.06;21.6;25.7;.01;5.68;5.69;91;63;547.7;16.1;-3.9;D;575.3;23;55.977;2;1.78;188;298.16;-118.48558837;33.44592575;0;0;1;N;10.27477;63;63;11;5;5;256.6609;0;35.75;5.69;41.57008;2;9;22.9;0;22.8999996185303;33.84;1527.88742;07/13/16;17:04:49;22.13;51.42;33.84;0.145;8.38;-80.3;1.6;-2.6;-2350;113.8;8.15;12.4;
33.4456921030427;-118.485061522445;17:07:50.17;7/13/2016;7;1.539;16.04;12.0453350093692;1.31;285.8;299.02;-2.86;16.8;25.7;.01;5.68;5.69;91;63;547.6;16.1;-3.9;D;577.8;23;55.358;2;1.78;188;297.99;-118.48558837;33.44592575;0;0;1;N;10.35958;43;43;11;5;5;256.4301;0;43.15;5.69;48.96702;2;9;22.9;0;22.8999996185303;33.85;1527.8978;07/13/16;17:04:50;22.13;51.44;33.85;-0.142;8.38;-80.7;1.1;-1.4;-638;113.8;8.16;12.4;
33.4456947066771;-118.485068157186;17:07:51.17;7/13/2016;7;1.537;16.04;12.0453350093692;1.31;276.8;289.9;3.38;10;25.7;.02;6.59;6.61;91;63;547.6;16.1;-3.9;D;577.8;23;54.678;2;1.78;188;298.03;-118.48558837;33.44592575;0;0;1;N;10.21762;77;77;11;5;5;256.8112;0;35.99;6.62;42.737;2;9;23;0;22.8999996185303;33.85;1527.89892;07/13/16;17:04:52;22.13;51.44;33.85;0.107;8.38;-80.4;1.2;-3.2;-2732;113.9;8.16;12.3;
33.445697734325;-118.485076108762;17:07:52.17;7/13/2016;7;1.67;16.04;12.0453350093692;1.31;265;277.88;-0.85;16.1;25.7;.00;6.59;6.59;91;63;547.6;16.1;-3.9;D;577.8;23;53.869;2;1.74;189;298.08;-118.48558837;33.44592575;0;0;1;N;10.02584;54;54;11;35;35;257.3405;0;35.12;6.62;41.86966;2;9;23;0;22.8999996185303;33.85;1527.89892;07/13/16;17:04:52;22.13;51.44;33.85;0.107;8.38;-80.4;1.2;-3.2;-2732;113.9;8.16;12.3;
33.4456999613881;-118.485085239749;17:07:53.17;7/13/2016;7;1.573;16.04;12.0453350093692;1.31;260.8;273.58;1.74;19.8;25.6;.00;6.59;6.59;91;63;547.6;16.1;-3.9;D;577.8;23;53.005;2;1.77;189;298.27;-118.48558837;33.44592575;0;0;1;N;9.703848;66;66;11;55;55;258.2551;0;28.37;6.62;35.12029;2;9;23;0;23;33.8;1528.09755;07/13/16;17:04:54;22.12;51.38;33.80;0.040;8.38;-80.8;1.2;-3.3;-1663;114.0;8.17;12.3;
33.4457059047364;-118.485093035213;17:07:54.17;7/13/2016;7;1.772;326.39;12.0453350093692;1.31;255.2;267.83;-1.38;21.5;25.7;.00;7.23;7.23;91;62;547.6;16.1;-3.8;D;590.2;23;52.055;2;1.83;189;298.01;-118.48558837;33.44592575;0;0;1;N;9.779352;58;58;11;76;76;258.0385;0;43.01;7.22;50.35703;2;9;23;0;23;33.8;1528.09755;07/13/16;17:04:54;22.12;51.38;33.80;0.040;8.38;-80.8;1.2;-3.3;-1663;114.0;8.17;12.3;
33.4457075148943;-118.485105619357;17:07:55.17;7/13/2016;7;1.928;296.59;12.0453350093692;1.31;259.3;272.04;-0.63;9.1;25.7;.01;7.23;7.24;91;62;547.6;16.1;-3.8;D;590.2;23;50.942;2;1.92;189;298.45;-118.48558837;33.44592575;0;0;1;N;9.178031;53;53;11;78;78;259.8292;0;44.63;7.22;51.977;2;9;23;0;23;33.81;1528.10857;07/13/16;17:04:56;22.08;51.39;33.81;0.080;8.38;-80.5;1.5;-4.2;911;114.1;8.18;12.4;
33.4457094750329;-118.485115969867;17:07:56.20;7/13/2016;7;2.105;289.3;12.0453350093692;1.31;253.8;266.39;0.71;17.6;25.7;.01;25.51;25.52;91;62;547.6;16.1;-3.8;D;590.2;23;49.995;2;1.97;189;298.75;-118.48558837;33.44592575;0;0;1;N;8.757166;61;61;11;106;106;261.1659;0;45.04;25.52;70.69244;2;9;23;0;23;33.81;1528.10857;07/13/16;17:04:56;22.08;51.39;33.81;0.080;8.38;-80.5;1.5;-4.2;911;114.1;8.18;12.4;
33.4457115715917;-118.485127837854;17:07:57.22;7/13/2016;7;2.048;281.21;12.0453350093692;1.31;251.4;263.91;-1.7;14.3;25.7;.00;7.51;7.51;91;64;547.5;16;-4;D;567.3;23;48.918;2;1.97;189;299.13;-118.48558837;33.44592575;0;0;1;N;8.262404;47;47;11;119;119;262.8298;0;7.84;7.50;15.46486;2;9;23;0;23;33.84;1528.14143;07/13/16;17:04:58;22.04;51.42;33.84;-0.079;8.37;-80.2;1.5;-1.4;696;114.1;8.19;12.3;
33.4457112874486;-118.485133726282;17:07:58.22;7/13/2016;7;1.389;273.24;12.0453350093692;1.31;257.8;270.5;1.26;13.6;25.7;.00;11.34;11.34;91;64;547.5;16;-4;D;567.3;23;48.457;2;2.01;189;299.48;-118.48558837;33.44592575;0;0;1;N;7.889526;66;66;11;106;106;264.1518;0;9999.99;11.35;11.47474;2;9;23;0;23;33.84;1528.14143;07/13/16;17:04:58;22.04;51.42;33.84;-0.079;8.37;-80.2;1.5;-1.4;696;114.1;8.19;12.3;
33.4457129988968;-118.485145902773;17:07:59.22;7/13/2016;7;1.833;266.43;12.0453350093692;1.31;260.8;273.58;-0.94;7.96;25.7;.00;11.86;11.86;91;64;547.5;16;-4;D;567.3;23;47.382;2;1.94;189;299.95;-118.48558837;33.44592575;0;0;1;N;7.309592;53;53;11;98;98;266.3359;0;9999.99;11.85;11.977;2;9;22.9;0;23;33.84;1528.14142;07/13/16;17:05:00;22.04;51.43;33.84;-0.147;8.37;-79.9;1.3;1.9;-2605;114.0;8.19;12.2;
33.4457150762307;-118.485157977076;17:08:00.22;7/13/2016;7;2.054;271.41;12.0453350093692;1.31;261.1;273.89;0.65;11.3;25.7;.00;11.75;11.75;91;64;547.5;16;-4;D;567.3;23;46.297;2;1.9;189;300.4;-118.48558837;33.44592575;0;0;1;N;6.795813;61;61;11;105;105;268.4063;0;9999.99;11.75;11.877;2;9;23;0;23;33.84;1528.14142;07/13/16;17:05:00;22.04;51.43;33.84;-0.147;8.37;-79.9;1.3;1.9;-2605;114.0;8.19;12.2;
33.445713882282;-118.485165790528;17:08:01.22;7/13/2016;7;1.743;276.97;12.0453350093692;1.31;265.6;278.49;0.05;13.1;25.7;.00;13.09;13.09;91;56;547.5;16.1;-3.4;D;652.1;23;45.741;2;1.9;189;301;-118.48558837;33.44592575;0;0;1;N;6.23008;57;57;11;96;96;270.8432;0;9999.99;13.09;13.21723;2;9;23;0;23;33.85;1528.15256;07/13/16;17:05:02;22.04;51.43;33.85;-0.043;8.38;-80.4;1.2;-1.2;-4045;113.9;8.17;12.4;
33.4457153976214;-118.485176015433;17:08:02.22;7/13/2016;7;1.916;276.89;12.0453350093692;1.31;266.7;279.62;-0.37;14.3;25.6;.00;13.09;13.09;91;56;547.5;16.1;-3.4;D;652.1;23;44.843;2;1.85;189;301.44;-118.48558837;33.44592575;0;0;1;N;5.756613;55;55;11;96;96;273.0149;0;9999.99;13.09;13.21723;2;9;22.9;0;23;33.85;1528.15256;07/13/16;17:05:02;22.04;51.43;33.85;-0.043;8.38;-80.4;1.2;-1.2;-4045;113.9;8.17;12.4;
33.4457159761687;-118.48518440123;17:08:03.23;7/13/2016;7;1.011;276.89;12.0453350093692;1.31;263.3;276.14;-0.41;17.1;25.6;.00;11.24;11.24;91;56;547.5;16.1;-3.4;D;652.1;23;44.147;2;1.93;189;301.9;-118.48558837;33.44592575;0;0;1;N;5.32272;60;60;11;111;111;275.1165;0;9999.99;11.24;11.367;2;9;22.9;0;22.8999996185303;33.84;1527.88649;07/13/16;17:05:04;22.04;51.42;33.84;0.073;8.37;-80.0;0.9;-4.2;-1789;113.9;8.17;12.3;
33.4457179566732;-118.485194977028;17:08:04.25;7/13/2016;7;2.192;280.85;12.0453350093692;1.31;268.3;281.25;-2;11.5;25.6;.00;11.24;11.24;91;58;547.4;16.1;-3.6;D;630;23;43.199;2;1.91;189;302.34;-118.48558837;33.44592575;0;0;1;N;4.883235;45;45;11;111;111;277.3534;0;9999.99;11.24;11.367;2;9;23;0;22.8999996185303;33.84;1527.88649;07/13/16;17:05:04;22.04;51.42;33.84;0.073;8.37;-80.0;0.9;-4.2;-1789;113.9;8.17;12.3;
33.445721192587;-118.485204821595;17:08:05.25;7/13/2016;7;1.964;281.43;12.0453350093692;1.31;270.5;283.49;-0.29;18.6;25.6;.01;13.74;13.75;91;58;547.4;16.1;-3.6;D;630;23;42.235;2;1.86;189;302.59;-118.48558837;33.44592575;0;0;1;N;4.580839;55;55;11;98;98;278.9584;0;32.80;13.74;46.66471;2;9;22.9;0;23;33.84;1528.142;07/13/16;17:05:06;22.04;51.42;33.84;0.222;8.38;-80.4;1.3;-3.1;-4345;113.9;8.17;12.5;
33.4457244045254;-118.48521591019;17:08:06.25;7/13/2016;7;1.902;284.63;12.0453350093692;1.31;272.8;285.83;-0.65;17.5;25.6;.01;15.60;15.60;91;58;547.4;16.1;-3.6;D;630;23;41.176;2;1.91;189;302.94;-118.48558837;33.44592575;0;0;1;N;4.212923;53;53;11;108;108;280.9816;0;9999.99;15.60;15.73198;2;9;22.9;0;23;33.84;1528.142;07/13/16;17:05:06;22.04;51.42;33.84;0.222;8.38;-80.4;1.3;-3.1;-4345;113.9;8.17;12.5;
33.4457260832742;-118.485225050809;17:08:07.27;7/13/2016;7;1.912;283.23;12.0453350093692;1.31;276.3;289.39;-2.02;10.9;25.7;.03;15.60;15.63;91;58;547.4;16.1;-3.6;D;630;23;40.364;2;1.9;189;303.37;-118.48558837;33.44592575;0;0;1;N;3.826152;45;45;11;102;102;283.1937;0;9999.99;15.60;15.73198;2;9;22.9;0;22.8999996185303;33.83;1527.87605;07/13/16;17:05:07;22.03;51.42;33.83;-0.078;8.37;-80.0;0.3;-1.7;630;113.9;8.18;12.4;
33.4457300428915;-118.485235711079;17:08:08.27;7/13/2016;7;2.204;283.23;12.0453350093692;1.31;273.5;286.55;0.25;16.5;25.6;.04;12.93;12.98;91;58;547.3;16.1;-3.6;D;626.5;23;39.296;2;1.93;189;303.63;-118.48558837;33.44592575;0;0;1;N;3.557958;59;59;11;120;120;284.7771;0;12.39;12.93;25.44298;2;9;22.9;0;22.8999996185303;33.83;1527.87911;07/13/16;17:05:09;22.01;51.41;33.83;0.342;8.38;-80.7;1.5;2.4;-1097;113.8;8.18;12.4;
33.4457354266255;-118.485251278561;17:08:09.27;7/13/2016;7;3.097;283.23;12.0453350093692;1.31;274.4;287.46;1.74;18.5;25.6;.02;12.93;12.95;91;58;547.3;16.1;-3.6;D;626.5;23;37.763;2;1.97;189;304.08;-118.48558837;33.44592575;0;0;1;N;3.113615;67;67;11;127;127;287.4878;0;11.87;12.93;24.93135;2;9;22.9;0;22.8999996185303;33.84;1527.88973;07/13/16;17:05:10;22.01;51.42;33.84;0.105;8.38;-80.5;1.1;-2.0;-1615;113.8;8.17;12.5;
33.4457391201838;-118.485260182295;17:08:10.27;7/13/2016;7;1.912;283.23;12.0453350093692;1.31;281;294.16;-3.48;12.3;25.6;.01;14.02;14.04;91;58;547.3;16.1;-3.6;D;626.5;23;36.849;2;1.95;189;304.28;-118.48558837;33.44592575;0;0;1;N;2.903452;43;43;11;106;106;288.8067;0;51.25;13.97;65.34455;2;9;22.9;0;22.8999996185303;33.84;1527.88973;07/13/16;17:05:10;22.01;51.42;33.84;0.105;8.38;-80.5;1.1;-2.0;-1615;113.8;8.17;12.5;
33.4457414758665;-118.485269884743;17:08:11.27;7/13/2016;7;1.892;283.23;12.0453350093692;1.31;279.1;292.23;1.17;16.8;25.6;.07;43.45;43.51;91;63;547.3;16;-3.9;D;574.6;23;35.959;2;1.93;189;304.74;-118.48558837;33.44592575;0;0;1;N;2.552824;64;64;11;122;122;291.0558;0;27.23;43.45;70.80257;2;9;22.9;0;22.8999996185303;33.82;1527.86587;07/13/16;17:05:11;22.00;51.40;33.82;-0.155;8.38;-80.3;1.0;97.8;125108;113.8;8.17;12.4;
33.4457466497595;-118.485288270688;17:08:12.27;7/13/2016;6;3.543;283.23;12.0453350093692;1.82;282.5;295.68;3.01;17.1;25.6;.07;25.05;25.12;91;63;547.3;16;-3.9;D;574.6;23;34.233;2;1.95;189;305.57;-118.48558837;33.44592575;0;0;1;N;1.926845;75;75;11;125;125;295.2119;0;12.78;25.07;37.98146;2;9;22.9;0;22.8999996185303;33.84;1527.89279;07/13/16;17:05:13;22.00;51.42;33.84;0.339;8.37;-80.2;0.3;0.2;-2259;113.8;8.17;12.4;
33.4457558851397;-118.485306972261;17:08:13.27;7/13/2016;6;4.033;283.23;12.0453350093692;1.82;285.5;298.72;2.76;16.3;25.6;.02;15.51;15.53;90;57;547.3;14.3;-3.9;D;571.5;23;32.225;2;1.95;189;305.88;-118.48558837;33.44592575;0;0;1;N;1.630425;75;75;11;126;126;297.2347;0;15.53;15.54;31.19101;2;9;22.9;0;22.8999996185303;33.84;1527.89279;07/13/16;17:05:13;22.00;51.42;33.84;0.339;8.37;-80.2;0.3;0.2;-2259;113.8;8.17;12.4;
33.4457597616869;-118.485311424244;17:08:14.27;7/13/2016;7;2.015;283.23;12.0453350093692;1.82;288.9;302.16;-1.22;5.67;25.6;.00;18.04;18.04;90;57;547.3;14.3;-3.9;D;571.5;23;31.638;2;1.94;189;305.69;-118.48558837;33.44592575;0;0;1;N;1.702189;50;50;11;105;105;296.7422;0;45.31;18.02;63.457;2;9;22.9;0;22.8999996185303;33.83;1527.87602;07/13/16;17:05:15;22.00;51.42;33.83;-0.207;8.38;-80.2;1.1;-1.8;-1951;113.7;8.17;12.4;
33.4457622129805;-118.48532039104;17:08:15.27;7/13/2016;7;1.772;283.23;12.0453350093692;1.31;291.3;304.58;-0.25;11.8;25.6;.00;17.29;17.29;90;57;547.3;14.3;-3.9;D;571.5;23;30.804;2;1.94;189;306.18;-118.48558837;33.44592575;0;0;1;N;1.388056;55;55;11;104;104;298.9108;0;9999.99;17.29;17.42039;2;9;22.9;0;22.8999996185303;33.83;1527.87602;07/13/16;17:05:15;22.00;51.42;33.83;-0.207;8.38;-80.2;1.1;-1.8;-1951;113.7;8.17;12.4;
33.4457688802094;-118.485327446628;17:08:16.27;7/13/2016;7;2.376;296.87;12.0453350093692;1.31;285.6;298.82;-0.28;17;25.6;.00;26.95;26.95;90;57;547.3;14.3;-3.9;D;571.5;23;29.839;2;2.02;189;305.77;-118.48558837;33.44592575;0;0;1;N;1.567899;55;55;11;122;122;297.6654;0;9999.99;26.95;27.08125;2;9;22.9;0;22.8999996185303;33.83;1527.87539;07/13/16;17:05:17;21.99;51.41;33.83;0.101;8.38;-80.6;1.2;-3.3;-785;113.7;8.17;12.3;
33.4457697722901;-118.485337143133;17:08:17.28;7/13/2016;7;2.234;295.29;12.0453350093692;1.31;289.1;302.36;-1.23;11.7;25.6;.00;18.56;18.56;90;65;547.2;16;-4;D;556.5;23;29.054;2;2;189;306.65;-118.48558837;33.44592575;0;0;1;N;1.077121;52;52;11;126;126;301.0859;0;9999.99;18.55;18.679;2;9;22.9;0;22.8999996185303;33.83;1527.87539;07/13/16;17:05:17;21.99;51.41;33.83;0.101;8.38;-80.6;1.2;-3.3;-785;113.7;8.17;12.3;
33.4457742993614;-118.485345146774;17:08:18.28;7/13/2016;7;2.101;295.07;12.0453350093692;1.31;291.5;304.79;-0.81;10;25.6;.00;18.64;18.65;90;65;547.2;16;-4;D;556.5;23;28.158;2;1.96;189;306.73;-118.48558837;33.44592575;0;0;1;N;0.995328;52;52;11;115;115;301.662;0;9999.99;18.63;18.757;2;9;22.9;0;22.8999996185303;33.84;1527.88624;07/13/16;17:05:19;21.98;51.42;33.84;0.039;8.38;-80.4;0.0;-0.2;-3447;113.7;8.17;12.4;
33.4457776297775;-118.485355824503;17:08:19.28;7/13/2016;7;1.911;302.96;12.0453350093692;1.31;292.2;305.49;0.49;16.6;25.6;.00;18.81;18.82;90;65;547.2;16;-4;D;556.5;23;27.144;2;1.94;189;307.36;-118.48558837;33.44592575;0;0;1;N;0.6650645;60;60;11;121;121;304.0019;0;14.13;18.83;33.08041;2;9;22.9;0;22.8999996185303;33.84;1527.88624;07/13/16;17:05:19;21.98;51.42;33.84;0.039;8.38;-80.4;0.0;-0.2;-3447;113.7;8.17;12.4;
33.44578343729;-118.485364120741;17:08:20.30;7/13/2016;8;1.96;302.96;12.0453350093692;1.31;295.7;309.03;-0.27;13.5;25.6;.00;29.63;29.63;90;61;547.1;16;-3.8;D;591;23;26.140;2;2.01;189;307.26;-118.48558837;33.44592575;0;0;1;N;0.6815649;53;53;11;117;117;303.8845;0;9999.99;29.62;29.747;2;9;22.9;0;22.8999996185303;33.84;1527.88626;07/13/16;17:05:21;21.98;51.42;33.84;-0.026;8.38;-80.3;1.2;-3.8;-1615;113.6;8.17;12.4;
33.4457856930663;-118.485369436843;17:08:21.30;7/13/2016;8;2.229;303.35;12.0453350093692;1.31;294.4;307.72;0.12;11.3;25.6;.00;19.12;19.12;90;61;547.1;16;-3.8;D;591;23;25.596;2;2.03;189;307.48;-118.48558837;33.44592575;0;0;1;N;0.568839;58;58;11;114;114;304.687;0;35.60;19.12;54.84859;2;9;22.9;0;22.8999996185303;33.84;1527.88626;07/13/16;17:05:21;21.98;51.42;33.84;-0.026;8.38;-80.3;1.2;-3.8;-1615;113.6;8.17;12.4;
33.4457915591492;-118.485376239854;17:08:22.30;7/13/2016;8;2.04;308.47;12.0453350093692;1.31;300.4;313.78;-0.39;4.03;25.6;.00;19.26;19.26;90;61;547.1;16;-3.8;D;591;23;24.699;2;1.99;189;307.17;-118.48558837;33.44592575;0;0;1;N;0.6650897;55;55;11;88;88;304.0016;0;37.39;19.25;56.767;2;9;22.9;0;22.8999996185303;33.85;1527.89721;07/13/16;17:05:23;21.97;51.44;33.85;-0.149;8.37;-80.1;1.1;-0.2;-1899;113.6;8.16;12.4;
33.4457980636771;-118.485384981166;17:08:23.30;7/13/2016;8;2.057;304.32;12.0453350093692;1.31;302.8;316.21;-0.63;14.6;25.6;.00;15.48;15.48;90;61;547.1;16;-3.8;D;591;23;23.616;2;2.01;189;306.96;-118.48558837;33.44592575;0;0;1;N;0.7155963;53;53;11;77;77;303.6426;0;9999.99;15.47;15.6002;2;9;22.9;0;22.8999996185303;33.85;1527.89721;07/13/16;17:05:23;21.97;51.44;33.85;-0.149;8.37;-80.1;1.1;-0.2;-1899;113.6;8.16;12.4;
33.4458059745645;-118.485392153075;17:08:24.30;7/13/2016;8;2.045;311.97;12.0453350093692;1.31;301.1;314.49;-1.02;10.5;25.6;.01;15.48;15.48;90;63;547.1;16;-3.9;D;573.6;23;22.557;2;2.11;189;306.19;-118.48558837;33.44592575;0;0;1;N;0.9929239;45;45;11;81;81;301.6789;0;9999.99;15.47;15.6002;2;9;22.9;0;22.8999996185303;33.85;1527.89747;07/13/16;17:05:25;21.99;51.44;33.85;0.044;8.37;-80.2;0.9;-5.9;-2832;113.6;8.16;12.4;
33.4458133769588;-118.485402087174;17:08:25.30;7/13/2016;8;2.253;318.14;12.0453350093692;1.15;306;319.45;0.39;17.6;25.6;.00;19.16;19.16;90;63;547.1;16;-3.9;D;573.6;23;21.327;2;2.11;189;305.87;-118.48558837;33.44592575;0;0;1;N;1.041696;59;59;11;55;55;301.3352;0;48.39;19.16;67.68121;2;9;22.9;0;22.8999996185303;33.85;1527.89747;07/13/16;17:05:25;21.99;51.44;33.85;0.044;8.37;-80.2;0.9;-5.9;-2832;113.6;8.16;12.4;
33.4458201142461;-118.485409094977;17:08:26.30;7/13/2016;8;2.074;321.4;12.0453350093692;1.15;303.5;316.92;0.89;13.5;25.6;.00;19.17;19.17;90;63;547.1;16;-3.9;D;573.6;23;20.363;2;2.11;189;305.23;-118.48558837;33.44592575;0;0;1;N;1.229548;62;62;11;59;59;300.0163;0;47.14;19.17;66.437;2;9;22.9;0;22.8999996185303;33.84;1527.88636;07/13/16;17:05:27;21.99;51.43;33.84;-0.138;8.37;-80.0;1.5;1.1;-1443;113.5;8.16;12.5;
33.4458261491324;-118.485416176454;17:08:27.30;7/13/2016;8;2.075;323.73;12.0453350093692;1.15;296.4;309.74;0.67;25.9;25.6;.00;19.17;19.17;90;61;547.0;16;-3.8;D;592;23;19.440;2;2.09;189;304.73;-118.48558837;33.44592575;0;0;1;N;1.357921;61;61;11;85;85;299.1204;0;27.53;19.17;46.82421;2;9;22.9;0;22.8999996185303;33.84;1527.88635;07/13/16;17:05:28;21.99;51.43;33.84;-0.123;8.38;-80.4;0.9;-1.0;1245;113.6;8.16;12.3;
33.445832210353;-118.485423528339;17:08:28.30;7/13/2016;8;1.854;322.12;12.0453350093692;1.15;292.2;305.49;-0.84;9;25.6;.00;18.71;18.71;90;61;547.0;16;-3.8;D;592;23;18.496;2;2.02;189;304.22;-118.48558837;33.44592575;0;0;1;N;1.452917;55;55;11;81;81;298.4605;0;9999.99;18.70;18.83139;2;9;22.9;0;22.8999996185303;33.84;1527.88635;07/13/16;17:05:28;21.99;51.43;33.84;-0.123;8.38;-80.4;0.9;-1.0;1245;113.6;8.16;12.3;
33.4458348333333;-118.485431666667;17:08:29.31;7/13/2016;8;1.969;305.49;12.0453350093692;1.15;289.9;303.17;-0.16;15.1;25.6;.00;18.17;18.18;90;61;547.0;16;-3.8;D;592;23;17.637;2;2;189;304.08;-118.48558837;33.44592575;0;0;1;N;1.443964;56;56;11;108;108;298.5225;0;9999.99;18.18;18.30569;2;9;22.9;0;22.8999996185303;33.84;1527.88648;07/13/16;17:05:30;21.99;51.42;33.84;-0.055;8.38;-80.6;0.5;-6.9;-1736;113.5;8.15;12.4;
33.4458396666667;-118.485443;17:08:30.33;7/13/2016;8;2.175;299.41;12.0453350093692;1.15;294.9;308.22;-0.81;7.51;25.6;.00;19.43;19.44;90;61;547.0;16;-3.8;D;592;23;16.677;2;1.95;189;304.44;-118.48558837;33.44592575;0;0;1;N;1.250925;47;47;11;100;100;299.8669;0;9999.99;19.42;19.547;2;9;22.9;0;22.8999996185303;33.84;1527.88648;07/13/16;17:05:30;21.99;51.42;33.84;-0.055;8.38;-80.6;0.5;-6.9;-1736;113.5;8.15;12.4;
33.445846;-118.4854515;17:08:31.34;7/13/2016;8;2.164;306.59;12.0453350093692;1.15;294.3;307.62;-1.21;15.9;25.6;.00;29.61;29.61;90;59;547.0;16;-3.7;D;611.8;23;15.553;2;2;189;304.93;-118.48558837;33.44592575;0;0;1;N;1.034755;50;50;11;102;102;301.384;0;9999.99;29.61;29.73742;2;9;22.9;0;22.8999996185303;33.82;1527.86452;07/13/16;17:05:32;21.99;51.40;33.82;-0.084;8.38;-80.5;0.8;1.0;-3723;113.5;8.16;12.3;
33.4458539783474;-118.485458846867;17:08:32.36;7/13/2016;8;1.797;311.39;12.0453350093692;1.15;298.3;311.66;-3.28;15.5;25.6;.02;49.13;49.15;90;59;547.0;16;-3.7;D;611.8;23;14.426;2;2.03;189;303.59;-118.48558837;33.44592575;0;0;1;N;1.061445;43;43;11;79;79;299.5941;0;9999.99;49.10;49.227;2;9;22.9;0;22.8999996185303;33.82;1527.86452;07/13/16;17:05:32;21.99;51.40;33.82;-0.084;8.38;-80.5;0.8;1.0;-3723;113.5;8.16;12.3;
33.4458596568717;-118.485462493991;17:08:33.36;7/13/2016;8;1.228;311.39;12.0453350093692;1.15;297.9;311.26;1.65;21.5;25.6;.02;26.68;26.69;90;59;547.0;16;-3.7;D;611.8;23;13.799;2;2.02;189;302.18;-118.48558837;33.44592575;0;0;1;N;1.366462;62;62;11;65;65;297.6547;0;12.92;26.68;39.71948;2;9;22.9;0;22.8999996185303;33.85;1527.89922;07/13/16;17:05:34;21.97;51.44;33.85;0.165;8.38;-80.4;1.1;-2.5;-3154;113.5;8.15;12.4;
33.4458646666667;-118.485468166667;17:08:34.38;7/13/2016;8;1.879;313.99;12.0453350093692;1.15;299;312.37;1.22;12.1;25.5;.00;17.86;17.86;90;65;546.9;16;-4;D;558.3;23;12.817;2;2.04;189;301.61;-118.48558837;33.44592575;0;0;1;N;1.584922;66;66;11;73;73;297.5478;0;44.51;17.87;62.50399;2;9;22.9;0;22.8999996185303;33.85;1527.89922;07/13/16;17:05:34;21.97;51.44;33.85;0.165;8.38;-80.4;1.1;-2.5;-3154;113.5;8.15;12.4;
33.4458718333333;-118.4854765;17:08:35.39;7/13/2016;8;2.362;314.43;12.0453350093692;1.15;296.8;310.14;-0.45;13.8;25.5;.00;20.00;20.00;90;65;546.9;16;-4;D;558.3;23;12.045;2;2.06;189;300.44;-118.48558837;33.44592575;0;0;1;N;1.73453;54;54;11;73;73;296.5206;0;9999.99;19.99;20.117;2;9;22.9;0;22.8999996185303;33.85;1527.89732;07/13/16;17:05:36;21.99;51.44;33.85;-0.114;8.38;-80.5;0.9;-4.3;-2142;113.4;8.15;12.4;
33.4458775881017;-118.485485622804;17:08:36.41;7/13/2016;8;2.019;315.15;12.0453350093692;1.15;290.9;304.18;0.56;15.1;25.6;.00;19.49;19.49;90;60;546.9;16;-3.7;D;602.1;23;10.935;2;2.08;189;299.33;-118.48558837;33.44592575;0;0;1;N;1.836093;62;62;11;82;82;296.1408;0;9999.99;19.50;19.62697;2;9;22.9;0;22.8999996185303;33.85;1527.89732;07/13/16;17:05:36;21.99;51.44;33.85;-0.114;8.38;-80.5;0.9;-4.3;-2142;113.4;8.15;12.4;
33.4458844525449;-118.485496498452;17:08:37.42;7/13/2016;8;2.08;311.6;12.0453350093692;1.15;289.3;302.56;-0.93;12.6;25.6;.00;20.43;20.43;90;60;546.9;16;-3.7;D;602.1;23;9.683;2;2.1;189;298.31;-118.48558837;33.44592575;0;0;1;N;1.749175;51;51;11;102;102;296.3181;0;9999.99;20.43;20.5604;2;9;22.9;0;22.8999996185303;33.84;1527.88649;07/13/16;17:05:38;21.99;51.43;33.84;-0.188;8.38;-80.2;1.0;-5.3;47;113.4;8.15;12.4;
33.4458899927954;-118.485506459068;17:08:38.42;7/13/2016;8;2.27;307.31;12.0453350093692;1.15;293.6;306.91;-0.1;14.2;25.6;.00;20.12;20.12;90;60;546.9;16;-3.7;D;602.1;23;8.577;2;2.04;189;297.62;-118.48558837;33.44592575;0;0;1;N;1.74452;56;56;11;88;88;297.0756;0;9999.99;20.12;20.24748;2;9;22.9;0;22.8999996185303;33.84;1527.88649;07/13/16;17:05:38;21.99;51.43;33.84;-0.188;8.38;-80.2;1.0;-5.3;47;113.4;8.15;12.4;
33.4458970415879;-118.485519129136;17:08:39.42;7/13/2016;8;2.267;304.06;12.0453350093692;1.15;291.2;304.48;0.53;11.2;25.6;.00;20.13;20.13;90;60;546.9;16;-3.7;D;602.1;23;7.174;2;2.04;189;296.42;-118.48558837;33.44592575;0;0;1;N;1.644678;60;60;11;101;101;297.8974;0;9999.99;20.13;20.2608;2;9;22.9;0;22.8999996185303;33.84;1527.8863;07/13/16;17:05:40;21.98;51.42;33.84;-0.036;8.38;-80.3;1.6;-4.2;436;113.3;8.14;12.3;
33.4459032177214;-118.485529166703;17:08:40.42;7/13/2016;8;2.185;306.49;12.0453350093692;1.15;289;302.26;0.16;9.1;25.6;.00;19.99;19.99;90;61;546.8;16;-3.7;D;599.9;23;6.037;2;2.09;189;294.52;-118.48558837;33.44592575;0;0;1;N;1.509574;60;60;11;101;101;298.2051;0;9999.99;20.00;20.12356;2;9;22.9;0;22.8999996185303;33.84;1527.8863;07/13/16;17:05:40;21.98;51.42;33.84;-0.036;8.38;-80.3;1.6;-4.2;436;113.3;8.14;12.3;
33.4459082864461;-118.485538671487;17:08:41.42;7/13/2016;9;2.126;303.71;12.0453350093692;1.15;290.7;303.98;-0.77;17.8;25.6;.01;20.22;20.22;90;61;546.8;16;-3.7;D;599.9;23;5.004;2;2.07;189;292.84;-118.48558837;33.44592575;0;0;1;N;1.417964;52;52;11;107;107;298.9944;0;9999.99;20.21;20.33792;2;9;22.9;0;22.8999996185303;33.84;1527.88679;07/13/16;17:05:42;21.98;51.43;33.84;-0.098;8.37;-80.2;1.5;-5.1;-2435;113.3;8.14;12.3;
33.4459139813385;-118.485548452782;17:08:42.42;7/13/2016;9;2.053;305.06;12.0453350093692;1.15;293.6;306.91;0;5.32;25.6;.00;20.99;20.99;90;61;546.8;16;-3.7;D;599.9;23;3.928;2;2.02;189;289.46;-118.48558837;33.44592575;0;0;1;N;1.389592;57;57;11;98;98;299.5561;0;9999.99;20.98;21.107;2;9;22.9;0;22.8999996185303;33.84;1527.88679;07/13/16;17:05:42;21.98;51.43;33.84;-0.098;8.37;-80.2;1.5;-5.1;-2435;113.3;8.14;12.3;
33.4459203423163;-118.485557643545;17:08:43.42;7/13/2016;9;2.342;307.63;12.0453350093692;1.15;288.7;301.96;-0.08;20;25.6;.00;19.59;19.60;90;59;546.8;16;-3.6;D;619.7;23;2.914;2;2.02;189;281.91;-118.48558837;33.44592575;0;0;1;N;1.291886;57;57;11;117;117;299.3561;0;9999.99;19.60;19.73059;2;9;22.9;0;22.8999996185303;33.85;1527.89748;07/13/16;17:05:44;21.98;51.44;33.85;-0.002;8.38;-80.4;1.2;-3.5;-2304;113.3;8.14;12.3;
33.4459253116419;-118.485567083954;17:08:44.42;7/13/2016;9;1.963;305.56;12.0453350093692;1.15;294.1;307.42;-0.45;16.8;25.5;.00;22.17;22.17;90;59;546.8;16;-3.6;D;619.7;23;1.978;2;1.92;189;271.41;-118.48558837;33.44592575;0;0;1;N;1.304469;50;50;11;114;114;300.1992;0;9999.99;22.16;22.287;2;9;22.9;0;22.8999996185303;33.85;1527.89748;07/13/16;17:05:44;21.98;51.44;33.85;-0.002;8.38;-80.4;1.2;-3.5;-2304;113.3;8.14;12.3;
33.4459304795985;-118.485574070125;17:08:45.42;7/13/2016;9;1.981;313.38;12.0453350093692;1.15;295.2;308.53;-0.01;18.8;25.6;.00;20.75;20.75;90;59;546.8;16;-3.6;D;619.7;24;56.210;2;1.97;189;120.01;-118.48504947;33.44567764;0;0;1;N;1.060799;57;57;11;250;250;126.5571;0;9999.99;20.75;20.87428;2;9;22.9;0;22.8999996185303;33.83;1527.87553;07/13/16;17:05:46;21.97;51.41;33.83;-0.098;8.37;-80.2;1.1;-1.5;-3619;113.4;8.15;12.4;
33.4459374757645;-118.485581948083;17:08:46.42;7/13/2016;9;1.979;314.55;12.0453350093692;1.15;299.3;312.67;0.17;14.3;25.6;.00;20.47;20.47;90;59;546.8;16;-3.6;D;619.7;24;57.233;2;1.96;189;120.32;-118.48504947;33.44567764;0;0;1;N;1.296167;58;58;11;250;250;128.2734;0;50.23;20.46;70.817;2;9;22.9;0;22.8999996185303;33.83;1527.87553;07/13/16;17:05:46;21.97;51.41;33.83;-0.098;8.37;-80.2;1.1;-1.5;-3619;113.4;8.15;12.4;
33.445942012119;-118.485590655307;17:08:47.42;7/13/2016;9;1.739;306.01;12.0453350093692;1.15;307.9;321.37;-0.59;1.81;25.6;.00;15.15;15.15;90;62;546.7;16;-3.8;D;583.4;24;58.185;2;1.88;189;120.35;-118.48504947;33.44567764;0;0;1;N;1.696514;49;49;11;250;250;127.8845;0;29.49;15.14;44.76056;2;9;22.9;0;22.8999996185303;33.85;1527.89755;07/13/16;17:05:48;21.97;51.44;33.85;-0.072;8.38;-80.6;1.0;0.9;-1235;113.4;8.15;12.3;
33.445947343416;-118.485595923763;17:08:48.42;7/13/2016;9;1.498;311.78;12.0453350093692;1.15;319;332.62;4.75;11;25.5;.01;20.08;20.09;90;62;546.7;16;-3.8;D;583.4;24;58.907;2;1.81;189;120.6;-118.48504947;33.44567764;0;0;1;N;1.92084;85;85;11;250;250;127.9649;0;9999.99;20.11;20.237;2;9;22.9;0;22.8999996185303;33.83;1527.87538;07/13/16;17:05:49;21.98;51.41;33.83;-0.175;8.38;-80.4;1.1;-4.0;-2671;113.3;8.14;12.5;
33.4459515483882;-118.485598037758;17:08:49.42;7/13/2016;9;0.966;311.78;12.0453350093692;1.15;337.2;351.17;1.53;15.4;25.5;.01;20.81;20.83;90;62;546.7;16;-3.8;D;583.4;24;59.314;2;1.73;189;120.9;-118.48504947;33.44567764;0;0;1;N;2.314575;66;66;11;250;250;128.927;0;9999.99;20.82;20.95008;2;9;22.9;0;22.8999996185303;33.83;1527.87538;07/13/16;17:05:49;21.98;51.41;33.83;-0.175;8.38;-80.4;1.1;-4.0;-2671;113.3;8.14;12.5;
33.4459578028236;-118.485599332033;17:08:50.42;7/13/2016;9;1.556;330;12.0453350093692;1.15;341.9;355.97;2.5;13.9;25.5;.01;20.49;20.50;90;66;546.7;16;-4.1;D;548;24;59.777;2;1.67;189;121.41;-118.48504947;33.44567764;0;0;1;N;2.686204;72;72;11;250;250;130.6911;0;9999.99;20.51;20.637;2;9;22.9;0;22.8999996185303;33.83;1527.87629;07/13/16;17:05:51;21.97;51.42;33.83;-0.051;8.38;-80.3;1.5;-2.0;232;113.3;8.15;12.4;
33.4459647823693;-118.485598465327;17:08:51.42;7/13/2016;9;1.646;345.47;12.0453350093692;1.15;353.1;7.44;-0.21;11.9;25.6;.01;19.87;19.88;90;66;546.7;16;-4.1;D;548;24;60.117;2;1.66;190;122.08;-118.48504947;33.44567764;0;0;1;N;3.316001;55;55;11;250;250;133.2192;0;9999.99;19.87;19.997;2;9;22.9;0;22.8999996185303;33.83;1527.87629;07/13/16;17:05:51;21.97;51.42;33.83;-0.051;8.38;-80.3;1.5;-2.0;232;113.3;8.15;12.4;
33.4459713992923;-118.485595517601;17:08:52.42;7/13/2016;9;1.557;345.47;12.0453350093692;1.15;5.9;20.52;3;16;25.6;.02;18.83;18.85;90;66;546.7;16;-4.1;D;548;24;60.281;2;1.64;190;122.81;-118.48504947;33.44567764;0;0;1;N;4.111565;72;72;11;250;250;136.2109;0;9999.99;18.85;18.97464;2;9;22.9;0;22.8999996185303;33.85;1527.89819;07/13/16;17:05:53;21.96;51.44;33.85;0.078;8.38;-80.4;1.0;-0.8;-5348;113.3;8.15;12.4;
33.4459763174685;-118.485594765123;17:08:53.42;7/13/2016;9;1.507;1.76;12.0453350093692;1.15;13;27.75;1.65;11.3;25.5;.01;13.18;13.19;90;66;546.7;16;-4.1;D;548;24;60.521;2;1.63;191;123.28;-118.48504947;33.44567764;0;0;1;N;4.887538;67;67;11;250;250;138.2258;0;9999.99;13.20;13.325;2;9;22.9;0;22.8999996185303;33.85;1527.89819;07/13/16;17:05:53;21.96;51.44;33.85;0.078;8.38;-80.4;1.0;-0.8;-5348;113.3;8.15;12.4;
33.4459823509832;-118.48559204468;17:08:54.42;7/13/2016;9;1.594;1.76;12.0453350093692;1.15;27.7;42.59;2.27;14.7;25.5;.00;12.88;12.89;90;70;546.6;16;-4.3;D;517;24;60.682;2;1.64;191;123.94;-118.48504947;33.44567764;0;0;1;N;5.369261;71;71;11;250;250;140.2824;0;9999.99;12.90;13.027;2;9;22.9;0;22.8999996185303;32.53;1526.44998;07/13/16;17:05:55;21.97;49.65;32.53;-0.111;8.37;-80.0;1.0;-3.1;-9;113.3;8.20;12.4;
33.4459889035749;-118.48558603767;17:08:55.42;7/13/2016;9;1.785;26.29;12.0453350093692;1.15;38;52.84;1;9;25.5;.00;12.05;12.05;90;70;546.6;16;-4.3;D;517;24;60.633;2;1.72;191;124.81;-118.48504947;33.44567764;0;0;1;N;6.046583;61;61;11;250;250;143.4481;0;9999.99;12.06;12.187;2;9;22.9;0;22.8999996185303;32.53;1526.44998;07/13/16;17:05:55;21.97;49.65;32.53;-0.111;8.37;-80.0;1.0;-3.1;-9;113.3;8.20;12.4;
33.4459939683423;-118.485578895562;17:08:56.44;7/13/2016;9;1.594;34.97;12.0453350093692;1.15;51.1;65.67;2.51;13.9;25.5;.00;11.26;11.27;90;70;546.6;16;-4.3;D;517;24;60.416;2;1.67;192;125.61;-118.48504947;33.44567764;0;0;1;N;6.902539;70;70;11;250;250;147.1026;0;9999.99;11.28;11.41069;2;9;22.9;0;22.8999996185303;33.84;1527.88636;07/13/16;17:05:57;21.97;51.42;33.84;-0.085;8.38;-80.3;1.7;1.0;-2952;113.2;8.14;12.4;
33.4459983121783;-118.485571396623;17:08:57.44;7/13/2016;9;1.688;53.17;12.0453350093692;1.15;57.2;71.56;1.16;15.3;25.5;.00;10.18;10.18;90;70;546.6;16;-4.3;D;517;24;60.137;2;1.68;192;126.37;-118.48504947;33.44567764;0;0;1;N;7.698949;64;64;11;250;250;150.8672;0;9999.99;10.19;10.31824;2;9;22.9;0;22.8999996185303;33.84;1527.88636;07/13/16;17:05:57;21.97;51.42;33.84;-0.085;8.38;-80.3;1.7;1.0;-2952;113.2;8.14;12.4;
33.4459998505869;-118.48556233197;17:08:58.44;7/13/2016;9;1.71;53.17;12.0453350093692;1.15;72.9;86.48;1.52;14.4;25.5;.00;4.16;4.17;90;71;546.6;16;-4.4;D;512;24;59.565;2;1.69;192;126.98;-118.48504947;33.44567764;0;0;1;N;8.282578;66;66;11;250;250;154.9843;0;9999.99;4.17;4.301649;2;9;22.9;0;22.8999996185303;33.84;1527.88649;07/13/16;17:05:59;21.98;51.42;33.84;-0.106;8.38;-80.4;1.3;-1.9;-1032;113.3;8.14;12.4;
33.4460024576179;-118.485553333926;17:08:59.45;7/13/2016;9;1.804;64.72;12.0453350093692;1.15;82;94.99;1.11;10;25.5;.00;3.66;3.67;90;71;546.6;16;-4.4;D;512;24;59.077;2;1.64;193;127.69;-118.48504947;33.44567764;0;0;1;N;8.727103;64;64;11;250;250;157.5482;0;9999.99;3.68;3.807;2;9;22.9;0;22.8999996185303;33.84;1527.88649;07/13/16;17:05:59;21.98;51.42;33.84;-0.106;8.38;-80.4;1.3;-1.9;-1032;113.3;8.14;12.4;
33.4460042913059;-118.485544218778;17:09:00.47;7/13/2016;9;1.493;64.72;12.0453350093692;1.15;92.1;104.37;-0.94;13;25.5;.02;7.57;7.59;90;71;546.6;16;-4.4;D;512;24;58.536;2;1.65;193;128.35;-118.48504947;33.44567764;0;0;1;N;9.27439;54;54;11;250;250;160.7265;0;9999.99;7.58;7.703744;2;9;22.9;0;22.8999996185303;33.86;1527.90851;07/13/16;17:06:01;21.98;51.45;33.86;-0.067;8.37;-80.2;1.1;-3.2;-2041;113.3;8.14;12.4;
33.4460019062981;-118.485532432643;17:09:01.47;7/13/2016;9;2.192;76.91;12.0453350093692;1.15;106.2;117.41;3.4;17.1;25.6;.01;7.57;7.58;90;76;546.5;16;-4.7;D;480.5;24;57.516;2;1.71;194;128.82;-118.48504947;33.44567764;0;0;1;N;9.776804;77;77;11;250;250;166.2864;0;9999.99;7.58;7.707;2;9;22.9;0;22.8999996185303;33.85;1527.89877;07/13/16;17:06:02;22.00;51.44;33.85;0.123;8.38;-80.5;1.8;-2.0;-1211;113.3;8.14;12.4;
33.4459995105712;-118.48552231989;17:09:02.47;7/13/2016;9;1.477;89.45;12.0453350093692;1.28;114.5;125.12;-0.58;14.6;25.5;.00;6.93;6.94;90;76;546.5;16;-4.7;D;480.5;24;56.619;2;1.69;194;129.21;-118.48504947;33.44567764;0;0;1;N;9.864634;55;55;11;250;250;166.8524;0;9999.99;6.94;7.067929;2;9;22.9;0;22.8999996185303;33.85;1527.89877;07/13/16;17:06:02;22.00;51.44;33.85;0.123;8.38;-80.5;1.8;-2.0;-1211;113.3;8.14;12.4;
33.4459947108142;-118.485512269715;17:09:03.47;7/13/2016;9;2.039;109.89;12.0453350093692;1.04;127.5;137.3;-0.95;5.46;25.5;.01;9.36;9.37;90;76;546.5;16;-4.7;D;480.5;24;55.560;2;1.61;194;129.39;-118.48504947;33.44567764;0;0;1;N;10.15162;51;51;11;250;250;170.6481;0;9999.99;9.33;9.457;2;9;22.9;0;22.8999996185303;33.79;1527.83176;07/13/16;17:06:04;21.98;51.36;33.79;0.031;8.38;-80.6;62.1;0.3;-3382;113.3;8.14;12.3;
33.445992057069;-118.485506497269;17:09:04.48;7/13/2016;9;1.205;109.89;12.0453350093692;1.09;138.5;147.78;4.42;20.3;25.5;.01;9.33;9.34;90;76;546.5;16;-4.7;D;480.5;24;54.959;2;1.65;194;129.51;-118.48504947;33.44567764;0;0;1;N;9.832881;84;84;11;208;208;168.1536;0;38.02;9.38;47.52704;2;9;22.9;0;22.8999996185303;33.79;1527.83176;07/13/16;17:06:04;21.98;51.36;33.79;0.031;8.38;-80.6;62.1;0.3;-3382;113.3;8.14;12.3;
33.445986623441;-118.485500427376;17:09:05.50;7/13/2016;9;1.566;129.26;12.0453350093692;1.04;150.5;159.45;0.21;0.7;25.5;.00;9.82;9.82;90;74;546.5;16;-4.6;D;487.3;24;54.140;2;1.62;195;129.39;-118.48504947;33.44567764;0;0;1;N;9.707004;57;57;11;155;155;168.5932;0;9999.99;9.82;9.947;2;9;22.9;0;22.8999996185303;33.85;1527.89783;07/13/16;17:06:06;21.97;51.44;33.85;-0.173;8.38;-80.5;3.9;-2.4;-2825;113.3;8.14;12.4;
33.445977051616;-118.485497540409;17:09:06.50;7/13/2016;9;1.883;153.21;12.0453350093692;1.04;158.2;167.07;2.1;19.6;25.5;.00;10.09;10.09;90;69;546.4;16;-4.3;D;527.8;24;53.261;2;1.64;195;128.69;-118.48504947;33.44567764;0;0;1;N;9.131456;70;70;11;129;129;167.6652;0;9999.99;10.12;10.247;2;9;22.9;0;22.8999996185303;30.32;1524.02685;07/13/16;17:06:07;21.98;46.62;30.32;-0.046;8.37;-80.1;2.2;-3.9;-1886;113.3;8.31;12.4;
33.4459657742599;-118.485496532098;17:09:07.52;7/13/2016;9;1.601;165.86;12.0453350093692;1.04;164.4;173.28;-0.55;10.9;25.5;.00;9.83;9.83;90;69;546.4;16;-4.3;D;527.8;24;52.412;2;1.76;196;127.68;-118.48504947;33.44567764;0;0;1;N;8.103549;54;54;11;91;91;164.2537;0;9999.99;9.83;9.957;2;9;22.9;0;22.8999996185303;33.84;1527.88637;07/13/16;17:06:08;21.99;51.43;33.84;-0.114;8.38;-80.4;1.8;-3.9;-3264;113.4;8.15;12.3;
33.4459566049423;-118.485498657289;17:09:08.52;7/13/2016;9;1.966;182.05;12.0453350093692;1.04;167.4;176.32;0.62;13.2;25.5;.00;9.93;9.93;90;69;546.4;16;-4.3;D;527.8;24;51.954;2;1.92;196;126.66;-118.48504947;33.44567764;0;0;1;N;7.132066;58;58;11;46;46;160.6056;0;9999.99;9.93;10.057;2;9;22.9;0;22.8999996185303;33.84;1527.88635;07/13/16;17:06:09;21.99;51.43;33.84;0.031;8.38;-80.4;1.6;1.2;-2392;113.4;8.14;12.4;
33.4459504813682;-118.485501518157;17:09:09.52;7/13/2016;9;1.627;182.05;12.0453350093692;1.04;159.3;168.17;-0.38;11;25.5;.00;9.93;9.93;90;69;546.4;16;-4.3;D;527.8;24;51.765;2;1.92;196;125.88;-118.48504947;33.44567764;0;0;1;N;6.38159;55;55;11;84;84;157.4664;0;9999.99;9.93;10.057;2;9;22.9;0;22.8999996185303;33.84;1527.88624;07/13/16;17:06:10;21.99;51.42;33.84;-0.110;8.37;-80.0;1.4;-3.2;-1146;113.3;8.14;12.4;
33.4459462980527;-118.48550527989;17:09:10.53;7/13/2016;9;1.347;182.05;12.0453350093692;1.04;165.4;174.29;2.28;18.8;25.5;.00;9.93;9.93;90;70;546.4;16;-4.4;D;515;24;51.778;2;2.02;196;125.24;-118.48504947;33.44567764;0;0;1;N;5.818222;71;71;11;49;49;154.9161;0;9999.99;9.93;10.057;2;9;22.9;0;22.8999996185303;33.84;1527.88623;07/13/16;17:06:11;21.99;51.43;33.84;-0.040;8.38;-80.5;1.9;-1.7;-1215;113.3;8.14;12.4;
33.4459374492415;-118.485506040425;17:09:11.53;7/13/2016;9;1.726;181.91;12.0453350093692;1.28;164.2;173.08;-1.25;11.1;25.5;.00;12.09;12.09;90;70;546.4;16;-4.4;D;515;24;51.275;2;2.08;196;124.29;-118.48504947;33.44567764;0;0;1;N;4.935353;49;49;11;37;37;150.5589;0;9999.99;12.08;12.207;2;9;22.9;0;22.8999996185303;33.84;1527.88649;07/13/16;17:06:12;22.00;51.43;33.84;-0.129;8.38;-80.4;0.8;-6.2;-1461;113.3;8.14;12.3;
33.4459300169749;-118.485503217711;17:09:12.53;7/13/2016;9;1.987;172.09;12.0453350093692;1.28;155.7;164.58;-0.08;13.8;25.6;.00;12.13;12.13;90;70;546.4;16;-4.4;D;515;24;50.596;2;2.08;196;123.69;-118.48504947;33.44567764;0;0;1;N;4.327536;57;57;11;58;58;147.2985;0;9999.99;12.15;12.27426;2;9;22.9;0;22.8999996185303;33.84;1527.88637;07/13/16;17:06:13;22.00;51.42;33.84;-0.013;8.37;-80.1;2.2;0.7;-1520;113.3;8.14;12.4;
33.4459210737007;-118.485501923567;17:09:13.53;7/13/2016;9;2.226;174.81;12.0453350093692;1.04;157.6;166.47;0.29;9.7;25.5;.00;12.95;12.96;90;70;546.4;16;-4.4;D;515;24;49.950;2;2.16;196;122.81;-118.48504947;33.44567764;0;0;1;N;3.503344;59;59;11;31;31;142.5367;0;9999.99;12.94;13.067;2;9;22.9;0;22.8999996185303;33.84;1527.88666;07/13/16;17:06:14;21.99;51.43;33.84;-0.100;8.38;-80.4;1.2;-4.8;-3355;113.2;8.14;12.4;
33.4459122230753;-118.48549931837;17:09:14.55;7/13/2016;9;2.177;170.5;12.0453350093692;1.28;155.5;164.38;0.57;13.6;25.5;.00;13.34;13.34;90;71;546.3;16;-4.4;D;508.3;24;49.219;2;2.19;196;122;-118.48504947;33.44567764;0;0;1;N;2.759428;60;60;11;21;21;137.9189;0;9999.99;13.35;13.477;2;9;22.9;0;22.8999996185303;33.84;1527.88668;07/13/16;17:06:15;21.99;51.43;33.84;0.022;8.38;-80.5;1.4;0.7;-236;113.3;8.14;12.4;
33.4459036716042;-118.485491139766;17:09:15.55;7/13/2016;9;2.348;155.65;12.0453350093692;1.28;151.8;160.73;2.03;1.73;25.5;.00;12.88;12.88;90;71;546.3;16;-4.4;D;508.3;24;48.073;2;2.14;196;121.52;-118.48504947;33.44567764;0;0;1;N;2.087398;65;65;11;31;31;134.8538;0;9999.99;12.88;13.00333;2;9;22.9;0;22.8999996185303;33.84;1527.88649;07/13/16;17:06:16;21.99;51.42;33.84;-0.005;8.37;-80.2;1.4;-1.0;-1988;113.3;8.14;12.3;
33.445893807507;-118.485484224936;17:09:16.55;7/13/2016;9;1.765;155.47;12.0453350093692;1.04;141.5;150.68;-1.98;10.7;25.5;.00;12.88;12.88;90;71;546.3;16;-4.4;D;508.3;24;46.956;2;2.09;196;120.79;-118.48504947;33.44567764;0;0;1;N;1.632815;50;50;11;49;49;130.4235;0;9999.99;12.88;13.00333;2;9;22.9;0;22.8999996185303;33.83;1527.8756;07/13/16;17:06:17;21.99;51.41;33.83;-0.190;8.38;-80.3;1.5;-6.5;-616;113.2;8.14;12.4;
33.445880117046;-118.485477194853;17:09:17.55;7/13/2016;9;3.437;157.92;12.0453350093692;1.04;140;149.23;1.01;9.4;25.5;.01;12.88;12.89;90;74;546.3;16;-4.6;D;489;24;45.627;2;2.14;196;119.57;-118.48504947;33.44567764;0;0;1;N;0.6032641;56;56;11;10;10;123.2006;0;31.25;12.88;44.25334;2;9;22.9;0;22.8999996185303;33.84;1527.88669;07/13/16;17:06:18;21.99;51.42;33.84;0.097;8.37;-80.2;0.9;-1.2;-2409;113.2;8.13;12.4;
33.4458691775866;-118.485470304806;17:09:18.55;7/13/2016;9;2.403;156.83;12.0453350093692;1.28;134.9;144.33;2.14;15.4;25.5;.01;11.19;11.21;90;74;546.3;16;-4.6;D;489;24;44.477;2;2.18;195;118.61;-118.48504947;33.44567764;0;0;1;N;0.1649741;70;70;11;20;20;117.7068;0;9999.99;11.23;11.357;2;9;22.9;0;22.8999996185303;33.84;1527.8875;07/13/16;17:06:19;21.99;51.42;33.84;-0.015;8.38;-80.5;1.9;-2.2;-2983;113.2;8.13;12.3;
33.4458615811135;-118.485460724771;17:09:19.55;7/13/2016;8;2.428;146.82;12.0453350093692;1.28;127.2;137.02;0.15;3.44;25.5;.00;12.96;12.97;90;74;546.3;16;-4.6;D;489;24;43.293;2;2.15;195;118.19;-118.48504947;33.44567764;0;0;1;N;0.4885302;54;54;11;40;40;115.3936;0;9999.99;12.95;13.077;2;9;22.9;0;22.8999996185303;33.84;1527.88739;07/13/16;17:06:20;21.99;51.43;33.84;-0.157;8.37;-80.2;1.9;-6.1;-1271;113.2;8.13;12.4;
33.4458554997715;-118.485453274507;17:09:20.55;7/13/2016;9;1.954;144.39;12.0453350093692;1.04;123.8;133.81;0.93;17.8;25.5;.00;12.96;12.96;90;74;546.3;16;-4.6;D;489;24;42.366;2;2.15;195;117.83;-118.48504947;33.44567764;0;0;1;N;0.754127;66;66;11;37;37;113.503;0;9999.99;12.95;13.077;2;9;22.9;0;22.8999996185303;33.83;1527.87533;07/13/16;17:06:21;21.99;51.41;33.83;-0.052;8.38;-80.5;1.3;-5.3;237;113.1;8.13;12.4;
33.4458505284478;-118.48544493951;17:09:21.55;7/13/2016;9;1.815;133.3;12.0453350093692;1.04;118.9;129.22;-2.75;8.1;25.6;.00;10.75;10.75;90;73;546.2;16;-4.5;D;496.8;24;41.424;2;2.14;195;117.65;-118.48504947;33.44567764;0;0;1;N;0.8772704;43;43;11;61;61;112.6302;0;9999.99;10.73;10.857;2;9;22.9;0;22.8999996185303;33.83;1527.87534;07/13/16;17:06:22;21.98;51.41;33.83;-0.102;8.38;-80.3;2.2;-7.4;-4929;113.1;8.13;12.3;
33.4458432827601;-118.485434864482;17:09:22.56;7/13/2016;9;2.371;128.72;12.0453350093692;1.04;122.1;132.22;0.6;8.9;25.6;.00;16.48;16.48;90;73;546.2;16;-4.5;D;496.8;24;40.223;2;2.14;195;117.25;-118.48504947;33.44567764;0;0;1;N;1.122373;59;59;11;43;43;110.9019;0;9999.99;16.48;16.607;2;9;22.9;0;22.8999996185303;33.83;1527.87532;07/13/16;17:06:23;21.97;51.41;33.83;0.103;8.38;-80.5;1.7;-1.1;-3504;113.1;8.13;12.4;
33.4458372137496;-118.48542394922;17:09:23.56;7/13/2016;9;2.347;125.53;12.0453350093692;1.04;119.5;129.78;0.62;6.41;25.5;.00;15.75;15.76;90;73;546.2;16;-4.5;D;496.8;24;39.014;2;2.17;195;117.05;-118.48504947;33.44567764;0;0;1;N;1.22677;61;61;11;49;49;110.1699;0;9999.99;15.76;15.887;2;9;22.9;0;22.8999996185303;33.83;1527.87555;07/13/16;17:06:24;21.96;51.42;33.83;-0.083;8.37;-80.0;1.3;-6.3;-3638;113.2;8.13;12.3;
33.4458299673981;-118.485412070174;17:09:24.58;7/13/2016;9;2.417;126.28;12.0453350093692;1.04;113.5;124.18;-2.13;11.7;25.5;.00;15.62;15.62;90;69;546.1;16;-4.2;D;528.6;24;37.666;2;2.2;195;116.72;-118.48504947;33.44567764;0;0;1;N;1.417353;44;44;11;66;66;108.8413;0;9999.99;15.60;15.72741;2;9;22.9;0;22.8999996185303;33.84;1527.88631;07/13/16;17:06:25;21.96;51.43;33.84;-0.131;8.37;-80.0;1.3;-3.4;-1519;113.2;8.13;12.3;
33.4458216521077;-118.48540236637;17:09:25.59;7/13/2016;9;2.245;129.64;12.0453350093692;1.04;113.9;124.56;3.28;21.9;25.6;.01;15.01;15.02;90;69;546.1;16;-4.2;D;528.6;24;36.449;2;2.29;195;116.06;-118.48504947;33.44567764;0;0;1;N;1.788097;76;76;11;44;44;106.2889;0;9999.99;15.02;15.15092;2;9;22.9;0;22.8999996185303;33.85;1527.89733;07/13/16;17:06:26;21.97;51.44;33.85;0.140;8.38;-80.3;0.9;-1.3;-564;113.2;8.13;12.4;
33.445819225491;-118.485394918034;17:09:26.59;7/13/2016;9;1.439;129.64;12.0453350093692;1.04;107;118.15;1.17;11.8;25.5;.01;14.20;14.22;90;69;546.1;16;-4.2;D;528.6;24;35.709;2;2.1;195;116.16;-118.48504947;33.44567764;0;0;1;N;1.705509;64;64;11;82;82;106.8535;0;9999.99;14.23;14.35729;2;9;22.9;0;22.8999996185303;33.85;1527.89835;07/13/16;17:06:27;21.97;51.44;33.85;-0.034;8.38;-80.5;2.1;1.4;-2862;113.2;8.13;12.4;
33.4458159950053;-118.485385722658;17:09:27.61;7/13/2016;9;2.174;121.76;12.0453350093692;1.04;102.5;113.99;-8;8.9;25.5;.03;14.96;14.99;90;69;546.1;16;-4.2;D;528.6;24;34.785;2;2.19;195;116.25;-118.48504947;33.44567764;0;0;1;N;1.615683;43;43;11;101;101;107.4703;0;9999.99;14.94;15.06754;2;9;22.9;0;22.8999996185303;33.84;1527.88821;07/13/16;17:06:28;21.99;51.42;33.84;-0.162;8.37;-80.0;2.1;304.2;92222;113.1;8.13;12.3;
33.4458091270573;-118.485372918614;17:09:28.63;7/13/2016;9;2.571;121.76;12.0453350093692;1.04;114.9;125.49;-4.65;13.9;25.5;.10;14.96;15.06;90;74;546.1;16;-4.6;D;489.3;24;33.382;2;2.25;195;115.97;-118.48504947;33.44567764;0;0;1;N;1.685163;43;43;11;56;56;106.993;0;.53;14.94;15.59754;2;9;22.9;0;22.8999996185303;33.85;1527.9001;07/13/16;17:06:29;21.99;51.44;33.85;0.444;8.37;-80.1;1.3;-7.3;-3981;113.2;8.13;12.5;
33.4458024540441;-118.485361062981;17:09:29.64;7/13/2016;8;2.45;121.76;12.0453350093692;1.28;106;117.23;3.8;6.96;25.5;.16;.33;.50;90;72;546.0;16;-4.5;D;502.5;24;32.069;2;2.28;194;115.64;-118.48504947;33.44567764;0;0;1;N;1.826639;80;80;11;82;82;106.0262;0;.31;.33;0.7720935;2;9;22.9;0;22.8999996185303;33.84;1527.89979;07/13/16;17:06:30;21.99;51.43;33.84;0.947;8.38;-80.3;1.4;-0.6;-2333;113.2;8.13;12.4;
33.4457939892967;-118.485351316581;17:09:30.66;7/13/2016;4;2.47;121.76;12.0453350093692;7.6;104.9;116.21;4.63;8.2;25.4;.12;.33;.46;90;72;546.0;16;-4.5;D;502.5;24;30.850;2;2.28;194;114.79;-118.48504947;33.44567764;0;0;1;N;2.214832;85;85;11;76;76;103.4131;0;.62;.33;1.079321;2;9;22.9;0;22.8999996185303;33.83;1527.88941;07/13/16;17:06:31;21.99;51.41;33.83;0.770;8.38;-80.5;1.4;-5.9;-2557;113.2;8.13;12.4;
33.4457899329205;-118.485339677744;17:09:31.67;7/13/2016;4;2.47;121.76;12.0453350093692;7.59;102.8;114.26;3.02;19.9;25.4;.02;.33;.35;90;72;546.0;16;-4.5;D;502.5;24;29.680;2;2.34;194;114.88;-118.48504947;33.44567764;0;0;1;N;2.092888;87;87;11;88;88;104.2275;0;9999.99;.33;0.4593209;2;9;22.9;0;22.8999996185303;33.84;1527.8896;07/13/16;17:06:32;21.98;51.43;33.84;0.368;8.37;-80.1;1.9;1.7;-716;113.2;8.13;12.3;
33.4457862823824;-118.485326802972;17:09:32.69;7/13/2016;8;2.47;121.76;12.0453350093692;1.21;94.8;106.87;-2.8;6.98;25.4;.00;12.67;12.67;90;72;546.0;16;-4.5;D;502.5;24;28.426;2;2.36;193;115.15;-118.48504947;33.44567764;0;0;1;N;1.895963;43;43;11;122;122;105.5552;0;9999.99;12.66;12.78242;2;9;22.9;0;22.8999996185303;33.84;1527.88798;07/13/16;17:06:33;21.99;51.43;33.84;-0.234;8.38;-80.4;1.8;-5.9;-1888;113.2;8.14;12.4;
33.4457867490232;-118.48532692235;17:09:33.69;7/13/2016;7;2.092;121.76;12.0453350093692;1.54;100.4;112.05;-4.41;12.3;25.4;.01;14.20;14.21;90;68;545.8;16;-4.2;D;529.7;24;28.458;2;2.32;193;115.23;-118.48504947;33.44567764;0;0;1;N;1.837161;43;43;11;103;103;105.9546;0;9999.99;14.16;14.287;2;9;22.9;0;22.8999996185303;33.84;1527.88682;07/13/16;17:06:34;21.99;51.43;33.84;0.148;8.37;-80.1;1.8;-1.4;810;113.2;8.13;12.4;
33.4457872233606;-118.485322864738;17:09:34.69;7/13/2016;7;0.369;121.76;12.0453350093692;1.54;104.2;115.56;3.74;15.9;25.5;.04;14.20;14.24;90;68;545.8;16;-4.2;D;529.7;24;28.141;2;2.4;192;115.66;-118.48504947;33.44567764;0;0;1;N;1.597531;79;79;11;95;95;107.5952;0;9999.99;14.16;14.287;2;9;22.9;0;22.8999996185303;33.84;1527.8874;07/13/16;17:06:35;21.99;51.43;33.84;0.509;8.37;-80.2;1.9;-3.4;-2283;113.2;8.14;12.4;
33.4457919818546;-118.485324476669;17:09:35.70;7/13/2016;6;0.778;121.76;12.0453350093692;1.83;97.1;108.99;0.98;17;25.5;.02;10.98;11.00;90;68;545.8;16;-4.2;D;529.7;24;28.508;2;2.31;192;116.49;-118.48504947;33.44567764;0;0;1;N;1.223054;68;68;11;134;134;110.1959;0;9999.99;11.01;11.13815;2;9;22.9;0;22.8999996185303;33.85;1527.89947;07/13/16;17:06:36;21.99;51.43;33.85;0.302;8.38;-80.2;1.9;0.9;-1531;113.2;8.14;12.4;
33.4457826405031;-118.485312591052;17:09:36.72;7/13/2016;7;1.851;121.76;12.0453350093692;1.54;106.8;117.97;-0.67;9.2;25.5;.00;10.91;10.91;90;68;545.8;16;-4.2;D;529.7;24;27.061;2;2.26;192;115.56;-118.48504947;33.44567764;0;0;1;N;1.578052;50;50;11;89;89;107.7294;0;9999.99;10.91;11.0365;2;9;22.9;0;22.8999996185303;33.84;1527.88772;07/13/16;17:06:37;21.99;51.43;33.84;0.076;8.38;-80.3;1.3;-6.8;104;113.3;8.14;12.4;
33.4457724377519;-118.485294186337;17:09:37.77;7/13/2016;8;2.534;121.17;12.0453350093692;1.21;101.7;113.25;1.53;16.3;25.5;.00;11.75;11.75;90;65;545.8;16;-4;D;561;24;25.033;2;2.32;191;114.9;-118.48504947;33.44567764;0;0;1;N;1.762489;66;66;11;100;100;106.4637;0;9999.99;11.76;11.887;2;9;22.9;0;22.8999996185303;33.85;1527.8972;07/13/16;17:06:39;22.00;51.43;33.85;0.015;8.38;-80.6;1.6;-5.9;-1374;113.2;8.13;12.3;
33.4457562469981;-118.485264403937;17:09:38.80;7/13/2016;8;3.795;115.15;12.0453350093692;1.21;105;116.3;2.17;15.2;25.4;.00;10.20;10.20;90;65;545.8;16;-4;D;561;24;21.773;2;2.23;191;113.67;-118.48504947;33.44567764;0;0;1;N;1.988845;70;70;11;82;82;104.9271;0;9999.99;10.22;10.34358;2;9;22.9;0;22.8999996185303;33.85;1527.8972;07/13/16;17:06:39;22.00;51.43;33.85;0.015;8.38;-80.6;1.6;-5.9;-1374;113.2;8.13;12.3;
33.4457553672015;-118.485251593231;17:09:39.80;7/13/2016;8;2.436;110.16;12.0453350093692;1.21;104.2;115.56;-0.77;1.63;25.4;.00;10.79;10.79;90;65;545.8;16;-4;D;561;24;20.649;2;2.19;191;114.74;-118.48504947;33.44567764;0;0;1;N;1.506299;49;49;11;99;99;108.2248;0;9999.99;10.78;10.907;2;9;22.9;0;22.8999996185303;33.85;1527.8972;07/13/16;17:06:41;22.00;51.44;33.85;0.072;8.37;-80.1;1.6;-4.3;-1471;113.2;8.13;12.3;
33.4457513442959;-118.485239851019;17:09:40.80;7/13/2016;8;2.533;114.29;12.0453350093692;1.21;103;114.45;3.42;16.4;25.5;.00;11.10;11.10;90;60;545.7;16;-3.7;D;607.3;24;19.473;2;2.13;191;114.89;-118.48504947;33.44567764;0;0;1;N;1.374712;78;78;11;106;106;109.1378;0;9999.99;11.11;11.237;2;9;22.9;0;22.8999996185303;33.85;1527.8972;07/13/16;17:06:42;22.01;51.44;33.85;-0.110;8.37;-80.2;1.2;-0.3;-1250;113.3;8.13;12.4;
33.4457475807494;-118.485226893367;17:09:41.80;7/13/2016;8;2.152;108.8;12.0453350093692;1.21;102.9;114.36;-1.79;8.3;25.4;.00;10.23;10.23;90;60;545.7;16;-3.7;D;607.3;24;18.206;2;2.16;191;115.29;-118.48504947;33.44567764;0;0;1;N;1.1556;46;46;11;112;112;110.6686;0;9999.99;10.24;10.37031;2;9;22.9;0;22.8999996185303;33.85;1527.8972;07/13/16;17:06:42;22.01;51.44;33.85;-0.110;8.37;-80.2;1.2;-0.3;-1250;113.3;8.13;12.4;
33.4457432884948;-118.485216608876;17:09:42.80;7/13/2016;8;2.409;112.19;12.0453350093692;1.21;110.4;121.3;1.07;15.3;25.5;.00;10.84;10.84;90;60;545.7;16;-3.7;D;607.3;24;17.140;2;2.23;191;115.21;-118.48504947;33.44567764;0;0;1;N;1.099462;63;63;11;86;86;111.063;0;9999.99;10.82;10.947;2;9;22.9;0;22.8999996185303;33.84;1527.88623;07/13/16;17:06:44;22.02;51.43;33.84;-0.018;8.38;-80.5;1.3;-4.9;-3553;113.1;8.12;12.4;
33.4457374295494;-118.485203668565;17:09:43.80;7/13/2016;7;1.917;112.19;12.0453350093692;1.54;108.2;119.26;-0.68;15.2;25.4;.00;9.37;9.37;90;60;545.7;16;-3.7;D;607.3;24;15.776;2;2.28;190;114.92;-118.48504947;33.44567764;0;0;1;N;1.091983;58;58;11;92;92;111.1155;0;9999.99;9.39;9.514955;2;9;22.9;0;22.8999996185303;33.84;1527.88623;07/13/16;17:06:44;22.02;51.43;33.84;-0.018;8.38;-80.5;1.3;-4.9;-3553;113.1;8.12;12.4;
33.4457331235727;-118.485194834602;17:09:44.80;7/13/2016;8;1.943;110.1;12.0453350093692;1.21;114.3;124.93;1.25;4.38;25.4;.00;10.04;10.04;90;64;545.7;16;-4;D;567.3;24;14.832;2;2.08;190;114.58;-118.48504947;33.44567764;0;0;1;N;1.104207;60;60;11;79;79;111.0296;0;9999.99;10.03;10.157;2;9;22.9;0;22.8999996185303;33.84;1527.88626;07/13/16;17:06:46;22.02;51.43;33.84;-0.140;8.38;-80.4;0.5;0.6;-181;113.2;8.13;12.3;
33.445730634108;-118.485187181279;17:09:45.80;7/13/2016;8;2.048;126.17;12.0453350093692;1.21;106.8;117.97;-1.13;11.1;25.4;.00;9.99;10.00;90;64;545.7;16;-4;D;567.3;24;14.071;2;2.1;190;114.76;-118.48504947;33.44567764;0;0;1;N;1.016154;50;50;11;102;102;111.6495;0;9999.99;10.01;10.13717;2;9;22.9;0;22.8999996185303;33.84;1527.88626;07/13/16;17:06:46;22.02;51.43;33.84;-0.140;8.38;-80.4;0.5;0.6;-181;113.2;8.13;12.3;
33.4457232924091;-118.485177488903;17:09:46.80;7/13/2016;8;2.237;125.57;12.0453350093692;1.21;111.5;122.33;1.3;8.3;25.4;.00;9.61;9.61;90;64;545.7;16;-4;D;567.3;24;12.917;2;2.17;190;113.14;-118.48504947;33.44567764;0;0;1;N;1.283991;65;65;11;77;77;109.7702;0;9999.99;9.59;9.717;2;9;22.9;0;22.8999996185303;33.84;1527.88659;07/13/16;17:06:48;22.03;51.43;33.84;-0.065;8.38;-80.3;0.9;-0.8;-2806;113.2;8.13;12.3;
33.4457191584005;-118.485167319815;17:09:47.80;7/13/2016;8;1.957;124.62;12.0453350093692;1.21;104.8;116.12;-1.9;9.9;25.5;.00;9.01;9.01;90;61;545.6;16;-3.7;D;598.1;24;11.869;2;2.15;190;112.89;-118.48504947;33.44567764;0;0;1;N;1.251361;51;51;11;101;101;109.9981;0;9999.99;9.03;9.154078;2;9;22.9;0;22.8999996185303;33.84;1527.88659;07/13/16;17:06:48;22.03;51.43;33.84;-0.065;8.38;-80.3;0.9;-0.8;-2806;113.2;8.13;12.3;
33.4457153178925;-118.4851588603;17:09:48.80;7/13/2016;8;2.239;120.89;12.0453350093692;1.21;112.8;123.53;3.09;15.8;25.4;.00;8.85;8.85;90;61;545.6;16;-3.7;D;598.1;24;10.980;2;2.09;190;112.43;-118.48504947;33.44567764;0;0;1;N;1.228036;76;76;11;74;74;110.1612;0;9999.99;8.83;8.957;2;9;22.9;0;22.8999996185303;33.85;1527.8974;07/13/16;17:06:50;22.03;51.43;33.85;-0.123;8.37;-79.9;0.9;-3.3;-4021;113.2;8.13;12.5;
33.4457106941137;-118.485147990486;17:09:49.80;7/13/2016;8;2.271;120.95;12.0453350093692;1.21;109.1;120.1;-1.68;15.2;25.4;.01;7.48;7.49;90;61;545.6;16;-3.7;D;598.1;24;9.852;2;2.24;190;111.9;-118.48504947;33.44567764;0;0;1;N;1.195927;47;47;11;88;88;110.3857;0;9999.99;7.51;7.641972;2;9;22.9;0;22.8999996185303;33.85;1527.8974;07/13/16;17:06:50;22.03;51.43;33.85;-0.123;8.37;-79.9;0.9;-3.3;-4021;113.2;8.13;12.5;
33.4457066683937;-118.485138864879;17:09:50.80;7/13/2016;8;2.009;117.76;12.0453350093692;1.21;111.9;122.7;0.48;4.91;25.4;.00;7.87;7.87;90;61;545.6;16;-3.7;D;598.1;24;8.900;2;2.16;190;111.26;-118.48504947;33.44567764;0;0;1;N;1.171877;60;60;11;78;78;110.5547;0;9999.99;7.85;7.973501;2;9;22.9;0;22.8999996185303;33.86;1527.90851;07/13/16;17:06:51;22.03;51.45;33.86;-0.046;8.38;-80.4;1.4;-4.1;-428;113.3;8.13;12.4;
33.4457005444301;-118.485128535732;17:09:51.80;7/13/2016;8;1.958;123.15;12.0453350093692;1.21;108.6;119.64;-0.53;9.9;25.4;.00;7.63;7.63;90;58;545.6;16;-3.6;D;628.7;24;7.765;2;2.16;190;109.15;-118.48504947;33.44567764;0;0;1;N;1.303154;57;57;11;79;79;109.6363;0;42.16;7.65;49.93182;2;9;22.9;0;22.8999996185303;33.85;1527.89739;07/13/16;17:06:53;22.04;51.43;33.85;-0.153;8.38;-80.3;1.2;-3.5;-751;113.3;8.13;12.4;
33.4456958374057;-118.485120520586;17:09:52.80;7/13/2016;8;2.096;121.07;12.0453350093692;1.21;107.2;118.34;-2.61;9.2;25.4;.00;7.54;7.55;90;58;545.6;16;-3.6;D;628.7;24;6.895;2;2.09;190;107.06;-118.48504947;33.44567764;0;0;1;N;1.414089;43;43;11;91;91;108.8647;0;9999.99;7.53;7.657;2;9;22.9;0;22.8999996185303;33.85;1527.89739;07/13/16;17:06:53;22.04;51.43;33.85;-0.153;8.38;-80.3;1.2;-3.5;-751;113.3;8.13;12.4;
33.4456895505455;-118.48510918918;17:09:53.80;7/13/2016;8;2.312;121.05;12.0453350093692;1.21;112.4;123.16;3.94;15.7;25.4;.00;7.80;7.81;90;58;545.6;16;-3.6;D;628.7;24;5.698;2;2.16;190;103.44;-118.48504947;33.44567764;0;0;1;N;1.506978;81;81;11;67;67;108.2198;0;9999.99;7.79;7.919811;2;9;22.9;0;22.8999996185303;33.84;1527.88663;07/13/16;17:06:55;22.04;51.42;33.84;-0.159;8.38;-80.4;0.4;-1.1;1154;113.3;8.13;12.4;
33.4456855351953;-118.485097006909;17:09:54.80;7/13/2016;8;2.126;121.46;12.0453350093692;1.21;106.8;117.97;-1.46;8.2;25.4;.01;6.82;6.83;90;64;545.5;16;-4;D;567.2;24;4.497;2;2.17;190;101.26;-118.48504947;33.44567764;0;0;1;N;1.364862;48;48;11;92;92;109.2058;0;28.77;6.84;35.73298;2;9;22.9;0;22.8999996185303;33.84;1527.88663;07/13/16;17:06:55;22.04;51.42;33.84;-0.159;8.38;-80.4;0.4;-1.1;1154;113.3;8.13;12.4;
33.4456801832712;-118.485086466423;17:09:55.80;7/13/2016;8;2.159;122.83;12.0453350093692;1.21;108.2;119.26;-0.08;12.3;25.4;.00;7.87;7.87;90;64;545.5;16;-4;D;567.2;24;3.445;2;2.14;190;94.71;-118.48504947;33.44567764;0;0;1;N;1.408546;57;57;11;84;84;108.903;0;33.59;7.86;41.577;2;9;22.9;0;22.8999996185303;33.85;1527.89752;07/13/16;17:06:56;22.04;51.44;33.85;-0.067;8.37;-80.1;1.1;-2.1;-1329;113.3;8.13;12.4;
33.4456763839609;-118.485076566781;17:09:56.81;7/13/2016;8;2.191;120.56;12.0453350093692;1.21;109.1;120.1;2.44;14.7;25.4;.00;7.52;7.52;90;64;545.5;16;-4;D;567.2;24;2.517;2;2.17;190;86.82;-118.48504947;33.44567764;0;0;1;N;1.33602;72;72;11;82;82;109.4035;0;34.41;7.52;42.05779;2;9;22.9;0;22.8999996185303;33.87;1527.91944;07/13/16;17:06:58;22.06;51.47;33.87;-0.169;8.37;-80.2;0.7;-1.9;-894;113.3;8.13;12.2;
33.4456729335547;-118.485064856585;17:09:57.81;7/13/2016;8;2.125;114.81;12.0453350093692;1.21;109;120.01;-0.93;4.77;25.4;.00;6.52;6.52;90;64;545.5;16;-4;D;567.2;25;58.246;2;2.16;189;309.06;-118.48555231;33.44600301;0;0;1;N;1.307708;51;51;11;5;5;317.0759;0;9999.99;6.53;6.655887;2;9;22.9;0;22.8999996185303;33.87;1527.91944;07/13/16;17:06:58;22.06;51.47;33.87;-0.169;8.37;-80.2;0.7;-1.9;-894;113.3;8.13;12.2;
33.4456695320425;-118.485053703951;17:09:58.81;7/13/2016;8;2.089;117.19;12.0453350093692;1.21;99.1;110.84;0.16;11.7;25.5;.00;7.28;7.28;90;64;545.4;16;-3.9;D;568.4;25;59.289;2;2.07;189;308.71;-118.48555231;33.44600301;0;0;1;N;1.000499;58;58;11;5;5;314.7655;0;9999.99;7.28;7.407;2;9;22.9;0;22.8999996185303;33.87;1527.9192;07/13/16;17:07:00;22.12;51.47;33.87;-0.080;8.37;-80.2;1.2;-4.4;-753;113.5;8.13;12.3;
33.4456643976426;-118.485041122851;17:09:59.83;7/13/2016;8;2.454;116.31;12.0453350093692;1.21;103.8;115.19;1.67;8.6;25.4;.00;5.46;5.47;90;64;545.4;16;-3.9;D;568.4;25;60.558;2;2.14;189;308.44;-118.48555231;33.44600301;0;0;1;N;0.7181011;67;67;11;5;5;311.7541;0;9999.99;5.47;5.596491;2;9;22.9;0;22.8999996185303;33.87;1527.9192;07/13/16;17:07:00;22.12;51.47;33.87;-0.080;8.37;-80.2;1.2;-4.4;-753;113.5;8.13;12.3;
33.4456600559039;-118.485029158409;17:10:00.84;7/13/2016;8;2.098;119.39;12.0453350093692;1.21;85.8;98.53;-0.73;11.4;25.5;.01;5.32;5.33;90;64;545.4;16;-3.9;D;568.4;25;61.728;2;2.2;189;308.16;-118.48555231;33.44600301;0;0;1;N;0.4601027;53;53;11;5;5;309.9376;0;9999.99;5.34;5.467;2;9;22.9;0;22.8999996185303;33.85;1527.89795;07/13/16;17:07:02;22.14;51.44;33.85;-0.050;8.38;-80.5;0.2;-4.0;-573;113.6;8.14;12.3;
33.4456576891857;-118.485018978501;17:10:01.84;7/13/2016;8;2.017;114.15;12.0453350093692;1.21;82.1;95.09;1.04;8;25.5;.01;5.10;5.11;90;64;545.4;16;-4;D;567;25;62.634;2;2.09;189;307.81;-118.48555231;33.44600301;0;0;1;N;9.314194E-02;56;56;11;5;5;308.1808;0;7.40;5.07;12.60003;2;9;22.9;0;22.8999996185303;33.85;1527.89795;07/13/16;17:07:02;22.14;51.44;33.85;-0.050;8.38;-80.5;0.2;-4.0;-573;113.6;8.14;12.3;
33.4456555994137;-118.485007866928;17:10:02.84;7/13/2016;8;2.219;114.15;12.0453350093692;1.21;75.6;89.01;1.5;10.3;25.5;.01;4.80;4.81;90;64;545.4;16;-4;D;567;25;63.593;2;2.07;189;307.41;-118.48555231;33.44600301;0;0;1;N;0.3591837;66;66;11;5;5;306.4464;0;9999.99;4.83;4.957;2;9;22.9;0;22.8999996185303;33.73;1527.76672;07/13/16;17:07:04;22.16;51.27;33.73;-0.194;8.38;-80.5;0.3;-1.5;19903;113.7;8.15;12.2;
33.4456565747424;-118.48499922832;17:10:03.84;7/13/2016;8;1.874;107.41;12.0453350093692;1.21;60.2;74.44;-7.34;11.9;25.5;.03;4.53;4.56;90;66;545.4;16;-4.1;D;547.1;25;64.166;2;1.89;189;306.89;-118.48555231;33.44600301;0;0;1;N;0.9222432;43;43;11;5;5;304.5345;0;35.76;4.52;40.407;2;9;22.9;0;22.8999996185303;33.73;1527.76672;07/13/16;17:07:04;22.16;51.27;33.73;-0.194;8.38;-80.5;0.3;-1.5;19903;113.7;8.15;12.2;
33.4456585831747;-118.484989859718;17:10:04.86;7/13/2016;8;1.972;88.93;12.0453350093692;1.21;56.8;71.18;-3.84;0.91;25.5;.06;4.55;4.62;90;66;545.4;16;-4.1;D;547.1;25;64.731;2;1.86;189;306.27;-118.48555231;33.44600301;0;0;1;N;1.617473;43;43;11;5;5;302.3679;0;5.44;4.48;10.047;2;9;22.9;0;22.8999996185303;33.86;1527.91351;07/13/16;17:07:06;22.20;51.46;33.86;0.622;8.39;-80.9;1.0;-6.4;-3245;113.8;8.15;12.5;
33.4456578708845;-118.484980649446;17:10:05.86;7/13/2016;7;2.122;88.93;12.0453350093692;1.54;47.9;62.56;2.26;7.22;25.5;.09;3.84;3.93;90;66;545.4;16;-4.1;D;547.1;25;65.468;2;1.71;189;305.89;-118.48555231;33.44600301;0;0;1;N;2.083935;72;72;11;5;5;301.2369;0;4.49;3.83;8.447;2;9;22.9;0;22.8999996185303;33.86;1527.91351;07/13/16;17:07:06;22.20;51.46;33.86;0.622;8.39;-80.9;1.0;-6.4;-3245;113.8;8.15;12.5;
33.4456559853923;-118.484975121949;17:10:06.88;7/13/2016;8;1.504;88.93;12.0453350093692;1.21;34.3;49.17;2.4;10.1;25.5;.04;3.57;3.61;90;66;545.4;16;-4.1;D;547.1;25;66.007;2;1.73;190;305.77;-118.48555231;33.44600301;0;0;1;N;2.232845;71;71;11;5;5;301.08;0;3.70;3.59;7.417;2;9;22.9;0;22.8999996185303;33.86;1527.91233;07/13/16;17:07:08;22.24;51.46;33.86;0.058;8.39;-81.3;1.0;3.3;-3471;113.9;8.15;12.2;
33.4456613335714;-118.484965780113;17:10:07.89;7/13/2016;8;1.66;88.93;12.0453350093692;1.21;25.7;40.58;0.03;15.6;25.5;.01;3.29;3.30;90;66;545.3;16;-4.1;D;546.8;25;66.370;2;1.74;190;304.92;-118.48555231;33.44600301;0;0;1;N;3.214133;57;57;11;5;5;298.4189;0;9999.99;3.32;3.448595;2;9;22.9;0;22.8999996185303;33.86;1527.91233;07/13/16;17:07:08;22.24;51.46;33.86;0.058;8.39;-81.3;1.0;3.3;-3471;113.9;8.15;12.2;
33.4456678320844;-118.484960358195;17:10:08.91;7/13/2016;7;1.685;88.93;12.0453350093692;1.52;16;30.79;0.73;7.68;25.5;.00;3.23;3.24;90;66;545.3;16;-4.1;D;546.8;25;66.375;2;1.79;190;304.16;-118.48555231;33.44600301;0;0;1;N;4.090433;58;58;11;5;5;295.9097;0;9999.99;3.22;3.349325;2;9;22.9;0;22.8999996185303;33.81;1527.85354;07/13/16;17:07:10;22.26;51.39;33.81;0.113;8.39;-81.4;4.9;-6.1;-3258;114.3;8.17;12.4;
33.4456768073821;-118.484954727137;17:10:09.91;7/13/2016;7;2.054;88.93;12.0453350093692;1.52;8;22.66;4.1;14.2;25.5;.00;3.18;3.18;90;66;545.3;16;-4.1;D;546.8;25;66.256;2;1.81;190;303.19;-118.48555231;33.44600301;0;0;1;N;5.214868;78;78;11;5;5;292.5711;0;3.21;3.19;6.527;2;9;22.9;0;22.8999996185303;33.81;1527.85354;07/13/16;17:07:10;22.26;51.39;33.81;0.113;8.39;-81.4;4.9;-6.1;-3258;114.3;8.17;12.4;
33.4456885314941;-118.48495247177;17:10:10.91;7/13/2016;7;2.063;58.06;12.0453350093692;1.52;350.1;4.36;2.03;15.1;25.6;.00;2.93;2.93;90;68;545.3;16;-4.2;D;535.7;25;65.728;2;1.83;190;302.14;-118.48555231;33.44600301;0;0;1;N;6.382586;69;69;11;5;5;288.5331;0;9999.99;2.96;3.0883;2;9;22.9;0;22.8999996185303;33.85;1527.89725;07/13/16;17:07:12;22.24;51.44;33.85;-0.181;8.39;-81.4;0.7;-7.1;-3366;114.7;8.20;12.3;
33.4456945876442;-118.484953125711;17:10:11.91;7/13/2016;7;1.687;58.06;12.0453350093692;1.52;334.2;348.1;2.23;11.1;25.5;.00;1.76;1.76;90;68;545.3;16;-4.2;D;535.7;25;65.321;2;1.63;191;301.67;-118.48555231;33.44600301;0;0;1;N;6.900285;74;74;11;5;5;286.4069;0;9999.99;1.79;1.916198;2;9;22.9;0;22.8999996185303;33.85;1527.89725;07/13/16;17:07:12;22.24;51.44;33.85;-0.181;8.39;-81.4;0.7;-7.1;-3366;114.7;8.20;12.3;
33.4457037994711;-118.484954423966;17:10:12.92;7/13/2016;7;1.694;58.06;12.0453350093692;1.52;331.1;344.94;0.99;-14.6;25.5;.00;1.76;1.76;90;68;545.3;16;-4.2;D;535.7;25;64.686;2;2;191;300.95;-118.48555231;33.44600301;0;0;1;N;7.627044;73;73;11;5;5;283.0641;0;9999.99;999.99;999.99;0;0;22.9;0;22.8999996185303;33.51;1527.52427;07/13/16;17:07:14;22.25;50.98;33.51;-0.261;8.39;-81.4;7.7;-0.9;-4400;114.9;8.24;12.6;
33.4457085431117;-118.484953339163;17:10:13.92;7/13/2016;7;0.61;58.06;12.0453350093692;1.52;351.6;5.9;-9;5.92;25.5;.00;1.76;1.76;90;68;545.3;16;-4.2;D;535.7;25;64.503;2;2;191;300.51;-118.48555231;33.44600301;0;0;1;N;8.086083;43;43;11;5;5;281.1528;0;9999.99;999.99;999.99;0;0;23;0;22.8999996185303;33.51;1527.52427;07/13/16;17:07:14;22.25;50.98;33.51;-0.261;8.39;-81.4;7.7;-0.9;-4400;114.9;8.24;12.6;
33.4457123991123;-118.484954992294;17:10:14.92;7/13/2016;7;0.456;58.06;12.0453350093692;1.52;345.7;359.86;1.28;-14.7;25.4;.00;1.76;1.76;90;58;545.2;16;-3.6;D;622.4;25;64.154;2;2;191;300.25;-118.48555231;33.44600301;0;0;1;N;8.324384;65;65;11;5;5;279.6461;0;34.12;999.99;34.247;0;0;23;0;23;33.85;1528.15232;07/13/16;17:07:16;22.25;51.44;33.85;-0.168;8.40;-81.6;0.6;-6.9;-3084;115.3;8.24;12.4;
33.4457129357904;-118.484958136109;17:10:15.92;7/13/2016;7;0.357;58.06;12.0453350093692;1.52;327.2;340.96;-0.72;-44.1;25.5;.00;.31;.31;90;58;545.2;16;-3.6;D;622.4;25;63.872;2;2;191;300.33;-118.48555231;33.44600301;0;0;1;N;8.223789;54;54;11;5;5;279.3622;0;9999.99;.32;0.4469115;0;0;23;0;23;33.85;1528.15232;07/13/16;17:07:16;22.25;51.44;33.85;-0.168;8.40;-81.6;0.6;-6.9;-3084;115.3;8.24;12.4;
33.4457132377238;-118.484952068389;17:10:16.92;7/13/2016;7;1.021;58.06;12.0453350093692;1.52;316.2;329.78;-4.04;-5.2;25.4;.00;.31;.31;90;58;545.2;16;-3.6;D;622.4;25;64.341;2;2;174;300.05;-118.48555231;33.44600301;0;0;1;N;8.623455;43;43;11;5;5;279.2304;0;9999.99;999.99;999.99;0;0;23;0;23;33.85;1528.1525;07/13/16;17:07:17;22.26;51.45;33.85;-0.185;8.39;-81.2;1.7;-4.6;183;115.4;8.25;12.4;
33.4457133283902;-118.484950257035;17:10:17.92;7/13/2016;7;0.634;58.06;12.0453350093692;2.03;319.4;333.03;-1.98;-11.4;25.4;.01;.31;.32;90;42;545.2;16.1;-2.6;D;859.7;25;64.482;2;2;174;299.97;-118.48555231;33.44600301;0;0;1;N;8.728897;45;45;11;5;5;279.2245;0;9999.99;999.99;999.99;0;0;23;0;23;33.85;1528.15346;07/13/16;17:07:19;22.27;51.45;33.85;0.157;8.41;-82.1;1.2;-0.6;-1163;115.7;8.27;12.4;
33.4457158878042;-118.484948895318;17:10:18.92;7/13/2016;6;0.847;58.06;12.0453350093692;2.03;318.7;332.32;1.06;-9;25.4;.01;.31;.32;90;42;545.2;16.1;-2.6;D;859.7;25;64.450;2;2;174;299.69;-118.48555231;33.44600301;0;0;1;N;9.025593;63;63;11;5;5;278.2739;0;9999.99;999.99;999.99;0;0;23;0;23;33.85;1528.15316;07/13/16;17:07:20;22.28;51.45;33.85;-0.076;8.41;-82.2;1.5;-8.5;-508;115.9;8.28;12.4;
33.4457209945386;-118.484949722356;17:10:19.92;7/13/2016;7;1.35;58.06;12.0453350093692;1.52;310.4;323.9;1.36;-9.2;25.4;.00;26.29;26.29;90;42;545.2;16.1;-2.6;D;859.7;25;64.103;2;1.74;174;299.29;-118.48555231;33.44600301;0;0;1;N;9.41253;65;65;11;5;5;276.1358;0;9999.99;26.31;26.437;2;9;23;0;23;33.85;1528.15316;07/13/16;17:07:20;22.28;51.45;33.85;-0.076;8.41;-82.2;1.5;-8.5;-508;115.9;8.28;12.4;
33.4457255320776;-118.48495515495;17:10:20.92;7/13/2016;7;1.187;58.06;12.0453350093692;1.52;306.4;319.85;1.68;-1.66;25.4;.00;42.36;42.36;90;42;545.2;16.1;-2.6;D;859.7;25;63.417;2;1.43;174;299.11;-118.48555231;33.44600301;0;0;1;N;9.51802;67;67;11;5;5;273.8033;0;40.77;42.37;83.267;0;0;23;0;23;33.88;1528.18546;07/13/16;17:07:22;22.33;51.49;33.88;-0.109;8.42;-83.2;1.4;2.3;-1464;116.3;8.31;12.4;
33.4457324621683;-118.484956005127;17:10:21.92;7/13/2016;7;1.231;58.06;12.0453350093692;1.52;305;318.44;0.72;1.8;25.4;.00;26.69;26.69;90;43;545.1;16.1;-2.7;D;833.1;25;62.977;2;2;175;298.54;-118.48555231;33.44600301;0;0;1;N;10.03527;61;61;11;5;5;270.6857;0;25.51;26.71;52.347;0;0;23;0;23;33.88;1528.18546;07/13/16;17:07:22;22.33;51.49;33.88;-0.109;8.42;-83.2;1.4;2.3;-1464;116.3;8.31;12.4;
33.4457367191508;-118.484966958455;17:10:22.92;7/13/2016;7;1.484;16.59;12.0453350093692;1.52;295.4;308.73;1.47;5.17;25.4;.00;41.18;41.18;90;43;545.1;16.1;-2.7;D;833.1;25;61.858;2;2;175;298.6;-118.48555231;33.44600301;0;0;1;N;9.88031;66;66;11;5;5;267.4091;0;39.88;41.18;81.187;0;0;23;0;23;33.87;1528.17422;07/13/16;17:07:23;22.36;51.47;33.87;-0.205;8.43;-83.3;1.7;0.5;-802;116.6;8.32;12.4;
33.4457411188151;-118.484974551591;17:10:23.92;7/13/2016;7;1.317;341.3;12.0453350093692;1.52;287.6;300.84;1.07;5.77;25.4;.00;25.14;25.14;90;43;545.1;16.1;-2.7;D;833.1;25;61.005;2;2;175;298.51;-118.48555231;33.44600301;0;0;1;N;9.846285;63;63;11;5;5;263.8043;0;23.94;25.15;49.217;0;0;23;0;23;33.79;1528.08682;07/13/16;17:07:25;22.36;51.37;33.79;-0.101;8.42;-83.0;1.2;-5.5;-1948;117.2;8.37;12.4;
33.4457440669255;-118.48497927498;17:10:24.92;7/13/2016;7;1.457;325.71;12.0453350093692;1.52;279.8;292.94;1.04;8.3;25.4;.00;31.52;31.52;90;44;545.1;16.1;-2.7;D;812.4;25;60.464;2;1.23;177;298.44;-118.48555231;33.44600301;0;0;1;N;9.849638;63;63;11;5;5;260.7545;0;30.89;31.53;62.547;2;9;23;0;23;33.79;1528.08682;07/13/16;17:07:25;22.36;51.37;33.79;-0.101;8.42;-83.0;1.2;-5.5;-1948;117.2;8.37;12.4;
33.4457493416798;-118.48498752415;17:10:25.94;7/13/2016;7;1.612;312.7;12.0453350093692;1.52;269.9;282.88;1.23;3.92;25.4;.00;1.31;1.31;90;44;545.1;16.1;-2.7;D;812.4;25;59.511;2;1.31;179;298.29;-118.48555231;33.44600301;0;0;1;N;9.857904;64;64;11;23;23;256.8442;0;47.37;1.32;48.817;2;9;23;0;23;33.8;1528.09758;07/13/16;17:07:27;22.32;51.38;33.80;-0.123;8.42;-82.9;1.0;-1.3;-2442;117.8;8.42;12.4;
33.4457524242463;-118.484994388609;17:10:26.94;7/13/2016;7;1.542;308.27;12.0453350093692;1.52;264.4;277.27;1.33;11.9;25.5;.00;1.38;1.38;90;49;545.0;16;-3;D;738.1;25;58.788;2;1.47;180;298.29;-118.48555231;33.44600301;0;0;1;N;9.753372;65;65;11;47;47;257.154;0;32.20;1.39;33.717;2;9;23;0;23;33.8;1528.09758;07/13/16;17:07:27;22.32;51.38;33.80;-0.123;8.42;-82.9;1.0;-1.3;-2442;117.8;8.42;12.4;
33.4457540013646;-118.485001044116;17:10:27.95;7/13/2016;7;1.364;308.27;12.0453350093692;1.52;256;268.65;1.01;8.6;25.5;.00;1.47;1.48;90;49;545.0;16;-3;D;738.1;25;58.162;2;1.42;180;298.43;-118.48555231;33.44600301;0;0;1;N;9.514178;63;63;11;84;84;257.8555;0;44.00;1.48;45.607;2;9;23;0;23;33.81;1528.10862;07/13/16;17:07:29;22.25;51.39;33.81;-0.091;8.39;-81.4;1.1;-0.2;-2869;118.4;8.47;12.4;
33.4457548291432;-118.485009316085;17:10:28.97;7/13/2016;7;1.483;288.71;12.0453350093692;1.52;255.7;268.34;0.48;7.58;25.4;.00;1.62;1.63;90;49;545.0;16;-3;D;738.1;25;57.443;2;1.46;181;298.71;-118.48555231;33.44600301;0;0;1;N;9.116715;60;60;11;90;90;259.0637;0;17.76;1.63;19.517;2;9;23;0;23;33.81;1528.10862;07/13/16;17:07:29;22.25;51.39;33.81;-0.091;8.39;-81.4;1.1;-0.2;-2869;118.4;8.47;12.4;
33.4457533633364;-118.485018791429;17:10:29.97;7/13/2016;7;1.978;272.06;12.0453350093692;1.52;254.3;266.9;-0.86;7.3;25.5;.00;1.89;1.89;90;49;545.0;16;-3;D;738.1;25;56.753;2;1.43;182;299.28;-118.48555231;33.44600301;0;0;1;N;8.453411;53;53;11;101;101;261.2156;0;38.06;1.89;40.077;2;9;23;0;23;33.83;1528.13064;07/13/16;17:07:30;22.23;51.41;33.83;-0.027;8.39;-81.0;1.3;-1.7;24;118.5;8.48;12.4;
33.445752564298;-118.485027599285;17:10:30.97;7/13/2016;7;1.484;269.9;12.0453350093692;1.52;255.2;267.83;0.08;6.82;25.5;.01;2.01;2.01;90;46;545.0;16.1;-2.9;D;776.7;25;56.086;2;1.53;183;299.77;-118.48555231;33.44600301;0;0;1;N;7.893279;56;56;11;113;113;263.1778;0;47.46;2.00;49.587;2;9;23;0;23;33.84;1528.14138;07/13/16;17:07:31;22.22;51.43;33.84;-0.178;8.39;-81.1;0.8;-4.5;488;118.6;8.48;12.5;
33.4457509603704;-118.485037486217;17:10:31.98;7/13/2016;8;1.871;258.97;12.0453350093692;1.52;257.2;269.89;0.32;7.46;25.5;.01;3.11;3.12;90;46;545.0;16.1;-2.9;D;776.7;25;55.382;2;1.65;183;300.4;-118.48555231;33.44600301;0;0;1;N;7.183869;59;59;11;111;111;265.8683;0;9999.99;3.11;3.237;2;9;23;0;23;33.85;1528.15321;07/13/16;17:07:33;22.21;51.44;33.85;-0.032;8.38;-80.6;1.5;-3.8;-2912;118.5;8.48;12.4;
33.4457494485616;-118.485048629828;17:10:33.00;7/13/2016;8;2.114;260.64;12.0453350093692;1.21;259;271.74;1.23;7.13;25.5;.00;3.43;3.43;90;46;545.0;16.1;-2.9;D;776.7;25;54.579;2;1.84;183;301.1;-118.48555231;33.44600301;0;0;1;N;6.434716;63;63;11;121;121;268.9819;0;9999.99;3.43;3.557;2;9;23;0;23;33.85;1528.15321;07/13/16;17:07:33;22.21;51.44;33.85;-0.032;8.38;-80.6;1.5;-3.8;-2912;118.5;8.48;12.4;
33.4457507695645;-118.485062676046;17:10:34.00;7/13/2016;8;2.515;268.14;12.0453350093692;1.21;262.3;275.12;-1.7;8;25.5;.00;3.75;3.75;90;51;544.9;16;-3.2;D;703.8;25;53.390;2;1.74;184;301.69;-118.48555231;33.44600301;0;0;1;N;5.741531;44;44;11;131;131;272.126;0;9999.99;3.76;3.887;2;9;23;0;23;33.84;1528.14165;07/13/16;17:07:35;22.22;51.43;33.84;0.072;8.39;-80.9;1.3;-1.8;-3743;118.3;8.47;12.4;
33.4457489801249;-118.485073380782;17:10:35.00;7/13/2016;8;1.776;268.14;12.0453350093692;1.21;264.3;277.17;-0.08;4.57;25.4;.01;35.35;35.36;90;51;544.9;16;-3.2;D;703.8;25;52.654;2;1.66;184;302.44;-118.48555231;33.44600301;0;0;1;N;4.954856;57;57;11;122;122;276.0206;0;9999.99;35.34;35.467;2;9;23;0;23;33.84;1528.14165;07/13/16;17:07:35;22.22;51.43;33.84;0.072;8.39;-80.9;1.3;-1.8;-3743;118.3;8.47;12.4;
33.4457491463644;-118.485086392851;17:10:36.02;7/13/2016;8;1.602;268.14;12.0453350093692;1.21;264.1;276.96;0.15;4.68;25.4;.00;35.35;35.36;90;51;544.9;16;-3.2;D;703.8;25;51.629;2;1.77;184;303.14;-118.48555231;33.44600301;0;0;1;N;4.232421;61;61;11;137;137;279.9119;0;45.35;35.34;80.817;2;9;23;0;23;33.85;1528.15341;07/13/16;17:07:36;22.21;51.44;33.85;0.116;8.38;-80.5;0.8;-7.9;-261;118.3;8.46;12.4;
33.445749610197;-118.485095970731;17:10:37.03;7/13/2016;8;1.535;267.91;12.0453350093692;1.21;270.2;283.19;1.05;10.7;25.5;.00;43.89;43.89;90;51;544.9;16;-3.2;D;703.8;25;50.859;2;1.78;184;303.64;-118.48555231;33.44600301;0;0;1;N;3.724196;63;63;11;121;121;282.83;0;40.21;43.89;84.227;2;9;23;0;23;33.81;1528.10855;07/13/16;17:07:38;22.20;51.39;33.81;-0.121;8.38;-80.7;1.2;-2.4;-2595;118.0;8.45;12.4;
33.4457517552363;-118.485102816563;17:10:38.05;7/13/2016;8;1.638;267.91;12.0453350093692;1.21;274.6;287.67;0.2;2.32;25.5;.00;35.03;35.03;90;54;544.9;16;-3.4;D;665.7;25;50.198;2;1.76;184;303.82;-118.48555231;33.44600301;0;0;1;N;3.51424;58;58;11;113;113;284.0773;0;45.92;35.04;81.08277;2;9;23;0;23;33.81;1528.10855;07/13/16;17:07:38;22.20;51.39;33.81;-0.121;8.38;-80.7;1.2;-2.4;-2595;118.0;8.45;12.4;
33.4457527447095;-118.485107631571;17:10:39.05;7/13/2016;8;1.602;280.87;12.0453350093692;1.21;278.1;291.22;1.53;5.78;25.4;.00;7.03;7.03;90;54;544.9;16;-3.4;D;665.7;25;49.766;2;1.7;185;304;-118.48555231;33.44600301;0;0;1;N;3.316803;66;66;11;103;103;285.2743;0;9999.99;7.03;7.157;2;9;23;0;23;33.81;1528.10893;07/13/16;17:07:40;22.17;51.39;33.81;-0.198;8.37;-80.1;1.2;-1.9;69;117.7;8.43;12.3;
33.4457568419291;-118.485115983613;17:10:40.05;7/13/2016;8;1.756;284.16;12.0453350093692;1.21;278.9;292.03;-0.5;6.38;25.5;.01;7.60;7.61;90;54;544.9;16;-3.4;D;665.7;25;48.869;2;1.78;185;304.06;-118.48555231;33.44600301;0;0;1;N;3.204834;51;51;11;105;105;285.9623;0;31.29;7.61;39.027;2;9;23;0;23;33.81;1528.10893;07/13/16;17:07:40;22.17;51.39;33.81;-0.198;8.37;-80.1;1.2;-1.9;69;117.7;8.43;12.3;
33.4457592203739;-118.485126597688;17:10:41.05;7/13/2016;8;2.018;285.71;12.0453350093692;1.21;279.3;292.44;1.82;8;25.5;.01;7.58;7.59;90;53;544.8;16;-3.3;D;676.2;25;47.906;2;1.81;185;304.46;-118.48555231;33.44600301;0;0;1;N;2.811056;68;68;11;111;111;288.4326;0;33.07;7.58;40.777;2;9;23;0;23;33.79;1528.08739;07/13/16;17:07:41;22.14;51.36;33.79;0.035;8.38;-80.7;1.2;-7.6;-780;117.5;8.42;12.4;
33.4457633246965;-118.48513862548;17:10:42.05;7/13/2016;8;2.065;289.25;12.0453350093692;1.21;282.3;295.48;-0.57;15.5;25.5;.00;7.58;7.59;90;53;544.8;16;-3.3;D;676.2;25;46.729;2;1.83;185;304.78;-118.48555231;33.44600301;0;0;1;N;2.479801;54;54;11;107;107;290.571;0;41.87;7.58;49.577;2;9;23;0;23;33.85;1528.15279;07/13/16;17:07:42;22.12;51.44;33.85;-0.093;8.38;-80.4;1.4;-2.5;1080;117.4;8.41;12.4;
33.4457664340907;-118.485145623257;17:10:43.05;7/13/2016;8;1.741;290.24;12.0453350093692;1.21;280.5;293.65;-0.46;3.59;25.5;.00;7.58;7.59;90;53;544.8;16;-3.3;D;676.2;25;45.998;2;1.85;185;304.88;-118.48555231;33.44600301;0;0;1;N;2.357832;55;55;11;114;114;291.3714;0;34.93;7.58;42.63205;2;9;23;0;23;33.82;1528.11968;07/13/16;17:07:44;22.12;51.40;33.82;-0.011;8.38;-80.3;1.3;-1.1;-1279;117.0;8.39;12.3;
33.4457713174438;-118.485156575627;17:10:44.06;7/13/2016;8;1.847;289.86;12.0453350093692;1.21;284.2;297.4;0.36;3.09;25.5;.00;6.01;6.02;90;53;544.8;16;-3.3;D;676.2;25;44.854;2;1.84;185;305.06;-118.48555231;33.44600301;0;0;1;N;2.159328;59;59;11;108;108;292.6884;0;20.01;6.01;26.147;2;9;23;0;23;33.82;1528.11968;07/13/16;17:07:44;22.12;51.40;33.82;-0.011;8.38;-80.3;1.3;-1.1;-1279;117.0;8.39;12.3;
33.4457766888818;-118.485167249165;17:10:45.06;7/13/2016;8;1.94;292.9;12.0453350093692;1.2;287.7;300.94;0.6;6.52;25.4;.00;9.53;9.53;90;54;544.8;16;-3.4;D;663.3;25;43.700;2;1.83;185;305.16;-118.48555231;33.44600301;0;0;1;N;2.020643;61;61;11;98;98;293.6181;0;40.45;9.53;50.107;2;9;23;0;23;33.85;1528.15238;07/13/16;17:07:45;22.11;51.44;33.85;-0.017;8.38;-80.7;1.7;0.2;-1302;116.9;8.38;12.4;
33.4457825110169;-118.485178688557;17:10:46.08;7/13/2016;8;1.96;299.82;12.0453350093692;1.2;289.5;302.76;-0.03;13;25.5;.01;9.89;9.90;90;54;544.8;16;-3.4;D;663.3;25;42.460;2;1.94;185;305.27;-118.48555231;33.44600301;0;0;1;N;1.879396;57;57;11;94;94;294.5726;0;34.93;9.90;44.957;2;9;23;0;23;33.82;1528.11986;07/13/16;17:07:47;22.08;51.40;33.82;-0.003;8.38;-80.5;1.4;-4.6;-753;116.7;8.37;12.4;
33.4457874918442;-118.485187429045;17:10:47.11;7/13/2016;8;1.943;299.41;12.0453350093692;1.2;289.9;303.17;-0.21;13.5;25.5;.00;31.15;31.15;90;54;544.8;16;-3.4;D;663.3;25;41.478;2;1.95;185;305.29;-118.48555231;33.44600301;0;0;1;N;1.820594;56;56;11;94;94;294.9726;0;39.36;31.14;70.63307;2;9;23;0;23;33.82;1528.11986;07/13/16;17:07:47;22.08;51.40;33.82;-0.003;8.38;-80.5;1.4;-4.6;-753;116.7;8.37;12.4;
33.445792333037;-118.4851967863;17:10:48.13;7/13/2016;8;1.976;297.53;12.0453350093692;1.2;290.6;303.88;-0.1;-2.52;25.5;.01;31.15;31.16;90;54;544.7;16;-3.4;D;666.1;25;40.459;2;1.9;186;305.38;-118.48555231;33.44600301;0;0;1;N;1.710704;56;56;11;94;94;295.723;0;39.36;31.14;70.63307;2;9;23;0;23;33.83;1528.13095;07/13/16;17:07:49;22.05;51.41;33.83;-0.010;8.38;-80.6;1.9;-0.9;-1255;116.4;8.35;12.4;
33.4457971631457;-118.485205671245;17:10:49.14;7/13/2016;8;2.035;305.94;12.0453350093692;1.2;289.9;303.17;-0.32;11.9;25.5;.00;21.00;21.01;90;54;544.7;16;-3.4;D;666.1;25;39.475;2;1.88;186;305.44;-118.48555231;33.44600301;0;0;1;N;1.63494;58;58;11;100;100;296.2431;0;35.28;21.00;56.40996;2;9;23;0;23;33.83;1528.13087;07/13/16;17:07:50;22.04;51.42;33.83;-0.129;8.37;-80.2;2.0;-0.5;-3241;116.2;8.34;12.4;
33.4458022621158;-118.485215056839;17:10:50.14;7/13/2016;8;2.199;301.74;12.0453350093692;1.2;292.5;305.8;-0.69;5;25.5;.00;21.00;21.00;90;54;544.7;16;-3.4;D;666.1;25;38.437;2;1.93;186;305.5;-118.48555231;33.44600301;0;0;1;N;1.542241;54;54;11;91;91;296.8816;0;35.28;21.00;56.40996;2;9;23;0;23;33.83;1528.13087;07/13/16;17:07:50;22.04;51.42;33.83;-0.129;8.37;-80.2;2.0;-0.5;-3241;116.2;8.34;12.4;
33.4458076711072;-118.48522293519;17:10:51.14;7/13/2016;8;1.876;306.07;12.0453350093692;1.2;291.9;305.19;-0.15;5.33;25.5;.01;44.07;44.08;90;54;544.7;16;-3.4;D;666.1;25;37.493;2;1.93;186;305.4;-118.48555231;33.44600301;0;0;1;N;1.572397;52;52;11;95;95;296.6735;0;9999.99;44.07;44.197;2;9;23;0;23;33.83;1528.13092;07/13/16;17:07:52;22.04;51.42;33.83;0.011;8.37;-79.9;2.1;-3.2;-1877;115.9;8.32;12.3;
33.4458146707132;-118.485233758159;17:10:52.17;7/13/2016;8;2.37;309.02;12.0453350093692;1.2;294.4;307.72;-0.46;12.9;25.4;.00;37.94;37.95;90;59;544.7;16;-3.6;D;617.4;25;36.223;2;1.96;186;305.32;-118.48555231;33.44600301;0;0;1;N;1.56021;54;54;11;83;83;296.7576;0;9999.99;37.95;38.07278;2;9;23;0;23;33.83;1528.13092;07/13/16;17:07:52;22.04;51.42;33.83;0.011;8.37;-79.9;2.1;-3.2;-1877;115.9;8.32;12.3;
33.445818632407;-118.485241180589;17:10:53.17;7/13/2016;8;1.831;304.97;12.0453350093692;1.2;291.2;304.48;-0.54;6.5;25.4;.00;47.46;47.47;90;59;544.7;16;-3.6;D;617.4;25;35.407;2;1.96;186;305.38;-118.48555231;33.44600301;0;0;1;N;1.485839;54;54;11;84;84;297.2717;0;9999.99;47.46;47.587;2;9;23;0;23;33.84;1528.14137;07/13/16;17:07:54;22.03;51.42;33.84;0.057;8.38;-80.4;1.7;-1.6;-1346;115.7;8.30;12.5;
33.4458227760501;-118.485248976611;17:10:54.17;7/13/2016;8;1.739;307.38;12.0453350093692;1.2;288.2;301.45;0.06;18.5;25.5;.00;34.62;34.63;90;59;544.7;16;-3.6;D;617.4;25;34.551;2;1.91;186;305.45;-118.48555231;33.44600301;0;0;1;N;1.420229;57;57;11;112;112;297.7266;0;9999.99;34.62;34.75027;2;9;23;0;23;33.84;1528.14137;07/13/16;17:07:54;22.03;51.42;33.84;0.057;8.38;-80.4;1.7;-1.6;-1346;115.7;8.30;12.5;
33.4458277121505;-118.485258971141;17:10:55.17;7/13/2016;8;1.82;306.97;12.0453350093692;1.2;288.7;301.96;-0.34;14.2;25.4;.00;21.82;21.82;90;59;544.7;16;-3.6;D;617.4;25;33.477;2;1.99;186;305.61;-118.48555231;33.44600301;0;0;1;N;1.279885;58;58;11;106;106;298.7038;0;28.15;21.82;50.09435;2;9;22.9;0;23;33.84;1528.14158;07/13/16;17:07:56;22.02;51.42;33.84;-0.080;8.38;-80.3;1.1;-0.4;-232;115.4;8.29;12.3;
33.4458323216419;-118.485267238245;17:10:56.17;7/13/2016;8;1.839;305.55;12.0453350093692;1.2;289.7;302.97;0.42;3.21;25.5;.00;10.14;10.14;90;59;544.6;16;-3.6;D;616.2;25;32.555;2;1.95;186;305.66;-118.48555231;33.44600301;0;0;1;N;1.20936;60;60;11;95;95;299.197;0;16.34;10.14;26.607;2;9;22.9;0;23;33.84;1528.14158;07/13/16;17:07:56;22.02;51.42;33.84;-0.080;8.38;-80.3;1.1;-0.4;-232;115.4;8.29;12.3;
33.445836196918;-118.485276082197;17:10:57.19;7/13/2016;8;1.835;303.67;12.0453350093692;1.2;294.1;307.42;0.31;17.4;25.5;.00;42.58;42.58;90;59;544.6;16;-3.6;D;616.2;25;31.637;2;1.87;186;305.89;-118.48555231;33.44600301;0;0;1;N;1.043156;59;59;11;99;99;300.3642;0;27.02;42.58;69.72931;2;9;22.9;0;22.8999996185303;33.84;1527.88636;07/13/16;17:07:58;22.02;51.42;33.84;-0.166;8.38;-80.5;1.3;-4.6;-291;115.3;8.28;12.4;
33.4458402512603;-118.485284482023;17:10:58.20;7/13/2016;8;1.797;298.03;12.0453350093692;1.2;297.6;310.95;-0.82;7.53;25.4;.01;14.24;14.25;90;59;544.6;16;-3.6;D;616.2;25;30.742;2;1.87;186;306.07;-118.48555231;33.44600301;0;0;1;N;0.9120379;50;50;11;85;85;301.2894;0;9999.99;14.23;14.357;2;9;22.9;0;22.8999996185303;33.84;1527.88636;07/13/16;17:07:58;22.02;51.42;33.84;-0.166;8.38;-80.5;1.3;-4.6;-291;115.3;8.28;12.4;
33.4458452425599;-118.485291181561;17:10:59.22;7/13/2016;8;1.673;298.03;12.0453350093692;1.2;292.3;305.6;2.56;10.6;25.4;.02;8.35;8.37;90;54;544.6;16;-3.3;D;667.7;25;29.913;2;1.87;186;305.91;-118.48555231;33.44600301;0;0;1;N;0.9834512;69;69;11;97;97;300.785;0;9999.99;8.37;8.496449;2;9;22.9;0;22.8999996185303;33.84;1527.88786;07/13/16;17:08:00;22.02;51.42;33.84;0.147;8.37;-79.9;1.7;-2.0;-2620;115.1;8.27;12.3;
33.4458486032285;-118.485295671068;17:11:00.23;7/13/2016;8;1.018;298.03;12.0453350093692;1.2;299.6;312.98;0.33;15.1;25.4;.01;8.35;8.36;90;54;544.6;16;-3.3;D;667.7;25;29.356;2;1.85;186;305.79;-118.48555231;33.44600301;0;0;1;N;1.01252;59;59;11;77;77;300.58;0;38.23;8.37;46.72593;2;9;22.9;0;22.8999996185303;33.84;1527.88786;07/13/16;17:08:00;22.02;51.42;33.84;0.147;8.37;-79.9;1.7;-2.0;-2620;115.1;8.27;12.3;
33.4458540604995;-118.485305026873;17:11:01.23;7/13/2016;8;2.248;299.54;12.0453350093692;1.2;290.6;303.88;-1.35;3.41;25.4;.01;8.35;8.36;90;54;544.6;16;-3.3;D;667.7;25;28.297;2;1.86;186;305.82;-118.48555231;33.44600301;0;0;1;N;0.9704832;46;46;11;104;104;300.8766;0;35.36;8.37;43.85645;2;9;22.9;0;22.8999996185303;33.84;1527.8869;07/13/16;17:08:02;22.01;51.42;33.84;0.072;8.38;-80.5;1.1;-3.0;-322;115.0;8.26;12.4;
33.4458576276164;-118.48531544374;17:11:02.25;7/13/2016;8;1.969;296.43;12.0453350093692;1.2;290.2;303.47;1.52;10.6;25.4;.02;9.14;9.15;90;54;544.6;16;-3.3;D;667.7;25;27.282;2;1.88;186;306.34;-118.48555231;33.44600301;0;0;1;N;0.7016602;66;66;11;129;129;302.7808;0;27.78;9.15;37.05768;2;9;22.9;0;22.8999996185303;33.84;1527.8869;07/13/16;17:08:02;22.01;51.42;33.84;0.072;8.38;-80.5;1.1;-3.0;-322;115.0;8.26;12.4;
33.4458624485413;-118.48532854975;17:11:03.27;7/13/2016;8;2.552;296.43;12.0453350093692;1.2;293.8;307.11;-1.08;0;25.4;.00;10.13;10.13;90;57;544.5;16;-3.5;D;632.6;25;25.987;2;1.91;186;306.97;-118.48555231;33.44600301;0;0;1;N;0.3693769;51;51;11;119;119;305.1497;0;53.26;10.12;63.507;2;9;22.9;0;22.8999996185303;33.84;1527.88682;07/13/16;17:08:04;22.01;51.42;33.84;-0.130;8.38;-80.4;0.8;-3.9;236;114.8;8.25;12.2;
33.4458690143834;-118.485338505601;17:11:04.27;7/13/2016;8;2.009;296.43;12.0453350093692;1.2;299.8;313.18;0.64;14.1;25.4;.00;10.76;10.77;90;57;544.5;16;-3.5;D;632.6;25;24.810;2;1.97;186;306.91;-118.48555231;33.44600301;0;0;1;N;0.3668042;61;61;11;95;95;305.1681;0;8.65;10.77;19.54213;2;9;22.9;0;22.8999996185303;33.84;1527.88682;07/13/16;17:08:04;22.01;51.42;33.84;-0.130;8.38;-80.4;0.8;-3.9;236;114.8;8.25;12.2;
33.445876061576;-118.485346346423;17:11:05.27;7/13/2016;8;2.11;296.43;12.0453350093692;1.2;301;314.39;-0.38;7.14;25.4;.01;11.62;11.63;90;57;544.5;16;-3.5;D;632.6;25;23.758;2;1.95;186;306.45;-118.48555231;33.44600301;0;0;1;N;0.538296;51;51;11;89;89;303.9438;0;55.26;11.61;66.997;2;9;22.9;0;22.8999996185303;33.84;1527.88685;07/13/16;17:08:06;22.01;51.42;33.84;-0.062;8.37;-80.2;2.6;-1.7;-3674;114.7;8.24;12.4;
33.4458826291282;-118.485351345486;17:11:06.27;7/13/2016;8;1.644;302.85;12.0453350093692;1.2;297.3;310.65;0.17;6.69;25.4;.00;10.08;10.08;90;55;544.5;16;-3.4;D;661.4;25;22.953;2;1.95;186;305.67;-118.48555231;33.44600301;0;0;1;N;0.8386337;58;58;11;92;92;301.8088;0;9999.99;10.09;10.217;2;9;22.9;0;22.8999996185303;33.84;1527.88685;07/13/16;17:08:06;22.01;51.42;33.84;-0.062;8.37;-80.2;2.6;-1.7;-3674;114.7;8.24;12.4;
33.4458890054723;-118.485360284443;17:11:07.27;7/13/2016;8;1.831;307.73;12.0453350093692;1.2;301.8;315.2;-1.84;6.28;25.4;.00;11.09;11.09;90;55;544.5;16;-3.4;D;661.4;25;21.866;2;1.94;186;305.43;-118.48555231;33.44600301;0;0;1;N;0.8819278;46;46;11;72;72;301.5023;0;46.74;11.07;57.937;2;9;22.9;0;22.8999996185303;33.84;1527.88628;07/13/16;17:08:07;22.01;51.42;33.84;-0.102;8.38;-80.3;1.2;-4.1;-1675;114.6;8.23;12.5;
33.4458948320096;-118.48536684529;17:11:08.28;7/13/2016;8;1.901;312.53;12.0453350093692;1.2;303.1;316.51;0.87;14.4;25.5;.01;10.33;10.33;90;55;544.5;16;-3.4;D;661.4;25;20.995;2;1.94;186;304.96;-118.48555231;33.44600301;0;0;1;N;1.017053;62;62;11;63;63;300.5479;0;40.73;10.33;51.18957;2;9;22.9;0;22.8999996185303;33.84;1527.8867;07/13/16;17:08:09;22.01;51.42;33.84;-0.009;8.38;-80.3;3.2;-2.9;-2151;114.5;8.22;12.4;
33.4458994088533;-118.485376253941;17:11:09.28;7/13/2016;8;1.93;312.28;12.0453350093692;1.2;300.1;313.48;-0.06;15.2;25.4;.00;11.06;11.06;90;55;544.5;16;-3.4;D;661.4;25;19.988;2;1.96;186;305.19;-118.48555231;33.44600301;0;0;1;N;0.891947;57;57;11;79;79;301.4314;0;29.98;11.06;41.16913;2;9;22.9;0;22.8999996185303;33.84;1527.8867;07/13/16;17:08:09;22.01;51.42;33.84;-0.009;8.38;-80.3;3.2;-2.9;-2151;114.5;8.22;12.4;
33.4459048128597;-118.485383032853;17:11:10.30;7/13/2016;8;1.951;312.8;12.0453350093692;1.2;301.8;315.2;0.44;15.2;25.5;.01;10.40;10.40;90;56;544.4;16;-3.5;D;640.2;25;19.129;2;1.93;186;304.81;-118.48555231;33.44600301;0;0;1;N;0.9816771;60;60;11;69;69;300.7974;0;50.04;10.40;60.56364;2;9;22.9;0;22.8999996185303;33.84;1527.88658;07/13/16;17:08:11;22.01;51.42;33.84;-0.042;8.38;-80.6;1.4;-1.9;2546;114.4;8.22;12.4;
33.4459102449292;-118.485389970413;17:11:11.30;7/13/2016;8;1.988;317.18;12.0453350093692;1.2;294;307.31;-0.09;8.5;25.5;.00;10.55;10.55;90;56;544.4;16;-3.5;D;640.2;25;18.256;2;1.95;186;304.4;-118.48555231;33.44600301;0;0;1;N;1.070619;60;60;11;81;81;300.1707;0;9999.99;10.55;10.67899;2;9;22.9;0;22.8999996185303;33.84;1527.88658;07/13/16;17:08:11;22.01;51.42;33.84;-0.042;8.38;-80.6;1.4;-1.9;2546;114.4;8.22;12.4;
33.4459146742746;-118.485398956108;17:11:12.30;7/13/2016;8;2.031;310.52;12.0453350093692;1.2;292.1;305.39;-0.5;5.69;25.5;.00;29.78;29.78;90;56;544.4;16;-3.5;D;640.2;25;17.290;2;2;186;304.62;-118.48555231;33.44600301;0;0;1;N;0.9538184;55;55;11;104;104;300.994;0;9999.99;29.77;29.89937;2;9;22.9;0;22.8999996185303;33.84;1527.88648;07/13/16;17:08:13;22.01;51.43;33.84;-0.046;8.38;-80.3;1.1;-3.8;-1730;114.3;8.21;12.5;
33.4459196301862;-118.485405441828;17:11:13.30;7/13/2016;8;1.82;307.67;12.0453350093692;1.2;297.7;311.05;-0.47;5.32;25.5;.01;41.86;41.87;90;55;544.4;16;-3.4;D;651.9;25;16.482;2;1.95;186;304.23;-118.48555231;33.44600301;0;0;1;N;1.008958;54;54;11;84;84;300.605;0;8.65;41.86;50.637;2;9;22.9;0;22.8999996185303;33.84;1527.88674;07/13/16;17:08:14;22.01;51.43;33.84;-0.026;8.38;-80.5;1.4;-1.4;-1290;114.2;8.20;12.5;
33.4459247060283;-118.485415058387;17:11:14.30;7/13/2016;8;1.986;301.08;12.0453350093692;1.2;297.7;311.05;0.53;12;25.5;.00;39.86;39.87;90;55;544.4;16;-3.4;D;651.9;25;15.426;2;1.99;186;304.36;-118.48555231;33.44600301;0;0;1;N;0.9108128;60;60;11;88;88;301.2979;0;9999.99;39.87;39.99628;2;9;22.9;0;22.8999996185303;33.84;1527.88674;07/13/16;17:08:14;22.01;51.43;33.84;-0.026;8.38;-80.5;1.4;-1.4;-1290;114.2;8.20;12.5;
33.445929800778;-118.485422706681;17:11:15.30;7/13/2016;8;1.944;307.08;12.0453350093692;1.2;299.1;312.47;-0.81;13.8;25.5;.00;12.13;12.13;90;55;544.4;16;-3.4;D;651.9;25;14.521;2;1.99;186;304.1;-118.48555231;33.44600301;0;0;1;N;0.9231503;53;53;11;87;87;301.2106;0;9999.99;12.12;12.247;2;9;22.9;0;22.8999996185303;33.83;1527.87531;07/13/16;17:08:16;22.00;51.42;33.83;-0.042;8.37;-80.1;1.3;-2.6;-2886;114.1;8.20;12.3;
33.4459361228583;-118.485430896719;17:11:16.30;7/13/2016;8;2.134;311.56;12.0453350093692;1.2;298.8;312.17;1.01;16.4;25.5;.00;12.13;12.13;90;55;544.4;16;-3.4;D;651.9;25;13.499;2;2;186;303.43;-118.48555231;33.44600301;0;0;1;N;1.010076;66;66;11;77;77;300.597;0;9999.99;12.12;12.247;2;9;22.9;0;22.8999996185303;33.83;1527.87531;07/13/16;17:08:16;22.00;51.42;33.83;-0.042;8.37;-80.1;1.3;-2.6;-2886;114.1;8.20;12.3;
33.4459443775213;-118.485438169159;17:11:17.30;7/13/2016;8;2.217;311.56;12.0453350093692;1.2;298.4;311.76;-0.68;6.31;25.5;.01;13.01;13.01;90;54;544.3;16;-3.3;D;674.2;25;12.436;2;1.91;186;301.62;-118.48555231;33.44600301;0;0;1;N;1.327772;53;53;11;73;73;298.3696;0;39.45;13.00;52.577;2;9;22.9;0;22.8999996185303;33.84;1527.88682;07/13/16;17:08:18;22.00;51.43;33.84;-0.008;8.38;-80.4;1.6;1.7;693;114.1;8.20;12.4;
33.4459482359613;-118.485444510236;17:11:18.30;7/13/2016;8;1.811;311.45;12.0453350093692;1.2;292.7;306;0.96;10;25.5;.00;11.90;11.91;90;54;544.3;16;-3.3;D;674.2;25;11.710;2;1.93;186;301.34;-118.48555231;33.44600301;0;0;1;N;1.318099;63;63;11;97;97;298.437;0;9999.99;11.92;12.04427;2;9;22.9;0;22.8999996185303;33.84;1527.88682;07/13/16;17:08:18;22.00;51.43;33.84;-0.008;8.38;-80.4;1.6;1.7;693;114.1;8.20;12.4;
33.4459535;-118.485456833333;17:11:19.31;7/13/2016;8;2.321;302.3;12.0453350093692;1.2;288.8;302.06;-2.87;5.87;25.5;.00;13.33;13.34;90;54;544.3;16;-3.3;D;674.2;25;10.368;2;2.01;186;300.9;-118.48555231;33.44600301;0;0;1;N;1.254367;43;43;11;114;114;298.8818;0;29.85;13.33;43.30003;2;9;22.9;0;22.8999996185303;33.84;1527.88652;07/13/16;17:08:20;22.00;51.43;33.84;-0.072;8.38;-80.5;2.0;-2.2;-1214;114.0;8.19;12.3;
33.4459586666667;-118.485469666667;17:11:20.31;7/13/2016;8;1.965;303.71;12.0453350093692;1.2;295.1;308.43;-0.8;17.4;25.4;.01;11.87;11.88;90;58;544.3;16;-3.6;D;627.8;25;9.407;2;2.01;186;301.14;-118.48555231;33.44600301;0;0;1;N;1.078561;52;52;11;94;94;300.1151;0;17.09;11.86;29.07655;2;9;22.9;0;22.8999996185303;33.84;1527.88652;07/13/16;17:08:20;22.00;51.43;33.84;-0.072;8.38;-80.5;2.0;-2.2;-1214;114.0;8.19;12.3;
33.4459646556266;-118.485477183273;17:11:21.31;7/13/2016;8;1.965;303.71;12.0453350093692;1.2;298.5;311.86;0.67;11.7;25.4;.01;11.05;11.06;90;58;544.3;16;-3.6;D;627.8;25;8.172;2;1.95;186;301.46;-118.48555231;33.44600301;0;0;1;N;0.8888574;61;61;11;85;85;301.4535;0;8.82;11.06;20.007;2;9;22.9;0;22.8999996185303;33.83;1527.87625;07/13/16;17:08:22;22.00;51.41;33.83;-0.011;8.37;-80.1;0.8;-5.3;-1853;113.9;8.18;12.4;
33.4459705785601;-118.485487169889;17:11:22.31;7/13/2016;8;2.362;306.11;12.0453350093692;1.2;302.6;316.01;1.57;18;25.4;.00;11.21;11.21;90;58;544.3;16;-3.6;D;627.8;25;7.038;2;2.01;186;300.82;-118.48555231;33.44600301;0;0;1;N;0.8373272;66;66;11;70;70;301.8181;0;9999.99;11.21;11.33831;2;9;22.9;0;22.8999996185303;33.83;1527.87625;07/13/16;17:08:22;22.00;51.41;33.83;-0.011;8.37;-80.1;0.8;-5.3;-1853;113.9;8.18;12.4;
33.445978214993;-118.48549656082;17:11:23.31;7/13/2016;8;2.33;312.42;12.0453350093692;1.2;296;309.34;-1.27;9.7;25.5;.00;23.35;23.36;90;58;544.3;16;-3.6;D;627.8;25;5.862;2;2.01;186;298.06;-118.48555231;33.44600301;0;0;1;N;0.985629;55;55;11;92;92;300.7693;0;9999.99;23.35;23.47835;2;9;22.9;0;22.8999996185303;33.82;1527.8644;07/13/16;17:08:23;21.99;51.39;33.82;-0.107;8.38;-80.3;1.9;-2.9;-1566;113.9;8.18;12.4;
33.4459861809301;-118.485504577989;17:11:24.31;7/13/2016;9;2.056;313.68;12.0453350093692;1.2;295.6;308.93;1.57;3.57;25.5;.01;8.88;8.89;90;57;544.2;16;-3.5;D;637.8;25;4.808;2;2.02;186;292.91;-118.48555231;33.44600301;0;0;1;N;1.231034;61;61;11;84;84;299.0453;0;9999.99;8.89;9.017;2;9;22.9;0;22.8999996185303;33.83;1527.87549;07/13/16;17:08:24;21.98;51.41;33.83;-0.162;8.38;-80.6;0.7;-1.8;1117;113.9;8.18;12.3;
33.4459891666667;-118.485517666667;17:11:25.33;7/13/2016;9;1.972;310.45;12.0453350093692;1.2;294.3;307.62;2.19;13.5;25.5;.01;8.88;8.90;90;57;544.2;16;-3.5;D;637.8;25;3.766;2;2.05;186;287.09;-118.48555231;33.44600301;0;0;1;N;1.330222;70;70;11;90;90;298.3513;0;39.58;8.89;48.59466;2;9;22.9;0;22.8999996185303;33.84;1527.88705;07/13/16;17:08:26;21.98;51.43;33.84;-0.114;8.38;-80.5;1.0;-5.8;-5374;113.8;8.18;12.4;
33.4459948333333;-118.485525833333;17:11:26.34;7/13/2016;9;1.775;309.96;12.0453350093692;1.2;291.1;304.38;-1.31;6.9;25.4;.01;8.88;8.89;90;57;544.2;16;-3.5;D;637.8;25;2.505;2;2.04;186;289.77;-118.48555231;33.44600301;0;0;1;N;0.7791119;49;49;11;114;114;302.2304;0;9999.99;8.89;9.017;2;9;22.9;0;22.8999996185303;33.84;1527.88705;07/13/16;17:08:26;21.98;51.43;33.84;-0.114;8.38;-80.5;1.0;-5.8;-5374;113.8;8.18;12.4;
33.446001;-118.485530833333;17:11:27.34;7/13/2016;9;1.808;312.22;12.0453350093692;1.03;289.7;302.97;1.59;12.6;25.4;.01;11.68;11.69;90;54;544.2;16;-3.3;D;669.4;25;1.642;2;1.98;186;280.59;-118.48555231;33.44600301;0;0;1;N;0.7587032;68;68;11;123;123;302.3738;0;9999.99;11.70;11.82408;2;9;22.9;0;22.8999996185303;33.84;1527.88686;07/13/16;17:08:27;21.98;51.43;33.84;-0.129;8.37;-80.1;1.1;-5.0;85;113.8;8.18;12.4;
33.4460063333333;-118.485540333333;17:11:28.34;7/13/2016;9;1.96;305.51;12.0453350093692;1.03;298.5;311.86;-1.96;-1.4;25.4;.00;12.03;12.03;90;54;544.2;16;-3.3;D;669.4;26;90.926;2;1.93;186;173.97;-118.48543611;33.44519346;0;0;1;N;1.344338;45;45;11;5;5;182.3805;0;9999.99;12.01;12.137;2;9;22.9;0;22.8999996185303;33.84;1527.88646;07/13/16;17:08:29;21.98;51.43;33.84;-0.181;8.38;-80.4;1.3;-3.1;-1348;113.8;8.17;12.4;
33.446013444243;-118.485548611162;17:11:29.34;7/13/2016;8;2.022;311.26;12.0453350093692;1.03;292;305.29;1.01;13.8;25.4;.01;8.67;8.68;90;54;544.2;16;-3.3;D;669.4;26;91.774;2;1.98;186;173.47;-118.48543611;33.44519346;0;0;1;N;0.5093439;60;60;11;5;5;176.3973;0;9999.99;8.67;8.797;2;9;22.9;0;22.8999996185303;33.84;1527.88646;07/13/16;17:08:29;21.98;51.43;33.84;-0.181;8.38;-80.4;1.3;-3.1;-1348;113.8;8.17;12.4;
33.4460196676108;-118.485556228794;17:11:30.34;7/13/2016;9;2.013;308.33;12.0453350093692;1.03;282;295.17;-0.1;7.06;25.4;.01;10.72;10.73;90;54;544.2;16;-3.3;D;669.4;26;92.544;2;1.98;186;173.08;-118.48543611;33.44519346;0;0;1;N;0.1940732;56;56;11;5;5;172.9961;0;9999.99;10.73;10.857;2;9;22.9;0;22.8999996185303;33.84;1527.88686;07/13/16;17:08:31;21.98;51.42;33.84;-0.131;8.38;-80.3;0.8;-2.5;-2555;113.7;8.17;12.6;
33.446024984838;-118.485565444066;17:11:31.34;7/13/2016;9;2.117;305.76;12.0453350093692;1.03;272.2;285.22;0.67;15.5;25.4;.00;10.28;10.29;90;61;544.1;16;-3.8;D;591.5;26;93.237;2;1.93;186;172.61;-118.48543611;33.44519346;0;0;1;N;0.8828362;61;61;11;5;5;169.4719;0;9999.99;10.29;10.41541;2;9;22.9;0;22.8999996185303;33.84;1527.88686;07/13/16;17:08:31;21.98;51.42;33.84;-0.131;8.38;-80.3;0.8;-2.5;-2555;113.7;8.17;12.6;
33.4460300246312;-118.485574967505;17:11:32.36;7/13/2016;9;1.635;301.32;12.0453350093692;1.03;266.6;279.52;1.65;10.7;25.4;.01;10.28;10.29;90;61;544.1;16;-3.8;D;591.5;26;93.910;2;1.9;186;172.11;-118.48543611;33.44519346;0;0;1;N;1.719642;67;67;11;5;5;166.3538;0;9999.99;10.29;10.41541;2;9;22.9;0;22.8999996185303;33.83;1527.87567;07/13/16;17:08:33;21.98;51.41;33.83;-0.088;8.38;-80.2;1.3;-1.7;-1240;113.6;8.17;12.4;
33.4460321411662;-118.485584813143;17:11:33.38;7/13/2016;9;1.871;296.08;12.0453350093692;1.03;253.5;266.08;1.09;12.1;25.4;.01;10.28;10.29;90;61;544.1;16;-3.8;D;591.5;26;94.273;2;1.9;186;171.58;-118.48543611;33.44519346;0;0;1;N;2.605454;64;64;11;5;5;163.2434;0;9999.99;10.29;10.41541;2;9;22.9;0;22.8999996185303;33.83;1527.87567;07/13/16;17:08:33;21.98;51.41;33.83;-0.088;8.38;-80.2;1.3;-1.7;-1240;113.6;8.17;12.4;
33.4460350342627;-118.4855937697;17:11:34.38;7/13/2016;9;1.373;296.08;12.0453350093692;1.03;248;260.4;0.12;15.9;25.4;.00;8.21;8.21;90;61;544.1;16;-3.8;D;591.5;26;94.716;2;1.85;186;171.12;-118.48543611;33.44519346;0;0;1;N;3.458036;58;58;11;5;5;160.7591;0;9999.99;8.23;8.356999;2;9;22.9;0;22.8999996185303;33.83;1527.87572;07/13/16;17:08:35;21.97;51.41;33.83;-0.079;8.37;-80.0;1.7;-1.3;-2224;113.6;8.16;12.4;
33.446033911363;-118.485601866282;17:11:35.39;7/13/2016;9;1.652;279.84;12.0453350093692;1.03;240.3;252.4;0.7;8.6;25.4;.00;11.67;11.67;90;60;544.1;16;-3.7;D;604.6;26;94.711;2;1.77;187;170.65;-118.48543611;33.44519346;0;0;1;N;4.186611;61;61;11;5;5;157.9117;0;9999.99;11.67;11.797;2;9;22.9;0;22.8999996185303;33.83;1527.87552;07/13/16;17:08:36;21.96;51.41;33.83;0.036;8.38;-80.3;0.8;-5.6;-39;113.5;8.16;12.4;
33.4460331666667;-118.485611;17:11:36.41;7/13/2016;9;1.73;267.44;12.0453350093692;1.03;234.1;245.93;1.48;8.2;25.4;.01;11.67;11.68;90;60;544.1;16;-3.7;D;604.6;26;94.531;2;1.81;187;170.12;-118.48543611;33.44519346;0;0;1;N;4.928758;70;70;11;5;5;154.5421;0;9999.99;11.70;11.82284;2;9;22.9;0;22.8999996185303;33.83;1527.87552;07/13/16;17:08:36;21.96;51.41;33.83;0.036;8.38;-80.3;0.8;-5.6;-39;113.5;8.16;12.4;
33.4460301418805;-118.485619892327;17:11:37.42;7/13/2016;9;1.565;267.44;12.0453350093692;1.03;225.2;236.6;0.93;7.08;25.4;.00;11.85;11.86;90;60;544.1;16;-3.7;D;604.6;26;94.585;2;1.78;187;169.61;-118.48543611;33.44519346;0;0;1;N;5.86794;63;63;11;5;5;151.5409;0;9999.99;11.85;11.97343;2;9;22.9;0;22.8999996185303;33.83;1527.87573;07/13/16;17:08:38;21.95;51.41;33.83;-0.163;8.37;-80.1;0.9;28.9;1898;113.5;8.16;12.4;
33.4460239170583;-118.485626235668;17:11:38.44;7/13/2016;9;1.825;252.58;12.0453350093692;1.03;217.4;228.39;1.78;9.1;25.3;.00;12.13;12.14;90;59;544.0;16;-3.6;D;614.8;26;94.013;2;1.79;187;169.18;-118.48543611;33.44519346;0;0;1;N;6.569841;67;67;11;5;5;147.5478;0;9999.99;12.15;12.277;2;9;22.9;0;22.8999996185303;33.83;1527.87573;07/13/16;17:08:38;21.95;51.41;33.83;-0.163;8.37;-80.1;0.9;28.9;1898;113.5;8.16;12.4;
33.4460209520554;-118.485634140897;17:11:39.45;7/13/2016;9;1.585;252.58;12.0453350093692;1.03;217.8;228.81;-0.03;1.49;25.4;.00;12.25;12.25;90;59;544.0;16;-3.6;D;614.8;26;93.830;2;1.72;187;168.71;-118.48543611;33.44519346;0;0;1;N;7.187921;57;57;11;5;5;144.622;0;9999.99;12.25;12.377;2;9;22.9;0;22.8999996185303;33.83;1527.87554;07/13/16;17:08:39;21.95;51.41;33.83;-0.175;8.37;-80.1;0.3;-6.4;-607;113.5;8.16;12.4;
33.446014565466;-118.485640559099;17:11:40.47;7/13/2016;9;1.932;237.32;12.0453350093692;1.03;203.6;213.85;0.31;5.94;25.4;.00;12.29;12.29;90;59;544.0;16;-3.6;D;614.8;26;93.253;2;1.69;187;168.26;-118.48543611;33.44519346;0;0;1;N;7.907564;59;59;11;5;5;140.0875;0;32.32;12.29;44.737;2;9;22.9;0;22.8999996185303;33.83;1527.87529;07/13/16;17:08:41;21.94;51.42;33.83;-0.117;8.37;-80.1;1.6;-5.3;-1526;113.5;8.16;12.4;
33.446011671361;-118.485648506926;17:11:41.47;7/13/2016;9;1.437;246.38;12.0453350093692;1.03;200;210.06;1.01;11.2;25.4;.00;7.86;7.86;90;59;544.0;16;-3.6;D;614.8;26;93.091;2;1.61;188;167.78;-118.48543611;33.44519346;0;0;1;N;8.676917;63;63;11;5;5;136.7031;0;9999.99;7.87;7.997;2;9;22.9;0;22.8999996185303;33.83;1527.87529;07/13/16;17:08:41;21.94;51.42;33.83;-0.117;8.37;-80.1;1.6;-5.3;-1526;113.5;8.16;12.4;
33.4460075903485;-118.485654103682;17:11:42.47;7/13/2016;9;1.524;232.82;12.0453350093692;1.03;188.6;198.13;0.23;12.2;25.4;.00;13.78;13.78;90;60;544.0;16;-3.7;D;597.1;26;92.760;2;1.62;188;167.41;-118.48543611;33.44519346;0;0;1;N;9.18179;63;63;11;5;5;134.098;0;9999.99;13.79;13.917;2;9;22.9;0;22.8999996185303;33.84;1527.88646;07/13/16;17:08:43;21.93;51.42;33.84;-0.145;8.38;-80.3;1.0;-2.0;-311;113.5;8.16;12.4;
33.4459998390286;-118.485658625039;17:11:43.47;7/13/2016;9;2.063;212.24;12.0453350093692;1.03;187.1;196.56;0.07;12.5;25.4;.00;13.88;13.88;90;60;544.0;16;-3.7;D;597.1;26;92.012;2;1.69;189;167.03;-118.48543611;33.44519346;0;0;1;N;9.703189;57;57;11;5;5;129.563;0;9999.99;13.89;14.017;2;9;22.9;0;22.8999996185303;33.84;1527.88646;07/13/16;17:08:43;21.93;51.42;33.84;-0.145;8.38;-80.3;1.0;-2.0;-311;113.5;8.16;12.4;
33.4459920264643;-118.485661063048;17:11:44.47;7/13/2016;9;1.79;207.8;12.0453350093692;1.03;181.3;190.55;0.53;7.03;25.4;.01;13.93;13.93;90;60;544.0;16;-3.7;D;597.1;26;91.217;2;1.71;189;166.77;-118.48543611;33.44519346;0;0;1;N;10.11034;60;60;11;5;5;123.6863;0;9999.99;13.93;14.057;2;9;22.9;0;22.8999996185303;33.83;1527.87557;07/13/16;17:08:45;21.93;51.41;33.83;-0.078;8.37;-80.2;0.6;0.0;-2795;113.4;8.16;12.4;
33.4459836322674;-118.485663949968;17:11:45.48;7/13/2016;9;2.042;197.78;12.0453350093692;1.03;178.5;187.66;0.43;8.1;25.4;.00;16.91;16.91;90;64;543.9;16;-3.9;D;567;26;90.371;2;1.79;189;166.47;-118.48543611;33.44519346;0;0;1;N;10.36158;62;62;11;5;5;123.8657;0;9999.99;16.92;17.047;2;9;22.9;0;22.8999996185303;33.83;1527.87533;07/13/16;17:08:46;21.92;51.41;33.83;-0.169;8.37;-80.0;1.4;-6.9;-1527;113.3;8.15;12.4;
33.4459752205679;-118.485664327714;17:11:46.50;7/13/2016;9;1.862;189.09;12.0453350093692;1.03;172.8;181.81;-0.83;0.3;25.4;.00;19.03;19.03;90;64;543.9;16;-3.9;D;567;26;89.470;2;1.85;189;166.31;-118.48543611;33.44519346;0;0;1;N;10.67111;50;50;11;5;5;120.0925;0;9999.99;19.02;19.14783;2;9;22.9;0;22.8999996185303;33.83;1527.87546;07/13/16;17:08:47;21.92;51.41;33.83;-0.077;8.37;-80.0;1.0;-2.6;586;113.3;8.15;12.4;
33.4459667996109;-118.485661509747;17:11:47.50;7/13/2016;9;1.822;178.8;12.0453350093692;1.03;165.2;174.09;0.95;3.57;25.4;.00;19.10;19.10;90;64;543.9;16;-3.9;D;567;26;88.498;2;1.8;190;166.33;-118.48543611;33.44519346;0;0;1;N;10.72019;63;63;11;5;5;117.6653;0;9999.99;19.09;19.21795;2;9;22.9;0;22.8999996185303;33.84;1527.88652;07/13/16;17:08:48;21.91;51.42;33.84;-0.040;8.38;-80.5;0.7;0.8;-2155;113.4;8.16;12.3;
33.4459584687465;-118.485658647613;17:11:48.52;7/13/2016;9;2.123;171.75;12.0453350093692;1.03;159.5;168.37;-2.22;6.33;25.4;.00;19.94;19.95;90;64;543.9;16;-3.9;D;567;26;87.536;2;1.85;190;166.36;-118.48543611;33.44519346;0;0;1;N;10.4724;49;49;11;5;5;120.1175;0;9999.99;19.95;20.077;2;9;22.9;0;22.8999996185303;33.84;1527.88633;07/13/16;17:08:49;21.91;51.42;33.84;-0.158;8.38;-80.5;0.8;-4.0;-2246;113.3;8.15;12.4;
33.4459492541859;-118.485656955368;17:11:49.52;7/13/2016;9;1.828;174.56;12.0453350093692;1.03;149.6;158.56;-2.1;7.44;25.3;.02;20.08;20.10;90;67;543.9;16;-4.2;D;538.3;26;86.503;2;1.87;190;166.3;-118.48543611;33.44519346;0;0;1;N;10.38089;44;44;11;5;5;120.7912;0;9999.99;20.05;20.177;2;9;22.9;0;22.8999996185303;33.83;1527.87557;07/13/16;17:08:50;21.91;51.42;33.83;0.053;8.38;-80.4;1.1;0.9;-1996;113.3;8.15;12.3;
33.4459405123059;-118.485653789697;17:11:50.52;7/13/2016;9;2.035;168.57;12.0453350093692;1.03;144.1;153.19;-1.25;9.8;25.4;.04;20.06;20.10;90;67;543.9;16;-4.2;D;538.3;26;85.489;2;1.84;190;166.33;-118.48543611;33.44519346;0;0;1;N;10.21316;49;49;11;5;5;121.2438;0;9999.99;20.05;20.177;2;9;22.9;0;22.8999996185303;33.84;1527.88936;07/13/16;17:08:51;21.90;51.42;33.84;0.153;8.38;-80.3;1.1;-2.6;-1191;113.3;8.15;12.4;
33.4459317204913;-118.485649404124;17:11:51.53;7/13/2016;9;2.185;165.95;12.0453350093692;1.03;139.4;148.65;0.42;5.74;25.4;.02;20.32;20.34;90;67;543.9;16;-4.2;D;538.3;26;84.443;2;1.97;190;166.45;-118.48543611;33.44519346;0;0;1;N;9.82954;60;60;11;22;22;122.4672;0;9999.99;20.33;20.457;2;9;22.9;0;22.8999996185303;33.83;1527.87832;07/13/16;17:08:52;21.90;51.42;33.83;0.109;8.38;-80.5;0.8;-4.3;-1270;113.3;8.15;12.2;
33.4459255807639;-118.485643015386;17:11:52.53;7/13/2016;9;1.653;150.91;12.0453350093692;1.03;127.2;137.02;0.67;10.4;25.4;.00;20.13;20.14;90;69;543.7;16;-4.3;D;524.5;26;83.642;2;1.9;190;166.73;-118.48543611;33.44519346;0;0;1;N;9.454051;67;67;11;73;73;123.4075;0;9999.99;20.15;20.28087;2;9;22.9;0;22.8999996185303;33.84;1527.88642;07/13/16;17:08:53;21.90;51.43;33.84;-0.032;8.37;-80.1;1.2;-6.5;-1539;113.2;8.15;12.4;
33.4459184990159;-118.485636447065;17:11:53.55;7/13/2016;9;2.119;147.32;12.0453350093692;1.03;125.7;135.6;-0.24;9.5;25.4;.00;20.42;20.42;90;69;543.7;16;-4.3;D;524.5;26;82.736;2;1.93;190;167.02;-118.48543611;33.44519346;0;0;1;N;8.939083;56;56;11;85;85;124.9972;0;9999.99;20.41;20.537;2;9;22.9;0;22.8999996185303;33.84;1527.88631;07/13/16;17:08:54;21.90;51.43;33.84;-0.182;8.37;-80.1;1.5;0.2;-3410;113.2;8.15;12.4;
33.4459118357228;-118.485628703868;17:11:54.55;7/13/2016;9;2.101;143.36;12.0453350093692;1.03;128.4;138.15;0.38;11.9;25.4;.01;20.03;20.04;90;69;543.7;16;-4.3;D;524.5;26;81.854;2;2.02;190;167.39;-118.48543611;33.44519346;0;0;1;N;8.323215;59;59;11;83;83;127.035;0;9999.99;20.04;20.16666;2;9;22.8;0;22.7999992370605;33.84;1527.63106;07/13/16;17:08:55;21.91;51.43;33.84;-0.038;8.38;-80.3;1.0;0.3;-3386;113.3;8.15;12.5;
33.4459064379449;-118.485618831856;17:11:55.55;7/13/2016;9;2.108;129.63;12.0453350093692;1.03;124.1;134.1;0.63;-1.25;25.4;.00;20.55;20.56;90;69;543.7;16;-4.3;D;524.5;26;81.072;2;1.98;190;167.93;-118.48543611;33.44519346;0;0;1;N;7.488037;60;60;11;110;110;130.0635;0;9999.99;20.55;20.677;2;9;22.9;0;22.7999992370605;33.84;1527.63116;07/13/16;17:08:56;21.91;51.42;33.84;-0.005;8.38;-80.6;1.1;2.6;-1972;113.3;8.15;12.2;
33.4458999842439;-118.485611614107;17:11:56.55;7/13/2016;9;2.014;136.49;12.0453350093692;1.03;124.2;134.19;0.15;12.9;25.4;.00;20.81;20.81;90;62;543.6;16;-3.8;D;585.9;26;80.232;2;2.05;190;168.29;-118.48543611;33.44519346;0;0;1;N;6.903302;58;58;11;118;118;132.3794;0;9999.99;20.81;20.937;2;9;22.8;0;22.7999992370605;33.84;1527.63047;07/13/16;17:08:57;21.91;51.42;33.84;-0.131;8.38;-80.6;1.2;-1.9;-1430;113.3;8.15;12.4;
33.4458928806883;-118.485603399782;17:11:57.56;7/13/2016;9;2.205;135.08;12.0453350093692;1.03;127.8;137.58;-0.87;4.87;25.4;.00;20.53;20.53;90;62;543.6;16;-3.8;D;585.9;26;79.306;2;2.05;190;168.71;-118.48543611;33.44519346;0;0;1;N;6.234679;52;52;11;118;118;135.2398;0;9999.99;20.52;20.647;2;9;22.8;0;22.7999992370605;33.84;1527.63052;07/13/16;17:08:58;21.91;51.42;33.84;-0.049;8.38;-80.4;1.5;-0.3;-321;113.3;8.15;12.5;
33.4458867212128;-118.485595906391;17:11:58.56;7/13/2016;9;1.806;135.51;12.0453350093692;1.03;130.6;140.24;0.55;6.72;25.4;.00;20.79;20.79;90;62;543.6;16;-3.8;D;585.9;26;78.500;2;2.07;190;169.11;-118.48543611;33.44519346;0;0;1;N;5.631011;66;66;11;111;111;138.0297;0;9999.99;20.80;20.927;2;9;22.9;0;22.8999996185303;33.84;1527.88631;07/13/16;17:08:59;21.91;51.42;33.84;-0.005;8.38;-80.6;0.9;-0.4;-2410;113.3;8.15;12.4;
33.4458798499123;-118.48558646694;17:11:59.56;7/13/2016;9;2.454;130.5;12.0453350093692;1.03;139.5;148.75;0.7;8.9;25.4;.00;20.70;20.71;90;63;543.6;16;-3.9;D;576.4;26;77.588;2;2.11;190;169.64;-118.48543611;33.44519346;0;0;1;N;4.838675;61;61;11;100;100;142.0034;0;9999.99;20.69;20.817;2;9;22.8;0;22.8999996185303;33.84;1527.8863;07/13/16;17:09:00;21.91;51.42;33.84;-0.107;8.38;-80.5;0.6;-7.7;-1549;113.3;8.15;12.3;
33.445874635255;-118.485580497049;17:12:00.58;7/13/2016;8;1.456;130.5;12.0453350093692;1.27;139.1;148.36;1.56;11.8;25.3;.01;20.10;20.11;90;63;543.6;16;-3.9;D;576.4;26;76.919;2;2.08;190;169.97;-118.48543611;33.44519346;0;0;1;N;4.351993;69;69;11;112;112;144.6245;0;9999.99;20.12;20.25016;2;9;22.8;0;22.7999992370605;33.83;1527.61967;07/13/16;17:09:01;21.90;51.41;33.83;-0.073;8.38;-80.5;1.3;-3.0;-3517;113.3;8.15;12.4;
33.4458660666277;-118.485573384806;17:12:01.59;7/13/2016;9;2.361;133.49;12.0453350093692;1.03;144.5;153.58;-0.81;0.25;25.4;.00;20.84;20.84;90;63;543.6;16;-3.9;D;576.4;26;75.868;2;1.97;190;170.34;-118.48543611;33.44519346;0;0;1;N;3.801357;52;52;11;104;104;147.7547;0;9999.99;20.83;20.957;2;9;22.8;0;22.7999992370605;33.84;1527.63064;07/13/16;17:09:02;21.90;51.43;33.84;-0.114;8.37;-79.9;0.7;-3.0;-3456;113.3;8.15;12.4;
33.4458590813778;-118.485566326599;17:12:02.59;7/13/2016;9;2.094;140.87;12.0453350093692;1.03;148;157;0.49;8;25.3;.00;20.50;20.50;90;63;543.6;16;-3.9;D;576.4;26;74.994;2;1.92;190;170.73;-118.48543611;33.44519346;0;0;1;N;3.23978;54;54;11;110;110;151.1237;0;9999.99;20.49;20.61453;2;9;22.8;0;22.7999992370605;33.84;1527.63071;07/13/16;17:09:03;21.90;51.42;33.84;-0.083;8.38;-80.2;0.7;-3.8;-1784;113.3;8.15;12.4;
33.4458516198058;-118.485560028144;17:12:03.59;7/13/2016;9;2.094;142.6;12.0453350093692;1.03;151.4;160.33;-1.01;2.7;25.4;.00;20.30;20.30;90;59;543.5;16;-3.7;D;610.3;26;74.082;2;2.02;190;171.07;-118.48543611;33.44519346;0;0;1;N;2.745383;52;52;11;104;104;154.2298;0;9999.99;20.30;20.42584;2;9;22.8;0;22.7999992370605;33.84;1527.63049;07/13/16;17:09:04;21.90;51.42;33.84;-0.083;8.37;-80.2;1.0;0.0;-2039;113.3;8.15;12.2;
33.4458431097149;-118.485553811303;17:12:04.59;7/13/2016;9;2.127;144.95;12.0453350093692;1.03;153.9;162.8;1.16;0.98;25.3;.00;20.96;20.96;90;59;543.5;16;-3.7;D;610.3;26;73.059;2;2.01;190;171.4;-118.48543611;33.44519346;0;0;1;N;2.275254;64;64;11;105;105;157.2941;0;9999.99;20.94;21.067;2;9;22.8;0;22.7999992370605;33.84;1527.63051;07/13/16;17:09:05;21.90;51.43;33.84;-0.027;8.38;-80.2;1.0;-5.9;-1608;113.3;8.15;12.3;
33.4458361098997;-118.485548856603;17:12:05.59;7/13/2016;9;1.959;150.59;12.0453350093692;1.03;158.2;167.07;-1.15;5.31;25.3;.01;20.37;20.37;90;59;543.5;16;-3.7;D;610.3;26;72.221;2;2.01;190;171.67;-118.48543611;33.44519346;0;0;1;N;1.908144;54;54;11;108;108;159.7548;0;9999.99;20.39;20.5156;2;9;22.8;0;22.7999992370605;33.84;1527.63088;07/13/16;17:09:06;21.91;51.42;33.84;-0.154;8.37;-80.1;1.1;-4.1;1201;113.3;8.15;12.4;
33.4458277628708;-118.485544621307;17:12:06.59;7/13/2016;9;1.993;152.64;12.0453350093692;1.03;155.9;164.78;-0.33;1.45;25.3;.01;20.95;20.95;90;60;543.5;16;-3.7;D;603.4;26;71.247;2;2;190;171.88;-118.48543611;33.44519346;0;0;1;N;1.62703;51;51;11;106;106;161.6744;0;9999.99;20.93;21.057;2;9;22.8;0;22.7999992370605;33.84;1527.63085;07/13/16;17:09:07;21.90;51.42;33.84;-0.087;8.38;-80.7;1.3;-5.0;-1541;113.3;8.16;12.4;
33.445816587466;-118.485543433554;17:12:07.59;7/13/2016;9;2.116;165.15;12.0453350093692;1.03;158.6;167.47;0.86;14.6;25.2;.00;20.97;20.98;90;60;543.5;16;-3.7;D;603.4;26;70.001;2;1.98;190;171.82;-118.48543611;33.44519346;0;0;1;N;1.662525;62;62;11;103;103;161.4305;0;9999.99;20.98;21.107;2;9;22.8;0;22.7999992370605;33.83;1527.61996;07/13/16;17:09:08;21.90;51.42;33.83;0.034;8.38;-80.6;1.5;-6.9;-921;113.4;8.16;12.2;
33.4458068916046;-118.485542538051;17:12:08.61;7/13/2016;9;1.97;169.23;12.0453350093692;1.03;163;171.87;-0.57;2.47;25.2;.00;20.67;20.68;90;60;543.5;16;-3.7;D;603.4;26;68.922;2;2.01;190;171.76;-118.48543611;33.44519346;0;0;1;N;1.698242;54;54;11;84;84;161.1854;0;9999.99;20.68;20.81112;2;9;22.8;0;22.7999992370605;33.83;1527.6195;07/13/16;17:09:09;21.90;51.42;33.83;-0.122;8.38;-80.5;1.6;-4.0;-965;113.4;8.16;12.5;
33.4457975715846;-118.485540767862;17:12:09.61;7/13/2016;8;2.018;165.66;12.0453350093692;1.17;162.5;171.37;1.02;7.55;25.2;.00;21.11;21.11;90;60;543.5;16;-3.7;D;603.4;26;67.873;2;2;190;171.77;-118.48543611;33.44519346;0;0;1;N;1.658743;63;63;11;87;87;161.4563;0;9999.99;21.11;21.237;2;9;22.8;0;22.7999992370605;33.84;1527.63049;07/13/16;17:09:10;21.90;51.42;33.84;-0.010;8.38;-80.2;1.6;-5.6;152;113.4;8.16;12.2;
33.4457880154532;-118.485538622281;17:12:10.64;7/13/2016;9;2.161;166.08;12.0453350093692;1.03;166.7;175.61;-0.05;2.85;25.3;.00;20.63;20.63;90;60;543.4;16;-3.7;D;597.9;26;66.793;2;2.01;190;171.81;-118.48543611;33.44519346;0;0;1;N;1.578599;57;57;11;73;73;162.0077;0;9999.99;20.63;20.75952;2;9;22.8;0;22.7999992370605;33.83;1527.61955;07/13/16;17:09:11;21.90;51.41;33.83;-0.063;8.38;-80.6;0.7;-6.6;-463;113.4;8.16;12.4;
33.4457794547984;-118.485537524545;17:12:11.64;7/13/2016;9;2.148;166.67;12.0453350093692;1.03;167.7;176.62;0.01;-0.01;25.3;.00;21.29;21.29;90;60;543.4;16;-3.7;D;597.9;26;65.836;2;2.04;190;171.78;-118.48543611;33.44519346;0;0;1;N;1.589832;57;57;11;68;68;161.9304;0;9999.99;21.27;21.397;2;9;22.8;0;22.7999992370605;33.83;1527.61956;07/13/16;17:09:12;21.89;51.41;33.83;-0.082;8.38;-80.5;1.0;-2.9;-1552;113.4;8.16;12.3;
33.44577485716;-118.485539031115;17:12:12.66;7/13/2016;9;0.675;166.67;12.0453350093692;1.03;174.2;183.24;1.64;0.79;25.3;.01;20.01;20.02;90;60;543.4;16;-3.7;D;597.9;26;65.350;2;2.02;190;171.6;-118.48543611;33.44519346;0;0;1;N;1.772614;67;67;11;37;37;160.6768;0;9999.99;20.03;20.15702;2;9;22.8;0;22.7999992370605;33.82;1527.60898;07/13/16;17:09:13;21.88;51.40;33.82;0.012;8.38;-80.5;1.5;-4.2;-2206;113.3;8.16;12.4;
33.4457659398594;-118.485537250203;17:12:13.67;7/13/2016;9;2.031;166.68;12.0453350093692;1.03;167.6;176.52;-0.61;-3.35;25.3;.01;20.57;20.58;90;62;543.4;16;-3.8;D;582;26;64.345;2;1.96;190;171.61;-118.48543611;33.44519346;0;0;1;N;1.738873;53;53;11;65;65;160.9072;0;9999.99;20.56;20.68498;2;9;22.8;0;22.7999992370605;33.83;1527.6199;07/13/16;17:09:14;21.87;51.41;33.83;-0.150;8.38;-80.2;1.3;-4.7;47853;113.4;8.17;12.4;
33.4457578752649;-118.485536461501;17:12:14.67;7/13/2016;9;1.828;172.48;12.0453350093692;1.03;167.1;176.01;1.73;7.92;25.4;.01;20.96;20.98;90;62;543.4;16;-3.8;D;582;26;63.447;2;1.97;190;171.56;-118.48543611;33.44519346;0;0;1;N;1.780478;67;67;11;65;65;160.6231;0;9999.99;20.97;21.09426;2;9;22.8;0;22.7999992370605;33.83;1527.62065;07/13/16;17:09:15;21.87;51.41;33.83;0.063;8.38;-80.7;0.5;-1.1;-2941;113.4;8.17;12.5;
33.4457479020583;-118.485536237175;17:12:15.67;7/13/2016;9;1.693;173.45;12.0453350093692;1.03;161.7;170.57;-1.07;6.42;25.3;.00;20.65;20.65;90;62;543.4;16;-3.8;D;582;26;62.348;2;1.98;190;171.43;-118.48543611;33.44519346;0;0;1;N;1.902739;54;54;11;88;88;159.7915;0;9999.99;20.65;20.78188;2;9;22.8;0;22.7999992370605;33.84;1527.63158;07/13/16;17:09:16;21.86;51.42;33.84;-0.022;8.37;-79.7;1.2;-1.3;-95;113.4;8.17;12.3;
33.4457355113068;-118.485534262059;17:12:16.67;7/13/2016;9;2.599;173.17;12.0453350093692;1.03;160.8;169.67;2.23;9.3;25.4;.00;21.50;21.51;90;62;543.4;16;-3.8;D;582;26;60.958;2;2.04;190;171.41;-118.48543611;33.44519346;0;0;1;N;1.884039;68;68;11;83;83;159.9184;0;9999.99;21.50;21.627;2;9;22.8;0;22.7999992370605;33.84;1527.63054;07/13/16;17:09:17;21.86;51.42;33.84;-0.083;8.38;-80.3;1.8;-6.8;-1586;113.4;8.17;12.4;
33.4457227977014;-118.485531910697;17:12:17.67;7/13/2016;9;1.903;169.99;12.0453350093692;1.03;160.7;169.57;-0.91;13.1;25.4;.00;21.00;21.00;90;61;543.4;16;-3.8;D;591.8;26;59.527;2;2.04;190;171.41;-118.48543611;33.44519346;0;0;1;N;1.837682;52;52;11;90;90;160.2332;0;9999.99;21.02;21.14365;2;9;22.8;0;22.7999992370605;33.83;1527.61958;07/13/16;17:09:18;21.86;51.41;33.83;-0.161;8.37;-80.0;1.5;-3.3;-1622;113.4;8.16;12.4;
33.4457138586605;-118.485529138727;17:12:18.67;7/13/2016;9;2.072;169.14;12.0453350093692;1.03;159.2;168.07;-0.49;12.2;25.3;.00;21.60;21.61;90;61;543.4;16;-3.8;D;591.8;26;58.506;2;2.02;190;171.52;-118.48543611;33.44519346;0;0;1;N;1.70249;54;54;11;99;99;161.1563;0;9999.99;21.59;21.717;2;9;22.8;0;22.7999992370605;33.83;1527.61961;07/13/16;17:09:19;21.86;51.41;33.83;-0.067;8.38;-80.4;1.4;-2.9;-930;113.4;8.16;12.4;
33.4457058639426;-118.485525941531;17:12:19.67;7/13/2016;9;2.016;164.36;12.0453350093692;1.03;163.9;172.78;0.76;1.05;25.3;.00;21.57;21.57;90;61;543.4;16;-3.8;D;591.8;26;57.583;2;2.03;190;171.68;-118.48543611;33.44519346;0;0;1;N;1.503997;64;64;11;87;87;162.523;0;9999.99;21.57;21.697;2;9;22.8;0;22.7999992370605;33.82;1527.60865;07/13/16;17:09:20;21.85;51.40;33.82;-0.044;8.38;-80.5;1.2;-6.2;-2760;113.3;8.16;12.4;
33.4456963118203;-118.485524610819;17:12:20.67;7/13/2016;9;2.007;167.6;12.0453350093692;1.03;163.5;172.38;-0.2;8.6;25.4;.00;21.64;21.64;90;61;543.4;16;-3.8;D;591.8;26;56.515;2;2.04;190;171.65;-118.48543611;33.44519346;0;0;1;N;1.506544;56;56;11;78;78;162.5053;0;9999.99;21.64;21.767;2;9;22.8;0;22.7999992370605;33.84;1527.63047;07/13/16;17:09:21;21.84;51.42;33.84;-0.174;8.29;-75.3;0.9;-2.5;-1671;113.3;8.16;12.4;
33.4456851935974;-118.48552356078;17:12:21.67;7/13/2016;9;2.047;169.58;12.0453350093692;1.03;163.8;172.68;-0.85;6.63;25.3;.00;21.67;21.67;90;64;543.3;16;-3.9;D;566.2;26;55.277;2;2.06;190;171.56;-118.48543611;33.44519346;0;0;1;N;1.558957;52;52;11;85;85;162.1432;0;9999.99;21.67;21.797;2;9;22.8;0;22.7999992370605;33.83;1527.61949;07/13/16;17:09:22;21.84;51.41;33.83;-0.024;8.37;-80.0;1.4;-2.4;-2637;113.3;8.16;12.4;
33.4456747705023;-118.48552266341;17:12:22.67;7/13/2016;9;2.074;174.45;12.0453350093692;1.03;163;171.87;1.39;8.5;25.4;.01;21.72;21.73;90;64;543.3;16;-3.9;D;566.2;26;54.119;2;2.13;190;171.47;-118.48543611;33.44519346;0;0;1;N;1.617524;65;65;11;86;86;161.7396;0;9999.99;21.74;21.867;2;9;22.8;0;22.7999992370605;33.84;1527.63086;07/13/16;17:09:23;21.83;51.42;33.84;-0.013;8.38;-80.3;1.2;-3.2;252;113.3;8.16;12.4;
33.4456657286202;-118.485520748625;17:12:23.67;7/13/2016;9;2.163;168.91;12.0453350093692;1.03;164.5;173.39;-0.54;-3.62;25.3;.01;21.74;21.75;90;64;543.3;16;-3.9;D;566.2;26;53.098;2;2.1;190;171.49;-118.48543611;33.44519346;0;0;1;N;1.558932;50;50;11;85;85;162.1434;0;9999.99;21.74;21.867;2;9;22.8;0;22.7999992370605;33.82;1527.60921;07/13/16;17:09:24;21.83;51.40;33.82;-0.148;8.37;-80.2;1.7;-1.4;-936;113.2;8.16;12.4;
33.4456560621034;-118.485521011583;17:12:24.67;7/13/2016;9;2.104;177.86;12.0453350093692;1.03;163;171.87;1.41;12.2;25.3;.01;21.73;21.73;90;62;543.3;16;-3.9;D;578.8;26;52.039;2;2.03;190;171.29;-118.48543611;33.44519346;0;0;1;N;1.714847;65;65;11;84;84;161.0716;0;9999.99;21.73;21.857;2;9;22.8;0;22.7999992370605;33.82;1527.60924;07/13/16;17:09:25;21.82;51.40;33.82;-0.013;8.37;-80.0;1.7;-0.6;-2074;113.3;8.17;12.4;
33.4456469005518;-118.485520404618;17:12:25.67;7/13/2016;9;2.005;176.37;12.0453350093692;1.03;157.7;166.57;-1.08;2.99;25.3;.00;21.70;21.70;90;62;543.3;16;-3.9;D;578.8;26;51.024;2;1.97;190;171.18;-118.48543611;33.44519346;0;0;1;N;1.784182;51;51;11;103;103;160.5976;0;9999.99;21.70;21.827;2;9;22.8;0;22.7999992370605;33.84;1527.63047;07/13/16;17:09:26;21.81;51.42;33.84;-0.154;8.37;-80.0;1.5;-0.4;-960;113.3;8.17;12.3;
33.4456381903607;-118.485521959657;17:12:26.67;7/13/2016;9;2.137;181.73;12.0453350093692;1.03;163.5;172.38;-0.49;13.7;25.3;.01;21.82;21.83;90;62;543.3;16;-3.9;D;578.8;26;50.089;2;2.03;190;170.85;-118.48543611;33.44519346;0;0;1;N;2.037369;54;54;11;73;73;158.8824;0;9999.99;21.80;21.927;2;9;22.8;0;22.7999992370605;33.84;1527.63048;07/13/16;17:09:27;21.81;51.42;33.84;-0.051;8.37;-80.2;2.0;-4.5;-1931;113.3;8.16;12.3;
33.4456285871167;-118.485521807297;17:12:27.67;7/13/2016;9;1.765;180.28;12.0453350093692;1.03;168;176.92;1.05;9.5;25.3;.01;21.71;21.72;90;62;543.3;16;-3.9;D;578.8;26;49.033;2;2.09;190;170.67;-118.48543611;33.44519346;0;0;1;N;2.138035;66;66;11;48;48;158.2073;0;9999.99;21.72;21.847;2;9;22.8;0;22.7999992370605;33.84;1527.63148;07/13/16;17:09:28;21.82;51.43;33.84;0.090;8.37;-80.2;1.7;-2.0;-3640;113.3;8.16;12.3;
33.4456191139097;-118.485518559962;17:12:28.67;7/13/2016;9;2.219;164.18;12.0453350093692;1.03;164.5;173.39;-1.33;1.97;25.3;.00;21.84;21.85;90;67;543.2;16;-4.2;D;536.5;26;47.945;2;2.12;190;170.82;-118.48543611;33.44519346;0;0;1;N;1.974992;49;49;11;71;71;159.3027;0;9999.99;21.84;21.967;2;9;22.8;0;22.7999992370605;33.84;1527.63126;07/13/16;17:09:29;21.82;51.43;33.84;-0.136;8.38;-80.2;1.9;-5.1;-1998;113.2;8.16;12.4;
33.4456108919919;-118.485517395393;17:12:29.67;7/13/2016;9;1.933;167.34;12.0453350093692;1.03;168.3;177.23;0.38;5.03;25.3;.00;21.75;21.75;90;67;543.2;16;-4.2;D;536.5;26;47.025;2;2.05;190;170.77;-118.48543611;33.44519346;0;0;1;N;1.965329;59;59;11;56;56;159.3678;0;9999.99;21.74;21.867;2;9;22.8;0;22.7999992370605;33.83;1527.61958;07/13/16;17:09:30;21.82;51.41;33.83;-0.045;8.37;-80.0;1.4;-1.9;9;113.2;8.16;12.5;
33.4456013925318;-118.48551584792;17:12:30.67;7/13/2016;9;1.885;169.33;12.0453350093692;1.03;164.6;173.49;-0.58;7.27;25.3;.00;21.75;21.75;90;67;543.2;16;-4.2;D;536.5;26;45.960;2;2;190;170.74;-118.48543611;33.44519346;0;0;1;N;1.953189;58;58;11;75;75;159.45;0;9999.99;21.76;21.887;2;9;22.8;0;22.7999992370605;33.83;1527.61966;07/13/16;17:09:31;21.82;51.41;33.83;-0.075;8.37;-80.2;1.7;-6.7;915;113.3;8.16;12.4;
33.4455919645914;-118.485512212949;17:12:31.67;7/13/2016;9;2.271;166.4;12.0453350093692;1.03;166.1;175;0.52;4.1;25.3;.00;21.43;21.43;90;65;543.2;16;-4;D;555.9;26;44.871;2;2;190;170.95;-118.48543611;33.44519346;0;0;1;N;1.750907;54;54;11;91;91;160.8249;0;9999.99;21.42;21.54948;2;9;22.8;0;22.7999992370605;33.83;1527.61966;07/13/16;17:09:32;21.81;51.41;33.83;-0.142;8.37;-80.1;1.7;-0.3;-1872;113.2;8.16;12.2;
33.4455817067519;-118.485510220728;17:12:32.67;7/13/2016;9;2.155;168.32;12.0453350093692;1.27;165.2;174.09;-1.1;7.57;25.3;.00;21.12;21.13;90;65;543.2;16;-4;D;555.9;26;43.716;2;2.08;190;170.95;-118.48543611;33.44519346;0;0;1;N;1.696939;50;50;11;75;75;161.1943;0;9999.99;21.14;21.2684;2;9;22.8;0;22.7999992370605;33.84;1527.63066;07/13/16;17:09:33;21.81;51.42;33.84;-0.053;8.37;-80.2;1.1;-3.5;-2575;113.3;8.16;12.4;
33.4455718025735;-118.485508920964;17:12:33.67;7/13/2016;8;1.934;169.54;12.0453350093692;1.27;160.8;169.67;-1.08;0.28;25.3;.00;21.79;21.80;90;65;543.2;16;-4;D;555.9;26;42.609;2;2.08;190;170.88;-118.48543611;33.44519346;0;0;1;N;1.717762;51;51;11;93;93;161.0516;0;9999.99;21.77;21.897;2;9;22.8;0;22.7999992370605;33.84;1527.63071;07/13/16;17:09:34;21.81;51.42;33.84;-0.066;8.37;-80.1;2.0;-5.0;-881;113.2;8.16;12.4;
33.4455625860139;-118.485509092798;17:12:34.67;7/13/2016;9;2.028;175.59;12.0453350093692;1.03;162;170.87;0.69;15.5;25.3;.01;21.74;21.75;90;65;543.2;16;-4;D;555.9;26;41.600;2;2.1;190;170.63;-118.48543611;33.44519346;0;0;1;N;1.854232;68;68;11;86;86;160.1207;0;9999.99;21.76;21.887;2;9;22.8;0;22.7999992370605;33.84;1527.6308;07/13/16;17:09:35;21.80;51.42;33.84;0.029;8.38;-80.4;1.7;-1.0;-2351;113.2;8.16;12.5;
33.4455556523134;-118.485509159966;17:12:35.67;7/13/2016;9;1.257;175.59;12.0453350093692;1.03;157.1;165.97;-1.94;2.78;25.3;.00;21.80;21.80;90;61;543.1;16;-3.8;D;594;26;40.841;2;2.03;190;170.45;-118.48543611;33.44519346;0;0;1;N;1.955823;44;44;11;95;95;159.4321;0;9999.99;21.78;21.907;2;9;22.8;0;22.7999992370605;33.83;1527.61974;07/13/16;17:09:36;21.81;51.41;33.83;-0.161;8.38;-80.5;1.7;-2.6;-2258;113.2;8.16;12.3;
33.4455456535429;-118.48550886328;17:12:36.67;7/13/2016;9;2.294;177.61;12.0453350093692;1.03;167.4;176.32;2;6.88;25.3;.01;21.76;21.76;90;61;543.1;16;-3.8;D;594;26;39.740;2;2;190;170.22;-118.48543611;33.44519346;0;0;1;N;2.037984;69;69;11;57;57;158.8782;0;9999.99;21.76;21.887;2;9;22.8;0;22.7999992370605;33.83;1527.61984;07/13/16;17:09:37;21.80;51.41;33.83;0.058;8.38;-80.5;2.1;-3.5;192;113.2;8.16;12.4;
33.4455349230484;-118.485506032011;17:12:37.67;7/13/2016;9;2.274;170.08;12.0453350093692;1.03;159.6;168.47;-0.76;-1.02;25.3;.00;21.46;21.47;90;61;543.1;16;-3.8;D;594;26;38.519;2;2.09;190;170.3;-118.48543611;33.44519346;0;0;1;N;1.940447;52;52;11;91;91;159.5361;0;9999.99;21.46;21.59136;2;9;22.8;0;22.7999992370605;33.83;1527.61964;07/13/16;17:09:38;21.80;51.41;33.83;-0.139;8.38;-80.5;1.6;-1.8;-2942;113.2;8.16;12.4;
33.4455250893827;-118.485506499519;17:12:38.67;7/13/2016;9;2.128;178.15;12.0453350093692;1.03;163.7;172.58;0.93;12.2;25.3;.01;21.83;21.84;90;61;543.1;16;-3.8;D;589.6;26;37.450;2;2.08;190;169.96;-118.48543611;33.44519346;0;0;1;N;2.106775;60;60;11;68;68;158.4165;0;9999.99;21.83;21.957;2;9;22.8;0;22.7999992370605;33.84;1527.63072;07/13/16;17:09:39;21.79;51.42;33.84;-0.027;8.38;-80.6;1.0;-1.8;-1225;113.2;8.16;12.4;
33.4455162749573;-118.485506345611;17:12:39.67;7/13/2016;9;1.962;177.07;12.0453350093692;1.03;161;169.87;-0.19;11.3;25.3;.00;21.76;21.76;90;61;543.1;16;-3.8;D;589.6;26;36.482;2;2.02;190;169.71;-118.48543611;33.44519346;0;0;1;N;2.200294;54;54;11;55;55;157.7919;0;9999.99;21.76;21.887;2;9;22.8;0;22.7999992370605;33.83;1527.61975;07/13/16;17:09:40;21.79;51.42;33.83;-0.044;8.38;-80.6;1.9;-4.4;-1794;113.2;8.16;12.3;
33.4455066927328;-118.485503030201;17:12:40.67;7/13/2016;8;2.062;169.2;12.0453350093692;1.17;164.4;173.28;0.93;6.69;25.3;.00;21.71;21.71;90;62;543.0;16;-3.9;D;576.3;26;35.379;2;1.93;190;169.89;-118.48543611;33.44519346;0;0;1;N;2.024185;63;63;11;70;70;158.971;0;9999.99;21.71;21.837;2;9;22.8;0;22.7999992370605;33.83;1527.61961;07/13/16;17:09:41;21.79;51.41;33.83;-0.050;8.38;-80.4;1.8;1.5;-2114;113.2;8.16;12.4;
33.4454961587137;-118.485498331325;17:12:41.67;7/13/2016;9;2.441;162.95;12.0453350093692;1.03;161.8;170.67;-0.17;6.54;25.3;.01;21.01;21.02;90;62;543.0;16;-3.9;D;576.3;26;34.150;2;2.04;190;170.27;-118.48543611;33.44519346;0;0;1;N;1.737669;56;56;11;88;88;160.9155;0;9999.99;21.01;21.13506;2;9;22.8;0;22.7999992370605;33.83;1527.61976;07/13/16;17:09:42;21.78;51.40;33.83;-0.091;8.38;-80.6;1.7;-3.9;-1748;113.2;8.17;12.4;
33.4454867204502;-118.485495627018;17:12:42.67;7/13/2016;9;2.109;165.56;12.0453350093692;1.03;163.5;172.38;-0.98;1.23;25.3;.01;21.73;21.73;90;62;543.0;16;-3.9;D;576.3;26;33.074;2;2.1;190;170.39;-118.48543611;33.44519346;0;0;1;N;1.617625;52;52;11;96;96;161.7389;0;9999.99;21.72;21.847;2;9;22.8;0;22.7999992370605;33.84;1527.63104;07/13/16;17:09:43;21.78;51.42;33.84;-0.015;8.38;-80.5;1.3;-2.6;-590;113.2;8.17;12.4;
33.4454769881884;-118.485495756919;17:12:43.67;7/13/2016;9;2.151;172.27;12.0453350093692;1.03;163.7;172.58;1.38;2.76;25.3;.00;21.69;21.69;90;62;543.0;16;-3.9;D;576.3;26;32.009;2;2.13;190;170.04;-118.48543611;33.44519346;0;0;1;N;1.751924;60;60;11;79;79;160.8179;0;9999.99;21.68;21.807;2;9;22.8;0;22.7999992370605;33.85;1527.64186;07/13/16;17:09:44;21.78;51.44;33.85;0.029;8.38;-80.5;1.6;-0.6;-2144;113.2;8.16;12.5;
33.4454676769268;-118.485495208708;17:12:44.69;7/13/2016;9;1.912;174.76;12.0453350093692;1.03;164.1;172.98;-0.55;13.5;25.3;.01;21.63;21.64;90;64;543.0;16;-4;D;561.3;26;30.981;2;2.12;190;169.81;-118.48543611;33.44519346;0;0;1;N;1.825642;54;54;11;76;76;160.3151;0;9999.99;21.65;21.777;2;9;22.8;0;22.7999992370605;33.84;1527.63107;07/13/16;17:09:45;21.79;51.42;33.84;-0.103;8.38;-80.4;1.9;-4.6;-4442;113.2;8.16;12.4;
33.4454572954935;-118.485490681549;17:12:45.69;7/13/2016;9;2.534;165.33;12.0453350093692;1.03;161.7;170.57;-0.83;3.41;25.3;.02;21.60;21.62;90;64;543.0;16;-4;D;561.3;26;29.771;2;2.07;190;170.21;-118.48543611;33.44519346;0;0;1;N;1.547534;52;52;11;94;94;162.2221;0;9999.99;21.58;21.707;2;9;22.8;0;22.7999992370605;33.83;1527.62028;07/13/16;17:09:46;21.79;51.41;33.83;-0.019;8.38;-80.6;1.2;-4.8;-2299;113.2;8.16;12.4;
33.4454463799369;-118.485487189002;17:12:46.70;7/13/2016;9;2.235;166.24;12.0453350093692;1.03;163.6;172.48;0.86;12.2;25.3;.01;20.97;20.98;90;61;543.0;16;-3.8;D;590.2;26;28.520;2;2.05;190;170.43;-118.48543611;33.44519346;0;0;1;N;1.364768;62;62;11;91;91;163.4889;0;9999.99;20.98;21.10368;2;9;22.8;0;22.7999992370605;33.83;1527.6205;07/13/16;17:09:47;21.79;51.41;33.83;0.093;8.38;-80.5;1.9;-4.9;318;113.2;8.16;12.4;
33.445437539439;-118.485484803383;17:12:47.73;7/13/2016;9;1.893;163.68;12.0453350093692;1.03;164.4;173.28;-1.2;11.1;25.3;.00;21.57;21.57;90;61;543.0;16;-3.8;D;590.2;26;27.514;2;2.08;190;170.55;-118.48543611;33.44519346;0;0;1;N;1.261414;50;50;11;91;91;164.2097;0;9999.99;21.57;21.697;2;9;22.8;0;22.7999992370605;33.83;1527.61975;07/13/16;17:09:48;21.79;51.41;33.83;-0.154;8.38;-80.5;1.8;-3.2;-703;113.2;8.16;12.3;
33.4454287114199;-118.485482870906;17:12:48.73;7/13/2016;9;2;166.05;12.0453350093692;1.03;167.4;176.32;0.66;2.05;25.3;.00;21.53;21.53;90;61;543.0;16;-3.8;D;590.2;26;26.516;2;2.09;190;170.58;-118.48543611;33.44519346;0;0;1;N;1.196481;59;59;11;84;84;164.664;0;9999.99;21.52;21.647;2;9;22.8;0;22.7999992370605;33.84;1527.63075;07/13/16;17:09:49;21.79;51.42;33.84;-0.020;8.38;-80.3;1.9;-2.6;-1932;113.2;8.16;12.3;
33.4454196117586;-118.485482764616;17:12:49.73;7/13/2016;9;2.022;173.38;12.0453350093692;1.03;168;176.92;1.5;8.1;25.3;.00;21.01;21.01;90;63;542.9;16;-3.9;D;572.9;26;25.517;2;2.11;190;170.23;-118.48543611;33.44519346;0;0;1;N;1.303768;66;66;11;75;75;163.914;0;9999.99;21.03;21.1534;2;9;22.8;0;22.7999992370605;33.83;1527.61961;07/13/16;17:09:50;21.79;51.41;33.83;-0.031;8.38;-80.5;0.9;3.3;352;113.1;8.16;12.5;
33.4454118462396;-118.485483414687;17:12:50.75;7/13/2016;9;1.935;176.11;12.0453350093692;1.26;166.2;175.1;0.03;7.18;25.3;.00;21.38;21.38;90;63;542.9;16;-3.9;D;572.9;26;24.677;2;2.06;189;169.75;-118.48543611;33.44519346;0;0;1;N;1.470816;57;57;11;78;78;162.7527;0;9999.99;21.38;21.507;2;9;22.8;0;22.7999992370605;33.83;1527.61951;07/13/16;17:09:51;21.78;51.41;33.83;-0.136;8.38;-80.3;1.3;-2.1;-1071;113.1;8.16;12.4;
33.4454024986035;-118.485482981938;17:12:51.78;7/13/2016;9;1.977;175.97;12.0453350093692;1.03;165.1;173.99;-0.48;4.45;25.3;.00;21.31;21.31;90;63;542.9;16;-3.9;D;572.9;26;23.647;2;2.03;189;169.4;-118.48543611;33.44519346;0;0;1;N;1.556574;54;54;11;80;80;162.1597;0;9999.99;21.30;21.427;2;9;22.8;0;22.7999992370605;33.83;1527.61961;07/13/16;17:09:52;21.78;51.41;33.83;-0.099;8.38;-80.2;1.6;-2.2;-128;113.1;8.16;12.3;
33.4453930015171;-118.485483689881;17:12:52.78;7/13/2016;9;2.07;179.45;12.0453350093692;1.03;165.9;174.8;-0.11;9.5;25.3;.00;21.31;21.31;90;63;542.9;16;-3.9;D;572.9;26;22.623;2;2.09;189;168.75;-118.48543611;33.44519346;0;0;1;N;1.744684;56;56;11;71;71;160.8674;0;9999.99;21.31;21.437;2;9;22.8;0;22.7999992370605;33.84;1527.63045;07/13/16;17:09:54;21.79;51.43;33.84;-0.118;8.38;-80.4;2.0;-6.5;-2297;113.1;8.16;12.4;
33.4453847720339;-118.485482744859;17:12:53.78;7/13/2016;9;1.997;174.82;12.0453350093692;1.03;167.5;176.42;0.62;5.53;25.3;.00;21.29;21.29;90;56;542.9;16;-3.5;D;644.9;26;21.709;2;2.02;189;168.5;-118.48543611;33.44519346;0;0;1;N;1.762799;61;61;11;64;64;160.7437;0;9999.99;21.29;21.417;2;9;22.8;0;22.7999992370605;33.84;1527.63045;07/13/16;17:09:54;21.79;51.43;33.84;-0.118;8.38;-80.4;2.0;-6.5;-2297;113.1;8.16;12.4;
33.4453740512353;-118.485481247873;17:12:54.80;7/13/2016;9;2.238;175.09;12.0453350093692;1.03;166.6;175.51;0.39;10.3;25.3;.00;21.24;21.24;90;56;542.9;16;-3.5;D;644.9;26;20.513;2;2.06;189;168.22;-118.48543611;33.44519346;0;0;1;N;1.761204;59;59;11;53;53;160.7546;0;9999.99;21.25;21.377;2;9;22.8;0;22.7999992370605;33.84;1527.6305;07/13/16;17:09:56;21.79;51.42;33.84;-0.111;8.38;-80.4;1.2;-1.4;-1607;113.2;8.16;12.3;
33.4453657575274;-118.485479530146;17:12:55.80;7/13/2016;9;1.782;175.17;12.0453350093692;1.03;162.9;171.77;-0.95;9.9;25.3;.00;20.64;20.64;90;56;542.9;16;-3.5;D;644.9;26;19.578;2;2.08;189;168.12;-118.48543611;33.44519346;0;0;1;N;1.731548;53;53;11;80;80;160.9574;0;9999.99;20.64;20.76759;2;9;22.7;0;22.7999992370605;33.84;1527.6305;07/13/16;17:09:56;21.79;51.42;33.84;-0.111;8.38;-80.4;1.2;-1.4;-1607;113.2;8.16;12.3;
33.4453550344366;-118.485477189315;17:12:56.80;7/13/2016;9;2.027;169.93;12.0453350093692;1.03;166.3;175.2;0.46;3.57;25.3;.00;21.12;21.12;90;62;542.8;16;-3.8;D;582.9;26;18.366;2;2.06;189;168.02;-118.48543611;33.44519346;0;0;1;N;1.649595;60;60;11;72;72;161.5191;0;9999.99;21.11;21.237;2;9;22.8;0;22.7999992370605;33.83;1527.61953;07/13/16;17:09:58;21.79;51.42;33.83;-0.068;8.38;-80.7;1.1;-0.1;-1303;113.3;8.17;12.4;
33.4453457800678;-118.485476169003;17:12:57.83;7/13/2016;9;2.005;174.04;12.0453350093692;1.03;163;171.87;-0.13;5.9;25.3;.00;21.07;21.07;90;62;542.8;16;-3.8;D;582.9;26;17.340;2;2.08;189;167.62;-118.48543611;33.44519346;0;0;1;N;1.680017;58;58;11;77;77;161.3103;0;9999.99;21.08;21.207;2;9;22.8;0;22.7999992370605;33.83;1527.61953;07/13/16;17:09:58;21.79;51.42;33.83;-0.068;8.38;-80.7;1.1;-0.1;-1303;113.3;8.17;12.4;
33.4453354159559;-118.485474338121;17:12:58.86;7/13/2016;9;2.163;171.41;12.0453350093692;1.03;165;173.89;-0.39;11.9;25.2;.00;21.05;21.05;90;62;542.8;16;-3.8;D;582.9;26;16.178;2;2;189;167.34;-118.48543611;33.44519346;0;0;1;N;1.647612;55;55;11;78;78;161.5327;0;9999.99;21.04;21.167;2;9;22.8;0;22.7999992370605;33.85;1527.64158;07/13/16;17:10:00;21.80;51.44;33.85;-0.040;8.38;-80.7;0.7;-2.0;-2937;113.2;8.16;12.3;
33.4453252435061;-118.485471894064;17:12:59.86;7/13/2016;9;2.292;168.12;12.0453350093692;1.03;166.6;175.51;1.12;10.1;25.3;.01;20.85;20.85;90;62;542.8;16;-3.8;D;582.9;26;15.025;2;2.06;189;167.23;-118.48543611;33.44519346;0;0;1;N;1.555955;64;64;11;74;74;162.164;0;9999.99;20.85;20.977;2;9;22.8;0;22.7999992370605;33.85;1527.64158;07/13/16;17:10:00;21.80;51.44;33.85;-0.040;8.38;-80.7;0.7;-2.0;-2937;113.2;8.16;12.3;
33.4453166445871;-118.485469759659;17:13:00.86;7/13/2016;9;1.864;170.52;12.0453350093692;1.03;167.9;176.82;-0.67;8.7;25.3;.00;20.74;20.75;90;59;542.7;16;-3.6;D;609.5;26;14.049;2;2;189;167.16;-118.48543611;33.44519346;0;0;1;N;1.471305;52;52;11;76;76;162.7493;0;9999.99;20.75;20.877;2;9;22.7;0;22.7000007629395;33.83;1527.36314;07/13/16;17:10:02;21.81;51.41;33.83;-0.065;8.39;-80.9;0.6;-0.3;190;113.3;8.17;12.4;
33.4453060564964;-118.485467270547;17:13:01.86;7/13/2016;9;2.123;169.34;12.0453350093692;1.03;167.2;176.11;-0.24;9.7;25.2;.00;20.87;20.88;90;57;542.6;16;-3.6;D;624.7;26;12.850;2;2.04;189;167;-118.48543611;33.44519346;0;0;1;N;1.37533;56;56;11;69;69;163.4156;0;9999.99;20.87;20.997;2;9;22.7;0;22.7000007629395;33.84;1527.37408;07/13/16;17:10:03;21.81;51.42;33.84;-0.083;8.38;-80.7;1.8;-0.7;930;113.3;8.17;12.4;
33.4452969174081;-118.485465504828;17:13:02.86;7/13/2016;9;2.059;168.3;12.0453350093692;1.03;165.6;174.5;-0.37;2.42;25.3;.00;20.20;20.20;90;57;542.6;16;-3.6;D;624.7;26;11.823;2;2.06;189;166.66;-118.48543611;33.44519346;0;0;1;N;1.341708;53;53;11;81;81;163.6496;0;9999.99;20.19;20.3184;2;9;22.8;0;22.7000007629395;33.84;1527.37408;07/13/16;17:10:03;21.81;51.42;33.84;-0.083;8.38;-80.7;1.8;-0.7;930;113.3;8.17;12.4;
33.4452865687037;-118.485464985702;17:13:03.88;7/13/2016;9;1.967;173.82;12.0453350093692;1.03;163.1;171.98;1.56;5.8;25.2;.00;20.68;20.68;90;57;542.6;16;-3.6;D;624.7;26;10.695;2;2;189;165.49;-118.48543611;33.44519346;0;0;1;N;1.433414;66;66;11;91;91;163.0121;0;9999.99;20.68;20.807;2;9;22.7;0;22.7000007629395;33.83;1527.363;07/13/16;17:10:04;21.81;51.41;33.83;-0.013;8.38;-80.7;0.9;-5.7;1104;113.3;8.17;12.4;
33.4452772198024;-118.485465147058;17:13:04.89;7/13/2016;9;2.003;176.13;12.0453350093692;1.03;163.1;171.98;-1.85;8.5;25.2;.00;20.63;20.64;90;57;542.6;16;-3.6;D;624.7;26;9.696;2;2.04;189;163.87;-118.48543611;33.44519346;0;0;1;N;1.576028;46;46;11;87;87;162.0257;0;9999.99;20.64;20.767;2;9;22.7;0;22.7000007629395;33.83;1527.36327;07/13/16;17:10:06;21.81;51.41;33.83;-0.046;8.38;-80.7;1.3;-2.9;-344;113.4;8.18;12.4;
33.4452668201197;-118.485463105752;17:13:05.89;7/13/2016;9;2.381;169.35;12.0453350093692;1.03;166.9;175.81;0.6;9.1;25.2;.00;20.64;20.65;90;63;542.4;16;-3.9;D;567.9;26;8.533;2;2.09;189;162.93;-118.48543611;33.44519346;0;0;1;N;1.508334;61;61;11;62;62;162.493;0;9999.99;20.63;20.757;2;9;22.8;0;22.7000007629395;33.83;1527.36327;07/13/16;17:10:06;21.81;51.41;33.83;-0.046;8.38;-80.7;1.3;-2.9;-344;113.4;8.18;12.4;
33.4452567488775;-118.485460558049;17:13:06.89;7/13/2016;9;2.107;170.56;12.0453350093692;1.03;165.8;174.7;0.62;11.3;25.3;.00;20.52;20.52;90;63;542.4;16;-3.9;D;567.9;26;7.394;2;2.14;189;162.13;-118.48543611;33.44519346;0;0;1;N;1.421251;61;61;11;81;81;163.0966;0;9999.99;20.53;20.657;2;9;22.7;0;22.7000007629395;33.84;1527.37403;07/13/16;17:10:08;21.82;51.42;33.84;-0.135;8.39;-80.8;1.5;-0.8;-4439;113.5;8.18;12.2;
33.4452462743429;-118.485458755157;17:13:07.89;7/13/2016;9;2.072;171.45;12.0453350093692;1.03;166.5;175.4;0.85;6.92;25.3;.01;20.42;20.43;90;63;542.4;16;-3.9;D;567.9;26;6.238;2;2.08;189;160.31;-118.48543611;33.44519346;0;0;1;N;1.3879;63;63;11;77;77;163.3285;0;9999.99;20.42;20.547;2;9;22.8;0;22.7000007629395;33.84;1527.37403;07/13/16;17:10:08;21.82;51.42;33.84;-0.135;8.39;-80.8;1.5;-0.8;-4439;113.5;8.18;12.2;
33.4452358573915;-118.485457963521;17:13:08.89;7/13/2016;9;2.08;172.64;12.0453350093692;1.03;165.3;174.19;-0.51;6.76;25.2;.00;19.78;19.78;90;63;542.4;16;-3.9;D;567.9;26;5.132;2;2.05;189;156.73;-118.48543611;33.44519346;0;0;1;N;1.453308;54;54;11;82;82;162.8744;0;9999.99;19.78;19.90953;2;9;22.8;0;22.7999992370605;33.83;1527.61974;07/13/16;17:10:10;21.83;51.41;33.83;-0.107;8.38;-80.6;0.7;-0.4;-1596;113.5;8.18;12.4;
33.4452249659266;-118.485455973645;17:13:09.89;7/13/2016;9;2.302;169.33;12.0453350093692;1.03;166.3;175.2;1.31;6.41;25.3;.00;20.24;20.25;90;63;542.3;16;-3.9;D;564.7;26;3.958;2;2.05;189;152.25;-118.48543611;33.44519346;0;0;1;N;1.414538;65;65;11;79;79;163.1454;0;9999.99;20.24;20.367;2;9;22.7;0;22.7000007629395;33.83;1527.36299;07/13/16;17:10:11;21.82;51.41;33.83;-0.096;8.38;-80.4;0.5;-1.1;-823;113.5;8.18;12.2;
33.4452142612525;-118.485453617503;17:13:10.89;7/13/2016;9;2.121;169.55;12.0453350093692;1.03;167.6;176.52;0.49;7.77;25.2;.01;19.89;19.90;90;63;542.3;16;-3.9;D;564.7;26;2.826;2;2.11;189;144.92;-118.48543611;33.44519346;0;0;1;N;1.336877;60;60;11;76;76;163.6828;0;9999.99;19.91;20.03852;2;9;22.7;0;22.7000007629395;33.83;1527.36299;07/13/16;17:10:11;21.82;51.41;33.83;-0.096;8.38;-80.4;0.5;-1.1;-823;113.5;8.18;12.2;
33.4452053420886;-118.485451930745;17:13:11.91;7/13/2016;9;1.928;170.6;12.0453350093692;1.03;163.5;172.38;-0.78;4.18;25.3;.00;20.14;20.14;90;63;542.3;16;-3.9;D;564.7;26;1.975;2;2.12;189;131.99;-118.48543611;33.44519346;0;0;1;N;1.304831;49;49;11;88;88;163.9079;0;9999.99;20.13;20.257;2;9;22.8;0;22.7999992370605;33.84;1527.63081;07/13/16;17:10:13;21.83;51.42;33.84;0.043;8.38;-80.3;-0.2;0.9;-2957;113.6;8.18;12.4;
33.4451960049701;-118.485451237974;17:13:12.94;7/13/2016;9;1.871;173.34;12.0453350093692;1.03;167.8;176.72;1.68;8.4;25.3;.01;19.97;19.98;90;59;542.0;16;-3.6;D;606.5;27;60.289;2;2.09;189;123.79;-118.48491119;33.44489449;0;0;1;N;0.454504;67;67;11;5;5;121.8099;0;9999.99;19.97;20.097;2;9;22.7;0;22.7999992370605;33.84;1527.63081;07/13/16;17:10:13;21.83;51.42;33.84;0.043;8.38;-80.3;-0.2;0.9;-2957;113.6;8.18;12.4;
33.4451869548238;-118.485449765668;17:13:13.94;7/13/2016;9;1.982;171.97;12.0453350093692;1.03;162.5;171.37;-2.71;-0.16;25.3;.01;19.92;19.93;90;59;542.0;16;-3.6;D;606.5;27;59.621;2;2.06;189;123.06;-118.48491119;33.44489449;0;0;1;N;1.21526;43;43;11;5;5;116.8311;0;9999.99;19.92;20.047;2;9;22.8;0;22.7999992370605;33.82;1527.60903;07/13/16;17:10:14;21.83;51.40;33.82;-0.184;8.38;-80.5;1.2;-0.2;-2387;113.7;8.19;12.4;
33.4451781783458;-118.485448528207;17:13:14.95;7/13/2016;9;2.128;175.29;12.0453350093692;1.03;155.9;164.78;1.05;5.84;25.3;.01;19.82;19.82;90;59;542.0;16;-3.6;D;606.5;27;58.998;2;2.07;189;122.32;-118.48491119;33.44489449;0;0;1;N;1.981572;63;63;11;5;5;110.6803;0;9999.99;19.80;19.927;2;9;22.8;0;22.7999992370605;33.81;1527.59812;07/13/16;17:10:16;21.82;51.39;33.81;-0.038;8.38;-80.7;1.1;-6.9;-1238;113.7;8.19;12.3;
33.4451689233353;-118.485446626148;17:13:15.95;7/13/2016;9;1.965;174.1;12.0453350093692;1.03;144.8;153.88;-0.48;9.6;25.3;.00;19.75;19.75;90;59;542.0;16;-3.6;D;606.5;27;58.303;2;2.09;189;121.56;-118.48491119;33.44489449;0;0;1;N;2.740592;54;54;11;5;5;105.4059;0;9999.99;19.76;19.887;2;9;22.7;0;22.7999992370605;33.81;1527.59812;07/13/16;17:10:16;21.82;51.39;33.81;-0.038;8.38;-80.7;1.1;-6.9;-1238;113.7;8.19;12.3;
33.4451595208355;-118.48544103927;17:13:16.98;7/13/2016;9;1.966;164.82;12.0453350093692;1.03;138;147.3;1.56;13.8;25.3;.00;19.75;19.75;90;65;541.8;16;-4;D;552.7;27;57.318;2;2.1;189;120.94;-118.48491119;33.44489449;0;0;1;N;3.333189;65;65;11;5;5;101.6948;0;9999.99;19.75;19.877;2;9;22.7;0;22.7000007629395;33.84;1527.37383;07/13/16;17:10:18;21.81;51.42;33.84;-0.100;8.39;-80.8;0.9;-2.9;-3436;113.7;8.20;12.4;
33.4451518256066;-118.485435185457;17:13:18.00;7/13/2016;9;1.955;154.43;12.0453350093692;1.03;129.9;139.57;0.61;6.2;25.3;.00;18.96;18.96;90;65;541.8;16;-4;D;552.7;27;56.414;2;2.06;189;120.48;-118.48491119;33.44489449;0;0;1;N;3.749617;61;61;11;5;5;99.20454;0;9999.99;18.97;19.09593;2;9;22.7;0;22.7000007629395;33.83;1527.36307;07/13/16;17:10:19;21.81;51.41;33.83;-0.111;8.38;-80.8;0.3;-2.8;-2835;113.7;8.20;12.4;
33.4451442149357;-118.485429684284;17:13:19.02;7/13/2016;9;2.195;155;12.0453350093692;1.03;124.5;134.47;1.28;13.9;25.3;.00;19.39;19.39;90;65;541.8;16;-4;D;552.7;27;55.547;2;2.06;189;119.99;-118.48491119;33.44489449;0;0;1;N;4.173236;65;65;11;5;5;96.76941;0;9999.99;19.39;19.517;2;9;22.8;0;22.7000007629395;33.83;1527.36307;07/13/16;17:10:19;21.81;51.41;33.83;-0.111;8.38;-80.8;0.3;-2.8;-2835;113.7;8.20;12.4;
33.4451372368639;-118.485420599545;17:13:20.03;7/13/2016;9;1.973;143.27;12.0453350093692;1.03;115.2;125.77;0.76;15.6;25.3;.00;18.91;18.91;90;64;541.6;16;-4;D;556.2;27;54.429;2;2.1;189;119.73;-118.48491119;33.44489449;0;0;1;N;4.353951;62;62;11;7;7;95.7597;0;9999.99;18.92;19.04563;2;9;22.7;0;22.7000007629395;33.84;1527.37402;07/13/16;17:10:21;21.80;51.42;33.84;-0.163;8.39;-80.8;1.0;-6.9;-2048;113.8;8.20;12.4;
33.4451320871337;-118.485411857961;17:13:21.03;7/13/2016;9;1.954;139.28;12.0453350093692;1.03;104.6;115.93;2.27;8.7;25.4;.00;18.63;18.63;90;64;541.6;16;-4;D;556.2;27;53.441;2;2.09;189;119.63;-118.48491119;33.44489449;0;0;1;N;4.394024;71;71;11;45;45;95.53896;0;9999.99;18.64;18.76357;2;9;22.7;0;22.7000007629395;33.84;1527.37402;07/13/16;17:10:21;21.80;51.42;33.84;-0.163;8.39;-80.8;1.0;-6.9;-2048;113.8;8.20;12.4;
33.4451287074111;-118.485404195125;17:13:22.03;7/13/2016;9;1.85;129.17;12.0453350093692;1.03;96.6;108.53;0.57;18.3;25.3;.00;19.17;19.18;90;64;541.6;16;-4;D;556.2;27;52.637;2;2.05;189;119.66;-118.48491119;33.44489449;0;0;1;N;4.316339;60;60;11;77;77;95.96792;0;9999.99;19.19;19.317;2;9;22.7;0;22.7000007629395;33.84;1527.37424;07/13/16;17:10:23;21.81;51.43;33.84;-0.181;8.38;-80.4;1.5;-5.2;-1841;113.7;8.20;12.4;
33.4451250439237;-118.485392528351;17:13:23.05;7/13/2016;9;2.386;117.38;12.0453350093692;1.03;95.5;107.51;-0.79;10.7;25.3;.00;18.57;18.57;90;64;541.6;16;-4;D;556.2;27;51.495;2;2.09;189;119.86;-118.48491119;33.44489449;0;0;1;N;4.047184;54;54;11;86;86;97.48109;0;9999.99;18.57;18.69861;2;9;22.8;0;22.7000007629395;33.84;1527.37424;07/13/16;17:10:23;21.81;51.43;33.84;-0.181;8.38;-80.4;1.5;-5.2;-1841;113.7;8.20;12.4;
33.4451212624947;-118.48538045575;17:13:24.05;7/13/2016;9;2.34;112.72;12.0453350093692;1.03;100.3;111.95;0.53;6.16;25.2;.00;19.02;19.02;90;64;541.3;16;-3.9;D;558.9;27;50.315;2;2.22;189;120.08;-118.48491119;33.44489449;0;0;1;N;3.751987;58;58;11;74;74;99.19064;0;9999.99;19.01;19.13875;2;9;22.7;0;22.7000007629395;33.85;1527.38489;07/13/16;17:10:24;21.82;51.43;33.85;-0.094;8.38;-80.4;0.9;-3.6;-992;113.8;8.20;12.4;
33.4451191143983;-118.485367809864;17:13:25.05;7/13/2016;9;1.966;109.39;12.0453350093692;1.03;95.9;107.88;0.77;5.71;25.2;.00;18.93;18.93;90;64;541.3;16;-3.9;D;558.9;27;49.181;2;2.19;189;120.52;-118.48491119;33.44489449;0;0;1;N;3.293538;62;62;11;101;101;101.9401;0;9999.99;18.93;19.057;2;9;22.7;0;22.7000007629395;33.84;1527.37404;07/13/16;17:10:26;21.83;51.42;33.84;-0.127;8.38;-80.7;1.4;-4.2;-743;113.8;8.20;12.4;
33.4451158849704;-118.485357798664;17:13:26.05;7/13/2016;9;1.972;111.84;12.0453350093692;1.03;95.1;107.14;1;8.7;25.2;.00;18.70;18.71;90;64;541.3;16;-3.9;D;558.9;27;48.199;2;2.12;189;120.71;-118.48491119;33.44489449;0;0;1;N;3.070199;63;63;11;112;112;103.3206;0;9999.99;18.71;18.837;2;9;22.7;0;22.7000007629395;33.84;1527.37404;07/13/16;17:10:26;21.83;51.42;33.84;-0.127;8.38;-80.7;1.4;-4.2;-743;113.8;8.20;12.4;
33.4451113261368;-118.485347403336;17:13:27.05;7/13/2016;9;2.216;111.92;12.0453350093692;1.03;101.6;113.15;-1;7.89;25.3;.01;18.46;18.46;90;63;541.0;16;-3.9;D;564.1;27;47.111;2;2.17;189;120.78;-118.48491119;33.44489449;0;0;1;N;2.938396;47;47;11;95;95;104.1484;0;9999.99;18.46;18.58963;2;9;22.7;0;22.7000007629395;33.83;1527.36324;07/13/16;17:10:28;21.83;51.41;33.83;0.079;8.38;-80.7;1.3;-3.8;-1099;113.8;8.20;12.5;
33.4451073213806;-118.48533606447;17:13:28.05;7/13/2016;9;2.23;108.21;12.0453350093692;1.03;102;113.52;2.66;6.82;25.2;.01;18.71;18.72;90;63;541.0;16;-3.9;D;564.1;27;45.979;2;2.21;189;120.98;-118.48491119;33.44489449;0;0;1;N;2.70828;78;78;11;95;95;105.6135;0;9999.99;18.70;18.827;2;9;22.7;0;22.7000007629395;33.83;1527.3632;07/13/16;17:10:29;21.82;51.41;33.83;-0.109;8.39;-80.9;1.3;-5.5;-1234;113.9;8.21;12.3;
33.4451038378601;-118.485323773527;17:13:29.05;7/13/2016;9;2.115;107.77;12.0453350093692;1.03;101.9;113.43;-3.24;5.37;25.2;.01;18.38;18.39;90;63;541.0;16;-3.9;D;564.1;27;44.803;2;2.18;189;121.3;-118.48491119;33.44489449;0;0;1;N;2.38086;43;43;11;104;104;107.7428;0;9999.99;18.40;18.527;2;9;22.7;0;22.7000007629395;33.83;1527.3632;07/13/16;17:10:29;21.82;51.41;33.83;-0.109;8.39;-80.9;1.3;-5.5;-1234;113.9;8.21;12.3;
33.4450987873439;-118.485313776579;17:13:30.05;7/13/2016;9;2.142;112.31;12.0453350093692;1.03;105.6;116.86;-0.61;12.8;25.2;.03;18.35;18.37;90;63;541.0;16;-3.9;D;564.1;27;43.719;2;2.17;189;121.31;-118.48491119;33.44489449;0;0;1;N;2.317503;53;53;11;92;92;108.1606;0;9999.99;18.32;18.447;2;9;22.7;0;22.7000007629395;33.81;1527.34287;07/13/16;17:10:31;21.81;51.39;33.81;0.174;8.38;-80.8;1.3;-1.9;-2264;113.9;8.21;12.4;
33.4450927580856;-118.485302693493;17:13:31.08;7/13/2016;9;2.289;116.08;12.0453350093692;1.03;107;118.15;4.54;16.8;25.3;.02;17.79;17.81;90;58;540.7;16;-3.6;D;612.7;27;42.492;2;2.25;188;121.25;-118.48491119;33.44489449;0;0;1;N;2.287388;85;85;11;86;86;108.3598;0;9999.99;17.79;17.91436;2;9;22.7;0;22.7000007629395;33.81;1527.34287;07/13/16;17:10:31;21.81;51.39;33.81;0.174;8.38;-80.8;1.3;-1.9;-2264;113.9;8.21;12.4;
33.445090063867;-118.48529224702;17:13:32.09;7/13/2016;9;1.687;112.6;12.0453350093692;1.03;100.4;112.05;-3.06;6.71;25.2;.01;17.54;17.54;90;58;540.7;16;-3.6;D;612.7;27;41.508;2;2.2;188;121.6;-118.48491119;33.44489449;0;0;1;N;1.998914;43;43;11;120;120;110.2873;0;9999.99;17.58;17.7055;2;9;22.7;0;22.7000007629395;33.83;1527.36364;07/13/16;17:10:33;21.80;51.41;33.83;-0.181;8.38;-80.6;0.5;-4.7;-2214;113.9;8.21;12.4;
33.4450859881508;-118.485281389951;17:13:33.11;7/13/2016;9;2.209;113.46;12.0453350093692;1.03;106;117.23;1.25;15.4;25.3;.01;18.02;18.02;90;58;540.7;16;-3.6;D;612.7;27;40.413;2;2.15;188;121.8;-118.48491119;33.44489449;0;0;1;N;1.794066;61;61;11;106;106;111.6763;0;9999.99;17.99;18.117;2;9;22.7;0;22.7000007629395;33.83;1527.36364;07/13/16;17:10:33;21.80;51.41;33.83;-0.181;8.38;-80.6;0.5;-4.7;-2214;113.9;8.21;12.4;
33.4450818311022;-118.485269773427;17:13:34.13;7/13/2016;9;1.982;113.46;12.0453350093692;1.03;105.5;116.76;0.49;7.81;25.3;.00;18.02;18.02;90;57;540.5;16;-3.6;D;619.7;27;39.254;2;2.14;188;122.05;-118.48491119;33.44489449;0;0;1;N;1.570307;60;60;11;113;113;113.2108;0;9999.99;18.02;18.147;2;9;22.7;0;22.7000007629395;33.84;1527.37444;07/13/16;17:10:35;21.80;51.42;33.84;-0.120;8.38;-80.5;0.9;-0.5;-3104;113.9;8.21;12.3;
33.4450772736196;-118.485258335603;17:13:35.13;7/13/2016;9;2.133;114.7;12.0453350093692;1.19;110.5;121.4;-0.46;6.3;25.2;.00;17.56;17.56;90;57;540.5;16;-3.6;D;619.7;27;38.086;2;2.12;188;122.25;-118.48491119;33.44489449;0;0;1;N;1.38252;54;54;11;99;99;114.5114;0;9999.99;17.56;17.687;2;9;22.7;0;22.7000007629395;33.84;1527.37444;07/13/16;17:10:35;21.80;51.42;33.84;-0.120;8.38;-80.5;0.9;-0.5;-3104;113.9;8.21;12.3;
33.4450714502016;-118.48524809388;17:13:36.14;7/13/2016;9;2.045;118.73;12.0453350093692;1.19;111.1;121.95;1.15;9.8;25.3;.00;17.46;17.46;90;57;540.5;16;-3.6;D;619.7;27;36.937;2;2.09;188;122.19;-118.48491119;33.44489449;0;0;1;N;1.378443;64;64;11;97;97;114.5396;0;9999.99;17.47;17.597;2;9;22.7;0;22.7000007629395;33.85;1527.38482;07/13/16;17:10:36;21.80;51.43;33.85;-0.046;8.38;-80.5;0.9;-2.6;-3229;114.0;8.21;12.3;
33.4450668570343;-118.485239751431;17:13:37.14;7/13/2016;9;1.988;118.79;12.0453350093692;1.19;111.6;122.42;-1.27;5.89;25.3;.00;17.27;17.27;90;57;540.5;16;-3.6;D;619.7;27;36.010;2;2.09;188;122.16;-118.48491119;33.44489449;0;0;1;N;1.364595;49;49;11;96;96;114.6361;0;9999.99;17.26;17.387;2;9;22.7;0;22.7000007629395;33.83;1527.36284;07/13/16;17:10:38;21.80;51.41;33.83;-0.149;8.38;-80.7;1.2;-1.4;-291;113.9;8.21;12.4;
33.4450611641219;-118.48523050394;17:13:38.17;7/13/2016;9;2.122;123.61;12.0453350093692;1.19;110.6;121.49;-1.08;6.65;25.2;.00;17.16;17.16;90;56;540.2;16;-3.5;D;631.1;27;34.946;2;2.09;188;122.03;-118.48491119;33.44489449;0;0;1;N;1.405893;51;51;11;98;98;114.3489;0;9999.99;17.15;17.277;2;9;22.7;0;22.7000007629395;33.83;1527.36284;07/13/16;17:10:38;21.80;51.41;33.83;-0.149;8.38;-80.7;1.2;-1.4;-291;113.9;8.21;12.4;
33.4450547725604;-118.485220560657;17:13:39.17;7/13/2016;9;2.149;123.66;12.0453350093692;1.19;118.3;128.66;1.84;15;25.3;.01;16.47;16.48;90;56;540.2;16;-3.5;D;631.1;27;33.787;2;2.17;188;121.84;-118.48491119;33.44489449;0;0;1;N;1.459499;74;74;11;74;74;113.9769;0;9999.99;16.50;16.62237;2;9;22.7;0;22.7000007629395;33.84;1527.37411;07/13/16;17:10:40;21.79;51.42;33.84;-0.040;8.37;-80.1;1.2;-2.4;-2863;114.0;8.22;12.3;
33.4450491207817;-118.485208557533;17:13:40.17;7/13/2016;9;2.433;122.48;12.0453350093692;1.19;109.2;120.19;-3.74;6.01;25.3;.00;17.02;17.03;90;56;540.2;16;-3.5;D;631.1;27;32.510;2;2.09;188;121.93;-118.48491119;33.44489449;0;0;1;N;1.368546;43;43;11;105;105;114.6086;0;9999.99;16.99;17.117;2;9;22.7;0;22.7000007629395;33.84;1527.37411;07/13/16;17:10:40;21.79;51.42;33.84;-0.040;8.37;-80.1;1.2;-2.4;-2863;114.0;8.22;12.3;
33.4450451767045;-118.485198340159;17:13:41.17;7/13/2016;9;2.106;119.72;12.0453350093692;1.03;115;125.58;-1.14;4.21;25.2;.02;16.62;16.64;90;57;540.0;16;-3.5;D;629.5;27;31.474;2;2.09;188;122.17;-118.48491119;33.44489449;0;0;1;N;1.188138;43;43;11;92;92;115.8685;0;9999.99;16.61;16.737;2;9;22.7;0;22.7000007629395;33.85;1527.38544;07/13/16;17:10:41;21.80;51.44;33.85;-0.099;8.38;-80.6;0.5;-4.4;-2967;113.9;8.21;12.4;
33.4450376473563;-118.485186884963;17:13:42.17;7/13/2016;9;2.465;119.72;12.0453350093692;1.03;113.9;124.56;3.56;11.7;25.2;.02;16.21;16.23;90;57;540.0;16;-3.5;D;629.5;27;30.128;2;2.09;188;121.89;-118.48491119;33.44489449;0;0;1;N;1.277959;78;78;11;90;90;115.2401;0;9999.99;16.24;16.37028;2;9;22.7;0;22.7000007629395;33.83;1527.36536;07/13/16;17:10:43;21.81;51.42;33.83;0.041;8.39;-80.8;0.9;-2.9;-2472;113.9;8.21;12.4;
33.4450266255366;-118.485171173156;17:13:43.17;7/13/2016;9;3.176;125.38;12.0453350093692;1.03;115.4;125.95;-1.11;9.4;25.2;.00;16.58;16.58;90;57;540.0;16;-3.5;D;629.5;27;28.245;2;2.17;188;121.35;-118.48491119;33.44489449;0;0;1;N;1.470412;50;50;11;87;87;113.9013;0;9999.99;16.57;16.697;2;9;22.7;0;22.7000007629395;33.83;1527.36536;07/13/16;17:10:43;21.81;51.42;33.83;0.041;8.39;-80.8;0.9;-2.9;-2472;113.9;8.21;12.4;
33.445019335167;-118.485160540242;17:13:44.17;7/13/2016;9;2.364;124.71;12.0453350093692;1.03;113.7;124.37;0.71;11.8;25.2;.01;16.02;16.02;90;57;540.0;16;-3.5;D;629.5;27;26.981;2;2.15;188;120.97;-118.48491119;33.44489449;0;0;1;N;1.58183;61;61;11;82;82;113.1313;0;9999.99;16.02;16.15117;2;9;22.7;0;22.7000007629395;33.84;1527.37393;07/13/16;17:10:44;21.81;51.42;33.84;-0.113;8.38;-80.5;1.2;-3.4;2833;113.9;8.21;12.3;
33.4450137435431;-118.485150759129;17:13:45.17;7/13/2016;8;2.18;126.79;12.0453350093692;1.26;107.1;118.25;-1.13;8.2;25.2;.01;16.26;16.27;89;58;539.7;16;-3.6;D;615.4;27;25.883;2;2.15;188;120.82;-118.48491119;33.44489449;0;0;1;N;1.599141;50;50;11;106;106;113.0121;0;9999.99;16.25;16.377;2;9;22.7;0;22.7000007629395;33.84;1527.37484;07/13/16;17:10:46;21.81;51.42;33.84;0.093;8.34;-78.2;0.8;-0.7;-1255;114.0;8.21;12.4;
33.4450080112268;-118.48514140264;17:13:46.17;7/13/2016;9;2.142;121.1;12.0453350093692;1.03;112.7;123.44;1.32;10.4;25.2;.00;15.70;15.71;89;58;539.7;16;-3.6;D;615.4;27;24.811;2;2.1;188;120.58;-118.48491119;33.44489449;0;0;1;N;1.62427;65;65;11;85;85;112.8392;0;9999.99;15.71;15.8403;2;9;22.7;0;22.7000007629395;33.84;1527.37484;07/13/16;17:10:46;21.81;51.42;33.84;0.093;8.34;-78.2;0.8;-0.7;-1255;114.0;8.21;12.4;
33.4450019609306;-118.485130637154;17:13:47.17;7/13/2016;9;2.228;122.5;12.0453350093692;1.03;112;122.79;-2.07;5.52;25.2;.00;15.82;15.83;89;58;539.7;16;-3.6;D;615.4;27;23.609;2;2.19;188;120.41;-118.48491119;33.44489449;0;0;1;N;1.614042;48;48;11;87;87;112.9096;0;9999.99;15.81;15.937;2;9;22.7;0;22.7000007629395;33.85;1527.38487;07/13/16;17:10:48;21.81;51.43;33.85;-0.208;8.38;-80.3;1.3;47.6;39039;114.0;8.21;12.4;
33.4449969528353;-118.485120160051;17:13:48.19;7/13/2016;9;2.055;120.48;12.0453350093692;1.03;111;121.86;-1.64;3.25;25.2;.01;15.58;15.59;89;61;539.5;16;-3.8;D;585.9;27;22.489;2;2.11;188;120.44;-118.48491119;33.44489449;0;0;1;N;1.530989;47;47;11;93;93;113.4823;0;9999.99;15.56;15.687;2;9;22.7;0;22.7000007629395;33.85;1527.38487;07/13/16;17:10:48;21.81;51.43;33.85;-0.208;8.38;-80.3;1.3;47.6;39039;114.0;8.21;12.4;
33.4449938750028;-118.485109602197;17:13:49.19;7/13/2016;9;2.12;124.93;12.0453350093692;1.03;112;122.79;1.49;15.8;25.2;.01;15.08;15.09;89;61;539.5;16;-3.8;D;585.9;27;21.471;2;2.15;188;120.98;-118.48491119;33.44489449;0;0;1;N;1.257957;66;66;11;97;97;115.3799;0;9999.99;15.11;15.23392;2;9;22.7;0;22.7000007629395;33.84;1527.3747;07/13/16;17:10:50;21.82;51.42;33.84;-0.100;8.38;-80.6;1.5;-0.9;-2445;113.9;8.21;12.3;
33.4449876676043;-118.48510022779;17:13:50.20;7/13/2016;9;2.118;124.68;12.0453350093692;1.03;112.5;123.26;-5.35;5;25.2;.01;15.44;15.45;89;61;539.5;16;-3.8;D;585.9;27;20.371;2;2.15;187;120.57;-118.48491119;33.44489449;0;0;1;N;1.337838;43;43;11;97;97;114.8225;0;9999.99;15.39;15.517;2;9;22.7;0;22.7000007629395;33.44;1526.93475;07/13/16;17:10:51;21.82;50.88;33.44;0.044;8.38;-80.6;0.8;-0.4;-93;113.9;8.23;12.4;
33.4449807292511;-118.485090135488;17:13:51.20;7/13/2016;9;2.303;124.12;12.0453350093692;1.03;116.8;127.26;0.08;11.4;25.2;.05;14.78;14.84;89;61;539.5;16;-3.8;D;585.9;27;19.173;2;2.19;187;120.01;-118.48491119;33.44489449;0;0;1;N;1.432433;52;52;11;71;71;114.1647;0;9999.99;14.78;14.90372;2;9;22.7;0;22.7000007629395;33.44;1526.93475;07/13/16;17:10:51;21.82;50.88;33.44;0.044;8.38;-80.6;0.8;-0.4;-93;113.9;8.23;12.4;
33.4449792941962;-118.485081385304;17:13:52.22;7/13/2016;9;1.232;124.12;12.0453350093692;1.03;111.9;122.7;4.24;7.91;25.2;.05;14.84;14.90;89;57;539.3;16;-3.5;D;625.2;27;18.393;2;2.08;187;120.84;-118.48491119;33.44489449;0;0;1;N;1.120692;82;82;11;102;102;116.3418;0;9999.99;14.88;15.007;2;9;22.7;0;22.7000007629395;33.84;1527.37939;07/13/16;17:10:53;21.83;51.42;33.84;0.226;8.38;-80.6;1.1;-6.9;-1026;113.9;8.21;12.4;
33.4449798610462;-118.485074289129;17:13:53.23;7/13/2016;9;1.26;124.12;12.0453350093692;1.26;108.5;119.54;-1.78;10.5;25.2;.01;14.59;14.60;89;57;539.3;16;-3.5;D;625.2;27;17.864;2;2.09;187;122.1;-118.48491119;33.44489449;0;0;1;N;0.7071454;51;51;11;122;122;119.2648;0;9999.99;14.58;14.70879;2;9;22.7;0;22.7000007629395;33.84;1527.37939;07/13/16;17:10:53;21.83;51.42;33.84;0.226;8.38;-80.6;1.1;-6.9;-1026;113.9;8.21;12.4;
33.4449767488849;-118.485064105742;17:13:54.27;7/13/2016;8;1.934;124.12;12.0453350093692;1.26;114.3;124.93;-1.53;9.9;25.2;.00;14.79;14.79;89;57;539.3;16;-3.5;D;625.2;27;16.881;2;2.17;187;122.81;-118.48491119;33.44489449;0;0;1;N;0.4447305;48;48;11;112;112;121.1344;0;9999.99;14.77;14.897;2;9;22.7;0;22.7000007629395;33.84;1527.37393;07/13/16;17:10:55;21.83;51.43;33.84;-0.014;8.38;-80.7;2.1;-4.3;873;113.9;8.21;12.4;
33.4449716035275;-118.485053879416;17:13:55.27;7/13/2016;8;2.158;121.99;12.0453350093692;1.26;117.4;127.82;4.08;11.7;25.2;.00;14.30;14.31;89;55;539.1;16;-3.4;D;645.2;27;15.774;2;2.14;187;122.93;-118.48491119;33.44489449;0;0;1;N;0.3766027;81;81;11;102;102;121.621;0;9999.99;14.34;14.46269;2;9;22.7;0;22.7000007629395;33.84;1527.37393;07/13/16;17:10:55;21.83;51.43;33.84;-0.014;8.38;-80.7;2.1;-4.3;873;113.9;8.21;12.4;
33.4449671246663;-118.485045162636;17:13:56.27;7/13/2016;9;1.834;124.29;12.0453350093692;1.26;114.6;125.21;-5.38;4.85;25.3;.00;14.58;14.58;89;55;539.1;16;-3.4;D;645.2;27;14.824;2;2.07;187;123.01;-118.48491119;33.44489449;0;0;1;N;0.3386328;43;43;11;116;116;121.8924;0;9999.99;14.54;14.667;2;9;22.7;0;22.7000007629395;33.84;1527.37387;07/13/16;17:10:57;21.84;51.42;33.84;-0.217;8.38;-80.3;0.7;77.7;92050;114.0;8.21;12.4;
33.4449622671873;-118.485034495405;17:13:57.28;7/13/2016;9;2.008;122.64;12.0453350093692;1.03;121.5;131.65;2.52;9.4;25.2;.01;14.25;14.26;89;55;539.1;16;-3.4;D;645.2;27;13.700;2;2.08;187;123.37;-118.48491119;33.44489449;0;0;1;N;0.2120745;72;72;11;92;92;122.7978;0;9999.99;14.26;14.387;2;9;22.7;0;22.7000007629395;33.84;1527.37387;07/13/16;17:10:57;21.84;51.42;33.84;-0.217;8.38;-80.3;0.7;77.7;92050;114.0;8.21;12.4;
33.4449586040643;-118.485028101814;17:13:58.30;7/13/2016;9;1.383;122.64;12.0453350093692;1.02;119.7;129.97;0.19;10.6;25.2;.01;14.03;14.04;89;55;539.1;16;-3.4;D;645.2;27;12.980;2;2.08;187;123.31;-118.48491119;33.44489449;0;0;1;N;0.2223978;58;58;11;98;98;122.7239;0;9999.99;14.05;14.17202;2;9;22.7;0;22.7000007629395;33.83;1527.36403;07/13/16;17:10:59;21.85;51.41;33.83;-0.090;8.38;-80.7;1.5;0.4;515;114.0;8.21;12.4;
33.4449512182713;-118.485019331593;17:13:59.31;7/13/2016;9;1.973;127.16;12.0453350093692;1.02;124.9;134.85;-0.11;-2.84;25.2;.00;14.09;14.09;89;59;538.9;16;-3.6;D;606.3;27;11.852;2;1.99;187;122.16;-118.48491119;33.44489449;0;0;1;N;0.4249716;56;56;11;73;73;121.2756;0;9999.99;14.07;14.197;2;9;22.7;0;22.7000007629395;33.83;1527.36403;07/13/16;17:10:59;21.85;51.41;33.83;-0.090;8.38;-80.7;1.5;0.4;515;114.0;8.21;12.4;
33.4449455;-118.485014;17:14:00.33;7/13/2016;9;2.188;137;12.0453350093692;1.02;124.2;134.19;1.17;9.9;25.2;.00;13.92;13.92;89;59;538.9;16;-3.6;D;606.3;27;11.185;2;2.04;187;121.44;-118.48491119;33.44489449;0;0;1;N;0.5382422;64;64;11;72;72;120.4673;0;9999.99;13.94;14.067;2;9;22.7;0;22.7000007629395;33.85;1527.38482;07/13/16;17:11:01;21.86;51.43;33.85;-0.071;8.38;-80.8;1.0;-5.3;-1663;114.0;8.21;12.4;
33.4449389030267;-118.485003962436;17:14:01.34;7/13/2016;9;1.947;134.32;12.0453350093692;1.02;127.7;137.49;-0.77;5.49;25.2;.00;13.77;13.77;89;59;538.9;16;-3.6;D;606.3;27;9.924;2;2.09;187;119.84;-118.48491119;33.44489449;0;0;1;N;0.8596722;52;52;11;53;53;118.9683;0;9999.99;13.76;13.887;2;9;22.7;0;22.7000007629395;33.85;1527.38482;07/13/16;17:11:01;21.86;51.43;33.85;-0.071;8.38;-80.8;1.0;-5.3;-1663;114.0;8.21;12.4;
33.444933536186;-118.484993631948;17:14:02.36;7/13/2016;9;2.125;130.72;12.0453350093692;1.02;123;133.06;-1.16;9.5;25.3;.00;13.29;13.29;89;59;538.9;16;-3.6;D;606.3;27;8.795;2;2.03;187;119.58;-118.48491119;33.44489449;0;0;1;N;0.9125029;50;50;11;72;72;119.269;0;9999.99;13.27;13.40082;2;9;22.7;0;22.7000007629395;33.85;1527.38495;07/13/16;17:11:03;21.87;51.43;33.85;-0.023;8.38;-80.5;1.6;-4.0;-1016;114.0;8.21;12.4;
33.4449254595558;-118.484985789339;17:14:03.36;7/13/2016;9;2.084;136.41;12.0453350093692;1.02;126.1;135.98;0.53;3.87;25.3;.00;13.29;13.29;89;58;538.8;16;-3.6;D;610.4;27;7.731;2;2.13;187;116.45;-118.48491119;33.44489449;0;0;1;N;0.9307367;60;60;11;51;51;116.9594;0;9999.99;13.31;13.437;2;9;22.7;0;22.7000007629395;33.85;1527.38495;07/13/16;17:11:03;21.87;51.43;33.85;-0.023;8.38;-80.5;1.6;-4.0;-1016;114.0;8.21;12.4;
33.44492;-118.484979;17:14:04.36;7/13/2016;9;1.96;133.68;12.0453350093692;1.02;123.2;133.25;-2.96;7.67;25.3;.01;13.17;13.18;89;58;538.8;16;-3.6;D;610.4;27;6.740;2;2.06;187;114.01;-118.48491119;33.44489449;0;0;1;N;1.189371;43;43;11;57;57;115.8604;0;9999.99;13.14;13.267;2;9;22.7;0;22.7000007629395;33.86;1527.39595;07/13/16;17:11:05;21.88;51.45;33.86;-0.010;8.38;-80.8;1.7;-3.9;-2708;114.1;8.21;12.4;
33.4449143333333;-118.484972;17:14:05.38;7/13/2016;9;1.881;133.98;12.0453350093692;1.02;120.5;130.72;1.45;7.64;25.3;.01;12.89;12.90;89;58;538.8;16;-3.6;D;610.4;27;5.912;2;2.03;187;111.39;-118.48491119;33.44489449;0;0;1;N;1.313643;65;65;11;66;66;114.9915;0;9999.99;12.90;13.027;2;9;22.7;0;22.7000007629395;33.86;1527.39595;07/13/16;17:11:05;21.88;51.45;33.86;-0.010;8.38;-80.8;1.7;-3.9;-2708;114.1;8.21;12.4;
33.4449071000153;-118.484961530648;17:14:06.41;7/13/2016;9;2.083;127.71;12.0453350093692;1.02;118;128.38;0.15;11.4;25.3;.00;12.45;12.45;89;59;538.6;16;-3.7;D;600.6;27;4.876;2;2.07;187;106.71;-118.48491119;33.44489449;0;0;1;N;1.442274;58;58;11;69;69;113.921;0;9999.99;12.46;12.58727;2;9;22.7;0;22.7000007629395;33.84;1527.3745;07/13/16;17:11:07;21.89;51.42;33.84;-0.115;8.38;-80.6;1.4;2.4;-2708;114.1;8.21;12.5;
33.444901743089;-118.48495317428;17:14:07.42;7/13/2016;9;1.933;125.8;12.0453350093692;1.02;113.8;124.46;-0.61;4.41;25.2;.00;12.75;12.75;89;59;538.6;16;-3.7;D;600.6;27;3.978;2;2.07;187;101.7;-118.48491119;33.44489449;0;0;1;N;1.50626;54;54;11;76;76;113.4865;0;9999.99;12.75;12.877;2;9;22.7;0;22.7000007629395;33.85;1527.38491;07/13/16;17:11:08;21.89;51.44;33.85;-0.114;8.38;-80.7;1.1;0.8;-958;114.1;8.21;12.3;
33.444895517414;-118.484944306602;17:14:08.45;7/13/2016;9;2.34;128.24;12.0453350093692;1.02;118;128.38;-2.33;8.6;25.2;.00;12.60;12.60;89;59;538.6;16;-3.7;D;600.6;27;3.075;2;2.11;187;92.13;-118.48491119;33.44489449;0;0;1;N;1.500906;43;43;11;65;65;112.7606;0;9999.99;12.57;12.697;2;9;22.7;0;22.7000007629395;33.85;1527.38491;07/13/16;17:11:08;21.89;51.44;33.85;-0.114;8.38;-80.7;1.1;0.8;-958;114.1;8.21;12.3;
33.4448927905902;-118.484935377083;17:14:09.47;7/13/2016;9;1.187;128.24;12.0453350093692;1.02;117.5;127.91;2.28;9;25.2;.01;12.09;12.10;89;59;538.6;16;-3.7;D;600.6;28;59.162;2;2.12;187;91.99;-118.48429813;33.44487433;0;0;1;N;0.1962191;71;71;11;5;5;91.31236;0;9999.99;12.13;12.25448;2;9;22.7;0;22.7000007629395;33.84;1527.37411;07/13/16;17:11:10;21.90;51.42;33.84;0.048;8.38;-80.6;1.6;-0.7;-1240;114.2;8.22;12.3;
33.444888233996;-118.484926745814;17:14:10.47;7/13/2016;9;1.87;126.23;12.0453350093692;1.02;108.9;119.91;-3.28;3.6;25.2;.01;12.24;12.25;89;55;538.4;16;-3.4;D;649.3;28;58.346;2;1.99;187;91.52;-118.48429813;33.44487433;0;0;1;N;0.6942703;43;43;11;5;5;88.49881;0;9999.99;12.21;12.337;2;9;22.7;0;22.7000007629395;33.84;1527.37468;07/13/16;17:11:11;21.90;51.42;33.84;-0.096;8.38;-80.5;2.0;83.4;-1192;114.2;8.22;12.4;
33.4448789089228;-118.484916499851;17:14:11.47;7/13/2016;9;2.982;132.74;12.0453350093692;1.02;106.7;117.87;3.08;2.29;25.3;.01;11.96;11.98;89;55;538.4;16;-3.4;D;649.3;28;57.377;2;2.02;187;90.51;-118.48429813;33.44487433;0;0;1;N;1.70396;75;75;11;5;5;81.40862;0;9999.99;11.97;12.097;2;9;22.8;0;22.7000007629395;33.84;1527.37484;07/13/16;17:11:12;21.90;51.42;33.84;0.120;8.38;-80.5;1.4;-5.2;-2776;114.2;8.21;12.2;
33.4448744433024;-118.484907175982;17:14:12.48;7/13/2016;9;2.133;121.84;12.0453350093692;1.26;92.8;105.02;-0.97;13.3;25.2;.00;11.59;11.60;89;55;538.4;16;-3.4;D;649.3;28;56.509;2;1.95;187;90.01;-118.48429813;33.44487433;0;0;1;N;2.017216;51;51;11;18;18;77.77209;0;9999.99;11.61;11.73528;2;9;22.8;0;22.7999992370605;33.84;1527.63077;07/13/16;17:11:13;21.91;51.43;33.84;-0.180;8.38;-80.6;2.0;-0.6;-1812;114.2;8.22;12.5;
33.4448717869436;-118.484895075702;17:14:13.52;7/13/2016;8;2.056;117.4;12.0453350093692;1.26;83.4;96.3;2.59;7.32;25.3;.00;11.92;11.92;89;62;538.3;16;-3.9;D;570.4;28;55.387;2;2;187;89.71;-118.48429813;33.44487433;0;0;1;N;2.458726;73;73;11;43;43;75.17295;0;9999.99;11.92;12.047;2;9;22.7;0;22.7999992370605;33.84;1527.6307;07/13/16;17:11:14;21.91;51.42;33.84;-0.042;8.38;-80.7;2.5;-4.5;-1540;114.3;8.22;12.4;
33.4448700431558;-118.484883679803;17:14:14.53;7/13/2016;9;2.13;109.7;12.0453350093692;1.02;79.8;92.94;1.48;12.4;25.3;.00;11.40;11.40;89;62;538.3;16;-3.9;D;570.4;28;54.331;2;2.03;187;89.5;-118.48429813;33.44487433;0;0;1;N;2.615279;66;66;11;52;52;74.15304;0;9999.99;11.43;11.55341;2;9;22.8;0;22.7999992370605;33.83;1527.61983;07/13/16;17:11:15;21.91;51.42;33.83;-0.175;8.37;-80.2;1.4;-3.6;-1926;114.2;8.22;12.4;
33.4448698471297;-118.484873616454;17:14:15.55;7/13/2016;9;1.935;95.39;12.0453350093692;1.02;72.9;86.48;-1.16;9.6;25.2;.00;11.41;11.42;89;62;538.3;16;-3.9;D;570.4;28;53.398;2;1.98;187;89.46;-118.48429813;33.44487433;0;0;1;N;2.615436;50;50;11;78;78;74.15229;0;9999.99;11.41;11.537;2;9;22.8;0;22.7999992370605;33.84;1527.63089;07/13/16;17:11:16;21.91;51.43;33.84;-0.117;8.38;-80.5;1.8;-1.8;-3735;114.3;8.22;12.3;
33.4448702895907;-118.48486290454;17:14:16.56;7/13/2016;9;1.88;91.31;12.0453350093692;1.02;72.4;86.01;1.49;10.4;25.2;.00;11.33;11.33;89;62;538.3;16;-3.9;D;570.4;28;52.404;2;2.01;187;89.51;-118.48429813;33.44487433;0;0;1;N;2.533592;66;66;11;82;82;74.68286;0;9999.99;11.33;11.457;2;9;22.7;0;22.7000007629395;33.85;1527.385;07/13/16;17:11:17;21.91;51.44;33.85;-0.019;8.38;-80.7;1.2;-6.8;-2926;114.2;8.22;12.5;
33.444871065214;-118.484852110312;17:14:17.56;7/13/2016;9;1.89;88.21;12.0453350093692;1.02;68.7;82.52;-0.81;8.6;25.2;.00;10.95;10.95;89;54;538.1;16;-3.4;D;656.2;28;51.401;2;2;187;89.6;-118.48429813;33.44487433;0;0;1;N;2.414265;52;52;11;99;99;75.46244;0;9999.99;10.95;11.07967;2;9;22.8;0;22.7000007629395;33.85;1527.38499;07/13/16;17:11:18;21.92;51.43;33.85;-0.198;8.38;-80.3;1.9;-4.5;-1526;114.3;8.22;12.4;
33.4448721242485;-118.484842208669;17:14:18.58;7/13/2016;9;2.001;83.98;12.0453350093692;1.02;74;87.51;1.1;7.99;25.2;.00;11.03;11.03;89;54;538.1;16;-3.4;D;656.2;28;50.482;2;2.03;187;89.72;-118.48429813;33.44487433;0;0;1;N;2.243766;64;64;11;83;83;76.58926;0;9999.99;11.03;11.157;2;9;22.8;0;22.7999992370605;33.84;1527.6305;07/13/16;17:11:19;21.93;51.43;33.84;-0.069;8.38;-80.6;1.3;-6.6;-2118;114.2;8.22;12.5;
33.4448735198536;-118.484830386858;17:14:19.59;7/13/2016;9;2.27;85.03;12.0453350093692;1.02;69.2;82.99;-0.17;16;25.2;.00;10.60;10.60;89;54;538.1;16;-3.4;D;656.2;28;49.385;2;2.05;187;89.9;-118.48429813;33.44487433;0;0;1;N;2.059301;60;60;11;107;107;77.82121;0;9999.99;10.61;10.73446;2;9;22.8;0;22.7999992370605;33.85;1527.64161;07/13/16;17:11:20;21.94;51.44;33.85;-0.111;8.39;-80.9;1.8;-4.0;-2484;114.3;8.22;12.4;
33.4448746244244;-118.484816997896;17:14:20.61;7/13/2016;9;2.103;84.06;12.0453350093692;1.02;71.3;84.97;-1.75;4.49;25.3;.00;10.75;10.76;89;59;538.0;16;-3.6;D;604;28;48.142;2;2.03;187;90.04;-118.48429813;33.44487433;0;0;1;N;1.883272;47;47;11;103;103;79.00937;0;9999.99;10.74;10.86674;2;9;22.8;0;22.7999992370605;33.86;1527.65261;07/13/16;17:11:21;21.94;51.45;33.86;-0.109;8.38;-80.3;1.6;-2.2;-1788;114.4;8.23;12.4;
33.4448760241707;-118.484806148297;17:14:21.63;7/13/2016;9;1.908;81.86;12.0453350093692;1.02;69.8;83.56;1.06;11;25.2;.01;10.46;10.46;89;59;538.0;16;-3.6;D;604;28;47.136;2;2.03;187;90.23;-118.48429813;33.44487433;0;0;1;N;1.696325;67;67;11;115;115;80.28458;0;9999.99;10.47;10.597;2;9;22.8;0;22.7999992370605;33.84;1527.63101;07/13/16;17:11:22;21.96;51.42;33.84;0.046;8.38;-80.8;1.3;-2.7;404;114.4;8.22;12.5;
33.4448788065118;-118.484795442053;17:14:22.64;7/13/2016;9;2.011;76.4;12.0453350093692;1.02;73.5;87.04;-3.2;1.83;25.2;.00;10.17;10.18;89;59;538.0;16;-3.6;D;604;28;46.145;2;2.05;187;90.62;-118.48429813;33.44487433;0;0;1;N;1.329957;43;43;11;110;110;82.81742;0;9999.99;10.16;10.28565;2;9;22.8;0;22.7999992370605;33.84;1527.63079;07/13/16;17:11:23;21.96;51.43;33.84;-0.204;8.37;-80.2;1.7;-2.7;-4735;114.4;8.23;12.4;
33.4448792861484;-118.484784946273;17:14:23.66;7/13/2016;8;1.705;83.47;12.0453350093692;1.06;76.6;89.95;0.39;7.07;25.2;.01;10.01;10.02;89;59;538.0;16;-3.6;D;604;28;45.172;2;2.04;187;90.7;-118.48429813;33.44487433;0;0;1;N;1.237354;59;59;11;101;101;83.46409;0;9999.99;9.98;10.107;2;9;22.8;0;22.7999992370605;33.85;1527.64176;07/13/16;17:11:24;21.97;51.44;33.85;0.093;8.39;-80.9;1.6;-3.3;-2492;114.4;8.22;12.3;
33.4448789591318;-118.48477538035;17:14:24.66;7/13/2016;9;1.84;89.18;12.0453350093692;1.06;75.2;88.64;0.31;12.6;25.2;.01;9.63;9.65;89;53;537.8;16;-3.3;D;675.8;28;44.284;2;2.07;187;90.67;-118.48429813;33.44487433;0;0;1;N;1.239767;69;69;11;104;104;83.4471;0;9999.99;9.67;9.796987;2;9;22.8;0;22.7999992370605;33.84;1527.63161;07/13/16;17:11:25;21.97;51.43;33.84;0.069;8.38;-80.8;1.7;-6.5;-1254;114.4;8.22;12.4;
33.4448787821879;-118.484766168535;17:14:25.66;7/13/2016;9;1.905;89.6;12.0453350093692;1.02;78;91.26;-3.44;-0.64;25.2;.01;9.88;9.89;89;53;537.8;16;-3.3;D;675.8;28;43.429;2;2.11;187;90.65;-118.48429813;33.44487433;0;0;1;N;1.218211;43;43;11;97;97;83.5981;0;9999.99;9.85;9.977;2;9;22.8;0;22.7999992370605;33.84;1527.63164;07/13/16;17:11:26;21.98;51.43;33.84;-0.218;8.38;-80.4;1.4;-3.1;-3033;114.4;8.22;12.4;
33.4448776942518;-118.484756262439;17:14:26.67;7/13/2016;9;1.577;89.6;12.0453350093692;1.02;79.3;92.47;-1.49;6.35;25.2;.04;9.52;9.56;89;53;537.8;16;-3.3;D;675.8;28;42.509;2;2.06;187;90.5;-118.48429813;33.44487433;0;0;1;N;1.299598;48;48;11;89;89;83.02917;0;9999.99;9.49;9.617;2;9;22.8;0;22.7999992370605;33.85;1527.64455;07/13/16;17:11:27;21.98;51.44;33.85;0.110;8.38;-80.5;1.5;-0.2;-3844;114.4;8.22;12.4;
33.444877332215;-118.484744621388;17:14:27.67;7/13/2016;9;2.122;89.6;12.0453350093692;1.02;79.2;92.38;5.88;10.2;25.2;.04;9.33;9.37;89;59;537.7;16;-3.7;D;601.1;28;41.428;2;2.08;187;90.46;-118.48429813;33.44487433;0;0;1;N;1.302302;92;92;11;90;90;83.01039;0;9999.99;9.34;9.467;2;9;22.8;0;22.7999992370605;33.85;1527.64543;07/13/16;17:11:28;21.99;51.44;33.85;0.300;8.38;-80.8;2.0;-1.4;460;114.3;8.21;12.3;
33.4448777054399;-118.484734654219;17:14:28.67;7/13/2016;9;1.759;89.6;12.0453350093692;1.02;75.2;88.64;-2.21;5.34;25.2;.01;8.92;8.93;89;59;537.7;16;-3.7;D;601.1;28;40.504;2;2.06;187;90.53;-118.48429813;33.44487433;0;0;1;N;1.228848;47;47;11;102;102;83.52361;0;9999.99;8.95;9.073015;2;9;22.8;0;22.7999992370605;33.85;1527.64253;07/13/16;17:11:29;22.00;51.44;33.85;-0.094;8.38;-80.8;1.3;-3.1;-1169;114.4;8.21;12.4;
33.4448789649959;-118.484722164219;17:14:29.67;7/13/2016;9;2.328;90.1;12.0453350093692;1.02;76.3;89.67;2.19;14.4;25.2;.00;9.06;9.06;89;59;537.7;16;-3.7;D;601.1;28;39.347;2;2.03;187;90.75;-118.48429813;33.44487433;0;0;1;N;1.048952;64;64;11;114;114;84.78629;0;9999.99;9.04;9.167;2;9;22.8;0;22.7999992370605;33.86;1527.65244;07/13/16;17:11:30;22.01;51.46;33.86;-0.111;8.38;-80.3;1.7;-1.6;-1446;114.4;8.21;12.3;
33.4448736115058;-118.484705758169;17:14:30.67;7/13/2016;9;2.962;102.13;12.0453350093692;1.02;83.4;96.3;-1.76;12;25.2;.00;8.50;8.50;89;59;537.7;16;-3.7;D;601.1;28;37.821;2;2.13;187;89.88;-118.48429813;33.44487433;0;0;1;N;1.564315;46;46;11;67;67;81.19247;0;9999.99;8.52;8.649995;2;9;22.8;0;22.7999992370605;33.85;1527.64146;07/13/16;17:11:31;22.02;51.44;33.85;-0.102;8.38;-80.5;0.6;-1.7;-1675;114.5;8.22;12.3;
33.4448728912255;-118.484693365255;17:14:31.67;7/13/2016;9;2.154;93.9;12.0453350093692;1.02;75.6;89.01;-5.84;-3.02;25.2;.02;8.79;8.81;89;58;537.6;16;-3.6;D;614.6;28;36.672;2;2.08;187;89.75;-118.48429813;33.44487433;0;0;1;N;1.61761;43;43;11;94;94;80.82509;0;9999.99;8.75;8.877;2;9;22.8;0;22.7999992370605;33.86;1527.65342;07/13/16;17:11:32;22.03;51.45;33.86;-0.069;8.38;-80.6;1.6;-3.9;-1687;114.5;8.22;12.2;
33.4448698108071;-118.484681680806;17:14:32.67;7/13/2016;9;2.309;97.57;12.0453350093692;1.02;83.9;96.76;4.39;12.1;25.2;.03;8.49;8.52;89;58;537.6;16;-3.6;D;614.6;28;35.591;2;2.12;187;89.19;-118.48429813;33.44487433;0;0;1;N;1.894849;78;78;11;55;55;78.93103;0;9999.99;8.48;8.606999;2;9;22.8;0;22.7999992370605;33.84;1527.63195;07/13/16;17:11:33;22.04;51.42;33.84;0.338;8.39;-80.9;1.7;-4.7;-1023;114.6;8.23;12.4;
33.444868075435;-118.484667255227;17:14:33.67;7/13/2016;9;2.534;97.57;12.0453350093692;1.26;74.9;88.36;-0.71;10.1;25.2;.01;8.19;8.20;89;58;537.6;16;-3.6;D;614.6;28;34.256;2;2.06;187;88.84;-118.48429813;33.44487433;0;0;1;N;2.052001;63;63;11;80;80;77.86996;0;9999.99;8.23;8.352935;2;9;22.8;0;22.7999992370605;33.84;1527.63175;07/13/16;17:11:34;22.04;51.42;33.84;0.045;8.38;-80.6;0.7;-8.3;843;114.6;8.23;12.5;
33.4448684934863;-118.484654836532;17:14:34.67;7/13/2016;9;2.142;93.55;12.0453350093692;1.02;73.6;87.14;-0.01;2.66;25.2;.00;8.31;8.32;89;58;537.4;16;-3.6;D;614.9;28;33.103;2;2.02;187;88.88;-118.48429813;33.44487433;0;0;1;N;1.966829;57;57;11;92;92;78.44384;0;9999.99;8.29;8.417;2;9;22.8;0;22.7999992370605;33.85;1527.64236;07/13/16;17:11:35;22.04;51.44;33.85;-0.047;8.38;-80.7;1.1;-2.8;-4441;114.7;8.23;12.4;
33.4448721045799;-118.484644411343;17:14:35.67;7/13/2016;9;2.083;86.5;12.0453350093692;1.02;73.1;86.67;0.21;15;25.2;.00;7.85;7.85;89;58;537.4;16;-3.6;D;614.9;28;32.130;2;2.05;187;89.56;-118.48429813;33.44487433;0;0;1;N;1.522952;64;64;11;105;105;81.47785;0;9999.99;7.88;8.007;2;9;22.8;0;22.7999992370605;33.85;1527.64139;07/13/16;17:11:36;22.05;51.44;33.85;-0.024;8.38;-80.7;2.2;-3.8;-2554;114.7;8.23;12.2;
33.4448734481409;-118.484632833547;17:14:36.67;7/13/2016;9;1.979;81.37;12.0453350093692;1.02;72.4;86.01;-7.73;3.64;25.2;.02;8.04;8.05;89;58;537.4;16;-3.6;D;614.9;28;31.055;2;2.03;187;89.82;-118.48429813;33.44487433;0;0;1;N;1.334723;43;43;11;115;115;82.78425;0;9999.99;8.01;8.137;2;9;22.8;0;22.7999992370605;33.84;1527.63048;07/13/16;17:11:37;22.05;51.43;33.84;-0.143;8.39;-80.9;1.0;4.0;-2755;114.7;8.23;12.4;
33.4448747531302;-118.484621688313;17:14:37.67;7/13/2016;8;2.156;83.16;12.0453350093692;1.09;74.2;87.7;-4.67;8.9;25.2;.06;7.80;7.86;89;58;537.4;16;-3.6;D;614.9;28;30.021;2;2.09;187;90.09;-118.48429813;33.44487433;0;0;1;N;1.142901;43;43;11;115;115;84.12584;0;9999.99;7.73;7.857;2;9;22.8;0;22.7999992370605;33.85;1527.64575;07/13/16;17:11:38;22.06;51.45;33.85;0.305;8.38;-80.4;0.9;-0.8;-481;114.8;8.24;12.4;
33.4449027770712;-118.484619487087;17:14:38.67;7/13/2016;9;7.182;18.96;12.0453350093692;1.09;77.5;90.79;4.22;12.1;25.2;.10;.41;.50;89;51;537.3;16;-3.2;D;689.9;28;29.984;2;2.1;187;96.06;-118.48429813;33.44487433;0;0;1;N;1.990613;82;82;11;189;189;106.2292;0;.44;.41;0.971523;2;9;22.8;0;22.7999992370605;33.84;1527.63619;07/13/16;17:11:39;22.06;51.43;33.84;0.640;8.38;-80.6;1.9;-4.0;-1705;114.8;8.23;12.4;
33.4449307354874;-118.484627332973;17:14:39.67;7/13/2016;7;6.181;8.27;12.0453350093692;1.73;83.5;96.39;-0.08;14.2;25.2;.05;7.29;7.34;89;51;537.3;16;-3.2;D;689.9;28;31.182;2;2.11;187;101.6;-118.48429813;33.44487433;0;0;1;N;5.076688;57;57;11;240;240;124.655;0;7.71;7.33;15.15848;2;9;22.8;0;22.7999992370605;33.84;1527.63541;07/13/16;17:11:40;22.07;51.43;33.84;0.268;8.38;-80.7;1.6;-5.9;-480;114.8;8.23;12.3;
33.4449284909519;-118.48461715463;17:14:40.67;7/13/2016;9;1.821;8.27;12.0453350093692;1.18;94.8;106.87;2.44;6.44;25.3;.00;7.45;7.46;89;51;537.3;16;-3.2;D;689.9;28;30.207;2;2.02;187;101.5;-118.48429813;33.44487433;0;0;1;N;4.883097;72;72;11;194;194;123.656;0;7.91;7.44;15.477;2;9;22.8;0;22.7999992370605;33.85;1527.64475;07/13/16;17:11:41;22.07;51.44;33.85;0.092;8.38;-80.8;1.4;-3.5;-1932;114.8;8.23;12.4;
33.4449259833025;-118.484607428674;17:14:41.67;7/13/2016;9;1.717;8.27;12.0453350093692;1.18;105.5;116.76;2.45;9.4;25.3;.00;7.33;7.33;89;60;537.2;16;-3.7;D;593.2;28;29.267;2;2;187;101.32;-118.48429813;33.44487433;0;0;1;N;4.664782;72;72;11;150;150;122.5028;0;9999.99;7.36;7.487;2;9;22.8;0;22.7999992370605;33.85;1527.64138;07/13/16;17:11:42;22.08;51.44;33.85;-0.188;8.38;-80.6;1.2;-1.7;-1571;114.8;8.23;12.5;
33.4449198317397;-118.484596446291;17:14:42.67;7/13/2016;9;1.791;8.27;12.0453350093692;1.02;113.9;124.56;0.69;9.9;25.2;.00;7.12;7.12;89;60;537.2;16;-3.7;D;593.2;28;28.138;2;2;187;100.36;-118.48429813;33.44487433;0;0;1;N;4.037842;61;61;11;105;105;119.0378;0;9999.99;7.14;7.264586;2;9;22.8;0;22.7999992370605;33.85;1527.64138;07/13/16;17:11:43;22.08;51.44;33.85;-0.109;8.38;-80.7;1.4;-3.2;-2605;114.9;8.24;12.4;
33.4449120726812;-118.484587281337;17:14:43.67;7/13/2016;9;1.734;58.67;12.0453350093692;1.02;112.8;123.53;1.14;7.67;25.2;.00;7.05;7.05;89;60;537.2;16;-3.7;D;593.2;28;27.155;2;1.91;187;98.89;-118.48429813;33.44487433;0;0;1;N;3.191631;64;64;11;89;89;114.0062;0;9999.99;7.06;7.187;2;9;22.8;0;22.7999992370605;33.85;1527.64137;07/13/16;17:11:44;22.09;51.44;33.85;0.007;8.39;-80.9;2.0;-1.6;-3023;114.9;8.24;12.4;
33.4449030382082;-118.484579142345;17:14:44.70;7/13/2016;9;1.626;93.63;12.0453350093692;1.02;113.1;123.81;-1.49;4.52;25.2;.00;6.94;6.94;89;60;537.2;16;-3.7;D;593.2;28;26.268;2;1.92;187;96.98;-118.48429813;33.44487433;0;0;1;N;2.225557;48;48;11;63;63;107.8026;0;9999.99;6.94;7.067;2;9;22.8;0;22.7999992370605;33.86;1527.65235;07/13/16;17:11:45;22.10;51.45;33.86;-0.214;8.36;-79.5;0.9;1.4;1050;115.0;8.25;12.4;
33.444894252231;-118.48456817254;17:14:45.70;7/13/2016;9;2.103;114.59;12.0453350093692;1.02;111.3;122.14;-1.82;6.47;25.2;.01;6.78;6.79;89;58;537.1;16;-3.6;D;610.3;28;25.153;2;1.93;187;95.05;-118.48429813;33.44487433;0;0;1;N;1.28875;46;46;11;44;44;101.4077;0;9999.99;6.76;6.887;2;9;22.8;0;22.7999992370605;33.85;1527.64212;07/13/16;17:11:46;22.12;51.44;33.85;0.010;8.39;-81.0;0.8;-2.9;-4555;115.0;8.24;12.4;
33.4448847173057;-118.484558818619;17:14:46.72;7/13/2016;9;2.231;121.25;12.0453350093692;1.02;107;118.15;2.15;8.5;25.2;.00;6.60;6.61;89;58;537.1;16;-3.6;D;610.3;28;24.215;2;2.02;187;92.73;-118.48429813;33.44487433;0;0;1;N;0.2536907;71;71;11;29;29;94.0726;0;9999.99;6.61;6.737;2;9;22.8;0;22.7999992370605;33.84;1527.63123;07/13/16;17:11:47;22.12;51.43;33.84;0.165;8.38;-80.5;1.0;-0.9;-3414;115.0;8.25;12.4;
33.4448765732764;-118.484546276779;17:14:47.73;7/13/2016;9;2.453;122.33;12.0453350093692;1.02;105.5;116.76;0.15;10.5;25.2;.00;6.35;6.35;89;58;537.1;16;-3.6;D;610.3;28;23.025;2;2.11;187;90.62;-118.48429813;33.44487433;0;0;1;N;0.6072126;58;58;11;12;12;87.91579;0;9999.99;6.37;6.497;2;9;22.8;0;22.7999992370605;33.85;1527.64139;07/13/16;17:11:48;22.12;51.44;33.85;-0.095;8.39;-81.1;0.6;-4.1;-1687;115.0;8.24;12.4;
33.4448663401706;-118.484535395247;17:14:48.75;7/13/2016;9;1.951;117.61;12.0453350093692;1.02;91.4;103.72;-3.57;7.94;25.2;.01;6.26;6.26;89;61;537.0;16;-3.8;D;580.1;28;22.032;2;2.11;186;87.69;-118.48429813;33.44487433;0;0;1;N;1.729038;43;43;11;32;32;80.06053;0;9999.99;6.25;6.377;2;9;22.8;0;22.7999992370605;33.88;1527.67431;07/13/16;17:11:49;22.14;51.49;33.88;-0.190;8.38;-80.7;0.9;2.5;-854;115.1;8.25;12.4;
33.4448633262353;-118.484522020708;17:14:49.75;7/13/2016;8;2.369;113.82;12.0453350093692;1.26;91.2;103.53;-0.85;4.64;25.2;.02;20.31;20.33;89;61;537.0;16;-3.8;D;580.1;28;20.809;2;2.09;186;86.63;-118.48429813;33.44487433;0;0;1;N;2.016635;52;52;11;25;25;78.108;0;9999.99;20.27;20.397;2;9;22.8;0;22.7999992370605;33.83;1527.62073;07/13/16;17:11:51;22.17;51.42;33.83;0.219;8.38;-80.7;1.4;-4.6;-197;115.1;8.24;12.4;
33.4448604568811;-118.484509877023;17:14:50.77;7/13/2016;9;2.008;113.82;12.0453350093692;1.02;82.7;95.64;3.32;8.2;25.1;.02;5.98;6.00;89;61;537.0;16;-3.8;D;580.1;28;19.707;2;2.15;186;85.51;-118.48429813;33.44487433;0;0;1;N;2.30313;78;78;11;42;42;76.19572;0;9999.99;5.99;6.117;2;9;22.8;0;22.7999992370605;33.83;1527.62073;07/13/16;17:11:51;22.17;51.42;33.83;0.219;8.38;-80.7;1.4;-4.6;-197;115.1;8.24;12.4;
33.4448601058516;-118.484498051166;17:14:51.77;7/13/2016;9;1.631;106.74;12.0453350093692;1.02;67.5;81.38;0.29;15.2;25.1;.00;5.86;5.86;89;61;537.0;16;-3.8;D;580.1;28;18.617;2;2;186;85.13;-118.48429813;33.44487433;0;0;1;N;2.337067;62;62;11;101;101;75.9715;0;9999.99;5.88;6.007347;2;9;22.8;0;22.7999992370605;33.86;1527.65258;07/13/16;17:11:53;22.17;51.46;33.86;-0.180;8.39;-81.1;0.5;-2.1;-2018;115.2;8.25;12.4;
33.444860360492;-118.484486558973;17:14:52.80;7/13/2016;9;1.983;91.51;12.0453350093692;1.02;69.7;83.46;1.6;7.02;25;.00;5.93;5.93;89;58;536.9;16;-3.6;D;610.4;28;17.552;2;1.92;186;84.92;-118.48429813;33.44487433;0;0;1;N;2.259658;67;67;11;99;99;76.48384;0;9999.99;5.93;6.052982;2;9;22.8;0;22.7999992370605;33.86;1527.65258;07/13/16;17:11:53;22.17;51.46;33.86;-0.180;8.39;-81.1;0.5;-2.1;-2018;115.2;8.25;12.4;
33.4448591296546;-118.484475170209;17:14:53.80;7/13/2016;9;2.1;91.71;12.0453350093692;1.02;67.9;81.76;0.52;10.9;25.1;.00;5.77;5.77;89;58;536.9;16;-3.6;D;610.4;28;16.513;2;2;186;84.13;-118.48429813;33.44487433;0;0;1;N;2.354821;60;60;11;103;103;75.85464;0;9999.99;5.79;5.914513;2;9;22.8;0;22.7999992370605;33.88;1527.67438;07/13/16;17:11:55;22.19;51.48;33.88;-0.180;8.39;-81.0;1.3;-3.7;-2109;115.3;8.25;12.4;
33.4448596017656;-118.484464445414;17:14:54.80;7/13/2016;9;1.92;81.89;12.0453350093692;1.02;68.5;82.33;-1.14;3.41;25.1;.00;6.11;6.11;89;58;536.9;16;-3.6;D;610.4;28;15.518;2;1.97;186;83.94;-118.48429813;33.44487433;0;0;1;N;2.264243;50;50;11;103;103;76.45331;0;49.92;6.10;56.147;2;9;22.9;0;22.7999992370605;33.88;1527.67438;07/13/16;17:11:55;22.19;51.48;33.88;-0.180;8.39;-81.0;1.3;-3.7;-2109;115.3;8.25;12.4;
33.4448595689287;-118.484454307123;17:14:55.80;7/13/2016;9;1.994;83.33;12.0453350093692;1.02;72.5;86.1;1.52;10.7;25.1;.00;5.91;5.91;89;58;536.9;16;-3.6;D;610.4;28;14.583;2;2;186;83.54;-118.48429813;33.44487433;0;0;1;N;2.221077;69;69;11;87;87;76.73997;0;9999.99;5.91;6.037;2;9;22.8;0;22.7999992370605;33.83;1527.61942;07/13/16;17:11:57;22.20;51.41;33.83;-0.216;8.38;-80.8;1.5;-5.6;-400;115.4;8.26;12.4;
33.4448605250811;-118.484442477723;17:14:56.80;7/13/2016;9;2.113;81.87;12.0453350093692;1.02;68.9;82.71;-3.24;6.41;25.1;.00;5.92;5.92;89;52;536.8;16;-3.2;D;677;28;13.481;2;1.95;186;83.46;-118.48429813;33.44487433;0;0;1;N;2.080942;43;43;11;109;109;77.67591;0;9999.99;5.92;6.047;2;9;22.8;0;22.7999992370605;33.83;1527.61942;07/13/16;17:11:57;22.20;51.41;33.83;-0.216;8.38;-80.8;1.5;-5.6;-400;115.4;8.26;12.4;
33.4448593314455;-118.484429898836;17:14:57.80;7/13/2016;9;2.134;83.8;12.0453350093692;1.02;72.1;85.73;0.37;9.2;25.1;.01;5.80;5.81;89;52;536.8;16;-3.2;D;677;28;12.339;2;2.07;186;82.23;-118.48429813;33.44487433;0;0;1;N;2.156595;59;59;11;93;93;77.16963;0;9999.99;5.77;5.897;2;9;22.9;0;22.8999996185303;33.85;1527.89796;07/13/16;17:11:59;22.21;51.44;33.85;0.081;8.36;-79.5;1.0;-6.6;-1549;115.5;8.26;12.4;
33.4448597300874;-118.484418956335;17:14:58.83;7/13/2016;9;1.945;82.24;12.0453350093692;1.02;72.1;85.73;0.83;12.1;25.1;.01;5.54;5.55;89;52;536.8;16;-3.2;D;677;28;11.328;2;2.08;186;81.76;-118.48429813;33.44487433;0;0;1;N;2.075913;62;62;11;95;95;77.70983;0;39.62;5.56;45.30803;2;9;22.9;0;22.8999996185303;33.85;1527.89796;07/13/16;17:11:59;22.21;51.44;33.85;0.081;8.36;-79.5;1.0;-6.6;-1549;115.5;8.26;12.4;
33.4448610244483;-118.484408344196;17:14:59.84;7/13/2016;9;1.84;79.12;12.0453350093692;1.02;73.3;86.85;-2.74;3.23;25.1;.00;5.58;5.58;89;56;536.7;16;-3.5;D;629.2;28;10.332;2;2.05;186;81.77;-118.48429813;33.44487433;0;0;1;N;1.894306;43;43;11;97;97;78.9346;0;46.70;5.56;52.387;2;9;22.9;0;22.8999996185303;33.85;1527.89732;07/13/16;17:12:01;22.22;51.44;33.85;0.079;8.38;-80.6;1.1;-0.1;-2642;115.5;8.27;12.4;
33.4448615364439;-118.484398435879;17:15:00.84;7/13/2016;9;1.837;83.39;12.0453350093692;1.02;71.3;84.97;3.01;10.3;25.1;.00;5.52;5.52;89;56;536.7;16;-3.5;D;629.2;28;9.415;2;1.97;186;81.31;-118.48429813;33.44487433;0;0;1;N;1.807709;75;75;11;105;105;79.52312;0;53.81;5.51;59.447;2;9;22.9;0;22.8999996185303;33.84;1527.88638;07/13/16;17:12:02;22.23;51.43;33.84;-0.134;8.38;-80.8;0.7;-0.3;-441;115.6;8.27;12.4;
33.4448618044221;-118.484387685751;17:15:01.84;7/13/2016;9;2.011;79.37;12.0453350093692;1.02;76.2;89.57;-5.14;5.29;25.2;.01;5.40;5.40;89;56;536.7;16;-3.5;D;629.2;28;8.425;2;1.99;186;80.48;-118.48429813;33.44487433;0;0;1;N;1.726947;43;43;11;89;89;80.07484;0;51.34;5.41;56.87942;2;9;22.9;0;22.8999996185303;33.84;1527.88638;07/13/16;17:12:02;22.23;51.43;33.84;-0.134;8.38;-80.8;0.7;-0.3;-441;115.6;8.27;12.4;
33.4448620760028;-118.484375753462;17:15:02.84;7/13/2016;9;2.023;84.58;12.0453350093692;1.02;76.4;89.76;-6.32;4.91;25.1;.06;5.48;5.54;89;56;536.7;16;-3.5;D;629.2;28;7.330;2;1.96;186;79.29;-118.48429813;33.44487433;0;0;1;N;1.655252;43;43;11;92;92;80.56668;0;34.95;5.42;40.497;2;9;22.9;0;22.8999996185303;33.85;1527.90107;07/13/16;17:12:04;22.24;51.44;33.85;0.552;8.39;-81.0;1.1;-1.5;-2158;115.6;8.27;12.3;
33.4448656985091;-118.484364689762;17:15:03.84;7/13/2016;8;2.123;84.58;12.0453350093692;1.18;79.2;92.38;1.64;9.8;25.1;.10;5.54;5.64;89;52;536.6;16;-3.2;D;684.4;28;6.250;2;2.04;186;81.17;-118.48429813;33.44487433;0;0;1;N;1.203274;67;67;11;92;92;83.70236;0;33.73;5.51;39.367;2;9;22.9;0;22.8999996185303;33.85;1527.90107;07/13/16;17:12:04;22.24;51.44;33.85;0.552;8.39;-81.0;1.1;-1.5;-2158;115.6;8.27;12.3;
33.4448753592041;-118.484352241335;17:15:04.84;7/13/2016;7;2.913;84.58;12.0453350093692;1.49;76;89.39;3.1;9.4;25.2;.08;5.60;5.68;89;52;536.6;16;-3.2;D;684.4;28;5.022;2;2.07;186;91.31;-118.48429813;33.44487433;0;0;1;N;9.023957E-02;74;74;11;135;135;91.61022;0;5.83;5.62;11.577;2;9;22.9;0;22.8999996185303;33.87;1527.92641;07/13/16;17:12:06;22.24;51.47;33.87;0.260;8.38;-80.5;0.6;-3.0;-1321;115.7;8.27;12.5;
33.4448772961657;-118.484339768448;17:15:05.88;7/13/2016;8;2.034;84.58;12.0453350093692;1.49;79.5;92.66;1.34;17.2;25.2;.01;4.96;4.97;89;52;536.6;16;-3.2;D;684.4;28;3.878;2;2.06;186;94.88;-118.48429813;33.44487433;0;0;1;N;0.1723403;73;73;11;134;134;93.49035;0;5.79;4.99;10.907;2;9;22.9;0;22.8999996185303;33.87;1527.92641;07/13/16;17:12:06;22.24;51.47;33.87;0.260;8.38;-80.5;0.6;-3.0;-1321;115.7;8.27;12.5;
33.4448793580934;-118.4843266016;17:15:06.89;7/13/2016;9;2.143;84.58;12.0453350093692;1.02;85.8;98.53;-4.43;0.65;25.2;.00;5.06;5.06;89;57;536.5;16;-3.5;D;624.7;28;2.700;2;2.1;186;101.95;-118.48429813;33.44487433;0;0;1;N;0.4661079;43;43;11;115;115;95.59023;0;32.95;5.06;38.1334;2;9;22.9;0;22.8999996185303;33.8;1527.84242;07/13/16;17:12:08;22.41;51.38;33.80;0.061;8.40;-81.9;1.7;-0.3;-3731;115.9;8.26;12.4;
33.4448763519589;-118.484318272203;17:15:07.89;7/13/2016;9;1.503;84.58;12.0453350093692;1.02;88.3;100.85;-2.33;9.2;25.1;.01;5.06;5.07;89;57;536.5;16;-3.5;D;624.7;29;1.882;2;2.01;128;96.86;-118.48429813;33.44487433;0;0;6;N;0.1944218;43;43;11;112;112;97.01495;0;40.78;5.06;45.9643;2;9;22.9;0;22.8999996185303;33.96;1528.01848;07/13/16;17:12:09;22.53;51.60;33.96;0.329;8.41;-82.3;1.5;-0.2;-2546;116.0;8.25;12.4;
33.4448744569091;-118.484309417123;17:15:08.89;7/13/2016;9;1.514;84.58;12.0453350093692;1.26;91.1;103.44;1.88;2.54;25.1;.02;5.06;5.08;89;57;536.5;16;-3.5;D;624.7;29;1.049;2;1.95;128;90.77;-118.48429813;33.44487433;0;0;6;N;0.1944218;68;68;11;80;80;91.75657;0;23.55;5.06;28.73794;2;9;22.9;0;22.8999996185303;33.96;1528.01848;07/13/16;17:12:09;22.53;51.60;33.96;0.329;8.41;-82.3;1.5;-0.2;-2546;116.0;8.25;12.4;
33.4448712596652;-118.484301720518;17:15:09.89;7/13/2016;8;1.356;84.58;12.0453350093692;1.26;88.6;101.13;2;-2.2;25.1;.01;4.75;4.76;89;57;536.5;16;-3.5;D;624.7;29;.484;2;1.82;128;44.3;-118.48429813;33.44487433;0;0;6;N;0.1944218;69;69;11;5;5;53.11113;0;5.36;4.77;10.257;2;9;22.9;0;22.8999996185303;33.91;1527.96374;07/13/16;17:12:11;22.66;51.53;33.91;-0.155;8.41;-82.5;1.1;-7.0;-116;116.4;8.26;12.4;
33.4448667734903;-118.484292834024;17:15:10.89;7/13/2016;9;1.634;84.58;12.0453350093692;1.02;86.4;99.08;0.15;-3.6;25.2;.00;4.90;4.90;89;23;536.4;16;-1.4;D;1520.3;29;.973;2;1.67;128;329.68;-118.48429813;33.44487433;0;0;6;N;0.1944218;59;59;11;5;5;334.279;0;9999.99;4.91;5.037;2;9;22.9;0;22.8999996185303;33.91;1527.96374;07/13/16;17:12:11;22.66;51.53;33.91;-0.155;8.41;-82.5;1.1;-7.0;-116;116.4;8.26;12.4;
33.4448668415366;-118.484287270925;17:15:11.89;7/13/2016;9;0.947;84.58;12.0453350093692;1.02;79;92.19;1.87;-2.41;25.1;.00;4.78;4.78;89;23;536.4;16;-1.4;D;1520.3;29;1.309;2;1.51;128;309.57;-118.48429813;33.44487433;0;0;6;N;0.1944218;68;68;11;5;5;312.0284;0;9999.99;4.78;4.907;2;9;22.9;0;22.8999996185303;33.87;1527.91941;07/13/16;17:12:13;22.73;51.48;33.87;-0.084;8.41;-82.7;0.7;-3.6;602;117.1;8.30;12.4;
33.4448659155324;-118.48428430014;17:15:12.91;7/13/2016;9;0.428;84.58;12.0453350093692;1.02;71.2;84.88;1.54;-6.56;25.2;.00;4.74;4.74;89;23;536.4;16;-1.4;D;1520.3;29;1.589;2;1.27;128;306.1;-118.48429813;33.44487433;0;0;6;N;0.1944218;66;66;11;5;5;307.9338;0;9999.99;4.77;4.897;2;9;22.9;0;22.8999996185303;33.87;1527.91941;07/13/16;17:12:13;22.73;51.48;33.87;-0.084;8.41;-82.7;0.7;-3.6;602;117.1;8.30;12.4;
33.4448651526534;-118.484279385299;17:15:13.92;7/13/2016;9;1.027;84.58;12.0453350093692;1.02;70.5;84.22;2.93;-5.13;25.1;.00;4.85;4.85;89;22;536.3;16;-1.4;D;1581.8;29;2.016;2;1.1;128;300.4;-118.48429813;33.44487433;0;0;6;N;0.1944218;75;75;11;5;5;301.5446;0;9999.99;4.86;4.987;2;9;23;0;23;33.87;1528.17422;07/13/16;17:12:15;22.76;51.48;33.87;-0.229;8.42;-83.3;1.0;-4.8;-3026;117.8;8.35;12.5;
33.4448628505968;-118.484275212671;17:15:14.92;7/13/2016;9;0.79;84.58;12.0453350093692;1.02;65.3;79.3;2.41;-5.65;25.2;.00;4.88;4.88;89;22;536.3;16;-1.4;D;1581.8;29;2.481;2;1;128;300.98;-118.48429813;33.44487433;0;0;6;N;0.1944218;71;71;11;5;5;301.9118;0;9999.99;4.91;5.037;2;9;23;0;23;33.87;1528.17422;07/13/16;17:12:15;22.76;51.48;33.87;-0.229;8.42;-83.3;1.0;-4.8;-3026;117.8;8.35;12.5;
33.4448625329232;-118.484271911325;17:15:15.92;7/13/2016;9;0.501;84.58;12.0453350093692;1.02;58.4;72.71;1.94;-7.4;25.2;.01;4.89;4.89;89;22;536.3;16;-1.4;D;1581.8;29;2.765;2;0.88;128;298.34;-118.48429813;33.44487433;0;0;6;N;0.1944218;70;70;11;5;5;299.0906;0;9999.99;4.91;5.037;2;9;23;0;23;33.87;1528.17469;07/13/16;17:12:17;22.79;51.48;33.87;-0.177;8.42;-83.1;0.8;-3.7;-2966;118.4;8.39;12.4;
33.4448625354603;-118.484268763752;17:15:16.92;7/13/2016;9;0.377;84.58;12.0453350093692;1.02;57.3;71.66;2.24;-8.8;25.2;.00;4.83;4.84;89;22;536.3;16;-1.4;D;1581.8;29;3.025;2;0.74;128;295.7;-118.48429813;33.44487433;0;0;6;N;0.1944218;70;70;11;5;5;296.2863;0;9999.99;4.85;4.977;2;9;23;0;23;33.87;1528.17469;07/13/16;17:12:17;22.79;51.48;33.87;-0.177;8.42;-83.1;0.8;-3.7;-2966;118.4;8.39;12.4;
33.4448617730491;-118.484266855147;17:15:17.92;7/13/2016;9;0.468;84.58;12.0453350093692;1.02;55.1;69.54;3.14;-4.79;25.2;.00;4.80;4.80;89;22;536.2;16.1;-1.3;D;1630.4;29;3.221;2;0.63;128;295.7;-118.48429813;33.44487433;0;0;6;N;0.1944218;76;76;11;5;5;296.1849;0;9999.99;4.82;4.947;2;9;23;0;23;33.87;1528.1745;07/13/16;17:12:19;22.80;51.48;33.87;-0.247;8.42;-83.1;1.3;-1.1;-2950;119.1;8.43;12.6;
33.4448613518981;-118.484262996527;17:15:18.92;7/13/2016;9;0.555;84.58;12.0453350093692;1.02;53.9;68.38;2.44;-2.58;25.1;.00;4.80;4.80;89;22;536.2;16.1;-1.3;D;1630.4;29;3.565;2;0.54;128;293.88;-118.48429813;33.44487433;0;0;6;N;0.1944218;72;72;11;5;5;294.2743;0;9999.99;4.82;4.947;2;9;23;0;23;33.87;1528.1745;07/13/16;17:12:19;22.80;51.48;33.87;-0.247;8.42;-83.1;1.3;-1.1;-2950;119.1;8.43;12.6;
33.4448620532343;-118.484260495295;17:15:19.92;7/13/2016;9;0.47;84.58;12.0453350093692;1.02;48.9;63.54;1.92;-5.74;25.2;.00;4.80;4.80;89;22;536.2;16.1;-1.3;D;1630.4;29;3.750;2;0.51;128;291.35;-118.48429813;33.44487433;0;0;6;N;0.1944218;69;69;11;5;5;291.6779;0;9999.99;4.82;4.947;2;9;23;0;23;33.86;1528.16355;07/13/16;17:12:21;22.81;51.47;33.86;-0.212;8.42;-83.1;1.0;-3.8;-12;119.7;8.47;12.5;
33.4448625100017;-118.484259410903;17:15:20.92;7/13/2016;9;0.264;84.58;12.0453350093692;1.02;44.2;58.95;0.99;-8.8;25.1;.00;4.77;4.77;89;22;536.1;16.1;-1.3;D;1609.1;29;3.826;2;0.49;128;290.1;-118.48429813;33.44487433;0;0;6;N;0.1944218;64;64;11;5;5;290.4117;0;9999.99;4.79;4.917;2;9;23;0;23;33.86;1528.16355;07/13/16;17:12:21;22.81;51.47;33.86;-0.212;8.42;-83.1;1.0;-3.8;-12;119.7;8.47;12.5;
33.4448638029994;-118.484258520578;17:15:21.92;7/13/2016;9;0.268;84.58;12.0453350093692;1.02;45;59.73;1.59;-7.79;25.1;.00;4.73;4.73;89;22;536.1;16.1;-1.3;D;1609.1;29;3.857;2;0.41;128;287.67;-118.48429813;33.44487433;0;0;6;N;0.1944218;67;67;11;5;5;287.9517;0;9999.99;4.74;4.867;2;9;23;0;23;33.84;1528.14157;07/13/16;17:12:23;22.82;51.44;33.84;-0.224;8.43;-83.5;1.3;13.3;39098;120.1;8.50;12.4;
33.4448649724758;-118.484256578145;17:15:22.92;7/13/2016;9;0.407;84.58;12.0453350093692;1.02;46.6;61.29;2.14;-3.48;25.1;.00;4.74;4.75;89;22;536.1;16.1;-1.3;D;1609.1;29;3.993;2;0.4;128;285.1;-118.48429813;33.44487433;0;0;6;N;0.1944218;70;70;11;5;5;285.3597;0;9999.99;4.76;4.887;2;9;23.1;0;23;33.84;1528.14157;07/13/16;17:12:23;22.82;51.44;33.84;-0.224;8.43;-83.5;1.3;13.3;39098;120.1;8.50;12.4;
33.4448646297368;-118.484253707744;17:15:23.92;7/13/2016;9;0.391;84.58;12.0453350093692;1.02;44.1;58.85;2.53;-3.73;25.1;.01;4.71;4.72;89;22;536.1;16.1;-1.3;D;1609.1;29;4.259;2;0.36;128;284.67;-118.48429813;33.44487433;0;0;6;N;0.1944218;75;75;11;5;5;284.8935;0;9999.99;4.73;4.857;2;9;23.1;0;23.1000003814697;33.85;1528.40723;07/13/16;17:12:25;22.83;51.46;33.85;-0.229;8.40;-82.2;1.1;-4.2;-2055;120.6;8.53;12.4;
33.4448633706816;-118.484251373283;17:15:24.92;7/13/2016;9;0.127;84.58;12.0453350093692;1.02;41.7;56.49;1.55;-4.47;25.2;.00;4.72;4.72;89;22;536.1;16.1;-1.3;D;1597.5;29;4.505;2;0.33;128;285.69;-118.48429813;33.44487433;0;0;6;N;0.1944218;68;68;11;5;5;285.8796;0;9999.99;4.74;4.867;2;9;23.1;0;23.1000003814697;33.85;1528.40723;07/13/16;17:12:25;22.83;51.46;33.85;-0.229;8.40;-82.2;1.1;-4.2;-2055;120.6;8.53;12.4;
33.4448628922945;-118.484249425508;17:15:25.92;7/13/2016;9;0.271;84.58;12.0453350093692;1.02;38.3;53.14;2.38;-7.53;25.2;.00;4.69;4.69;89;22;536.1;16.1;-1.3;D;1597.5;29;4.694;2;0.31;128;285.72;-118.48429813;33.44487433;0;0;6;N;0.1944218;71;71;11;5;5;285.9184;0;9999.99;4.70;4.827;2;9;23.1;0;23.1000003814697;33.85;1528.40675;07/13/16;17:12:27;22.84;51.45;33.85;-0.232;8.42;-83.2;1.1;-3.8;-2007;121.0;8.57;12.4;
33.4448626549691;-118.484246914887;17:15:26.92;7/13/2016;9;0.401;84.58;12.0453350093692;1.02;38.9;53.73;2.17;-9.6;25.1;.00;4.70;4.70;89;22;536.1;16.1;-1.3;D;1597.5;29;4.926;2;0.3;128;285.28;-118.48429813;33.44487433;0;0;6;N;0.1944218;70;70;11;5;5;285.4579;0;9999.99;4.72;4.847;2;9;23.1;0;23.1000003814697;33.85;1528.40675;07/13/16;17:12:27;22.84;51.45;33.85;-0.232;8.42;-83.2;1.1;-3.8;-2007;121.0;8.57;12.4;
33.4448626306536;-118.484243810313;17:15:27.92;7/13/2016;9;0.46;84.58;12.0453350093692;1.02;40.5;55.31;2.81;-6.56;25.1;.01;4.70;4.71;89;22;536.1;16.1;-1.3;D;1597.5;29;5.205;2;0.27;128;284.47;-118.48429813;33.44487433;0;0;6;N;0.1944218;74;74;11;5;5;284.625;0;9999.99;4.72;4.847;2;9;23.1;0;23.1000003814697;33.85;1528.40692;07/13/16;17:12:28;22.84;51.46;33.85;-0.221;8.42;-83.4;1.4;-3.2;68;121.3;8.58;12.4;
33.4448623062178;-118.484240650374;17:15:28.92;7/13/2016;9;0.393;84.58;12.0453350093692;1.02;42.2;56.98;3.26;-4.74;25.1;.01;4.71;4.71;89;22;536.0;16.1;-1.3;D;1616;29;5.499;2;0.28;128;284.07;-118.48429813;33.44487433;0;0;6;N;0.1944218;77;77;11;5;5;284.1934;0;9999.99;4.73;4.857;2;9;23.1;0;23.1000003814697;33.85;1528.40748;07/13/16;17:12:30;22.84;51.46;33.85;-0.177;8.42;-82.9;1.1;-0.2;-1741;121.6;8.60;12.4;
33.4448623307555;-118.48423901104;17:15:29.92;7/13/2016;9;0.172;84.58;12.0453350093692;1.02;40.2;55.01;1.72;-5.55;25.1;.00;4.67;4.67;89;22;536.0;16.1;-1.3;D;1616;29;5.645;2;0.27;128;283.67;-118.48429813;33.44487433;0;0;6;N;0.1944218;67;67;11;5;5;283.7884;0;9999.99;4.70;4.827;2;9;23.1;0;23.1000003814697;33.85;1528.40748;07/13/16;17:12:30;22.84;51.46;33.85;-0.177;8.42;-82.9;1.1;-0.2;-1741;121.6;8.60;12.4;
33.4448630137798;-118.484237328525;17:15:30.92;7/13/2016;9;0.22;84.58;12.0453350093692;1.02;38.5;53.34;1.41;-6.58;25.1;.00;4.67;4.67;89;22;536.0;16.1;-1.3;D;1616;29;5.780;2;0.25;128;282.57;-118.48429813;33.44487433;0;0;6;N;0.1944218;65;65;11;5;5;282.6886;0;9999.99;4.68;4.807;2;9;23.1;0;23.1000003814697;33.86;1528.41787;07/13/16;17:12:32;22.83;51.46;33.86;-0.186;8.42;-83.3;1.1;-5.4;1492;121.9;8.63;12.3;
33.4448641849093;-118.484237243225;17:15:31.92;7/13/2016;9;0.288;84.58;12.0453350093692;1.02;37.4;52.25;1.78;-7.28;25.1;.00;4.66;4.66;89;22;535.9;16.1;-1.3;D;1630.1;29;5.761;2;0.24;128;281.29;-118.48429813;33.44487433;0;0;6;N;0.1944218;65;65;11;5;5;281.4078;0;9999.99;4.67;4.797;2;9;23.1;0;23.1000003814697;33.86;1528.41787;07/13/16;17:12:32;22.83;51.46;33.86;-0.186;8.42;-83.3;1.1;-5.4;1492;121.9;8.63;12.3;
33.4448643787614;-118.484236588603;17:15:32.92;7/13/2016;9;0.262;84.58;12.0453350093692;1.02;36.9;51.75;2.68;-12.3;25.2;.01;4.67;4.68;89;22;535.9;16.1;-1.3;D;1630.1;29;5.817;2;0.24;128;280.97;-118.48429813;33.44487433;0;0;6;N;0.1944218;73;73;11;5;5;281.0735;0;9999.99;4.69;4.817;2;9;23.1;0;23.1000003814697;33.85;1528.40734;07/13/16;17:12:34;22.84;51.46;33.85;-0.159;8.42;-83.2;1.5;-1.1;-4689;122.2;8.65;12.4;
33.4448645596421;-118.484234740964;17:15:33.92;7/13/2016;9;0.297;84.58;12.0453350093692;1.02;40.3;55.11;1.4;-8.2;25.1;.01;4.69;4.70;89;22;535.9;16.1;-1.3;D;1630.1;29;5.981;2;0.25;128;280.47;-118.48429813;33.44487433;0;0;6;N;0.1944218;65;65;11;5;5;280.569;0;9999.99;4.72;4.847;2;9;23.1;0;23.1000003814697;33.85;1528.40734;07/13/16;17:12:34;22.84;51.46;33.85;-0.159;8.42;-83.2;1.5;-1.1;-4689;122.2;8.65;12.4;
33.4448646766154;-118.484232983486;17:15:34.92;7/13/2016;9;0.318;84.58;12.0453350093692;1.02;42.1;56.88;1.56;-5.66;25.1;.00;4.70;4.70;89;22;535.9;16.1;-1.3;D;1630.1;29;6.139;2;0.26;162;280.07;-118.48429813;33.44487433;0;0;6;N;0.1944218;66;66;11;5;5;280.1889;0;9999.99;4.71;4.837;2;9;23.1;0;23.1000003814697;33.85;1528.407;07/13/16;17:12:36;22.84;51.46;33.85;-0.213;8.39;-81.4;1.0;-2.5;-1394;122.6;8.68;12.3;
33.4448639566959;-118.484231090709;17:15:35.92;7/13/2016;9;0.441;84.58;12.0453350093692;1.02;44.7;59.44;1.94;-5;25.1;.01;4.65;4.66;89;22;535.9;16.1;-1.4;D;1562.6;29;6.327;2;0.22;162;280.51;-118.48429813;33.44487433;0;0;6;N;0.1944218;68;68;11;5;5;280.598;0;9999.99;4.67;4.797;2;9;23.1;0;23.1000003814697;33.85;1528.407;07/13/16;17:12:36;22.84;51.46;33.85;-0.213;8.39;-81.4;1.0;-2.5;-1394;122.6;8.68;12.3;
33.4448632294989;-118.48422837897;17:15:36.92;7/13/2016;9;0.516;84.58;12.0453350093692;1.02;45.6;60.32;1.5;2.05;25.1;.00;4.61;4.61;89;22;535.9;16.1;-1.4;D;1562.6;29;6.589;2;0.25;162;280.8;-118.48429813;33.44487433;0;0;6;N;0.1944218;67;67;11;5;5;280.9132;0;9999.99;4.63;4.757;2;9;23.2;0;23.2000007629395;33.84;1528.64969;07/13/16;17:12:38;22.83;51.44;33.84;-0.247;8.42;-83.0;0.6;-2.4;-2060;122.9;8.70;12.4;
33.4448637627286;-118.484223780377;17:15:37.92;7/13/2016;9;0.632;84.58;12.0453350093692;1.02;45.5;60.22;1.36;-1.31;25.2;.00;4.62;4.62;89;22;535.9;16.1;-1.4;D;1562.6;29;6.998;2;0.33;162;279.67;-118.48429813;33.44487433;0;0;6;N;0.1944218;62;62;11;5;5;279.7849;0;9999.99;4.63;4.757;0;0;23.2;0;23.2000007629395;33.84;1528.64969;07/13/16;17:12:38;22.83;51.44;33.84;-0.247;8.42;-83.0;0.6;-2.4;-2060;122.9;8.70;12.4;
33.4448649751307;-118.484220144494;17:15:38.92;7/13/2016;9;0.706;84.58;12.0453350093692;1.02;36.2;51.06;1.43;-4.85;25.1;.00;4.55;4.56;89;33;535.8;16;-2.1;D;1055.5;29;7.310;2;0.47;162;278.18;-118.48429813;33.44487433;0;0;6;N;0.1944218;66;66;11;5;5;278.3524;0;9999.99;4.57;4.697;2;9;23.2;0;23.2000007629395;33.85;1528.66062;07/13/16;17:12:40;22.83;51.45;33.85;-0.221;8.42;-83.0;1.0;-1.0;-117;123.0;8.71;12.2;
33.4448675793401;-118.484215800027;17:15:39.92;7/13/2016;9;0.985;84.58;12.0453350093692;1.02;36.7;51.56;1.95;-1.72;25.1;.00;4.44;4.44;89;33;535.8;16;-2.1;D;1055.5;29;7.676;2;0.65;162;275.61;-118.48429813;33.44487433;0;0;6;N;0.1944218;69;69;11;5;5;275.8388;0;9999.99;4.45;4.577;2;9;23.2;0;23.2000007629395;33.85;1528.66062;07/13/16;17:12:40;22.83;51.45;33.85;-0.221;8.42;-83.0;1.0;-1.0;-117;123.0;8.71;12.2;
33.4448700133973;-118.484211081686;17:15:40.95;7/13/2016;9;0.755;84.58;12.0453350093692;1.02;30.6;45.49;2;-1.9;25.1;.00;4.20;4.20;89;33;535.8;16;-2.1;D;1055.5;29;8.091;2;0.78;162;273.4;-118.48429813;33.44487433;0;0;6;N;0.1944218;69;69;11;5;5;273.6897;0;9999.99;4.21;4.337;2;9;23.2;0;23.2000007629395;33.85;1528.66044;07/13/16;17:12:41;22.83;51.46;33.85;-0.216;8.42;-83.3;2.0;-2.4;-3331;123.1;8.71;12.4;
33.4448728198607;-118.484206712019;17:15:41.97;7/13/2016;9;0.821;84.58;12.0453350093692;1.02;27.1;41.99;1.77;-4.16;25.1;.00;4.20;4.21;89;33;535.8;16;-2.1;D;1055.5;29;8.483;2;0.81;163;271.13;-118.48429813;33.44487433;0;0;6;N;0.1944218;68;68;11;5;5;271.4294;0;9999.99;4.22;4.347;2;9;23.2;0;23.2000007629395;33.85;1528.66072;07/13/16;17:12:43;22.84;51.46;33.85;-0.203;8.42;-83.0;1.6;-3.6;770;123.3;8.72;12.4;
33.4448756702552;-118.484201075078;17:15:42.97;7/13/2016;9;1.139;84.58;12.0453350093692;1.02;19.1;33.93;0.46;-8.2;25.1;.00;4.20;4.21;89;33;535.7;16;-2;D;1061.4;29;9.006;2;0.8;163;269.05;-118.48429813;33.44487433;0;0;6;N;0.1944218;58;58;11;5;5;269.4062;0;9999.99;4.22;4.347;0;0;23.2;0;23.2000007629395;33.85;1528.66072;07/13/16;17:12:43;22.84;51.46;33.85;-0.203;8.42;-83.0;1.6;-3.6;770;123.3;8.72;12.4;
33.4448766457363;-118.484196859152;17:15:43.97;7/13/2016;9;0.977;84.58;12.0453350093692;1.02;22.4;37.26;1.41;-0.28;25.1;.00;2.35;2.35;89;33;535.7;16;-2;D;1061.4;29;9.400;2;0.7;163;268.43;-118.48429813;33.44487433;0;0;6;N;0.1944218;65;65;11;5;5;268.6804;0;9999.99;2.36;2.487;2;9;23.2;0;23.2000007629395;33.85;1528.66036;07/13/16;17:12:45;22.84;51.46;33.85;-0.198;8.42;-83.3;1.2;-0.8;-25;123.4;8.74;12.4;
33.4448794163506;-118.484193176529;17:15:44.97;7/13/2016;9;1.026;73.31;12.0453350093692;1.02;20.9;35.75;1.23;2.6;25.2;.00;2.26;2.26;89;33;535.7;16;-2;D;1061.4;29;9.754;2;0.79;163;266.68;-118.48429813;33.44487433;0;0;6;N;0.1944218;64;64;11;5;5;266.9588;0;9999.99;2.27;2.397;2;9;23.2;0;23.2000007629395;33.84;1528.64938;07/13/16;17:12:46;22.84;51.45;33.84;-0.214;8.42;-83.0;2.1;-3.7;832;123.5;8.74;12.4;
33.444881223507;-118.484191488375;17:15:45.97;7/13/2016;9;1.076;73.31;12.0453350093692;1.02;11.8;26.53;1.55;-0.92;25.2;.00;1.83;1.83;89;34;535.7;16;-2.1;D;1042.5;29;9.924;2;0.95;165;265.57;-118.48429813;33.44487433;0;0;6;N;0.1944218;64;64;11;5;5;265.9552;0;9999.99;1.84;1.967;2;9;23.2;0;23.2000007629395;33.84;1528.64938;07/13/16;17:12:46;22.84;51.45;33.84;-0.214;8.42;-83.0;2.1;-3.7;832;123.5;8.74;12.4;
33.4448834179288;-118.484186265232;17:15:46.97;7/13/2016;9;1.151;73.31;12.0453350093692;1.02;9.9;24.6;0.65;1.1;25.2;.00;1.33;1.33;89;34;535.7;16;-2.1;D;1042.5;29;10.428;2;0.97;165;264.44;-118.48429813;33.44487433;0;0;6;N;0.1944218;62;62;11;5;5;264.7918;0;9999.99;1.34;1.467;2;9;23.2;0;23.2000007629395;33.85;1528.6604;07/13/16;17:12:48;22.83;51.45;33.85;-0.172;8.42;-83.2;1.7;-2.3;-3373;123.6;8.75;12.4;
33.4448877604903;-118.484183828662;17:15:47.98;7/13/2016;9;0.944;73.31;12.0453350093692;1.02;6.4;21.03;1.99;3.21;25.2;.00;1.27;1.27;89;34;535.7;16;-2.1;D;1042.5;29;10.710;2;1.04;165;261.98;-118.48429813;33.44487433;0;0;6;N;0.1944218;69;69;11;5;5;262.3488;0;9999.99;1.27;1.397;2;9;23.2;0;23.2000007629395;33.85;1528.6604;07/13/16;17:12:48;22.83;51.45;33.85;-0.172;8.42;-83.2;1.7;-2.3;-3373;123.6;8.75;12.4;
33.4448921084095;-118.484182759517;17:15:48.98;7/13/2016;9;1.129;73.31;12.0453350093692;1.02;357.5;11.94;1.58;1.42;25.1;.00;1.42;1.42;89;34;535.7;16;-2.1;D;1042.5;29;10.885;2;0.96;165;259.54;-118.48429813;33.44487433;0;0;6;N;0.1944218;66;66;11;5;5;259.881;0;9999.99;1.44;1.567;2;9;23.2;0;23.2000007629395;33.85;1528.66048;07/13/16;17:12:50;22.82;51.46;33.85;-0.202;8.42;-83.0;1.6;-5.1;35;123.7;8.75;12.4;
33.4448981708541;-118.484181830405;17:15:50.02;7/13/2016;8;1.198;73.31;12.0453350093692;1.18;349.7;3.95;2.09;0.37;25.2;.00;1.41;1.41;89;36;535.6;16;-2.2;D;991;29;11.111;2;1.33;168;256.2;-118.48429813;33.44487433;0;0;6;N;0.1944218;70;70;11;5;5;256.6905;0;9999.99;1.42;1.547;2;9;23.2;0;23.2000007629395;33.83;1528.63863;07/13/16;17:12:51;22.83;51.43;33.83;-0.231;8.41;-82.8;1.8;-4.4;-1702;123.7;8.76;12.4;
33.4449032186233;-118.484181987693;17:15:51.02;7/13/2016;8;1.157;73.31;12.0453350093692;1.18;344.4;358.53;2.45;0.68;25.1;.00;1.05;1.06;89;36;535.6;16;-2.2;D;991;29;11.245;2;1.3;168;253.4;-118.48429813;33.44487433;0;0;6;N;0.1944218;72;72;11;5;5;253.8819;0;9999.99;1.07;1.197;2;9;23.2;0;23.2000007629395;33.83;1528.63863;07/13/16;17:12:51;22.83;51.43;33.83;-0.231;8.41;-82.8;1.8;-4.4;-1702;123.7;8.76;12.4;
33.4449076827423;-118.484179734323;17:15:52.02;7/13/2016;8;1.057;73.31;12.0453350093692;1.18;339.8;353.82;1.73;0.45;25.2;.01;.66;.67;89;36;535.6;16;-2.2;D;991;29;11.594;2;1.17;168;251.34;-118.48429813;33.44487433;0;0;6;N;0.1944218;67;67;11;5;5;251.7582;0;9999.99;.68;0.807;2;9;23.2;0;23.2000007629395;33.85;1528.66073;07/13/16;17:12:53;22.80;51.45;33.85;-0.167;8.42;-83.1;1.0;-1.9;-1721;123.7;8.76;12.4;
33.4449116541456;-118.484178305712;17:15:53.02;7/13/2016;8;1.059;73.31;12.0453350093692;1.18;330.1;343.92;1.03;3.02;25.2;.00;.63;.64;89;39;535.6;16;-2.4;D;898.2;29;11.867;2;1.26;168;249.53;-118.48429813;33.44487433;0;0;6;N;0.1944218;65;65;11;5;5;249.9672;0;9999.99;.65;0.777;2;9;23.2;0;23.2000007629395;33.85;1528.66073;07/13/16;17:12:53;22.80;51.45;33.85;-0.167;8.42;-83.1;1.0;-1.9;-1721;123.7;8.76;12.4;
33.4449170910558;-118.484176783881;17:15:54.02;7/13/2016;8;0.937;73.31;12.0453350093692;1.18;323.4;337.1;2.35;2.49;25.1;.00;.59;.60;89;39;535.6;16;-2.4;D;898.2;29;12.222;2;1.46;171;247.1;-118.48429813;33.44487433;0;0;6;N;0.1944218;69;69;11;5;5;247.5824;0;9999.99;.60;0.727;2;9;23.2;0;23.2000007629395;33.86;1528.67169;07/13/16;17:12:55;22.80;51.47;33.86;-0.223;8.42;-83.2;1.5;-5.7;-2919;123.8;8.77;12.4;
33.4449231798523;-118.484181424143;17:15:55.03;7/13/2016;8;1.186;73.31;12.0453350093692;1.18;313.2;326.74;1.59;1.29;25.1;.00;.45;.45;89;39;535.6;16;-2.4;D;898.2;29;12.114;2;1.89;171;243.36;-118.48429813;33.44487433;0;0;6;N;0.1944218;67;67;11;5;5;244.0028;0;9999.99;.47;0.597;2;9;23.2;0;23.2000007629395;33.86;1528.67157;07/13/16;17:12:56;22.80;51.47;33.86;-0.192;8.42;-83.3;1.1;0.2;-1671;123.8;8.77;12.3;
33.4449275421663;-118.484183692913;17:15:56.05;7/13/2016;9;1.151;73.31;12.0453350093692;1.18;310.9;324.41;1.78;3.83;25.1;.00;.83;.83;89;39;535.6;16;-2.4;D;898.2;29;12.156;2;1.59;171;240.87;-118.48429813;33.44487433;0;0;6;N;0.1944218;68;68;11;5;5;241.4117;0;9999.99;.84;0.9669999;2;9;23.2;0;23.2000007629395;33.86;1528.67134;07/13/16;17:12:57;22.80;51.47;33.86;-0.218;8.42;-83.2;1.9;-2.1;-3915;123.8;8.77;12.4;
33.4449328783664;-118.48418614993;17:15:57.05;7/13/2016;9;1.256;73.31;12.0453350093692;1.18;305.4;318.84;1.26;3.5;25.1;.00;1.40;1.41;89;43;535.5;16;-2.7;D;821.6;29;12.261;2;1.62;171;237.93;-118.48429813;33.44487433;0;0;6;N;0.1944218;65;65;11;5;5;238.472;0;9999.99;1.42;1.547;2;9;23.2;0;23.2000007629395;33.86;1528.67134;07/13/16;17:12:57;22.80;51.47;33.86;-0.218;8.42;-83.2;1.9;-2.1;-3915;123.8;8.77;12.4;
33.4449373954251;-118.484191152129;17:15:58.08;7/13/2016;9;1.261;73.31;12.0453350093692;1.18;299;312.37;2.1;2.75;25.1;.00;1.64;1.65;89;43;535.5;16;-2.7;D;821.6;29;12.153;2;1.52;174;234.76;-118.48429813;33.44487433;0;0;6;N;0.1944218;70;70;11;5;5;235.2717;0;9999.99;1.66;1.787;2;9;23.2;0;23.2000007629395;33.84;1528.64964;07/13/16;17:12:59;22.81;51.43;33.84;-0.193;8.42;-83.0;1.6;-1.8;-3517;123.9;8.78;12.4;
33.4449389694221;-118.484193723172;17:15:59.09;7/13/2016;9;1.161;73.31;12.0453350093692;1.29;292.2;305.49;1.38;4.09;25.1;.00;2.28;2.28;89;43;535.5;16;-2.7;D;821.6;29;12.063;2;1.51;174;233.43;-118.48429813;33.44487433;0;0;6;N;0.1944218;69;69;11;5;5;233.8966;0;9999.99;2.29;2.417;2;9;23.2;0;23.2000007629395;33.84;1528.64964;07/13/16;17:12:59;22.81;51.43;33.84;-0.193;8.42;-83.0;1.6;-1.8;-3517;123.9;8.78;12.4;
33.4449425992667;-118.484191333603;17:16:00.09;7/13/2016;9;1.412;73.31;12.0453350093692;1.34;285.4;298.62;-0.65;5.45;25.1;.01;2.28;2.28;89;46;535.4;16;-2.9;D;762.2;29;12.483;2;1.34;174;232.54;-118.48429813;33.44487433;0;0;6;N;0.1944218;53;53;11;5;5;232.8394;0;9999.99;2.29;2.417;2;9;23.2;0;23.2000007629395;33.84;1528.64986;07/13/16;17:13:00;22.80;51.44;33.84;-0.184;8.39;-81.4;1.7;-1.7;-2945;124.0;8.78;12.2;
33.4449446206911;-118.484199364472;17:16:01.11;7/13/2016;9;1.606;73.31;12.0453350093692;1.34;278;291.12;2.25;2.88;25.1;.00;2.92;2.92;89;46;535.4;16;-2.9;D;762.2;29;12.045;2;1.29;174;229.54;-118.48429813;33.44487433;0;0;6;N;0.1944218;71;71;11;5;5;229.8357;0;9999.99;2.91;3.037;2;9;23.2;0;23.2000007629395;33.82;1528.62776;07/13/16;17:13:02;22.77;51.42;33.82;-0.140;8.42;-83.0;1.9;-7.4;-678;124.0;8.79;12.5;
33.44495018167;-118.484201574038;17:16:02.13;7/13/2016;8;1.278;73.31;12.0453350093692;1.34;268.5;281.46;1.05;5.16;25.1;.00;2.92;2.92;89;46;535.4;16;-2.9;D;762.2;29;12.304;2;1.2;176;226.73;-118.48429813;33.44487433;0;0;6;N;0.1944218;63;63;11;5;5;227.09;0;9999.99;2.91;3.037;2;9;23.2;0;23.2000007629395;33.83;1528.63846;07/13/16;17:13:03;22.74;51.42;33.83;-0.141;8.41;-82.3;1.1;-4.8;-3025;124.0;8.79;12.4;
33.4449513657747;-118.484214458467;17:16:03.13;7/13/2016;8;2.061;73.31;12.0453350093692;1.29;262.7;275.53;1.58;4.73;25.2;.00;4.85;4.85;89;46;535.4;16;-2.9;D;762.2;29;11.561;2;1.28;176;222.19;-118.48429813;33.44487433;0;0;6;N;0.1944218;66;66;11;5;5;222.5795;0;9999.99;4.86;4.987;2;9;23.2;0;23.2000007629395;33.83;1528.63842;07/13/16;17:13:04;22.72;51.42;33.83;-0.150;8.41;-82.7;2.2;0.4;31;123.9;8.79;12.5;
33.4449553791007;-118.484214286157;17:16:04.14;7/13/2016;8;0.925;73.31;12.0453350093692;1.29;258.3;271.02;0.93;2.08;25.2;.00;4.85;4.85;89;51;535.4;16;-3.1;D;697.3;29;11.906;2;1.27;176;220.8;-118.48429813;33.44487433;0;0;6;N;0.1944218;62;62;11;5;5;221.1558;0;9999.99;4.86;4.987;2;9;23.2;0;23.2000007629395;33.83;1528.63842;07/13/16;17:13:04;22.72;51.42;33.83;-0.150;8.41;-82.7;2.2;0.4;31;123.9;8.79;12.5;
33.4449559958308;-118.484218558425;17:16:05.17;7/13/2016;7;1.066;73.31;12.0453350093692;1.29;253;265.56;1.43;2.73;25.1;.00;5.32;5.32;89;51;535.4;16;-3.1;D;697.3;29;11.704;2;1.25;176;219.11;-118.48429813;33.44487433;0;0;6;N;0.1944218;66;66;11;5;5;219.4403;0;9999.99;5.33;5.457;2;9;23.2;0;23.2000007629395;33.82;1528.62773;07/13/16;17:13:06;22.69;51.42;33.82;-0.140;8.41;-82.4;1.9;-5.2;-472;123.8;8.78;12.5;
33.4449558099475;-118.48422265376;17:16:06.17;7/13/2016;7;0.716;73.31;12.0453350093692;1.29;245.9;258.22;0.47;1.26;25.1;.00;5.47;5.47;89;51;535.4;16;-3.1;D;697.3;29;11.451;2;1.3;176;217.7;-118.48429813;33.44487433;0;0;6;N;0.1944218;60;60;11;5;5;218.0211;0;9999.99;5.47;5.597;2;9;23.2;0;23.2000007629395;33.81;1528.61681;07/13/16;17:13:07;22.67;51.40;33.81;-0.124;8.41;-82.4;2.0;-3.5;-813;123.7;8.78;12.4;
33.4449552402629;-118.484230063235;17:16:07.17;7/13/2016;8;1.517;73.31;12.0453350093692;1.18;241.9;254.06;0.99;4.65;25.1;.00;5.53;5.54;89;51;535.4;16;-3.1;D;697.3;29;10.992;2;1.28;176;215.07;-118.48429813;33.44487433;0;0;6;N;0.1944218;63;63;11;5;5;215.3879;0;9999.99;5.54;5.667;2;9;23.2;0;23.2000007629395;33.81;1528.61681;07/13/16;17:13:07;22.67;51.40;33.81;-0.124;8.41;-82.4;2.0;-3.5;-813;123.7;8.78;12.4;
33.4449600014631;-118.484237765088;17:16:08.17;7/13/2016;8;1.893;73.31;12.0453350093692;1.18;236;247.91;0.77;3.18;25.1;.00;5.54;5.55;89;51;535.3;16;-3.2;D;694.1;29;11.051;2;1.28;176;210.45;-118.48429813;33.44487433;0;0;6;N;0.1944218;62;62;11;5;5;210.7522;0;9999.99;5.55;5.677;2;9;23.2;0;23.2000007629395;33.81;1528.61676;07/13/16;17:13:09;22.61;51.40;33.81;-0.106;8.37;-79.9;2.6;3.4;-1974;123.5;8.78;12.4;
33.4449615708725;-118.484247418835;17:16:09.17;7/13/2016;8;1.628;73.31;12.0453350093692;1.18;232.3;244.04;1.39;3.56;25.1;.00;5.55;5.55;89;50;535.3;16;-3.1;D;707.8;29;10.782;2;1.28;176;205.87;-118.48429813;33.44487433;0;0;6;N;0.1944218;64;64;11;5;5;206.1714;0;9999.99;5.56;5.687;2;9;23.2;0;23.2000007629395;33.81;1528.61676;07/13/16;17:13:09;22.61;51.40;33.81;-0.106;8.37;-79.9;2.6;3.4;-1974;123.5;8.78;12.4;
33.444960866007;-118.484256740163;17:16:10.17;7/13/2016;8;1.533;73.31;12.0453350093692;1.18;226.5;237.96;0.84;0.28;25.1;.00;5.56;5.56;89;50;535.3;16;-3.1;D;707.8;29;10.361;2;1.26;176;201.76;-118.48429813;33.44487433;0;0;6;N;0.1944218;62;62;11;5;5;202.0534;0;9999.99;5.57;5.697;2;9;23.2;0;23.2000007629395;33.81;1528.61659;07/13/16;17:13:11;22.56;51.39;33.81;-0.203;8.40;-82.0;1.9;-5.4;-1682;123.3;8.77;12.5;
33.4449593227045;-118.48426380145;17:16:11.17;7/13/2016;9;1.295;73.31;12.0453350093692;1.18;224.5;235.86;1.7;2.14;25.1;.00;5.56;5.57;89;50;535.3;16;-3.1;D;707.8;29;9.973;2;1.26;176;198.62;-118.48429813;33.44487433;0;0;6;N;0.1944218;67;67;11;5;5;198.9404;0;9999.99;5.58;5.707;2;9;23.2;0;23.2000007629395;33.82;1528.62747;07/13/16;17:13:12;22.53;51.41;33.82;-0.205;8.40;-82.1;1.5;1.3;-2019;123.2;8.77;12.4;
33.4449574459894;-118.484268785632;17:16:12.17;7/13/2016;9;1.083;73.31;12.0453350093692;1.18;213.3;224.07;1.66;1.48;25.1;.00;5.60;5.60;89;50;535.3;16;-3.1;D;707.8;29;9.635;2;1.27;176;196.41;-118.48429813;33.44487433;0;0;6;N;0.1944218;65;65;11;11;11;196.7448;0;9999.99;5.61;5.737;2;9;23.2;0;23.2000007629395;33.82;1528.62747;07/13/16;17:13:12;22.53;51.41;33.82;-0.205;8.40;-82.1;1.5;1.3;-2019;123.2;8.77;12.4;
33.4449530844793;-118.484274349228;17:16:13.17;7/13/2016;8;1.201;73.31;12.0453350093692;1.18;210.8;221.43;-0.03;4.35;25.1;.00;5.61;5.61;89;44;535.3;16;-2.7;D;800.1;29;9.031;2;1.31;176;194.14;-118.48429813;33.44487433;0;0;6;N;0.1944218;57;57;11;25;25;194.4053;0;9999.99;5.61;5.737;2;9;23.2;0;23.2000007629395;33.81;1528.61671;07/13/16;17:13:14;22.48;51.39;33.81;-0.205;8.40;-81.7;1.6;0.7;-3189;123.0;8.76;12.3;
33.444948154035;-118.484281978226;17:16:14.17;7/13/2016;8;1.523;73.31;12.0453350093692;1.18;206.7;217.11;1.35;-0.41;25.1;.00;5.58;5.58;89;44;535.3;16;-2.7;D;800.1;29;8.345;2;1.32;176;190.35;-118.48429813;33.44487433;0;0;6;N;0.1944218;63;63;11;29;29;190.6189;0;9999.99;5.59;5.717;2;9;23.2;0;23.2000007629395;33.81;1528.61671;07/13/16;17:13:14;22.48;51.39;33.81;-0.205;8.40;-81.7;1.6;0.7;-3189;123.0;8.76;12.3;
33.4449421253685;-118.48428610357;17:16:15.17;7/13/2016;8;1.627;146.2;12.0453350093692;1.18;201.2;211.32;0.21;2.3;25.2;.00;5.59;5.59;89;44;535.3;16;-2.7;D;800.1;29;7.620;2;1.38;176;188.42;-118.48429813;33.44487433;0;0;6;N;0.1944218;58;58;11;37;37;188.7298;0;9999.99;5.59;5.717;2;9;23.2;0;23.2000007629395;33.84;1528.64944;07/13/16;17:13:16;22.44;51.43;33.84;-0.121;8.39;-81.5;1.6;-1.2;-898;122.6;8.74;12.3;
33.4449350314485;-118.484290814616;17:16:16.17;7/13/2016;8;1.493;146.2;12.0453350093692;1.18;199.5;209.54;1.15;2.62;25.1;.00;5.58;5.58;89;43;535.2;16;-2.7;D;820;29;6.784;2;1.43;176;185.74;-118.48429813;33.44487433;0;0;6;N;0.1944218;62;62;11;41;41;186.0936;0;9999.99;5.59;5.717;2;9;23.2;0;23.2000007629395;33.84;1528.64944;07/13/16;17:13:16;22.44;51.43;33.84;-0.121;8.39;-81.5;1.6;-1.2;-898;122.6;8.74;12.3;
33.4449289507763;-118.484295133307;17:16:17.17;7/13/2016;8;1.388;146.2;12.0453350093692;1.18;198.1;208.07;0.93;3.64;25.1;.00;5.56;5.56;89;43;535.2;16;-2.7;D;820;29;6.080;2;1.44;176;182.62;-118.48429813;33.44487433;0;0;6;N;0.1944218;65;65;11;31;31;183.0465;0;9999.99;5.57;5.697;2;9;23.2;0;23.2000007629395;33.84;1528.64937;07/13/16;17:13:17;22.44;51.43;33.84;-0.126;8.40;-81.6;1.4;1.5;-1742;122.4;8.73;12.5;
33.4449207883461;-118.484300838957;17:16:18.17;7/13/2016;8;1.378;146.2;12.0453350093692;1.18;193.7;203.45;0.98;-1.75;25;.00;5.48;5.48;89;43;535.2;16;-2.7;D;820;29;5.172;2;1.48;174;177.21;-118.48429813;33.44487433;0;0;6;N;0.1944218;63;63;11;24;24;177.635;0;9999.99;5.49;5.617;2;9;23.2;0;23.2000007629395;33.79;1528.59493;07/13/16;17:13:19;22.41;51.37;33.79;-0.154;8.39;-81.2;1.8;-3.3;712;122.1;8.71;12.4;
33.4449148668636;-118.484305668895;17:16:19.17;7/13/2016;8;1.418;146.2;12.0453350093692;1.18;190.3;199.9;0.01;4.1;25;.00;5.39;5.39;89;43;535.2;16;-2.7;D;820;29;4.562;2;1.48;174;171.18;-118.48429813;33.44487433;0;0;6;N;0.1944218;57;57;11;14;14;171.764;0;9999.99;5.39;5.517;2;9;23.2;0;23.2000007629395;33.79;1528.59493;07/13/16;17:13:19;22.41;51.37;33.79;-0.154;8.39;-81.2;1.8;-3.3;712;122.1;8.71;12.4;
33.4449084145837;-118.484308516464;17:16:20.17;7/13/2016;8;1.447;171.88;12.0453350093692;1.18;184.7;194.07;0.77;1.78;25;.00;5.35;5.36;89;42;535.2;16;-2.6;D;844.3;29;3.912;2;1.52;174;165.73;-118.48429813;33.44487433;0;0;6;N;0.1944218;62;62;11;18;18;166.4604;0;9999.99;5.36;5.487;2;9;23.2;0;23.2000007629395;33.81;1528.61679;07/13/16;17:13:21;22.36;51.40;33.81;-0.136;8.39;-81.1;1.7;-2.2;-4409;121.8;8.70;12.4;
33.444902124003;-118.484309457414;17:16:21.17;7/13/2016;9;1.488;186.71;12.0453350093692;1.02;179.9;189.1;0.89;0.82;25;.00;5.23;5.23;89;42;535.2;16;-2.6;D;844.3;29;3.265;2;1.52;174;161.22;-118.48429813;33.44487433;0;0;6;N;0.1944218;62;62;11;18;18;161.9059;0;9999.99;5.24;5.367;2;9;23.2;0;23.2000007629395;33.81;1528.61679;07/13/16;17:13:21;22.36;51.40;33.81;-0.136;8.39;-81.1;1.7;-2.2;-4409;121.8;8.70;12.4;
33.4448941032993;-118.48430972547;17:16:22.17;7/13/2016;9;1.783;185.54;12.0453350093692;1.02;175.7;184.78;0.21;-0.52;25.1;.00;5.29;5.29;89;42;535.2;16;-2.6;D;844.3;29;2.448;2;1.52;128;153.93;-118.48429813;33.44487433;0;0;6;N;0.1944218;58;58;11;8;8;154.9263;0;9999.99;5.29;5.417;2;9;23.1;0;23.2000007629395;33.84;1528.6496;07/13/16;17:13:23;22.33;51.43;33.84;-0.138;8.39;-81.4;1.2;-1.1;-4257;121.5;8.67;12.4;
33.4448868528872;-118.484307856928;17:16:23.17;7/13/2016;9;1.558;179.17;12.0453350093692;1.02;169.7;178.65;1.51;-3.79;25.1;.00;5.24;5.24;89;42;535.2;16;-2.6;D;844.3;29;1.661;2;1.43;128;147.05;-118.48429813;33.44487433;0;0;6;N;0.1944218;66;66;11;6;6;148.3776;0;9999.99;5.25;5.377;2;9;23.1;0;23.2000007629395;33.84;1528.6496;07/13/16;17:13:23;22.33;51.43;33.84;-0.138;8.39;-81.4;1.2;-1.1;-4257;121.5;8.67;12.4;
33.4448785985079;-118.48430376703;17:16:24.17;7/13/2016;9;1.867;172.46;12.0453350093692;1.02;167.2;176.11;2.54;-7.02;25.2;.01;5.21;5.21;89;25;535.1;16;-1.5;D;1409;29;.710;2;1.43;128;132.22;-118.48429813;33.44487433;0;0;6;N;0.1944218;71;71;11;5;5;136.4123;0;9999.99;5.23;5.357;2;9;23.1;0;23.1000003814697;33.85;1528.40708;07/13/16;17:13:25;22.32;51.44;33.85;-0.210;8.39;-81.2;1.6;2.1;-2948;121.0;8.64;12.6;
33.4448809669493;-118.484309226585;17:16:25.17;7/13/2016;9;1.064;172.46;12.0453350093692;1.02;165.3;174.19;2.51;-8.5;25.2;.01;5.22;5.23;89;25;535.1;16;-1.5;D;1409;29;1.267;2;1.28;128;125.63;-118.48429813;33.44487433;0;0;6;N;0.1944218;73;73;11;5;5;128.2042;0;9999.99;5.24;5.367;2;9;23.1;0;23.1000003814697;33.85;1528.40708;07/13/16;17:13:25;22.32;51.44;33.85;-0.210;8.39;-81.2;1.6;2.1;-2948;121.0;8.64;12.6;
33.4448807290809;-118.48431155175;17:16:26.17;7/13/2016;8;0.584;172.46;12.0453350093692;1.25;158.1;166.97;2.33;-7.73;25.2;.01;5.27;5.28;89;25;535.1;16;-1.5;D;1409;29;1.434;2;0.94;128;119.74;-118.48429813;33.44487433;0;0;6;N;0.1944218;71;71;11;5;5;121.236;0;9999.99;5.29;5.417;2;9;23.1;0;23.1000003814697;33.92;1528.48405;07/13/16;17:13:27;22.35;51.54;33.92;-0.166;8.39;-81.2;1.3;-3.0;-1716;120.7;8.61;12.5;
33.444878449626;-118.484310572038;17:16:27.17;7/13/2016;8;0.501;172.46;12.0453350093692;1.25;152.8;161.71;2.47;-4.19;25.1;.01;5.24;5.25;89;22;535.1;16.1;-1.3;D;1612;29;1.241;2;0.94;128;111.64;-118.48429813;33.44487433;0;0;6;N;0.1944218;71;71;11;5;5;113.4424;0;9999.99;5.26;5.387;2;9;23.1;0;23.1000003814697;33.92;1528.48405;07/13/16;17:13:27;22.35;51.54;33.92;-0.166;8.39;-81.2;1.3;-3.0;-1716;120.7;8.61;12.5;
33.4448758657278;-118.484310652672;17:16:28.17;7/13/2016;9;0.539;172.46;12.0453350093692;1.25;149.1;158.07;2.79;-2.76;25.1;.01;5.27;5.27;89;22;535.1;16.1;-1.3;D;1612;29;1.174;2;0.75;128;98.36;-118.48429813;33.44487433;0;0;6;N;0.1944218;73;73;11;5;5;100.1621;0;9999.99;5.29;5.417;2;9;23.1;0;23.1000003814697;33.91;1528.47304;07/13/16;17:13:29;22.42;51.53;33.91;-0.243;8.39;-81.4;1.7;-1.3;-1657;120.5;8.59;12.4;
33.4448682844205;-118.484309765131;17:16:29.17;7/13/2016;9;1.734;169.51;12.0453350093692;1.02;144.3;153.39;2.33;-2;25.1;.01;5.23;5.24;89;22;535.1;16.1;-1.3;D;1612;29;1.270;2;0.75;128;58.09;-118.48429813;33.44487433;0;0;6;N;0.1944218;71;71;11;5;5;59.98654;0;9999.99;5.25;5.377;2;9;23.1;0;23.1000003814697;33.91;1528.47304;07/13/16;17:13:29;22.42;51.53;33.91;-0.243;8.39;-81.4;1.7;-1.3;-1657;120.5;8.59;12.4;
33.4448658197273;-118.484308639198;17:16:30.17;7/13/2016;8;0.648;169.51;12.0453350093692;1.25;140;149.23;1.67;-2.43;25.1;.01;5.13;5.13;89;22;535.1;16.1;-1.3;D;1612;29;1.363;2;0.65;128;45.86;-118.48429813;33.44487433;0;0;6;N;0.1944218;66;66;11;5;5;47.56196;0;9999.99;5.14;5.267;2;9;23.1;0;23.1000003814697;33.9;1528.46232;07/13/16;17:13:31;22.52;51.52;33.90;-0.154;8.41;-82.2;1.2;0.6;-1457;120.4;8.57;12.3;
33.4448641614319;-118.484307778006;17:16:31.17;7/13/2016;9;0.457;169.51;12.0453350093692;1.25;138.5;147.78;1.64;-3.77;25.1;.00;5.09;5.09;89;22;535.0;16.1;-1.3;D;1599.1;29;1.446;2;0.49;128;38.37;-118.48429813;33.44487433;0;0;6;N;0.1944218;67;67;11;5;5;39.39785;0;9999.99;5.10;5.227;2;9;23.1;0;23.1000003814697;33.9;1528.46232;07/13/16;17:13:31;22.52;51.52;33.90;-0.154;8.41;-82.2;1.2;0.6;-1457;120.4;8.57;12.3;
33.4448604522252;-118.48430542863;17:16:32.17;7/13/2016;9;0.933;169.51;12.0453350093692;1.02;136.9;146.25;3.06;-4.91;25.1;.01;5.06;5.07;89;22;535.0;16.1;-1.3;D;1599.1;29;1.685;2;0.46;128;23.69;-118.48429813;33.44487433;0;0;6;N;0.1944218;75;75;11;5;5;24.47359;0;9999.99;5.08;5.207;2;9;23.1;0;23.1000003814697;33.87;1528.42892;07/13/16;17:13:33;22.58;51.47;33.87;-0.209;8.41;-82.3;1.2;-0.7;-2231;120.4;8.56;12.4;
33.4448592200368;-118.484305445777;17:16:33.17;7/13/2016;9;0.492;169.51;12.0453350093692;1.25;131.6;141.19;3.25;-3.75;25.1;.01;5.05;5.06;89;22;535.0;16.1;-1.3;D;1599.1;29;1.811;2;0.42;128;22;-118.48429813;33.44487433;0;0;6;N;0.1944218;77;77;11;5;5;22.68599;0;9999.99;5.08;5.207;2;9;23.1;0;23.1000003814697;33.87;1528.42892;07/13/16;17:13:33;22.58;51.47;33.87;-0.209;8.41;-82.3;1.2;-0.7;-2231;120.4;8.56;12.4;
33.444855319677;-118.484306217251;17:16:34.17;7/13/2016;9;1.175;172.77;12.0453350093692;1.02;131.1;140.71;3.33;-5.59;25.1;.01;5.06;5.07;89;22;535.0;16.1;-1.3;D;1621.2;29;2.243;2;0.37;128;19.54;-118.48429813;33.44487433;0;0;6;N;0.1944218;77;77;11;5;5;20.03897;0;9999.99;5.09;5.217;2;9;23.1;0;23.1000003814697;33.88;1528.4403;07/13/16;17:13:34;22.59;51.49;33.88;-0.249;8.41;-82.2;0.8;-1.9;-704;120.4;8.56;12.4;
33.4448532325022;-118.484306632232;17:16:35.17;7/13/2016;9;0.584;172.77;12.0453350093692;1.25;125.7;135.6;1.96;-9.1;25.1;.01;5.07;5.08;89;22;535.0;16.1;-1.3;D;1621.2;29;2.474;2;0.3;128;18.59;-118.48429813;33.44487433;0;0;6;N;0.1944218;70;70;11;5;5;18.92574;0;9999.99;5.09;5.217;2;9;23.1;0;23.1000003814697;33.88;1528.44028;07/13/16;17:13:36;22.61;51.49;33.88;-0.222;8.41;-82.3;0.8;1.8;-1327;120.4;8.56;12.3;
33.4448524692016;-118.484307661492;17:16:36.17;7/13/2016;9;0.542;172.77;12.0453350093692;1.02;124.8;134.75;1.68;-5.98;25.1;.00;5.15;5.16;89;22;535.0;16.1;-1.3;D;1621.2;29;2.588;2;0.3;128;19.99;-118.48429813;33.44487433;0;0;6;N;0.1944218;67;67;11;5;5;20.34106;0;9999.99;5.17;5.297;2;9;23.1;0;23.1000003814697;33.88;1528.44028;07/13/16;17:13:36;22.61;51.49;33.88;-0.222;8.41;-82.3;0.8;1.8;-1327;120.4;8.56;12.3;
33.4448518925795;-118.484306682655;17:16:37.17;7/13/2016;9;0.31;172.77;12.0453350093692;1.02;121.8;131.94;2.5;-5.33;25.1;.00;5.20;5.20;89;22;535.0;16.1;-1.3;D;1621.2;29;2.619;2;0.3;128;17.64;-118.48429813;33.44487433;0;0;6;N;0.1944218;72;72;11;5;5;17.97679;0;9999.99;5.22;5.347;2;9;23.1;0;23.1000003814697;33.87;1528.42878;07/13/16;17:13:38;22.64;51.48;33.87;-0.148;8.41;-82.5;1.4;-3.6;-676;120.6;8.57;12.4;
33.4448520521202;-118.484306071381;17:16:38.17;7/13/2016;9;0.281;172.77;12.0453350093692;1.02;118.2;128.57;2.48;-4.98;25.1;.00;5.24;5.24;89;22;534.9;16.1;-1.3;D;1615.2;29;2.586;2;0.28;128;16.56;-118.48429813;33.44487433;0;0;6;N;0.1944218;72;72;11;5;5;16.8955;0;9999.99;5.26;5.387;0;0;23.1;0;23.1000003814697;33.87;1528.42878;07/13/16;17:13:38;22.64;51.48;33.87;-0.148;8.41;-82.5;1.4;-3.6;-676;120.6;8.57;12.4;
33.4448527215706;-118.484305402821;17:16:39.17;7/13/2016;9;0.306;172.77;12.0453350093692;1.02;115.9;126.42;1.07;-6.56;25.1;.01;5.26;5.27;89;22;534.9;16.1;-1.3;D;1615.2;29;2.496;2;0.21;128;15.69;-118.48429813;33.44487433;0;0;6;N;0.1944218;63;63;11;5;5;15.94624;0;9999.99;5.27;5.397;2;9;23.1;0;23.1000003814697;33.86;1528.41845;07/13/16;17:13:40;22.66;51.47;33.86;-0.182;8.35;-78.8;1.5;59.8;951;120.8;8.57;12.3;
33.4448513527062;-118.484305806028;17:16:40.17;7/13/2016;9;0.192;172.77;12.0453350093692;1.02;111.2;122.05;-0.03;-7.47;25.1;.01;5.25;5.26;89;22;534.9;16.1;-1.3;D;1615.2;29;2.653;2;0.21;128;15.58;-118.48429813;33.44487433;0;0;6;N;0.1944218;57;57;11;5;5;15.82385;0;9999.99;5.25;5.377;2;9;23.1;0;23.1000003814697;33.86;1528.41845;07/13/16;17:13:40;22.66;51.47;33.86;-0.182;8.35;-78.8;1.5;59.8;951;120.8;8.57;12.3;
33.4448495840237;-118.484306980325;17:16:41.17;7/13/2016;9;0.322;172.77;12.0453350093692;1.02;114.2;124.84;3.69;-4.88;25.1;.01;5.27;5.28;89;22;534.9;16.1;-1.3;D;1614;29;2.872;2;0.19;128;16.62;-118.48429813;33.44487433;0;0;6;N;0.1944218;79;79;11;5;5;16.80864;0;9999.99;5.30;5.427;2;9;23.1;0;23.1000003814697;33.86;1528.41884;07/13/16;17:13:42;22.68;51.46;33.86;-0.189;8.41;-82.4;0.8;3.7;37415;121.0;8.59;12.5;
33.4448474816212;-118.484308147706;17:16:42.17;7/13/2016;9;0.322;172.77;12.0453350093692;1.02;113.4;124.09;2.66;-5.81;25.1;.01;5.26;5.27;89;22;534.9;16.1;-1.3;D;1614;29;3.127;2;0.19;128;17.29;-118.48429813;33.44487433;0;0;6;N;0.1944218;73;73;11;5;5;17.47187;0;9999.99;5.28;5.407;2;9;23.2;0;23.1000003814697;33.86;1528.41884;07/13/16;17:13:42;22.68;51.46;33.86;-0.189;8.41;-82.4;0.8;3.7;37415;121.0;8.59;12.5;
33.4448467076343;-118.484308049501;17:16:43.17;7/13/2016;9;0.284;172.77;12.0453350093692;1.02;111.2;122.05;2.79;-9.3;25.1;.01;5.27;5.28;89;22;534.9;16.1;-1.3;D;1614;29;3.207;2;0.2;128;16.68;-118.48429813;33.44487433;0;0;6;N;0.1944218;77;77;11;5;5;16.871;0;9999.99;5.30;5.427;2;9;23.2;0;23.2000007629395;33.86;1528.67239;07/13/16;17:13:44;22.68;51.47;33.86;-0.143;8.41;-82.7;1.1;-3.8;-3992;121.3;8.61;12.3;
33.4448463870613;-118.484308618073;17:16:44.17;7/13/2016;9;0.279;172.77;12.0453350093692;1.02;107.9;118.99;1.4;-8.7;25.1;.00;5.29;5.29;89;22;534.9;16.1;-1.3;D;1614;29;3.257;2;0.19;128;17.39;-118.48429813;33.44487433;0;0;6;N;0.1944218;67;67;11;5;5;17.57405;0;9999.99;5.30;5.427;2;9;23.2;0;23.2000007629395;33.86;1528.67239;07/13/16;17:13:44;22.68;51.47;33.86;-0.143;8.41;-82.7;1.1;-3.8;-3992;121.3;8.61;12.3;
33.4448431957842;-118.48431014848;17:16:45.17;7/13/2016;9;0.387;172.77;12.0453350093692;1.02;106.5;117.69;1.9;-6.83;25.1;.00;5.30;5.30;89;22;534.8;16.1;-1.3;D;1607;29;3.637;2;0.15;128;17.85;-118.48429813;33.44487433;0;0;6;N;0.1944218;68;68;11;5;5;17.98833;0;9999.99;5.32;5.447;2;9;23.2;0;23.2000007629395;33.86;1528.67142;07/13/16;17:13:45;22.68;51.47;33.86;-0.187;8.41;-82.5;0.9;-6.6;-37;121.4;8.62;12.4;
33.4448413976918;-118.484308582954;17:16:46.17;7/13/2016;9;0.664;172.77;12.0453350093692;1.02;104.8;116.12;2.19;-9.1;25.1;.01;5.34;5.35;89;22;534.8;16.1;-1.3;D;1607;29;3.789;2;0.18;128;14.83;-118.48429813;33.44487433;0;0;6;N;0.1944218;70;70;11;5;5;14.98638;0;9999.99;5.36;5.487;2;9;23.2;0;23.2000007629395;33.86;1528.67157;07/13/16;17:13:47;22.69;51.47;33.86;-0.235;8.41;-82.7;0.9;-0.5;-787;121.5;8.62;12.4;
33.4448429049865;-118.484310613998;17:16:47.17;7/13/2016;9;0.37;172.77;12.0453350093692;1.02;103.5;114.91;2.9;-9.1;25.1;.01;5.31;5.32;89;22;534.8;16.1;-1.3;D;1607;29;3.682;2;0.19;128;18.34;-118.48429813;33.44487433;0;0;6;N;0.1944218;74;74;11;5;5;18.501;0;9999.99;5.33;5.457;2;9;23.2;0;23.2000007629395;33.86;1528.67157;07/13/16;17:13:47;22.69;51.47;33.86;-0.235;8.41;-82.7;0.9;-0.5;-787;121.5;8.62;12.4;
33.4448449178903;-118.484310092191;17:16:48.17;7/13/2016;8;0.119;172.77;12.0453350093692;1.12;104.8;116.12;3.13;-4.49;25.1;.01;5.28;5.30;89;22;534.8;16.1;-1.3;D;1607;29;3.453;2;0.18;128;18.75;-118.48429813;33.44487433;0;0;6;N;0.1944218;76;76;11;5;5;18.91398;0;9999.99;5.31;5.437;2;9;23.2;0;23.2000007629395;33.86;1528.6725;07/13/16;17:13:49;22.69;51.47;33.86;-0.212;8.42;-83.1;0.4;-3.1;-3010;121.7;8.64;12.4;
33.4448460059552;-118.484309498727;17:16:49.17;7/13/2016;9;0.23;172.77;12.0453350093692;1.09;104.3;115.65;1.61;-5.75;25.1;.01;5.27;5.27;89;22;534.8;16.1;-1.3;D;1601.1;29;3.321;2;0.14;128;18.52;-118.48429813;33.44487433;0;0;6;N;0.1944218;67;67;11;5;5;18.65257;0;9999.99;5.28;5.407;0;0;23.2;0;23.2000007629395;33.86;1528.6725;07/13/16;17:13:49;22.69;51.47;33.86;-0.212;8.42;-83.1;0.4;-3.1;-3010;121.7;8.64;12.4;
33.4448460195509;-118.484309672443;17:16:50.17;7/13/2016;9;0.122;172.77;12.0453350093692;1.02;104.1;115.47;1.93;-7.5;25;.01;5.25;5.26;89;22;534.8;16.1;-1.3;D;1601.1;29;3.325;2;0.13;128;18.79;-118.48429813;33.44487433;0;0;6;N;0.1944218;69;69;11;5;5;18.91745;0;9999.99;5.27;5.397;2;9;23.2;0;23.2000007629395;33.85;1528.6608;07/13/16;17:13:51;22.71;51.45;33.85;-0.055;8.42;-82.9;0.6;-1.7;-947;121.9;8.65;12.4;
33.4448455337723;-118.484310209641;17:16:51.17;7/13/2016;9;0.193;172.77;12.0453350093692;1.02;104.7;116.02;2.83;-7.06;25;.01;5.27;5.28;89;22;534.8;16.1;-1.3;D;1601.1;29;3.393;2;0.13;128;19.29;-118.48429813;33.44487433;0;0;6;N;0.1944218;74;74;11;5;5;19.41667;0;9999.99;5.30;5.427;2;9;23.2;0;23.2000007629395;33.85;1528.6608;07/13/16;17:13:51;22.71;51.45;33.85;-0.055;8.42;-82.9;0.6;-1.7;-947;121.9;8.65;12.4;
33.4448452853069;-118.48430811141;17:16:52.17;7/13/2016;9;0.282;172.77;12.0453350093692;1.02;101.9;113.43;1.91;-4.26;25;.00;5.27;5.28;89;22;534.8;16.1;-1.3;D;1596.5;29;3.361;2;0.17;128;16;-118.48429813;33.44487433;0;0;6;N;0.1944218;67;67;11;5;5;16.16114;0;9999.99;5.29;5.417;2;9;23.2;0;23.2000007629395;33.85;1528.66078;07/13/16;17:13:53;22.71;51.45;33.85;-0.165;8.42;-82.8;1.3;-3.2;-3444;122.1;8.66;12.4;
33.4448457342521;-118.484307744495;17:16:53.17;7/13/2016;9;0.088;172.77;12.0453350093692;1.02;101.1;112.69;1.97;-6.23;25;.00;5.24;5.25;89;22;534.8;16.1;-1.3;D;1596.5;29;3.302;2;0.17;128;15.67;-118.48429813;33.44487433;0;0;6;N;0.1944218;67;67;11;5;5;15.83614;0;9999.99;5.26;5.387;2;9;23.2;0;23.2000007629395;33.85;1528.66078;07/13/16;17:13:53;22.71;51.45;33.85;-0.165;8.42;-82.8;1.3;-3.2;-3444;122.1;8.66;12.4;
33.4448446796589;-118.484308034075;17:16:54.17;7/13/2016;9;0.206;172.77;12.0453350093692;1.02;99.8;111.49;3.04;-10.1;25;.01;5.12;5.13;89;22;534.8;16.1;-1.3;D;1596.5;29;3.423;2;0.16;128;15.57;-118.48429813;33.44487433;0;0;6;N;0.1944218;75;75;11;5;5;15.72483;0;9999.99;5.15;5.278536;2;9;23.2;0;23.2000007629395;33.86;1528.67164;07/13/16;17:13:55;22.72;51.46;33.86;-0.200;8.41;-82.7;0.8;-1.7;164;122.3;8.67;12.4;
33.444846740382;-118.484304245347;17:16:55.17;7/13/2016;9;1.032;172.77;12.0453350093692;1.02;99.2;110.94;3.21;-6.09;25;.01;5.17;5.18;89;22;534.8;16.1;-1.3;D;1596.5;29;3.120;2;0.14;128;10.48;-118.48429813;33.44487433;0;0;6;N;0.1944218;76;76;11;5;5;10.61982;0;9999.99;5.20;5.327;2;9;23.2;0;23.2000007629395;33.86;1528.67164;07/13/16;17:13:55;22.72;51.46;33.86;-0.200;8.41;-82.7;0.8;-1.7;164;122.3;8.67;12.4;
33.444847642391;-118.484301839003;17:16:56.17;7/13/2016;9;0.331;172.77;12.0453350093692;1.02;96.9;108.81;1.67;-5.79;25;.01;5.19;5.20;89;22;534.7;16.1;-1.3;D;1628;29;2.989;2;0.13;128;6.61;-118.48429813;33.44487433;0;0;6;N;0.1944218;67;67;11;5;5;6.751526;0;9999.99;5.20;5.327;2;9;23.2;0;23.2000007629395;33.86;1528.67216;07/13/16;17:13:57;22.72;51.46;33.86;-0.172;8.42;-83.1;1.4;-7.0;-661;122.5;8.69;12.2;
33.444848155585;-118.484300530129;17:16:57.17;7/13/2016;9;0.12;172.77;12.0453350093692;1.02;95.8;107.79;1.43;-9.1;25;.01;5.24;5.24;89;22;534.7;16.1;-1.3;D;1628;29;2.920;2;0.15;128;4.38;-118.48429813;33.44487433;0;0;6;N;0.1944218;66;66;11;5;5;4.53757;0;9999.99;5.25;5.377;2;9;23.2;0;23.2000007629395;33.86;1528.67216;07/13/16;17:13:57;22.72;51.46;33.86;-0.172;8.42;-83.1;1.4;-7.0;-661;122.5;8.69;12.2;
33.4448483089478;-118.484298299583;17:16:58.17;7/13/2016;9;0.34;172.77;12.0453350093692;1.02;92.9;105.11;1.17;-8.1;25;.01;5.18;5.18;89;22;534.7;16.1;-1.3;D;1628;29;2.894;2;0.13;128;0.31;-118.48429813;33.44487433;0;0;6;N;0.1944218;64;64;11;5;5;0.463616;0;9999.99;5.19;5.317;2;9;23.2;0;23.2000007629395;33.85;1528.66082;07/13/16;17:13:59;22.72;51.45;33.85;-0.162;8.42;-83.1;0.7;1.8;-2961;122.6;8.70;12.4;
33.4448494784385;-118.484296757782;17:16:59.17;7/13/2016;9;0.33;172.77;12.0453350093692;1.02;90.2;102.61;0.72;-6.72;25;.00;5.19;5.19;89;22;534.7;16.1;-1.3;D;1619.6;29;2.766;2;0.12;128;357.36;-118.48429813;33.44487433;0;0;6;N;0.1944218;63;63;11;5;5;357.4868;0;9999.99;5.20;5.327;2;9;23.2;0;23.2000007629395;33.85;1528.66082;07/13/16;17:13:59;22.72;51.45;33.85;-0.162;8.42;-83.1;0.7;1.8;-2961;122.6;8.70;12.4;
33.4448499061287;-118.484297135762;17:17:00.17;7/13/2016;9;0.162;172.77;12.0453350093692;1.02;90.7;103.07;1.27;-7.83;25;.01;5.19;5.20;89;22;534.7;16.1;-1.3;D;1619.6;29;2.717;2;0.15;128;358.05;-118.48429813;33.44487433;0;0;6;N;0.1944218;65;65;11;5;5;358.2256;0;9999.99;5.20;5.327;2;9;23.2;0;23.2000007629395;18.79;1512.20799;07/13/16;17:14:01;22.73;30.26;18.79;-0.184;8.41;-82.7;8.1;-5.1;-1242;122.8;9.50;12.4;
33.4448500638836;-118.48429558627;17:17:01.17;7/13/2016;9;0.397;172.77;12.0453350093692;1.02;89.9;102.33;1.31;-7.39;25;.00;5.10;5.10;89;22;534.7;16.1;-1.3;D;1619.6;29;2.709;2;0.18;128;355;-118.48429813;33.44487433;0;0;6;N;0.1944218;65;65;11;5;5;355.2174;0;9999.99;5.11;5.237;2;9;23.2;0;23.2000007629395;33.87;1528.6827;07/13/16;17:14:02;22.74;51.48;33.87;-0.236;8.42;-83.1;0.9;-0.2;-1193;122.9;8.71;12.4;
33.4448494459592;-118.484294285313;17:17:02.17;7/13/2016;9;0.293;172.77;12.0453350093692;1.02;90.8;103.16;2.1;-8;25;.00;5.08;5.09;89;22;534.7;16.1;-1.3;D;1619.6;29;2.791;2;0.18;128;352.65;-118.48429813;33.44487433;0;0;6;N;0.1944218;70;70;11;5;5;352.8604;0;9999.99;5.10;5.227;2;9;23.2;0;23.2000007629395;33.87;1528.6827;07/13/16;17:14:02;22.74;51.48;33.87;-0.236;8.42;-83.1;0.9;-0.2;-1193;122.9;8.71;12.4;
33.4448482305046;-118.48429434416;17:17:03.17;7/13/2016;9;0.26;172.77;12.0453350093692;1.02;86.1;98.81;1.68;-7.4;25;.01;5.13;5.13;89;21;534.6;16.1;-1.3;D;1648.4;29;2.923;2;0.16;128;353.1;-118.48429813;33.44487433;0;0;6;N;0.1944218;67;67;11;5;5;353.2903;0;9999.99;5.14;5.267;2;9;23.2;0;23.2000007629395;33.86;1528.67147;07/13/16;17:14:04;22.75;51.47;33.86;-0.218;8.42;-83.1;1.3;-1.2;-1780;123.0;8.71;12.3;
33.4448481934873;-118.484293608848;17:17:04.17;7/13/2016;9;0.321;172.77;12.0453350093692;1.02;87.8;100.38;4.71;-4.56;25;.01;5.14;5.16;89;21;534.6;16.1;-1.3;D;1648.4;29;2.937;2;0.16;128;351.79;-118.48429813;33.44487433;0;0;6;N;0.1944218;85;85;11;5;5;351.9659;0;9999.99;5.18;5.307;2;9;23.2;0;23.2000007629395;33.86;1528.67147;07/13/16;17:14:04;22.75;51.47;33.86;-0.218;8.42;-83.1;1.3;-1.2;-1780;123.0;8.71;12.3;
33.4448487980819;-118.484293890702;17:17:05.17;7/13/2016;8;0.069;172.77;12.0453350093692;1.25;86.8;99.46;3.03;-6.34;25;.01;5.13;5.14;89;21;534.6;16.1;-1.3;D;1648.4;29;2.865;2;0.14;128;352.11;-118.48429813;33.44487433;0;0;6;N;0.1944218;75;75;11;5;5;352.2671;0;9999.99;5.16;5.287;2;9;23.2;0;23.2000007629395;33.85;1528.66114;07/13/16;17:14:06;22.76;51.46;33.85;-0.265;8.37;-80.1;1.7;16.5;26159;123.2;8.73;12.4;
33.4448471652789;-118.48429282053;17:17:06.17;7/13/2016;9;0.454;172.77;12.0453350093692;1.02;84.3;97.13;2.46;-5.12;25;.01;5.12;5.13;89;22;534.6;16.1;-1.3;D;1611.3;29;3.060;2;0.14;128;350.74;-118.48429813;33.44487433;0;0;6;N;0.1944218;72;72;11;5;5;350.884;0;9999.99;5.14;5.267;2;9;23.2;0;23.2000007629395;33.85;1528.66114;07/13/16;17:14:06;22.76;51.46;33.85;-0.265;8.37;-80.1;1.7;16.5;26159;123.2;8.73;12.4;
33.4448443015146;-118.484289622035;17:17:07.17;7/13/2016;9;0.747;172.77;12.0453350093692;1.02;82.5;95.46;1.13;-6.66;25;.00;5.13;5.14;89;22;534.6;16.1;-1.3;D;1611.3;29;3.431;2;0.13;128;346.7;-118.48429813;33.44487433;0;0;6;N;0.1944218;61;61;11;5;5;346.824;0;9999.99;5.14;5.267;2;9;23.2;0;23.2000007629395;32.64;1527.33697;07/13/16;17:14:07;22.76;49.81;32.64;-0.197;8.42;-83.2;1.4;-0.4;-137;123.3;8.80;12.4;
33.4448436199679;-118.484289185953;17:17:08.17;7/13/2016;9;0.12;172.77;12.0453350093692;1.02;83;95.92;1.63;-5.06;25;.00;5.17;5.17;89;22;534.6;16.1;-1.3;D;1611.3;29;3.515;2;0.17;128;346.34;-118.48429813;33.44487433;0;0;6;N;0.1944218;67;67;11;5;5;346.4918;0;9999.99;5.18;5.307;2;9;23.2;0;23.2000007629395;32.89;1527.60992;07/13/16;17:14:09;22.77;50.15;32.89;-0.200;8.42;-83.3;0.8;-5.3;-2079;123.5;8.80;12.3;
33.4448430047519;-118.484288180698;17:17:09.17;7/13/2016;9;0.251;172.77;12.0453350093692;1.02;84.7;97.5;1.65;-5.55;25;.00;5.12;5.12;89;22;534.6;16.1;-1.3;D;1611.3;29;3.604;2;0.17;128;345.16;-118.48429813;33.44487433;0;0;6;N;0.1944218;67;67;11;5;5;345.3021;0;9999.99;5.13;5.257;2;9;23.2;0;23.2000007629395;32.89;1527.60992;07/13/16;17:14:09;22.77;50.15;32.89;-0.200;8.42;-83.3;0.8;-5.3;-2079;123.5;8.80;12.3;
33.4448434866655;-118.484287364945;17:17:10.17;7/13/2016;9;0.202;172.77;12.0453350093692;1.02;82;94.99;2.2;-9;25;.01;5.05;5.05;89;22;534.6;16.1;-1.3;D;1592.8;29;3.572;2;0.08;128;343.76;-118.48429813;33.44487433;0;0;6;N;0.1944218;72;72;11;5;5;343.8323;0;9999.99;5.07;5.197;0;0;23.2;0;23.2000007629395;33.86;1528.67154;07/13/16;17:14:11;22.77;51.46;33.86;-0.189;8.41;-82.8;0.9;-3.9;-1578;123.6;8.76;12.4;
33.4448425206316;-118.484288675191;17:17:11.17;7/13/2016;9;0.039;172.77;12.0453350093692;1.02;82.3;95.27;2.1;-7.26;25.1;.01;5.05;5.06;89;22;534.6;16.1;-1.3;D;1592.8;29;3.645;2;0.08;128;346.07;-118.48429813;33.44487433;0;0;6;N;0.1944218;70;70;11;5;5;346.1377;0;9999.99;5.07;5.197;2;9;23.2;0;23.2000007629395;33.86;1528.67154;07/13/16;17:14:11;22.77;51.46;33.86;-0.189;8.41;-82.8;0.9;-3.9;-1578;123.6;8.76;12.4;
33.4448431135569;-118.484288965817;17:17:12.17;7/13/2016;9;0.121;172.77;12.0453350093692;1.02;81.7;94.71;2.49;-4.82;25.1;.01;5.15;5.16;89;22;534.6;16.1;-1.3;D;1592.8;29;3.574;2;0.08;128;346.24;-118.48429813;33.44487433;0;0;6;N;0.1944218;76;76;11;5;5;346.3068;0;9999.99;5.17;5.297;2;9;23.2;0;23.2000007629395;33.86;1528.67184;07/13/16;17:14:13;22.78;51.46;33.86;-0.234;8.43;-83.4;1.6;-1.6;1301;123.6;8.76;12.4;
33.4448440280603;-118.484287733121;17:17:13.17;7/13/2016;9;0.297;172.77;12.0453350093692;1.02;83.5;96.39;0.76;-8.3;25.1;.01;5.15;5.16;89;22;534.6;16.1;-1.3;D;1626.5;29;3.505;2;0.17;128;344.02;-118.48429813;33.44487433;0;0;6;N;0.1944218;62;62;11;5;5;344.1881;0;9999.99;5.16;5.287;2;9;23.2;0;23.2000007629395;33.86;1528.67184;07/13/16;17:14:13;22.78;51.46;33.86;-0.234;8.43;-83.4;1.6;-1.6;1301;123.6;8.76;12.4;
33.4448444762756;-118.484286368298;17:17:14.17;7/13/2016;9;0.28;172.77;12.0453350093692;1.02;83.8;96.67;2.45;-6.07;25;.01;5.08;5.09;89;22;534.5;16.1;-1.3;D;1606.5;29;3.495;2;0.17;128;341.8;-118.48429813;33.44487433;0;0;6;N;0.1944218;69;69;11;5;5;341.9441;0;9999.99;5.10;5.227;2;9;23.2;0;23.2000007629395;33.84;1528.65003;07/13/16;17:14:15;22.78;51.44;33.84;-0.211;8.42;-83.2;1.9;-1.8;-1195;123.9;8.78;12.4;
33.4448464785237;-118.484286770518;17:17:15.17;7/13/2016;9;0.444;172.77;12.0453350093692;1.02;84.3;97.13;2.02;-6.45;25;.00;5.09;5.10;89;22;534.5;16.1;-1.3;D;1597.3;29;3.271;2;0.14;128;341.21;-118.48429813;33.44487433;0;0;6;N;0.1944218;69;69;11;5;5;341.3426;0;9999.99;5.11;5.237;2;9;23.2;0;23.2000007629395;33.84;1528.65003;07/13/16;17:14:15;22.78;51.44;33.84;-0.211;8.42;-83.2;1.9;-1.8;-1195;123.9;8.78;12.4;
33.4448487718394;-118.484287367283;17:17:16.17;7/13/2016;9;0.469;172.77;12.0453350093692;1.02;83.9;96.76;1.68;-7.83;25.1;.00;5.04;5.05;89;22;534.5;16.1;-1.3;D;1597.3;29;3.013;2;0.08;128;340.64;-118.48429813;33.44487433;0;0;6;N;0.1944218;67;67;11;5;5;340.7214;0;9999.99;5.05;5.177;2;9;23.2;0;23.2000007629395;33.85;1528.66052;07/13/16;17:14:17;22.78;51.46;33.85;-0.160;8.42;-82.9;0.9;-3.9;18709;124.0;8.79;12.4;
33.4448489979529;-118.484286744973;17:17:17.17;7/13/2016;9;0.262;172.77;12.0453350093692;1.02;83.8;96.67;1.91;-5.02;25;.01;5.03;5.04;89;22;534.5;16.1;-1.3;D;1597.3;29;3.010;2;0.12;128;339.44;-118.48429813;33.44487433;0;0;6;N;0.1944218;68;68;11;5;5;339.5597;0;9999.99;5.05;5.177;2;9;23.2;0;23.2000007629395;33.85;1528.66052;07/13/16;17:14:17;22.78;51.46;33.85;-0.160;8.42;-82.9;0.9;-3.9;18709;124.0;8.79;12.4;
33.4448484508554;-118.484283731239;17:17:18.17;7/13/2016;9;0.239;172.77;12.0453350093692;1.02;83.9;96.76;1.97;-9.3;25;.01;4.95;4.96;89;22;534.5;16.1;-1.3;D;1597.3;29;3.173;2;0.13;128;335.1;-118.48429813;33.44487433;0;0;6;N;0.1944218;66;66;11;5;5;335.2405;0;9999.99;4.97;5.092195;2;9;23.3;0;23.2000007629395;33.76;1528.56231;07/13/16;17:14:19;22.78;51.34;33.76;-0.126;8.42;-83.2;1.4;13.1;172;124.1;8.80;12.4;
33.4448483339554;-118.484280689504;17:17:19.17;7/13/2016;9;0.487;172.77;12.0453350093692;1.02;85.4;98.16;2.96;-6.52;25;.01;5.03;5.04;89;22;534.5;16.1;-1.3;D;1592.6;29;3.313;2;0.13;128;330.76;-118.48429813;33.44487433;0;0;6;N;0.1944218;75;75;11;5;5;330.8647;0;9999.99;5.05;5.177;2;9;23.3;0;23.2000007629395;33.76;1528.56231;07/13/16;17:14:19;22.78;51.34;33.76;-0.126;8.42;-83.2;1.4;13.1;172;124.1;8.80;12.4;
33.4448481756392;-118.4842790556;17:17:20.17;7/13/2016;9;0.218;172.77;12.0453350093692;1.02;84.8;97.6;1.96;-7.87;25.1;.01;5.09;5.10;89;22;534.5;16.1;-1.3;D;1592.6;29;3.404;2;0.12;128;328.68;-118.48429813;33.44487433;0;0;6;N;0.1944218;69;69;11;5;5;328.7946;0;9999.99;5.11;5.237;2;9;23.3;0;23.2999992370605;28.22;1522.76135;07/13/16;17:14:21;22.78;43.72;28.22;-0.237;8.42;-82.9;1.4;25.4;-1107;124.2;9.09;12.4;
33.4448480078935;-118.484277105201;17:17:21.17;7/13/2016;9;0.331;172.77;12.0453350093692;1.02;85.7;98.43;2.67;-7.84;25.1;.01;5.00;5.01;89;22;534.5;16.1;-1.3;D;1592.6;29;3.518;2;0.12;128;326.32;-118.48429813;33.44487433;0;0;6;N;0.1944218;73;73;11;5;5;326.4133;0;9999.99;5.02;5.147;2;9;23.3;0;23.2999992370605;28.22;1522.76135;07/13/16;17:14:21;22.78;43.72;28.22;-0.237;8.42;-82.9;1.4;25.4;-1107;124.2;9.09;12.4;
33.4448485301583;-118.484276081819;17:17:22.17;7/13/2016;9;0.236;172.77;12.0453350093692;1.02;86.3;98.99;1.59;-4.12;25.1;.01;4.93;4.93;89;22;534.5;16.1;-1.3;D;1608.7;29;3.523;2;0.12;128;324.51;-118.48429813;33.44487433;0;0;6;N;0.1944218;67;67;11;5;5;324.601;0;9999.99;4.94;5.067;2;9;23.3;0;23.2999992370605;33.84;1528.90313;07/13/16;17:14:23;22.78;51.44;33.84;-0.231;8.42;-83.2;2.3;-4.9;-1100;124.3;8.81;12.5;
33.4448488051931;-118.484273074499;17:17:23.17;7/13/2016;9;0.585;172.77;12.0453350093692;1.02;88.3;100.85;1.84;-6.8;25;.01;5.10;5.11;89;22;534.5;16.1;-1.3;D;1608.7;29;3.669;2;0.21;128;320.68;-118.48429813;33.44487433;0;0;6;N;0.1944218;68;68;11;5;5;320.7961;0;9999.99;5.12;5.247;2;9;23.3;0;23.2999992370605;33.84;1528.90313;07/13/16;17:14:23;22.78;51.44;33.84;-0.231;8.42;-83.2;2.3;-4.9;-1100;124.3;8.81;12.5;
33.4448483648956;-118.484272508481;17:17:24.17;7/13/2016;9;0.164;172.77;12.0453350093692;1.02;89.7;102.14;3.05;-7.5;25.1;.01;4.89;4.90;89;22;534.5;16.1;-1.3;D;1608.7;29;3.740;2;0.21;128;320.53;-118.48429813;33.44487433;0;0;6;N;0.1944218;75;75;11;5;5;320.6479;0;9999.99;4.92;5.047;2;9;23.3;0;23.2999992370605;33.85;1528.91387;07/13/16;17:14:25;22.78;51.46;33.85;-0.208;8.42;-83.2;0.8;0.3;-1194;124.3;8.81;12.4;
33.4448485586112;-118.484273098897;17:17:25.17;7/13/2016;9;0.157;172.77;12.0453350093692;1.02;87.1;99.73;2.63;-2.72;25;.01;4.91;4.92;89;22;534.5;16.1;-1.3;D;1608.7;29;3.689;2;0.15;128;320.98;-118.48429813;33.44487433;0;0;6;N;0.1944218;73;73;11;5;5;321.0663;0;9999.99;4.93;5.057;2;9;23.3;0;23.2999992370605;33.85;1528.91387;07/13/16;17:14:25;22.78;51.46;33.85;-0.208;8.42;-83.2;0.8;0.3;-1194;124.3;8.81;12.4;
33.4448481256322;-118.484273148283;17:17:26.17;7/13/2016;9;0.094;172.77;12.0453350093692;1.02;89.7;102.14;3.01;-4.82;25;.00;4.94;4.95;89;22;534.4;16.1;-1.3;D;1614.5;29;3.724;2;0.2;128;321.5;-118.48429813;33.44487433;0;0;6;N;0.1944218;75;75;11;5;5;321.5739;0;9999.99;4.97;5.097;2;9;23.3;0;23.2999992370605;33.85;1528.91375;07/13/16;17:14:27;22.79;51.46;33.85;-0.172;8.41;-82.7;1.3;-2.3;-1122;124.4;8.81;12.6;
33.4448473268632;-118.484273936337;17:17:27.17;7/13/2016;9;0.265;172.77;12.0453350093692;1.02;89.6;102.05;2.28;-6.41;25;.00;4.94;4.95;89;22;534.4;16.1;-1.3;D;1614.5;29;3.750;2;0.2;128;323.22;-118.48429813;33.44487433;0;0;6;N;0.1944218;71;71;11;5;5;323.3204;0;9999.99;4.96;5.087;2;9;23.3;0;23.2999992370605;33.85;1528.91375;07/13/16;17:14:27;22.79;51.46;33.85;-0.172;8.41;-82.7;1.3;-2.3;-1122;124.4;8.81;12.6;
33.444846609807;-118.484272877819;17:17:28.17;7/13/2016;9;0.231;172.77;12.0453350093692;1.02;90.1;102.52;2.12;-2.59;25;.01;4.98;4.99;89;22;534.4;16.1;-1.3;D;1614.5;29;3.871;2;0.22;128;322.76;-118.48429813;33.44487433;0;0;6;N;0.1944218;70;70;11;5;5;322.8518;0;9999.99;5.00;5.127;2;9;23.3;0;23.2999992370605;33.85;1528.91366;07/13/16;17:14:29;22.79;51.46;33.85;-0.119;8.42;-83.2;2.1;1.2;-1501;124.5;8.82;12.4;
33.444844860481;-118.484273514297;17:17:29.17;7/13/2016;9;0.253;172.77;12.0453350093692;1.02;91.1;103.44;1.6;-2.04;25;.01;4.95;4.95;89;22;534.4;16.1;-1.3;D;1614.5;29;3.994;2;0.22;128;325.12;-118.48429813;33.44487433;0;0;6;N;0.1944218;67;67;11;5;5;325.2518;0;9999.99;4.96;5.087;2;9;23.3;0;23.2999992370605;33.85;1528.91366;07/13/16;17:14:29;22.79;51.46;33.85;-0.119;8.42;-83.2;2.1;1.2;-1501;124.5;8.82;12.4;
33.4448448757448;-118.484272752489;17:17:30.17;7/13/2016;9;0.056;172.77;12.0453350093692;1.02;89;101.5;1.97;-7.38;25.1;.00;4.88;4.88;89;22;534.4;16.1;-1.3;D;1595.9;29;4.034;2;0.2;128;324.29;-118.48429813;33.44487433;0;0;6;N;0.1944218;69;69;11;5;5;324.4039;0;9999.99;4.89;5.017;2;9;23.3;0;23.2999992370605;31.32;1526.1476;07/13/16;17:14:31;22.80;48.01;31.32;-0.202;8.42;-83.1;2.2;-5.5;5717;124.7;8.96;12.4;
33.4448447681267;-118.484273052421;17:17:31.17;7/13/2016;9;0.079;172.77;12.0453350093692;1.02;86.3;98.99;2.07;-5.69;25;.00;4.86;4.86;89;22;534.4;16.1;-1.3;D;1595.9;29;4.028;2;0.19;128;324.71;-118.48429813;33.44487433;0;0;6;N;0.1944218;69;69;11;5;5;324.8209;0;9999.99;4.87;4.997;2;9;23.3;0;23.2999992370605;31.32;1526.1476;07/13/16;17:14:31;22.80;48.01;31.32;-0.202;8.42;-83.1;2.2;-5.5;5717;124.7;8.96;12.4;
33.4448450382994;-118.484269526517;17:17:32.17;7/13/2016;9;0.601;172.77;12.0453350093692;1.02;88;100.57;2.14;-6.23;25;.01;4.85;4.86;89;22;534.4;16.1;-1.3;D;1595.9;29;4.201;2;0.28;128;320.83;-118.48429813;33.44487433;0;0;6;N;0.1944218;70;70;11;5;5;320.9514;0;9999.99;4.87;4.997;2;9;23.3;0;23.2999992370605;33.86;1528.92489;07/13/16;17:14:33;22.81;51.46;33.86;-0.211;8.43;-83.4;1.3;-3.7;-2294;124.7;8.83;12.4;
33.4448443918656;-118.484265171259;17:17:33.17;7/13/2016;9;0.677;172.77;12.0453350093692;1.02;85.3;98.06;1.3;-6.88;25;.01;4.80;4.81;89;22;534.4;16.1;-1.3;D;1622.5;29;4.520;2;0.28;128;317.43;-118.48429813;33.44487433;0;0;6;N;0.1944218;65;65;11;5;5;317.5428;0;9999.99;4.81;4.937;2;9;23.3;0;23.2999992370605;33.86;1528.92489;07/13/16;17:14:33;22.81;51.46;33.86;-0.211;8.43;-83.4;1.3;-3.7;-2294;124.7;8.83;12.4;
33.4448471689662;-118.484264637174;17:17:34.17;7/13/2016;9;0.686;172.77;12.0453350093692;1.02;82.3;95.27;1.29;-7.93;25;.01;4.76;4.77;89;22;534.4;16.1;-1.3;D;1622.5;29;4.333;2;0.2;128;314.18;-118.48429813;33.44487433;0;0;6;N;0.1944218;65;65;11;5;5;314.2873;0;9999.99;4.77;4.897;2;9;23.3;0;23.2999992370605;33.74;1528.79371;07/13/16;17:14:35;22.81;51.30;33.74;-0.226;8.42;-83.0;1.6;-1.3;-1818;124.7;8.84;12.4;
33.4448491674204;-118.48426488689;17:17:35.17;7/13/2016;9;0.083;172.77;12.0453350093692;1.02;84.1;96.95;2.51;-9.6;25;.00;4.74;4.74;89;22;534.4;16.1;-1.3;D;1622.5;29;4.164;2;0.2;128;312.21;-118.48429813;33.44487433;0;0;6;N;0.1944218;73;73;11;5;5;312.3143;0;9999.99;4.76;4.887;2;9;23.3;0;23.2999992370605;33.74;1528.79371;07/13/16;17:14:35;22.81;51.30;33.74;-0.226;8.42;-83.0;1.6;-1.3;-1818;124.7;8.84;12.4;
33.4448500873939;-118.48426480856;17:17:36.17;7/13/2016;10;0.249;172.77;12.0453350093692;1.02;82.6;95.55;1.21;-9.7;25;.01;4.79;4.80;89;22;534.4;16.1;-1.3;D;1622.5;29;4.101;2;0.18;128;311.09;-118.48429813;33.44487433;0;0;6;N;0.1944218;69;69;11;5;5;311.1629;0;9999.99;4.81;4.937;2;9;23.3;0;23.2999992370605;33.86;1528.92449;07/13/16;17:14:37;22.82;51.47;33.86;-0.238;8.42;-83.3;1.4;0.4;-2361;124.8;8.83;12.5;
33.4448497011237;-118.484262974685;17:17:37.17;7/13/2016;10;0.456;172.77;12.0453350093692;1.02;87.1;99.73;1.61;-3.41;25;.00;4.81;4.81;89;22;534.4;16.1;-1.3;D;1619;29;4.259;2;0.18;128;310.02;-118.48429813;33.44487433;0;0;6;N;0.1944218;67;67;11;5;5;310.0807;0;9999.99;4.82;4.947;2;9;23.3;0;23.2999992370605;33.86;1528.92449;07/13/16;17:14:37;22.82;51.47;33.86;-0.238;8.42;-83.3;1.4;0.4;-2361;124.8;8.83;12.5;
33.4448496224402;-118.484260139745;17:17:38.17;7/13/2016;10;0.713;172.77;12.0453350093692;1.02;87.7;100.29;1.72;-7.41;25;.01;4.75;4.76;89;22;534.4;16.1;-1.3;D;1619;29;4.470;2;0.24;128;307.93;-118.48429813;33.44487433;0;0;6;N;0.1944218;69;69;11;5;5;308.0045;0;9999.99;4.77;4.897;2;9;23.3;0;23.2999992370605;33.86;1528.92428;07/13/16;17:14:39;22.83;51.46;33.86;-0.179;8.43;-83.4;1.1;2.0;-2198;124.8;8.84;12.4;
33.4448490405932;-118.484254872898;17:17:39.17;7/13/2016;9;1.07;172.77;12.0453350093692;1.02;86.4;99.08;3.01;-6.27;25;.02;4.72;4.74;89;22;534.4;16.1;-1.3;D;1619;29;4.901;2;0.14;128;305.02;-118.48429813;33.44487433;0;0;6;N;0.1944218;75;75;11;5;5;305.0543;0;9999.99;4.75;4.877;0;0;23.3;0;23.2999992370605;33.86;1528.92428;07/13/16;17:14:39;22.83;51.46;33.86;-0.179;8.43;-83.4;1.1;2.0;-2198;124.8;8.84;12.4;
33.4448525890458;-118.4842561205;17:17:40.17;7/13/2016;9;0.615;172.77;12.0453350093692;1.02;85.2;97.97;2.23;-4.46;25.1;.02;4.75;4.77;89;22;534.3;16.1;-1.3;D;1606;29;4.586;2;0.17;128;301.81;-118.48429813;33.44487433;0;0;6;N;0.1944218;70;70;11;5;5;301.8744;0;9999.99;4.77;4.897;2;9;23.3;0;23.2999992370605;33.86;1528.92572;07/13/16;17:14:41;22.83;51.46;33.86;-0.163;8.43;-83.4;1.3;-2.3;-4155;124.9;8.84;12.4;
33.4448540434961;-118.484258346598;17:17:41.17;7/13/2016;10;0.28;172.77;12.0453350093692;1.25;83.5;96.39;2.47;-7.44;25.1;.01;4.81;4.81;89;22;534.3;16.1;-1.3;D;1606;29;4.326;2;0.19;128;301.43;-118.48429813;33.44487433;0;0;6;N;0.1944218;72;72;11;5;5;301.5198;0;9999.99;4.83;4.957;2;9;23.3;0;23.2999992370605;33.86;1528.92572;07/13/16;17:14:41;22.83;51.46;33.86;-0.163;8.43;-83.4;1.3;-2.3;-4155;124.9;8.84;12.4;
33.4448549378812;-118.484258252279;17:17:42.17;7/13/2016;9;0.05;172.77;12.0453350093692;1.25;83.9;96.76;2.26;-5.23;25.1;.00;4.83;4.83;89;22;534.3;16.1;-1.3;D;1628.4;29;4.283;2;0.21;128;300.23;-118.48429813;33.44487433;0;0;6;N;0.1944218;71;71;11;5;5;300.319;0;9999.99;4.85;4.977;2;9;23.3;0;23.2999992370605;33.85;1528.9135;07/13/16;17:14:43;22.83;51.46;33.85;-0.201;8.42;-83.0;1.9;-5.7;-2189;124.9;8.84;12.4;
33.4448552003227;-118.484257948231;17:17:43.17;7/13/2016;9;0.099;172.77;12.0453350093692;1.02;81.8;94.81;1.74;-4.98;25.1;.01;4.85;4.86;89;22;534.3;16.1;-1.3;D;1628.4;29;4.292;2;0.21;128;299.71;-118.48429813;33.44487433;0;0;6;N;0.1944218;67;67;11;5;5;299.8049;0;9999.99;4.87;4.997;2;9;23.3;0;23.2999992370605;33.85;1528.9135;07/13/16;17:14:43;22.83;51.46;33.85;-0.201;8.42;-83.0;1.9;-5.7;-2189;124.9;8.84;12.4;
33.4448537879637;-118.484255671692;17:17:44.17;7/13/2016;9;0.49;172.77;12.0453350093692;1.02;79.8;92.94;1.99;-10.2;25.1;.01;4.82;4.83;89;22;534.3;16.1;-1.3;D;1628.4;29;4.554;2;0.21;128;300.11;-118.48429813;33.44487433;0;0;6;N;0.1944218;69;69;11;5;5;300.2038;0;9999.99;4.84;4.966322;2;9;23.3;0;23.2999992370605;33.85;1528.91358;07/13/16;17:14:45;22.84;51.45;33.85;-0.140;8.43;-83.5;1.6;-8.6;-2089;125.1;8.85;12.5;
33.4448527235899;-118.484254382767;17:17:45.17;7/13/2016;9;0.112;172.77;12.0453350093692;1.02;81.9;94.9;2.46;-7.68;25.1;.01;4.91;4.92;89;22;534.3;16.1;-1.3;D;1628.4;29;4.717;2;0.19;128;300.62;-118.48429813;33.44487433;0;0;6;N;0.1944218;72;72;11;5;5;300.7099;0;9999.99;4.93;5.057;2;9;23.3;0;23.2999992370605;33.85;1528.91358;07/13/16;17:14:45;22.84;51.45;33.85;-0.140;8.43;-83.5;1.6;-8.6;-2089;125.1;8.85;12.5;
33.4448525075726;-118.484254735367;17:17:46.17;7/13/2016;9;0.172;172.77;12.0453350093692;1.02;79.2;92.38;2.73;-3.55;25.1;.01;4.92;4.92;89;22;534.3;16.1;-1.3;D;1608.3;29;4.701;2;0.19;128;301.08;-118.48429813;33.44487433;0;0;6;N;0.1944218;73;73;11;5;5;301.1812;0;9999.99;4.94;5.067;2;9;23.3;0;23.2999992370605;33.86;1528.92475;07/13/16;17:14:47;22.84;51.47;33.86;-0.206;8.42;-83.4;1.3;-3.1;-2114;125.2;8.86;12.4;
33.444853207251;-118.484255432289;17:17:47.17;7/13/2016;9;0.161;172.77;12.0453350093692;1.02;78.6;91.82;2.71;-5.68;25.1;.01;4.93;4.94;89;22;534.3;16.1;-1.3;D;1608.3;29;4.605;2;0.18;128;300.66;-118.48429813;33.44487433;0;0;6;N;0.1944218;73;73;11;5;5;300.7491;0;9999.99;4.95;5.077;2;9;23.3;0;23.2999992370605;33.86;1528.92475;07/13/16;17:14:47;22.84;51.47;33.86;-0.206;8.42;-83.4;1.3;-3.1;-2114;125.2;8.86;12.4;
33.4448556739264;-118.484259604295;17:17:48.17;7/13/2016;9;0.587;172.77;12.0453350093692;1.02;78.2;91.45;0.99;-5.82;25.1;.01;4.91;4.92;89;22;534.3;16.1;-1.3;D;1608.3;29;4.133;2;0.2;128;300.13;-118.48429813;33.44487433;0;0;6;N;0.1944218;63;63;11;5;5;300.233;0;9999.99;4.92;5.047;2;9;23.3;0;23.2999992370605;33.85;1528.91385;07/13/16;17:14:49;22.84;51.45;33.85;-0.116;8.37;-80.2;1.2;-5.2;-1214;125.2;8.86;12.5;
33.4448563604168;-118.48425657079;17:17:49.17;7/13/2016;9;0.336;172.77;12.0453350093692;1.02;74.5;87.98;1.06;-5.41;25;.01;4.91;4.92;89;22;534.3;16.1;-1.3;D;1601.2;29;4.343;2;0.2;128;297.39;-118.48429813;33.44487433;0;0;6;N;0.1944218;63;63;11;5;5;297.4934;0;9999.99;4.92;5.047;2;9;23.3;0;23.2999992370605;33.85;1528.91385;07/13/16;17:14:49;22.84;51.45;33.85;-0.116;8.37;-80.2;1.2;-5.2;-1214;125.2;8.86;12.5;
33.4448577587237;-118.484255973451;17:17:50.17;7/13/2016;9;0.296;172.77;12.0453350093692;1.02;76.4;89.76;2.02;-7.57;25;.00;4.93;4.93;89;22;534.3;16.1;-1.3;D;1601.2;29;4.323;2;0.22;128;295.22;-118.48429813;33.44487433;0;0;6;N;0.1944218;66;66;11;5;5;295.3473;0;9999.99;4.94;5.067;2;9;23.3;0;23.2999992370605;33.84;1528.90252;07/13/16;17:14:51;22.85;51.44;33.84;-0.203;8.42;-83.1;1.7;19.5;15036;125.2;8.86;12.4;
33.4448581630525;-118.484254986741;17:17:51.17;7/13/2016;9;0.153;172.77;12.0453350093692;1.01;77.1;90.42;1.87;-8.1;25;.00;4.89;4.89;89;22;534.3;16.1;-1.3;D;1601.2;29;4.389;2;0.22;128;294.18;-118.48429813;33.44487433;0;0;6;N;0.1944218;68;68;11;5;5;294.3036;0;9999.99;4.91;5.037;2;9;23.3;0;23.2999992370605;33.84;1528.90252;07/13/16;17:14:51;22.85;51.44;33.84;-0.203;8.42;-83.1;1.7;19.5;15036;125.2;8.86;12.4;
33.4448582176027;-118.484253530598;17:17:52.17;7/13/2016;9;0.45;172.77;12.0453350093692;1.01;77.5;90.79;3.5;-7.08;25;.01;4.85;4.86;89;22;534.3;16.1;-1.3;D;1601.2;29;4.509;2;0.17;128;293.41;-118.48429813;33.44487433;0;0;6;N;0.1944218;78;78;11;5;5;293.4982;0;9999.99;4.88;5.007;2;9;23.3;0;23.2999992370605;33.85;1528.91367;07/13/16;17:14:53;22.85;51.46;33.85;-0.179;8.43;-83.5;1.2;-5.6;-3680;125.3;8.86;12.4;
33.4448590837737;-118.484253859294;17:17:53.17;7/13/2016;9;0.148;172.77;12.0453350093692;1.01;79.5;92.66;1.81;-3.99;24.9;.01;4.86;4.87;89;22;534.2;16.1;-1.3;D;1605.8;29;4.444;2;0.18;128;292.43;-118.48429813;33.44487433;0;0;6;N;0.1944218;72;72;11;5;5;292.5096;0;9999.99;4.88;5.007;2;9;23.3;0;23.2999992370605;33.85;1528.91367;07/13/16;17:14:53;22.85;51.46;33.85;-0.179;8.43;-83.5;1.2;-5.6;-3680;125.3;8.86;12.4;
33.4448601981376;-118.484252494894;17:17:54.17;7/13/2016;9;0.429;172.77;12.0453350093692;1.01;80.6;93.69;2.57;-4.21;25;.01;4.86;4.87;89;22;534.2;16.1;-1.3;D;1605.8;29;4.516;2;0.18;128;290.36;-118.48429813;33.44487433;0;0;6;N;0.1944218;72;72;11;5;5;290.4233;0;9999.99;4.89;5.017;2;9;23.3;0;23.2999992370605;33.85;1528.91408;07/13/16;17:14:55;22.85;51.46;33.85;-0.157;8.42;-83.4;2.3;-3.5;-2187;125.4;8.87;12.4;
33.4448596277848;-118.484251288887;17:17:55.17;7/13/2016;9;0.149;172.77;12.0453350093692;1.01;81.1;94.15;0.54;-8.5;25;.01;4.87;4.87;89;22;534.2;16.1;-1.3;D;1605.8;29;4.644;2;0.19;128;290.61;-118.48429813;33.44487433;0;0;6;N;0.1944218;60;60;11;5;5;290.7059;0;9999.99;4.87;4.997;2;9;23.3;0;23.2999992370605;33.85;1528.91408;07/13/16;17:14:55;22.85;51.46;33.85;-0.157;8.42;-83.4;2.3;-3.5;-2187;125.4;8.87;12.4;
33.4448608166447;-118.484250303771;17:17:56.17;7/13/2016;9;0.306;172.77;12.0453350093692;1.01;81.7;94.71;2.42;-3.1;25;.00;4.84;4.84;89;22;534.2;16.1;-1.3;D;1621;29;4.685;2;0.17;128;288.71;-118.48429813;33.44487433;0;0;6;N;0.1944218;72;72;11;5;5;288.7983;0;9999.99;4.86;4.987;2;9;23.3;0;23.2999992370605;33.86;1528.92467;07/13/16;17:14:57;22.85;51.47;33.86;-0.144;8.42;-83.3;1.4;-1.2;-2110;125.4;8.87;12.4;
33.4448618760577;-118.484249800065;17:17:57.17;7/13/2016;9;0.226;172.77;12.0453350093692;1.01;81.4;94.43;2.04;-2.25;25;.01;4.85;4.86;89;22;534.2;16.1;-1.3;D;1621;29;4.693;2;0.17;128;287.16;-118.48429813;33.44487433;0;0;6;N;0.1944218;68;68;11;5;5;287.244;0;9999.99;4.87;4.997;2;9;23.3;0;23.2999992370605;33.86;1528.92467;07/13/16;17:14:57;22.85;51.47;33.86;-0.144;8.42;-83.3;1.4;-1.2;-2110;125.4;8.87;12.4;
33.4448608218374;-118.484250902967;17:17:58.17;7/13/2016;9;0.021;172.77;12.0453350093692;1.01;80;93.13;3.85;-6.35;25;.01;4.83;4.83;89;22;534.2;16.1;-1.3;D;1621;29;4.632;2;0.17;128;288.92;-118.48429813;33.44487433;0;0;6;N;0.1944218;80;80;11;5;5;289.0039;0;9999.99;4.86;4.987;2;9;23.3;0;23.2999992370605;33.86;1528.92503;07/13/16;17:14:59;22.86;51.47;33.86;-0.195;8.42;-83.3;1.7;-3.5;-1189;125.4;8.87;12.3;
33.4448596262728;-118.484253076524;17:17:59.20;7/13/2016;9;0.056;172.77;12.0453350093692;1.01;79.8;92.94;1.99;-7.35;24.9;.01;4.82;4.83;89;22;534.2;16.1;-1.3;D;1621;29;4.488;2;0.18;128;291.36;-118.48429813;33.44487433;0;0;6;N;0.1944218;69;69;11;5;5;291.4562;0;9999.99;4.84;4.967;2;9;23.3;0;23.2999992370605;33.86;1528.92503;07/13/16;17:14:59;22.86;51.47;33.86;-0.195;8.42;-83.3;1.7;-3.5;-1189;125.4;8.87;12.3;
33.4448601648242;-118.484252361393;17:18:00.23;7/13/2016;9;0.204;172.77;12.0453350093692;1.01;80;93.13;1.03;-5.83;24.9;.01;4.82;4.83;89;22;534.2;16.1;-1.3;D;1622.2;29;4.530;2;0.16;128;290.35;-118.48429813;33.44487433;0;0;6;N;0.1944218;65;65;11;5;5;290.4437;0;9999.99;4.83;4.957;2;9;23.3;0;23.2999992370605;33.85;1528.91379;07/13/16;17:15:01;22.86;51.45;33.85;-0.180;8.43;-83.6;1.9;-1.2;-4082;125.5;8.87;12.4;
